#### job ep1-b06-121f-motion-0811-1786422400 attempt 1 start 2026-08-11T04:33:25Z

==== step plate START 2026-08-11T04:33:28Z ====
argv: ["C:\\banyan-video\\venv\\Scripts\\python.exe", "-c", "import sys; sys.path.insert(0, r\"C:\\banyan-farm\\banyan-city\\pipeline\")\nfrom plate_prep import prepare_plate\nout, rec = prepare_plate(\n    r\"C:\\banyan-farm\\v34-r2\\06-too-blue-r8d-step3-s0.png\",\n    \"704x1280\", r\"C:\\banyan-farm\\v34-r2\", \"06\")\nprint(\"plate\", out); print(rec[\"plate_wxh\"], rec[\"crop_policy\"])\nprint(\"source_sha256\", rec[\"sha256\"])\n"]
plate C:\banyan-farm\v34-r2\06-704x1280.png
704x1280 cover-centre (render_t3 policy: scale to cover, then centre crop): 832x1216, cropped 163px of width (81 left, 82 right) = 19.6%, kept 669x1216, LANCZOS to 704x1280
source_sha256 6e44d328f8d8d57502018ebe4f2639c47035f428aa4059c489de22af9a84c3a2
==== step plate END rc=0 2026-08-11T04:33:28Z ====

==== step encode START 2026-08-11T04:33:28Z ====
argv: ["C:\\banyan-video\\venv\\Scripts\\python.exe", "C:\\banyan-farm\\banyan-city\\pipeline\\ltx_i2v.py", "--stage", "encode", "--jobs", "C:\\banyan-farm\\v34-r2\\b06-jobs-encode.json"]
-- begin-encode: phys 11.3/68.1GB, commit 14.5/128.2GB (load 16%)
loading text encoder from C:\Users\artvn\.cache\huggingface\hub\models--Lightricks--gemma-3-12b-it-qat-q4_0-unquantized\snapshots\d62fe4f1995ade703b49a0f3c0d0f161237ef437

Loading weights:   0%|          | 0/1065 [00:00<?, ?it/s]
Loading weights:  34%|███▎      | 359/1065 [00:00<00:00, 3232.41it/s]
Loading weights:  69%|██████▉   | 740/1065 [00:00<00:00, 3358.36it/s]
Loading weights: 100%|██████████| 1065/1065 [00:00<00:00, 3535.57it/s]
-- encode-beat-06: phys 12.5/68.1GB, commit 41.3/128.2GB (load 18%)
[1/1] encoded beat 6 to C:\banyan-farm\v34-r2\b06-embeds.pt (1, 1024, 188160)
{"peak_commit_gb": 43.8, "peak_phys_gb": 38.3, "last_stage": "encode-beat-06"}
==== step encode END rc=0 2026-08-11T04:35:03Z ====

==== step render START 2026-08-11T04:35:03Z ====
argv: ["C:\\banyan-video\\venv\\Scripts\\python.exe", "C:\\banyan-farm\\banyan-city\\pipeline\\ltx_i2v.py", "--stage", "render", "--jobs", "C:\\banyan-farm\\v34-r2\\b06-jobs-render-121.json", "--size", "704x1280", "--frames", "121", "--fps", "24", "--guidance", "1.0", "--distilled-sigmas", "--two-stage", "--image-crf", "33", "--offload", "sequential", "--mode", "production", "--task", "ep1-b06-121f-motion-0811", "--worker", "rtx5090", "--bench-jsonl", "C:\\banyan-farm\\v34-r2\\bench-b06-121f.jsonl", "--bench-label", "b06-121f-motion"]
recipe: offload=sequential quantisation=none (bf16)
-- begin-render: phys 11.3/68.1GB, commit 14.5/128.2GB (load 16%)
transformer  C:\Users\artvn\.cache\huggingface\hub\models--diffusers--LTX-2.3-Distilled-Diffusers\snapshots\432e0d3c2d1769aaa4d295f9243f7062bf6b47ee [subfolder=transformer, bf16]
scheduler    C:\Users\artvn\.cache\huggingface\hub\models--diffusers--LTX-2.3-Distilled-Diffusers\snapshots\432e0d3c2d1769aaa4d295f9243f7062bf6b47ee [subfolder=scheduler, distilled]
other parts  C:\Users\artvn\.cache\huggingface\hub\models--diffusers--LTX-2.3-Diffusers\snapshots\8eee8edcf067e838b843f926ec4d4cc9b2be1aaf
-- load-transformer-bf16-38GB: phys 12.0/68.1GB, commit 16.3/128.2GB (load 17%)

Loading checkpoint shards:   0%|          | 0/8 [00:00<?, ?it/s]
Loading checkpoint shards:  12%|█▎        | 1/8 [00:00<00:00,  8.99it/s]
Loading checkpoint shards:  25%|██▌       | 2/8 [00:00<00:00,  9.46it/s]
Loading checkpoint shards:  50%|█████     | 4/8 [00:00<00:00,  9.43it/s]
Loading checkpoint shards: 100%|██████████| 8/8 [00:00<00:00, 18.35it/s]
Loading checkpoint shards: 100%|██████████| 8/8 [00:00<00:00, 15.08it/s]
-- load-connectors-12.7GB-and-vae: phys 12.1/68.1GB, commit 54.7/128.2GB (load 17%)

Loading checkpoint shards:   0%|          | 0/2 [00:00<?, ?it/s]
Loading checkpoint shards: 100%|██████████| 2/2 [00:00<00:00, 66.39it/s]
-- offload-setup-sequential: phys 12.1/68.1GB, commit 64.3/128.2GB (load 17%)
C:\banyan-video\venv\Lib\site-packages\accelerate\utils\modeling.py:345: UserWarning: expandable_segments not supported on this platform (Triggered internally at C:\actions-runner\_work\pytorch\pytorch\pytorch\c10/cuda/CUDAAllocatorConfig.h:39.)
  new_value = old_value.to(device, non_blocking=non_blocking)
conditioning still round-tripped through libx264 crf=33 -> C:\banyan-farm\v34-r2\cond-crf-06.png
-- stage1-denoise-352x640-8steps: phys 13.0/68.1GB, commit 64.6/128.2GB (load 19%)

  0%|          | 0/8 [00:00<?, ?it/s]
 12%|█▎        | 1/8 [01:08<07:59, 68.46s/it]
 25%|██▌       | 2/8 [01:19<03:27, 34.60s/it]
 38%|███▊      | 3/8 [01:26<01:51, 22.24s/it]
 50%|█████     | 4/8 [01:35<01:06, 16.68s/it]
 62%|██████▎   | 5/8 [01:42<00:39, 13.28s/it]
 75%|███████▌  | 6/8 [01:49<00:22, 11.26s/it]
 88%|████████▊ | 7/8 [01:57<00:10, 10.00s/it]
100%|██████████| 8/8 [02:03<00:00,  9.00s/it]
100%|██████████| 8/8 [02:03<00:00, 15.49s/it]
stage1 latents (1, 128, 16, 20, 11)
-- upsample-2x-latent: phys 59.8/68.1GB, commit 67.0/128.2GB (load 87%)
There are modules in LTX2LatentUpsamplerModel that should be kept in float32: []. Casting directly with `to()` can lead to inconsistent results; set `torch_dtype` in `from_pretrained()` instead to keep these modules in float32.
upsampled latents (1, 128, 16, 40, 22)
-- stage2-refine-704x1280-3steps: phys 62.5/68.1GB, commit 71.8/128.2GB (load 91%)

  0%|          | 0/3 [00:00<?, ?it/s]
 33%|███▎      | 1/3 [00:17<00:35, 17.53s/it]
 67%|██████▋   | 2/3 [00:35<00:17, 17.81s/it]
100%|██████████| 3/3 [00:56<00:00, 19.05s/it]
100%|██████████| 3/3 [00:56<00:00, 18.68s/it]
-- decode-and-export: phys 63.5/68.1GB, commit 71.7/128.2GB (load 93%)
[1/1] wrote C:\banyan-farm\v34-r2\06-too-blue-LTX-121f.mp4 in 201s (121 frames, 704x1280, 8@352x640+3@704x1280 steps, peak torch 6.5GB, device 2.6/26GB)
THROUGHPUT 0.0251 s(video)/s(wall) (1 x 5.042s of video in 201s)
bench row -> C:\banyan-farm\v34-r2\bench-b06-121f.jsonl
{"sample_s": 200.6, "peak_gb": 6.5, "peak_commit_gb": 75.8, "frames": 121, "size": "704x1280", "steps": "8@352x640+3@704x1280", "batch": 1, "mode": "production", "throughput_s_per_s": 0.0251, "two_stage": true, "image_crf": 33, "offload": "sequential", "quantisation": null}
{"peak_commit_gb": 75.8, "peak_phys_gb": 63.8, "last_stage": "decode-and-export"}
==== step render END rc=0 2026-08-11T04:38:39Z ====
#### job ep1-b06-121f-motion-0811-1786422400 finished rc=0 2026-08-11T04:38:39Z
