#### job ep1-b10-257f-vo-length-0811-1786436792 attempt 1 start 2026-08-11T08:26:44Z

==== step plate START 2026-08-11T08:26:47Z ====
argv: ["C:\\banyan-video\\venv\\Scripts\\python.exe", "-c", "import sys; sys.path.insert(0, r\"C:\\banyan-farm\\banyan-city\\pipeline\")\nfrom plate_prep import prepare_plate\nout, rec = prepare_plate(\n    r\"C:\\banyan-farm\\banyan-city\\genomes\\sapling\\nodes\\001-capability-inventory\\stills\\10-sense.png\",\n    \"704x1280\", r\"C:\\banyan-farm\\v34-plates-0810\", \"10\")\nprint(\"plate\", out); print(rec[\"plate_wxh\"], rec[\"crop_policy\"])\n"]
plate C:\banyan-farm\v34-plates-0810\10-704x1280.png
704x1280 cover-centre (render_t3 policy: scale to cover, then centre crop): 832x1216, cropped 163px of width (81 left, 82 right) = 19.6%, kept 669x1216, LANCZOS to 704x1280
==== step plate END rc=0 2026-08-11T08:26:47Z ====

==== step encode START 2026-08-11T08:26:47Z ====
argv: ["C:\\banyan-video\\venv\\Scripts\\python.exe", "C:\\banyan-farm\\ltx_i2v.py", "--stage", "encode", "--embeds", "C:\\banyan-farm\\v34-plates-0810\\ltx-embeds-ep1-b10-257f-vo-length-0811.pt", "--prompt-file", "C:\\banyan-farm\\v34-plates-0810\\ep1-b10-257f-vo-length-0811-prompt.txt", "--negative-file", "C:\\banyan-farm\\v34-plates-0810\\ep1-b10-257f-vo-length-0811-negative.txt"]
-- begin-encode: phys 11.3/68.1GB, commit 14.5/128.2GB (load 16%)
loading text encoder from C:\Users\artvn\.cache\huggingface\hub\models--Lightricks--gemma-3-12b-it-qat-q4_0-unquantized\snapshots\d62fe4f1995ade703b49a0f3c0d0f161237ef437

Loading weights:   0%|          | 0/1065 [00:00<?, ?it/s]
Loading weights:  32%|███▏      | 344/1065 [00:00<00:00, 3121.89it/s]
Loading weights:  62%|██████▏   | 657/1065 [00:00<00:00, 2724.98it/s]
Loading weights:  94%|█████████▍| 1002/1065 [00:00<00:00, 2904.74it/s]
Loading weights: 100%|██████████| 1065/1065 [00:00<00:00, 2942.62it/s]
encoded to C:\banyan-farm\v34-plates-0810\ltx-embeds-ep1-b10-257f-vo-length-0811.pt (1, 1024, 188160)
{"peak_commit_gb": 44.3, "peak_phys_gb": 38.4, "last_stage": "begin-encode"}
==== step encode END rc=0 2026-08-11T08:28:22Z ====

==== step render START 2026-08-11T08:28:22Z ====
argv: ["C:\\banyan-video\\venv\\Scripts\\python.exe", "C:\\banyan-farm\\ltx_i2v.py", "--stage", "render", "--embeds", "C:\\banyan-farm\\v34-plates-0810\\ltx-embeds-ep1-b10-257f-vo-length-0811.pt", "--prompt-file", "C:\\banyan-farm\\v34-plates-0810\\ep1-b10-257f-vo-length-0811-prompt.txt", "--negative-file", "C:\\banyan-farm\\v34-plates-0810\\ep1-b10-257f-vo-length-0811-negative.txt", "--init", "C:\\banyan-farm\\v34-plates-0810\\10-704x1280.png", "--out", "C:\\banyan-farm\\v34-motion-0810\\10-ltx-affirm-257f-s20260897.mp4", "--size", "704x1280", "--frames", "257", "--fps", "24", "--steps", "8", "--guidance", "1.0", "--distilled-sigmas", "--two-stage", "--seed", "20260897", "--beat", "10", "--task", "ep1-b10-257f-vo-length-0811", "--worker", "rtx5090"]
-- begin-render: phys 11.4/68.1GB, commit 14.6/128.2GB (load 16%)
transformer  C:\Users\artvn\.cache\huggingface\hub\models--diffusers--LTX-2.3-Distilled-Diffusers\snapshots\432e0d3c2d1769aaa4d295f9243f7062bf6b47ee [subfolder=transformer, bf16]
scheduler    C:\Users\artvn\.cache\huggingface\hub\models--diffusers--LTX-2.3-Distilled-Diffusers\snapshots\432e0d3c2d1769aaa4d295f9243f7062bf6b47ee [subfolder=scheduler, distilled]
other parts  C:\Users\artvn\.cache\huggingface\hub\models--diffusers--LTX-2.3-Diffusers\snapshots\8eee8edcf067e838b843f926ec4d4cc9b2be1aaf
-- load-transformer-bf16-38GB: phys 12.1/68.1GB, commit 16.4/128.2GB (load 17%)

Loading checkpoint shards:   0%|          | 0/8 [00:00<?, ?it/s]
Loading checkpoint shards:  12%|█▎        | 1/8 [00:00<00:00,  9.23it/s]
Loading checkpoint shards:  25%|██▌       | 2/8 [00:00<00:00,  9.54it/s]
Loading checkpoint shards:  50%|█████     | 4/8 [00:00<00:00,  8.57it/s]
Loading checkpoint shards: 100%|██████████| 8/8 [00:00<00:00, 14.36it/s]
-- load-connectors-12.7GB-and-vae: phys 12.1/68.1GB, commit 54.8/128.2GB (load 17%)

Loading checkpoint shards:   0%|          | 0/2 [00:00<?, ?it/s]
Loading checkpoint shards: 100%|██████████| 2/2 [00:00<00:00, 69.34it/s]
-- offload-setup: phys 12.2/68.1GB, commit 64.4/128.2GB (load 17%)
C:\banyan-video\venv\Lib\site-packages\accelerate\utils\modeling.py:345: UserWarning: expandable_segments not supported on this platform (Triggered internally at C:\actions-runner\_work\pytorch\pytorch\pytorch\c10/cuda/CUDAAllocatorConfig.h:39.)
  new_value = old_value.to(device, non_blocking=non_blocking)
-- stage1-denoise-352x640-8steps: phys 13.0/68.1GB, commit 64.7/128.2GB (load 19%)

  0%|          | 0/8 [00:00<?, ?it/s]
 12%|█▎        | 1/8 [01:05<07:36, 65.18s/it]
 25%|██▌       | 2/8 [01:21<03:39, 36.51s/it]
 38%|███▊      | 3/8 [01:32<02:04, 24.88s/it]
 50%|█████     | 4/8 [01:43<01:17, 19.43s/it]
 62%|██████▎   | 5/8 [01:54<00:48, 16.24s/it]
 75%|███████▌  | 6/8 [02:04<00:28, 14.33s/it]
 88%|████████▊ | 7/8 [02:15<00:12, 13.00s/it]
100%|██████████| 8/8 [02:25<00:00, 12.12s/it]
100%|██████████| 8/8 [02:25<00:00, 18.18s/it]
stage1 latents (1, 128, 33, 20, 11)
-- upsample-2x-latent: phys 57.6/68.1GB, commit 67.5/128.2GB (load 84%)
There are modules in LTX2LatentUpsamplerModel that should be kept in float32: []. Casting directly with `to()` can lead to inconsistent results; set `torch_dtype` in `from_pretrained()` instead to keep these modules in float32.
upsampled latents (1, 128, 33, 40, 22)
-- stage2-refine-704x1280-3steps: phys 60.0/68.1GB, commit 70.5/128.2GB (load 88%)

  0%|          | 0/3 [00:00<?, ?it/s]
 33%|███▎      | 1/3 [00:40<01:21, 40.78s/it]
 67%|██████▋   | 2/3 [01:22<00:41, 41.28s/it]
100%|██████████| 3/3 [02:02<00:00, 40.74s/it]
100%|██████████| 3/3 [02:02<00:00, 40.83s/it]
-- decode-and-export: phys 64.5/68.1GB, commit 73.9/128.2GB (load 94%)
[1/1] wrote C:\banyan-farm\v34-motion-0810\10-ltx-affirm-257f-s20260897.mp4 in 298s (257 frames, 704x1280, 8@352x640+3@704x1280 steps, peak torch 12.3GB, device 3.1/26GB)
{"sample_s": 297.7, "peak_gb": 12.3, "peak_commit_gb": 84.6, "frames": 257, "size": "704x1280", "steps": "8@352x640+3@704x1280", "two_stage": true, "image_crf": 0, "offload": "sequential"}
{"peak_commit_gb": 84.6, "peak_phys_gb": 65.5, "last_stage": "decode-and-export"}
==== step render END rc=0 2026-08-11T08:33:35Z ====
#### job ep1-b10-257f-vo-length-0811-1786436792 finished rc=0 2026-08-11T08:33:35Z
