#### job ep1-b13-217f-vo-length-run-1786432555 attempt 1 start 2026-08-11T07:16:05Z

==== step plate START 2026-08-11T07:16:08Z ====
argv: ["C:\\banyan-video\\venv\\Scripts\\python.exe", "-c", "import sys; sys.path.insert(0, r\"C:\\banyan-farm\\banyan-city\\pipeline\")\nfrom plate_prep import prepare_plate\nout, rec = prepare_plate(\n    r\"C:\\banyan-farm\\banyan-city\\genomes\\sapling\\nodes\\001-capability-inventory\\stills\\13-i-always-left.png\",\n    \"704x1280\", r\"C:\\banyan-farm\\v34-r2\", \"13\")\nprint(\"plate\", out); print(rec[\"plate_wxh\"], rec[\"crop_policy\"])\nprint(\"source_sha256\", rec[\"sha256\"])\n"]
plate C:\banyan-farm\v34-r2\13-704x1280.png
704x1280 cover-centre (render_t3 policy: scale to cover, then centre crop): 832x1216, cropped 163px of width (81 left, 82 right) = 19.6%, kept 669x1216, LANCZOS to 704x1280
source_sha256 2f0d370eb201666d341f84aa83be987e6880ccda1cc6cb6d9793c3b9f1f02de4
==== step plate END rc=0 2026-08-11T07:16:08Z ====

==== step encode START 2026-08-11T07:16:08Z ====
argv: ["C:\\banyan-video\\venv\\Scripts\\python.exe", "C:\\banyan-farm\\banyan-city\\pipeline\\ltx_i2v.py", "--stage", "encode", "--jobs", "C:\\banyan-farm\\v34-r2\\b13-jobs-encode.json"]
-- begin-encode: phys 11.5/68.1GB, commit 14.6/128.2GB (load 16%)
loading text encoder from C:\Users\artvn\.cache\huggingface\hub\models--Lightricks--gemma-3-12b-it-qat-q4_0-unquantized\snapshots\d62fe4f1995ade703b49a0f3c0d0f161237ef437

Loading weights:   0%|          | 0/1065 [00:00<?, ?it/s]
Loading weights:  32%|███▏      | 343/1065 [00:00<00:00, 2967.14it/s]
Loading weights:  60%|██████    | 640/1065 [00:00<00:00, 2817.08it/s]
Loading weights: 100%|██████████| 1065/1065 [00:00<00:00, 3695.43it/s]
-- encode-beat-13: phys 12.7/68.1GB, commit 41.4/128.2GB (load 18%)
[1/1] encoded beat 13 to C:\banyan-farm\v34-r2\b13-embeds.pt (1, 1024, 188160)
{"peak_commit_gb": 44.3, "peak_phys_gb": 38.6, "last_stage": "encode-beat-13"}
==== step encode END rc=0 2026-08-11T07:17:41Z ====

==== step render START 2026-08-11T07:17:41Z ====
argv: ["C:\\banyan-video\\venv\\Scripts\\python.exe", "C:\\banyan-farm\\banyan-city\\pipeline\\ltx_i2v.py", "--stage", "render", "--jobs", "C:\\banyan-farm\\v34-r2\\b13-jobs-render-217.json", "--size", "704x1280", "--frames", "217", "--fps", "24", "--guidance", "1.0", "--distilled-sigmas", "--two-stage", "--image-crf", "33", "--offload", "sequential", "--mode", "production", "--task", "ep1-b13-217f-vo-length-run-0811", "--worker", "rtx5090", "--bench-jsonl", "C:\\banyan-farm\\v34-r2\\bench-b13-217f.jsonl", "--bench-label", "b13-217f-vo-length"]
recipe: offload=sequential quantisation=none (bf16)
-- begin-render: phys 11.5/68.1GB, commit 14.6/128.2GB (load 16%)
transformer  C:\Users\artvn\.cache\huggingface\hub\models--diffusers--LTX-2.3-Distilled-Diffusers\snapshots\432e0d3c2d1769aaa4d295f9243f7062bf6b47ee [subfolder=transformer, bf16]
scheduler    C:\Users\artvn\.cache\huggingface\hub\models--diffusers--LTX-2.3-Distilled-Diffusers\snapshots\432e0d3c2d1769aaa4d295f9243f7062bf6b47ee [subfolder=scheduler, distilled]
other parts  C:\Users\artvn\.cache\huggingface\hub\models--diffusers--LTX-2.3-Diffusers\snapshots\8eee8edcf067e838b843f926ec4d4cc9b2be1aaf
-- load-transformer-bf16-38GB: phys 12.2/68.1GB, commit 16.4/128.2GB (load 17%)

Loading checkpoint shards:   0%|          | 0/8 [00:00<?, ?it/s]
Loading checkpoint shards:  12%|█▎        | 1/8 [00:00<00:00,  9.56it/s]
Loading checkpoint shards:  25%|██▌       | 2/8 [00:00<00:00,  9.58it/s]
Loading checkpoint shards:  50%|█████     | 4/8 [00:00<00:00,  8.39it/s]
Loading checkpoint shards: 100%|██████████| 8/8 [00:00<00:00, 16.90it/s]
Loading checkpoint shards: 100%|██████████| 8/8 [00:00<00:00, 14.10it/s]
-- load-connectors-12.7GB-and-vae: phys 12.3/68.1GB, commit 54.7/128.2GB (load 18%)

Loading checkpoint shards:   0%|          | 0/2 [00:00<?, ?it/s]
Loading checkpoint shards: 100%|██████████| 2/2 [00:00<00:00, 205.12it/s]
-- offload-setup-sequential: phys 12.3/68.1GB, commit 64.3/128.2GB (load 18%)
C:\banyan-video\venv\Lib\site-packages\accelerate\utils\modeling.py:345: UserWarning: expandable_segments not supported on this platform (Triggered internally at C:\actions-runner\_work\pytorch\pytorch\pytorch\c10/cuda/CUDAAllocatorConfig.h:39.)
  new_value = old_value.to(device, non_blocking=non_blocking)
conditioning still round-tripped through libx264 crf=33 -> C:\banyan-farm\v34-r2\cond-crf-13.png
-- stage1-denoise-352x640-8steps: phys 13.2/68.1GB, commit 64.7/128.2GB (load 19%)

  0%|          | 0/8 [00:00<?, ?it/s]
 12%|█▎        | 1/8 [01:07<07:49, 67.01s/it]
 25%|██▌       | 2/8 [01:20<03:34, 35.79s/it]
 38%|███▊      | 3/8 [01:30<01:59, 23.91s/it]
 50%|█████     | 4/8 [01:40<01:12, 18.20s/it]
 62%|██████▎   | 5/8 [01:51<00:46, 15.60s/it]
 75%|███████▌  | 6/8 [02:01<00:27, 13.69s/it]
 88%|████████▊ | 7/8 [02:10<00:12, 12.24s/it]
100%|██████████| 8/8 [02:19<00:00, 11.23s/it]
100%|██████████| 8/8 [02:19<00:00, 17.43s/it]
stage1 latents (1, 128, 28, 20, 11)
-- upsample-2x-latent: phys 57.6/68.1GB, commit 67.4/128.2GB (load 84%)
There are modules in LTX2LatentUpsamplerModel that should be kept in float32: []. Casting directly with `to()` can lead to inconsistent results; set `torch_dtype` in `from_pretrained()` instead to keep these modules in float32.
upsampled latents (1, 128, 28, 40, 22)
-- stage2-refine-704x1280-3steps: phys 60.0/68.1GB, commit 70.5/128.2GB (load 88%)

  0%|          | 0/3 [00:00<?, ?it/s]
 33%|███▎      | 1/3 [00:34<01:08, 34.03s/it]
 67%|██████▋   | 2/3 [01:10<00:35, 35.30s/it]
100%|██████████| 3/3 [01:45<00:00, 35.18s/it]
100%|██████████| 3/3 [01:45<00:00, 35.09s/it]
-- decode-and-export: phys 63.7/68.1GB, commit 72.6/128.2GB (load 93%)
[1/1] wrote C:\banyan-farm\v34-r2\13-i-always-left-LTX-217f.mp4 in 272s (217 frames, 704x1280, 8@352x640+3@704x1280 steps, peak torch 10.6GB, device 2.7/26GB)
THROUGHPUT 0.0332 s(video)/s(wall) (1 x 9.042s of video in 272s)
bench row -> C:\banyan-farm\v34-r2\bench-b13-217f.jsonl
{"sample_s": 272.4, "peak_gb": 10.6, "peak_commit_gb": 81.4, "frames": 217, "size": "704x1280", "steps": "8@352x640+3@704x1280", "batch": 1, "mode": "production", "throughput_s_per_s": 0.0332, "two_stage": true, "image_crf": 33, "offload": "sequential", "quantisation": null}
{"peak_commit_gb": 81.4, "peak_phys_gb": 65.0, "last_stage": "decode-and-export"}
==== step render END rc=0 2026-08-11T07:22:29Z ====
#### job ep1-b13-217f-vo-length-run-1786432555 finished rc=0 2026-08-11T07:22:29Z
