#### job ep1-b07-v34-plate-r2-reseed2-1786362710 attempt 1 start 2026-08-10T11:53:37Z

==== step plate START 2026-08-10T11:53:40Z ====
argv: ["C:\\banyan-video\\venv\\Scripts\\python.exe", "-c", "import sys; sys.path.insert(0, r\"C:\\banyan-farm\\banyan-city\\pipeline\")\nfrom plate_prep import prepare_plate\nout, rec = prepare_plate(\n    r\"C:\\banyan-farm\\banyan-city\\genomes\\sapling\\nodes\\001-capability-inventory\\stills\\07-zero-0-moving-parts.png\",\n    \"704x1280\", r\"C:\\banyan-farm\\v34-plates-0810\", \"07\")\nprint(\"plate\", out); print(rec[\"plate_wxh\"], rec[\"crop_policy\"])\n"]
plate C:\banyan-farm\v34-plates-0810\07-704x1280.png
704x1280 cover-centre (render_t3 policy: scale to cover, then centre crop): 832x1216, cropped 163px of width (81 left, 82 right) = 19.6%, kept 669x1216, LANCZOS to 704x1280
==== step plate END rc=0 2026-08-10T11:53:40Z ====

==== step encode START 2026-08-10T11:53:40Z ====
argv: ["C:\\banyan-video\\venv\\Scripts\\python.exe", "C:\\banyan-farm\\ltx_i2v.py", "--stage", "encode", "--embeds", "C:\\banyan-farm\\v34-plates-0810\\ltx-embeds-ep1-b07-v34-plate-r2-reseed2.pt", "--prompt-file", "C:\\banyan-farm\\v34-plates-0810\\ep1-b07-v34-plate-r2-reseed2-prompt.txt", "--negative-file", "C:\\banyan-farm\\v34-plates-0810\\ep1-b07-v34-plate-r2-reseed2-negative.txt"]
-- begin-encode: phys 11.2/68.1GB, commit 14.6/128.2GB (load 16%)
loading text encoder from C:\Users\artvn\.cache\huggingface\hub\models--Lightricks--gemma-3-12b-it-qat-q4_0-unquantized\snapshots\d62fe4f1995ade703b49a0f3c0d0f161237ef437

Loading weights:   0%|          | 0/1065 [00:00<?, ?it/s]
Loading weights:  38%|███▊      | 402/1065 [00:00<00:00, 3583.84it/s]
Loading weights:  73%|███████▎  | 780/1065 [00:00<00:00, 3502.83it/s]
Loading weights: 100%|██████████| 1065/1065 [00:00<00:00, 3737.86it/s]
encoded to C:\banyan-farm\v34-plates-0810\ltx-embeds-ep1-b07-v34-plate-r2-reseed2.pt (1, 1024, 188160)
{"peak_commit_gb": 43.5, "peak_phys_gb": 37.9, "last_stage": "begin-encode"}
==== step encode END rc=0 2026-08-10T11:55:13Z ====

==== step render START 2026-08-10T11:55:13Z ====
argv: ["C:\\banyan-video\\venv\\Scripts\\python.exe", "C:\\banyan-farm\\ltx_i2v.py", "--stage", "render", "--embeds", "C:\\banyan-farm\\v34-plates-0810\\ltx-embeds-ep1-b07-v34-plate-r2-reseed2.pt", "--prompt-file", "C:\\banyan-farm\\v34-plates-0810\\ep1-b07-v34-plate-r2-reseed2-prompt.txt", "--negative-file", "C:\\banyan-farm\\v34-plates-0810\\ep1-b07-v34-plate-r2-reseed2-negative.txt", "--init", "C:\\banyan-farm\\v34-plates-0810\\07-704x1280.png", "--out", "C:\\banyan-farm\\v34-motion-0810\\07-ltx-r2-plate-s20260855.mp4", "--size", "704x1280", "--frames", "65", "--fps", "24", "--steps", "8", "--guidance", "1.0", "--distilled-sigmas", "--two-stage", "--seed", "20260855", "--beat", "7", "--task", "ep1-b07-v34-plate-r2-reseed2-0810", "--worker", "rtx5090"]
-- begin-render: phys 11.3/68.1GB, commit 14.6/128.2GB (load 16%)
transformer  C:\Users\artvn\.cache\huggingface\hub\models--diffusers--LTX-2.3-Distilled-Diffusers\snapshots\432e0d3c2d1769aaa4d295f9243f7062bf6b47ee [subfolder=transformer, bf16]
scheduler    C:\Users\artvn\.cache\huggingface\hub\models--diffusers--LTX-2.3-Distilled-Diffusers\snapshots\432e0d3c2d1769aaa4d295f9243f7062bf6b47ee [subfolder=scheduler, distilled]
other parts  C:\Users\artvn\.cache\huggingface\hub\models--diffusers--LTX-2.3-Diffusers\snapshots\8eee8edcf067e838b843f926ec4d4cc9b2be1aaf
-- load-transformer-bf16-38GB: phys 12.0/68.1GB, commit 16.5/128.2GB (load 17%)

Loading checkpoint shards:   0%|          | 0/8 [00:00<?, ?it/s]
Loading checkpoint shards:  12%|█▎        | 1/8 [00:00<00:00,  9.53it/s]
Loading checkpoint shards:  25%|██▌       | 2/8 [00:00<00:00,  9.62it/s]
Loading checkpoint shards:  38%|███▊      | 3/8 [00:00<00:00,  9.70it/s]
Loading checkpoint shards:  50%|█████     | 4/8 [00:00<00:00,  7.13it/s]
Loading checkpoint shards:  62%|██████▎   | 5/8 [00:00<00:00,  7.95it/s]
Loading checkpoint shards: 100%|██████████| 8/8 [00:00<00:00, 11.59it/s]
-- load-connectors-12.7GB-and-vae: phys 12.1/68.1GB, commit 54.8/128.2GB (load 17%)

Loading checkpoint shards:   0%|          | 0/2 [00:00<?, ?it/s]
Loading checkpoint shards: 100%|██████████| 2/2 [00:00<00:00, 65.72it/s]
-- offload-setup: phys 12.1/68.1GB, commit 64.4/128.2GB (load 17%)
C:\banyan-video\venv\Lib\site-packages\accelerate\utils\modeling.py:345: UserWarning: expandable_segments not supported on this platform (Triggered internally at C:\actions-runner\_work\pytorch\pytorch\pytorch\c10/cuda/CUDAAllocatorConfig.h:39.)
  new_value = old_value.to(device, non_blocking=non_blocking)
-- stage1-denoise-352x640-8steps: phys 12.9/68.1GB, commit 64.8/128.2GB (load 19%)

  0%|          | 0/8 [00:00<?, ?it/s]
 12%|█▎        | 1/8 [01:12<08:25, 72.26s/it]
 25%|██▌       | 2/8 [01:22<03:35, 35.84s/it]
 38%|███▊      | 3/8 [01:28<01:51, 22.26s/it]
 50%|█████     | 4/8 [01:34<01:03, 15.85s/it]
 62%|██████▎   | 5/8 [01:40<00:36, 12.25s/it]
 75%|███████▌  | 6/8 [01:47<00:20, 10.31s/it]
 88%|████████▊ | 7/8 [01:53<00:09,  9.16s/it]
100%|██████████| 8/8 [02:00<00:00,  8.40s/it]
100%|██████████| 8/8 [02:00<00:00, 15.09s/it]
stage1 latents (1, 128, 9, 20, 11)
-- upsample-2x-latent: phys 59.7/68.1GB, commit 66.5/128.2GB (load 87%)
There are modules in LTX2LatentUpsamplerModel that should be kept in float32: []. Casting directly with `to()` can lead to inconsistent results; set `torch_dtype` in `from_pretrained()` instead to keep these modules in float32.
upsampled latents (1, 128, 9, 40, 22)
-- stage2-refine-704x1280-3steps: phys 61.8/68.1GB, commit 70.1/128.2GB (load 90%)

  0%|          | 0/3 [00:00<?, ?it/s]
 33%|███▎      | 1/3 [00:11<00:23, 11.54s/it]
 67%|██████▋   | 2/3 [00:22<00:11, 11.45s/it]
100%|██████████| 3/3 [00:34<00:00, 11.69s/it]
100%|██████████| 3/3 [00:34<00:00, 11.64s/it]
-- decode-and-export: phys 62.3/68.1GB, commit 70.8/128.2GB (load 91%)
[1/1] wrote C:\banyan-farm\v34-motion-0810\07-ltx-r2-plate-s20260855.mp4 in 173s (65 frames, 704x1280, 8@352x640+3@704x1280 steps, peak torch 4.1GB, device 2.5/26GB)
{"sample_s": 173.0, "peak_gb": 4.1, "peak_commit_gb": 73.1, "frames": 65, "size": "704x1280", "steps": "8@352x640+3@704x1280", "two_stage": true, "image_crf": 0, "offload": "sequential"}
{"peak_commit_gb": 73.1, "peak_phys_gb": 62.5, "last_stage": "decode-and-export"}
==== step render END rc=0 2026-08-10T11:58:21Z ====
#### job ep1-b07-v34-plate-r2-reseed2-1786362710 finished rc=0 2026-08-10T11:58:21Z
