   negative tokens: 76 (budget 77; beat 12 control 76)
   NEGWARN: !! negative prompt over CLIP's 77-token budget; deduplicated: mature tree, forest, text
   traps 3-6 OK — no drop, no count tag, no ban in the positive, anchor intact, all 7 required negatives survived
   trap 7 OK — four fresh seeds on this beat's own series

Loading pipeline components...:   0%|          | 0/7 [00:00<?, ?it/s]
Loading pipeline components...:  14%|█▍        | 1/7 [00:01<00:08,  1.34s/it]
Loading pipeline components...:  43%|████▎     | 3/7 [00:01<00:01,  2.57it/s]
Loading pipeline components...:  71%|███████▏  | 5/7 [00:01<00:00,  3.41it/s]
Loading pipeline components...:  86%|████████▌ | 6/7 [00:02<00:00,  3.79it/s]
Loading pipeline components...: 100%|██████████| 7/7 [00:05<00:00,  1.26s/it]
Loading pipeline components...: 100%|██████████| 7/7 [00:05<00:00,  1.19it/s]
C:\banyan-farm\venv\Lib\site-packages\torch\nn\modules\module.py:1370: UserWarning: expandable_segments not supported on this platform (Triggered internally at C:\actions-runner\_work\pytorch\pytorch\pytorch\c10/cuda/CUDAAllocatorConfig.h:39.)
  return t.to(
MODEL_LOADED cuda/bfloat16 in 11s

  0%|          | 0/40 [00:00<?, ?it/s]
  2%|▎         | 1/40 [00:00<00:33,  1.16it/s]
  5%|▌         | 2/40 [00:01<00:17,  2.13it/s]
  8%|▊         | 3/40 [00:01<00:13,  2.84it/s]
 10%|█         | 4/40 [00:01<00:10,  3.43it/s]
 12%|█▎        | 5/40 [00:01<00:09,  3.64it/s]
 15%|█▌        | 6/40 [00:01<00:08,  3.86it/s]
 18%|█▊        | 7/40 [00:02<00:08,  4.05it/s]
 20%|██        | 8/40 [00:02<00:07,  4.27it/s]
 22%|██▎       | 9/40 [00:02<00:07,  4.37it/s]
 25%|██▌       | 10/40 [00:02<00:06,  4.29it/s]
 28%|██▊       | 11/40 [00:03<00:06,  4.35it/s]
 30%|███       | 12/40 [00:03<00:06,  4.52it/s]
 32%|███▎      | 13/40 [00:03<00:05,  4.62it/s]
 35%|███▌      | 14/40 [00:03<00:05,  4.45it/s]
 38%|███▊      | 15/40 [00:03<00:05,  4.41it/s]
 40%|████      | 16/40 [00:04<00:05,  4.49it/s]
 42%|████▎     | 17/40 [00:04<00:04,  4.65it/s]
 45%|████▌     | 18/40 [00:04<00:04,  4.61it/s]
 48%|████▊     | 19/40 [00:04<00:04,  4.48it/s]
 50%|█████     | 20/40 [00:05<00:04,  4.49it/s]
 52%|█████▎    | 21/40 [00:05<00:04,  4.50it/s]
 55%|█████▌    | 22/40 [00:05<00:03,  4.60it/s]
 57%|█████▊    | 23/40 [00:05<00:03,  4.56it/s]
 60%|██████    | 24/40 [00:05<00:03,  4.46it/s]
 62%|██████▎   | 25/40 [00:06<00:03,  4.57it/s]
 65%|██████▌   | 26/40 [00:06<00:03,  4.56it/s]
 68%|██████▊   | 27/40 [00:06<00:02,  4.51it/s]
 70%|███████   | 28/40 [00:06<00:02,  4.55it/s]
 72%|███████▎  | 29/40 [00:07<00:02,  4.45it/s]
 75%|███████▌  | 30/40 [00:07<00:02,  4.51it/s]
 78%|███████▊  | 31/40 [00:07<00:01,  4.56it/s]
 80%|████████  | 32/40 [00:07<00:01,  4.51it/s]
 82%|████████▎ | 33/40 [00:07<00:01,  4.55it/s]
 85%|████████▌ | 34/40 [00:08<00:01,  4.50it/s]
 88%|████████▊ | 35/40 [00:08<00:01,  4.55it/s]
 90%|█████████ | 36/40 [00:08<00:00,  4.53it/s]
 92%|█████████▎| 37/40 [00:08<00:00,  4.50it/s]
 95%|█████████▌| 38/40 [00:08<00:00,  4.51it/s]
 98%|█████████▊| 39/40 [00:09<00:00,  4.55it/s]
100%|██████████| 40/40 [00:09<00:00,  4.64it/s]
100%|██████████| 40/40 [00:09<00:00,  4.25it/s]
   05-sapling-reveal-reveal-r1-s0.png seed=20268724 11s  (1/4)

  0%|          | 0/40 [00:00<?, ?it/s]
  2%|▎         | 1/40 [00:00<00:07,  4.91it/s]
  5%|▌         | 2/40 [00:00<00:07,  5.06it/s]
  8%|▊         | 3/40 [00:00<00:07,  4.95it/s]
 10%|█         | 4/40 [00:00<00:07,  4.60it/s]
 12%|█▎        | 5/40 [00:01<00:07,  4.48it/s]
 15%|█▌        | 6/40 [00:01<00:07,  4.49it/s]
 18%|█▊        | 7/40 [00:01<00:07,  4.55it/s]
 20%|██        | 8/40 [00:01<00:06,  4.70it/s]
 22%|██▎       | 9/40 [00:01<00:06,  4.43it/s]
 25%|██▌       | 10/40 [00:02<00:06,  4.46it/s]
 28%|██▊       | 11/40 [00:02<00:06,  4.48it/s]
 30%|███       | 12/40 [00:02<00:06,  4.59it/s]
 32%|███▎      | 13/40 [00:02<00:05,  4.57it/s]
 35%|███▌      | 14/40 [00:03<00:05,  4.46it/s]
 38%|███▊      | 15/40 [00:03<00:05,  4.48it/s]
 40%|████      | 16/40 [00:03<00:05,  4.59it/s]
 42%|████▎     | 17/40 [00:03<00:05,  4.56it/s]
 45%|████▌     | 18/40 [00:03<00:04,  4.45it/s]
 48%|████▊     | 19/40 [00:04<00:04,  4.47it/s]
 50%|█████     | 20/40 [00:04<00:04,  4.48it/s]
 52%|█████▎    | 21/40 [00:04<00:04,  4.59it/s]
 55%|█████▌    | 22/40 [00:04<00:04,  4.47it/s]
 57%|█████▊    | 23/40 [00:05<00:03,  4.49it/s]
 60%|██████    | 24/40 [00:05<00:03,  4.46it/s]
 62%|██████▎   | 25/40 [00:05<00:03,  4.61it/s]
 65%|██████▌   | 26/40 [00:05<00:03,  4.58it/s]
 68%|██████▊   | 27/40 [00:05<00:02,  4.47it/s]
 70%|███████   | 28/40 [00:06<00:02,  4.48it/s]
 72%|███████▎  | 29/40 [00:06<00:02,  4.49it/s]
 75%|███████▌  | 30/40 [00:06<00:02,  4.59it/s]
 78%|███████▊  | 31/40 [00:06<00:01,  4.56it/s]
 80%|████████  | 32/40 [00:07<00:01,  4.45it/s]
 82%|████████▎ | 33/40 [00:07<00:01,  4.47it/s]
 85%|████████▌ | 34/40 [00:07<00:01,  4.58it/s]
 88%|████████▊ | 35/40 [00:07<00:01,  4.56it/s]
 90%|█████████ | 36/40 [00:07<00:00,  4.45it/s]
 92%|█████████▎| 37/40 [00:08<00:00,  4.46it/s]
 95%|█████████▌| 38/40 [00:08<00:00,  4.58it/s]
 98%|█████████▊| 39/40 [00:08<00:00,  4.47it/s]
100%|██████████| 40/40 [00:08<00:00,  4.48it/s]
100%|██████████| 40/40 [00:08<00:00,  4.53it/s]
   05-sapling-reveal-reveal-r1-s1.png seed=20269724 9s  (2/4)

  0%|          | 0/40 [00:00<?, ?it/s]
  2%|▎         | 1/40 [00:00<00:07,  4.92it/s]
  5%|▌         | 2/40 [00:00<00:07,  5.00it/s]
  8%|▊         | 3/40 [00:00<00:07,  4.94it/s]
 10%|█         | 4/40 [00:00<00:07,  4.63it/s]
 12%|█▎        | 5/40 [00:01<00:08,  4.36it/s]
 15%|█▌        | 6/40 [00:01<00:07,  4.52it/s]
 18%|█▊        | 7/40 [00:01<00:07,  4.63it/s]
 20%|██        | 8/40 [00:01<00:06,  4.59it/s]
 22%|██▎       | 9/40 [00:01<00:06,  4.47it/s]
 25%|██▌       | 10/40 [00:02<00:06,  4.38it/s]
 28%|██▊       | 11/40 [00:02<00:06,  4.52it/s]
 30%|███       | 12/40 [00:02<00:06,  4.61it/s]
 32%|███▎      | 13/40 [00:02<00:06,  4.49it/s]
 35%|███▌      | 14/40 [00:03<00:05,  4.39it/s]
 38%|███▊      | 15/40 [00:03<00:05,  4.52it/s]
 40%|████      | 16/40 [00:03<00:05,  4.52it/s]
 42%|████▎     | 17/40 [00:03<00:05,  4.52it/s]
 45%|████▌     | 18/40 [00:03<00:04,  4.52it/s]
 48%|████▊     | 19/40 [00:04<00:04,  4.41it/s]
 50%|█████     | 20/40 [00:04<00:04,  4.55it/s]
 52%|█████▎    | 21/40 [00:04<00:04,  4.54it/s]
 55%|█████▌    | 22/40 [00:04<00:03,  4.53it/s]
 57%|█████▊    | 23/40 [00:05<00:03,  4.43it/s]
 60%|██████    | 24/40 [00:05<00:03,  4.55it/s]
 62%|██████▎   | 25/40 [00:05<00:03,  4.54it/s]
 65%|██████▌   | 26/40 [00:05<00:03,  4.53it/s]
 68%|██████▊   | 27/40 [00:05<00:02,  4.52it/s]
 70%|███████   | 28/40 [00:06<00:02,  4.42it/s]
 72%|███████▎  | 29/40 [00:06<00:02,  4.54it/s]
 75%|███████▌  | 30/40 [00:06<00:02,  4.53it/s]
 78%|███████▊  | 31/40 [00:06<00:01,  4.53it/s]
 80%|████████  | 32/40 [00:07<00:01,  4.52it/s]
 82%|████████▎ | 33/40 [00:07<00:01,  4.53it/s]
 85%|████████▌ | 34/40 [00:07<00:01,  4.46it/s]
 88%|████████▊ | 35/40 [00:07<00:01,  4.53it/s]
 90%|█████████ | 36/40 [00:07<00:00,  4.53it/s]
 92%|█████████▎| 37/40 [00:08<00:00,  4.43it/s]
 95%|█████████▌| 38/40 [00:08<00:00,  4.55it/s]
 98%|█████████▊| 39/40 [00:08<00:00,  4.54it/s]
100%|██████████| 40/40 [00:08<00:00,  4.52it/s]
100%|██████████| 40/40 [00:08<00:00,  4.52it/s]
   05-sapling-reveal-reveal-r1-s2.png seed=20270724 9s  (3/4)

  0%|          | 0/40 [00:00<?, ?it/s]
  2%|▎         | 1/40 [00:00<00:07,  5.29it/s]
  5%|▌         | 2/40 [00:00<00:07,  4.81it/s]
  8%|▊         | 3/40 [00:00<00:07,  4.83it/s]
 10%|█         | 4/40 [00:00<00:07,  4.70it/s]
 12%|█▎        | 5/40 [00:01<00:07,  4.40it/s]
 15%|█▌        | 6/40 [00:01<00:07,  4.44it/s]
 18%|█▊        | 7/40 [00:01<00:07,  4.56it/s]
 20%|██        | 8/40 [00:01<00:06,  4.57it/s]
 22%|██▎       | 9/40 [00:01<00:07,  4.39it/s]
 25%|██▌       | 10/40 [00:02<00:06,  4.48it/s]
 28%|██▊       | 11/40 [00:02<00:06,  4.50it/s]
 30%|███       | 12/40 [00:02<00:06,  4.54it/s]
 32%|███▎      | 13/40 [00:02<00:06,  4.46it/s]
 35%|███▌      | 14/40 [00:03<00:05,  4.39it/s]
 38%|███▊      | 15/40 [00:03<00:05,  4.46it/s]
 40%|████      | 16/40 [00:03<00:05,  4.53it/s]
 42%|████▎     | 17/40 [00:03<00:05,  4.52it/s]
 45%|████▌     | 18/40 [00:03<00:04,  4.47it/s]
 48%|████▊     | 19/40 [00:04<00:04,  4.48it/s]
 50%|█████     | 20/40 [00:04<00:04,  4.49it/s]
 52%|█████▎    | 21/40 [00:04<00:04,  4.60it/s]
 55%|█████▌    | 22/40 [00:04<00:04,  4.48it/s]
 57%|█████▊    | 23/40 [00:05<00:03,  4.48it/s]
 60%|██████    | 24/40 [00:05<00:03,  4.44it/s]
 62%|██████▎   | 25/40 [00:05<00:03,  4.52it/s]
 65%|██████▌   | 26/40 [00:05<00:03,  4.52it/s]
 68%|██████▊   | 27/40 [00:05<00:02,  4.52it/s]
 70%|███████   | 28/40 [00:06<00:02,  4.42it/s]
 72%|███████▎  | 29/40 [00:06<00:02,  4.54it/s]
 75%|███████▌  | 30/40 [00:06<00:02,  4.48it/s]
 78%|███████▊  | 31/40 [00:06<00:01,  4.54it/s]
 80%|████████  | 32/40 [00:07<00:01,  4.44it/s]
 82%|████████▎ | 33/40 [00:07<00:01,  4.46it/s]
 85%|████████▌ | 34/40 [00:07<00:01,  4.57it/s]
 88%|████████▊ | 35/40 [00:07<00:01,  4.55it/s]
 90%|█████████ | 36/40 [00:07<00:00,  4.44it/s]
 92%|█████████▎| 37/40 [00:08<00:00,  4.47it/s]
 95%|█████████▌| 38/40 [00:08<00:00,  4.48it/s]
 98%|█████████▊| 39/40 [00:08<00:00,  4.49it/s]
100%|██████████| 40/40 [00:08<00:00,  4.45it/s]
100%|██████████| 40/40 [00:08<00:00,  4.50it/s]
   05-sapling-reveal-reveal-r1-s3.png seed=20271724 9s  (4/4)

DONE 4 stills — the sapling reveal, unranked
==== step reveal END rc=0 2026-08-11T10:55:57Z ====

==== step publish START 2026-08-11T10:55:57Z ====
argv: ["C:\\banyan-farm\\venv\\Scripts\\python.exe", "-c", "import glob, hashlib, os, shutil\ndst = \"C:/banyan-farm/courier-box/farm-out/ep1-b05-sapling-reveal-0811\"\nos.makedirs(dst, exist_ok=True)\nsrc = sorted(glob.glob(\"C:/banyan-farm/b05-reveal-0811/out/*\"))\nlines = []\nfor f in src:\n    shutil.copy2(f, dst)\n    c = os.path.join(dst, os.path.basename(f))\n    with open(c, \"rb\") as fh:\n        h = hashlib.sha256(fh.read()).hexdigest()\n    lines.append(h + \"  \" + os.path.basename(f))\nwith open(os.path.join(dst, \"ep1-b05-sapling-reveal-0811.sha256\"), \"w\") as fh:\n    fh.write(\"\\n\".join(lines) + \"\\n\")\nprint(\"published\", len(src), \"file(s) + manifest ->\", dst)\n# 4 stills + 4 sidecars.\nraise SystemExit(0 if len(src) == 8 else 1)\n"]
published 8 file(s) + manifest -> C:/banyan-farm/courier-box/farm-out/ep1-b05-sapling-reveal-0811
==== step publish END rc=0 2026-08-11T10:55:57Z ====
#### job ep1-b05-sapling-reveal-0811-1786445687 finished rc=0 2026-08-11T10:55:57Z
