#### job ep1-b04-385f-hands-still-0811-1786421474 attempt 1 start 2026-08-11T04:11:26Z

==== step encode START 2026-08-11T04:11:28Z ====
argv: ["C:\\banyan-video\\venv\\Scripts\\python.exe", "C:\\banyan-farm\\banyan-city\\pipeline\\ltx_i2v.py", "--stage", "encode", "--jobs", "C:\\banyan-farm\\v34-r2\\b04-handsstill-jobs-encode.json"]
-- begin-encode: phys 11.7/68.1GB, commit 14.6/128.2GB (load 17%)
loading text encoder from C:\Users\artvn\.cache\huggingface\hub\models--Lightricks--gemma-3-12b-it-qat-q4_0-unquantized\snapshots\d62fe4f1995ade703b49a0f3c0d0f161237ef437

Loading weights:   0%|          | 0/1065 [00:00<?, ?it/s]
Loading weights:  27%|██▋       | 288/1065 [00:00<00:00, 2616.41it/s]
Loading weights:  52%|█████▏    | 553/1065 [00:00<00:00, 2490.51it/s]
Loading weights:  80%|████████  | 853/1065 [00:00<00:00, 2594.78it/s]
Loading weights: 100%|██████████| 1065/1065 [00:00<00:00, 2707.08it/s]
-- encode-beat-04: phys 12.8/68.1GB, commit 41.3/128.2GB (load 18%)
[1/1] encoded beat 4 to C:\banyan-farm\v34-r2\b04-handsstill-embeds.pt (1, 1024, 188160)
{"peak_commit_gb": 43.5, "peak_phys_gb": 38.3, "last_stage": "encode-beat-04"}
==== step encode END rc=0 2026-08-11T04:13:04Z ====

==== step render START 2026-08-11T04:13:04Z ====
argv: ["C:\\banyan-video\\venv\\Scripts\\python.exe", "C:\\banyan-farm\\banyan-city\\pipeline\\ltx_i2v.py", "--stage", "render", "--jobs", "C:\\banyan-farm\\v34-r2\\b04-handsstill-jobs-render-385.json", "--size", "704x1280", "--frames", "385", "--fps", "24", "--guidance", "1.0", "--distilled-sigmas", "--two-stage", "--image-crf", "33", "--offload", "sequential", "--mode", "production", "--task", "ep1-b04-385f-hands-still-0811", "--worker", "rtx5090", "--bench-jsonl", "C:\\banyan-farm\\v34-r2\\bench-b04-385f-handsstill.jsonl", "--bench-label", "b04-385f-hands-still"]
recipe: offload=sequential quantisation=none (bf16)
-- begin-render: phys 11.7/68.1GB, commit 14.6/128.2GB (load 17%)
transformer  C:\Users\artvn\.cache\huggingface\hub\models--diffusers--LTX-2.3-Distilled-Diffusers\snapshots\432e0d3c2d1769aaa4d295f9243f7062bf6b47ee [subfolder=transformer, bf16]
scheduler    C:\Users\artvn\.cache\huggingface\hub\models--diffusers--LTX-2.3-Distilled-Diffusers\snapshots\432e0d3c2d1769aaa4d295f9243f7062bf6b47ee [subfolder=scheduler, distilled]
other parts  C:\Users\artvn\.cache\huggingface\hub\models--diffusers--LTX-2.3-Diffusers\snapshots\8eee8edcf067e838b843f926ec4d4cc9b2be1aaf
-- load-transformer-bf16-38GB: phys 12.4/68.1GB, commit 16.4/128.2GB (load 18%)

Loading checkpoint shards:   0%|          | 0/8 [00:00<?, ?it/s]
Loading checkpoint shards:  12%|█▎        | 1/8 [00:00<00:00,  8.28it/s]
Loading checkpoint shards:  25%|██▌       | 2/8 [00:00<00:00,  8.74it/s]
Loading checkpoint shards:  38%|███▊      | 3/8 [00:00<00:00,  9.04it/s]
Loading checkpoint shards:  50%|█████     | 4/8 [00:00<00:00,  6.89it/s]
Loading checkpoint shards:  62%|██████▎   | 5/8 [00:00<00:00,  7.60it/s]
Loading checkpoint shards:  75%|███████▌  | 6/8 [00:03<00:02,  1.19s/it]
Loading checkpoint shards: 100%|██████████| 8/8 [00:03<00:00,  2.02it/s]
-- load-connectors-12.7GB-and-vae: phys 12.5/68.1GB, commit 54.8/128.2GB (load 18%)

Loading checkpoint shards:   0%|          | 0/2 [00:00<?, ?it/s]
Loading checkpoint shards: 100%|██████████| 2/2 [00:00<00:00, 46.78it/s]
-- offload-setup-sequential: phys 12.5/68.1GB, commit 64.4/128.2GB (load 18%)
C:\banyan-video\venv\Lib\site-packages\accelerate\utils\modeling.py:345: UserWarning: expandable_segments not supported on this platform (Triggered internally at C:\actions-runner\_work\pytorch\pytorch\pytorch\c10/cuda/CUDAAllocatorConfig.h:39.)
  new_value = old_value.to(device, non_blocking=non_blocking)
conditioning still round-tripped through libx264 crf=33 -> C:\banyan-farm\v34-r2\cond-crf-04.png
-- stage1-denoise-352x640-8steps: phys 13.4/68.1GB, commit 64.7/128.2GB (load 19%)

  0%|          | 0/8 [00:00<?, ?it/s]
 12%|█▎        | 1/8 [01:10<08:12, 70.36s/it]
 25%|██▌       | 2/8 [01:27<03:55, 39.17s/it]
 38%|███▊      | 3/8 [01:42<02:20, 28.06s/it]
 50%|█████     | 4/8 [01:58<01:32, 23.16s/it]
 62%|██████▎   | 5/8 [02:12<00:59, 19.90s/it]
 75%|███████▌  | 6/8 [02:26<00:35, 17.97s/it]
 88%|████████▊ | 7/8 [02:41<00:16, 17.00s/it]
100%|██████████| 8/8 [02:56<00:00, 16.38s/it]
100%|██████████| 8/8 [02:56<00:00, 22.07s/it]
stage1 latents (1, 128, 49, 20, 11)
-- upsample-2x-latent: phys 57.7/68.1GB, commit 68.2/128.2GB (load 84%)
There are modules in LTX2LatentUpsamplerModel that should be kept in float32: []. Casting directly with `to()` can lead to inconsistent results; set `torch_dtype` in `from_pretrained()` instead to keep these modules in float32.
upsampled latents (1, 128, 49, 40, 22)
-- stage2-refine-704x1280-3steps: phys 60.1/68.1GB, commit 71.0/128.2GB (load 88%)

  0%|          | 0/3 [00:00<?, ?it/s]
 33%|███▎      | 1/3 [01:14<02:28, 74.13s/it]
 67%|██████▋   | 2/3 [02:24<01:11, 71.63s/it]
100%|██████████| 3/3 [03:38<00:00, 73.04s/it]
100%|██████████| 3/3 [03:38<00:00, 72.91s/it]
-- decode-and-export: phys 58.7/68.1GB, commit 75.7/128.2GB (load 86%)
[1/1] wrote C:\banyan-farm\v34-r2\04-the-fall-LTX-385f-handsstill.mp4 in 436s (385 frames, 704x1280, 8@352x640+3@704x1280 steps, peak torch 17.8GB, device 2.9/26GB)
THROUGHPUT 0.0368 s(video)/s(wall) (1 x 16.042s of video in 436s)
bench row -> C:\banyan-farm\v34-r2\bench-b04-385f-handsstill.jsonl
{"sample_s": 435.8, "peak_gb": 17.8, "peak_commit_gb": 91.5, "frames": 385, "size": "704x1280", "steps": "8@352x640+3@704x1280", "batch": 1, "mode": "production", "throughput_s_per_s": 0.0368, "two_stage": true, "image_crf": 33, "offload": "sequential", "quantisation": null}
{"peak_commit_gb": 91.5, "peak_phys_gb": 61.0, "last_stage": "decode-and-export"}
==== step render END rc=0 2026-08-11T04:20:41Z ====
#### job ep1-b04-385f-hands-still-0811-1786421474 finished rc=0 2026-08-11T04:20:41Z
