#### job ep1-b14-313f-vo-length-0811-1786435230 attempt 1 start 2026-08-11T08:02:45Z

==== step encode START 2026-08-11T08:02:48Z ====
argv: ["C:\\banyan-video\\venv\\Scripts\\python.exe", "C:\\banyan-farm\\ltx_i2v.py", "--stage", "encode", "--embeds", "C:\\banyan-farm\\v34-plates-0810\\ltx-embeds-b14-313f-affirm.pt", "--prompt-file", "C:\\banyan-farm\\v34-plates-0810\\ep1-b14-313f-vo-length-prompt.txt", "--negative-file", "C:\\banyan-farm\\v34-plates-0810\\ep1-b14-313f-vo-length-negative.txt"]
-- begin-encode: phys 11.3/68.1GB, commit 14.5/128.2GB (load 16%)
loading text encoder from C:\Users\artvn\.cache\huggingface\hub\models--Lightricks--gemma-3-12b-it-qat-q4_0-unquantized\snapshots\d62fe4f1995ade703b49a0f3c0d0f161237ef437

Loading weights:   0%|          | 0/1065 [00:00<?, ?it/s]
Loading weights:  29%|██▉       | 308/1065 [00:00<00:00, 2895.67it/s]
Loading weights:  56%|█████▌    | 598/1065 [00:00<00:00, 2742.88it/s]
Loading weights: 100%|██████████| 1065/1065 [00:00<00:00, 3613.90it/s]
encoded to C:\banyan-farm\v34-plates-0810\ltx-embeds-b14-313f-affirm.pt (1, 1024, 188160)
{"peak_commit_gb": 43.8, "peak_phys_gb": 38.3, "last_stage": "begin-encode"}
==== step encode END rc=0 2026-08-11T08:04:21Z ====

==== step render START 2026-08-11T08:04:21Z ====
argv: ["C:\\banyan-video\\venv\\Scripts\\python.exe", "C:\\banyan-farm\\ltx_i2v.py", "--stage", "render", "--embeds", "C:\\banyan-farm\\v34-plates-0810\\ltx-embeds-b14-313f-affirm.pt", "--prompt-file", "C:\\banyan-farm\\v34-plates-0810\\ep1-b14-313f-vo-length-prompt.txt", "--negative-file", "C:\\banyan-farm\\v34-plates-0810\\ep1-b14-313f-vo-length-negative.txt", "--init", "C:\\banyan-farm\\v34-plates-0810\\14-704x1280.png", "--out", "C:\\banyan-farm\\v34-motion-0810\\14-ltx-r2f-313f-affirm-s20260898.mp4", "--size", "704x1280", "--frames", "313", "--fps", "24", "--steps", "8", "--guidance", "1.0", "--distilled-sigmas", "--two-stage", "--seed", "20260898", "--beat", "14", "--task", "ep1-b14-313f-vo-length-0811", "--worker", "rtx5090"]
-- begin-render: phys 11.3/68.1GB, commit 14.5/128.2GB (load 16%)
transformer  C:\Users\artvn\.cache\huggingface\hub\models--diffusers--LTX-2.3-Distilled-Diffusers\snapshots\432e0d3c2d1769aaa4d295f9243f7062bf6b47ee [subfolder=transformer, bf16]
scheduler    C:\Users\artvn\.cache\huggingface\hub\models--diffusers--LTX-2.3-Distilled-Diffusers\snapshots\432e0d3c2d1769aaa4d295f9243f7062bf6b47ee [subfolder=scheduler, distilled]
other parts  C:\Users\artvn\.cache\huggingface\hub\models--diffusers--LTX-2.3-Diffusers\snapshots\8eee8edcf067e838b843f926ec4d4cc9b2be1aaf
-- load-transformer-bf16-38GB: phys 12.1/68.1GB, commit 16.4/128.2GB (load 17%)

Loading checkpoint shards:   0%|          | 0/8 [00:00<?, ?it/s]
Loading checkpoint shards:  12%|█▎        | 1/8 [00:00<00:00,  8.61it/s]
Loading checkpoint shards:  25%|██▌       | 2/8 [00:00<00:00,  9.05it/s]
Loading checkpoint shards:  50%|█████     | 4/8 [00:00<00:00,  8.11it/s]
Loading checkpoint shards: 100%|██████████| 8/8 [00:00<00:00, 14.21it/s]
-- load-connectors-12.7GB-and-vae: phys 12.1/68.1GB, commit 54.7/128.2GB (load 17%)

Loading checkpoint shards:   0%|          | 0/2 [00:00<?, ?it/s]
Loading checkpoint shards: 100%|██████████| 2/2 [00:00<00:00, 258.11it/s]
-- offload-setup: phys 12.1/68.1GB, commit 64.3/128.2GB (load 17%)
C:\banyan-video\venv\Lib\site-packages\accelerate\utils\modeling.py:345: UserWarning: expandable_segments not supported on this platform (Triggered internally at C:\actions-runner\_work\pytorch\pytorch\pytorch\c10/cuda/CUDAAllocatorConfig.h:39.)
  new_value = old_value.to(device, non_blocking=non_blocking)
-- stage1-denoise-352x640-8steps: phys 13.0/68.1GB, commit 64.7/128.2GB (load 19%)

  0%|          | 0/8 [00:00<?, ?it/s]
 12%|█▎        | 1/8 [01:09<08:03, 69.14s/it]
 25%|██▌       | 2/8 [01:25<03:48, 38.13s/it]
 38%|███▊      | 3/8 [01:38<02:12, 26.45s/it]
 50%|█████     | 4/8 [01:50<01:23, 20.92s/it]
 62%|██████▎   | 5/8 [02:04<00:54, 18.28s/it]
 75%|███████▌  | 6/8 [02:16<00:32, 16.13s/it]
 88%|████████▊ | 7/8 [02:28<00:14, 14.80s/it]
100%|██████████| 8/8 [02:40<00:00, 14.10s/it]
100%|██████████| 8/8 [02:40<00:00, 20.09s/it]
stage1 latents (1, 128, 40, 20, 11)
-- upsample-2x-latent: phys 56.5/68.1GB, commit 67.8/128.2GB (load 82%)
There are modules in LTX2LatentUpsamplerModel that should be kept in float32: []. Casting directly with `to()` can lead to inconsistent results; set `torch_dtype` in `from_pretrained()` instead to keep these modules in float32.
upsampled latents (1, 128, 40, 40, 22)
-- stage2-refine-704x1280-3steps: phys 58.8/68.1GB, commit 70.7/128.2GB (load 86%)

  0%|          | 0/3 [00:00<?, ?it/s]
 33%|███▎      | 1/3 [00:54<01:49, 54.75s/it]
 67%|██████▋   | 2/3 [01:46<00:53, 53.11s/it]
100%|██████████| 3/3 [02:38<00:00, 52.31s/it]
100%|██████████| 3/3 [02:38<00:00, 52.69s/it]
-- decode-and-export: phys 64.3/68.1GB, commit 75.1/128.2GB (load 94%)
[1/1] wrote C:\banyan-farm\v34-motion-0810\14-ltx-r2f-313f-affirm-s20260898.mp4 in 352s (313 frames, 704x1280, 8@352x640+3@704x1280 steps, peak torch 14.7GB, device 3.5/26GB)
{"sample_s": 351.8, "peak_gb": 14.7, "peak_commit_gb": 88.1, "frames": 313, "size": "704x1280", "steps": "8@352x640+3@704x1280", "two_stage": true, "image_crf": 0, "offload": "sequential"}
{"peak_commit_gb": 88.1, "peak_phys_gb": 66.6, "last_stage": "decode-and-export"}
==== step render END rc=0 2026-08-11T08:10:30Z ====
#### job ep1-b14-313f-vo-length-0811-1786435230 finished rc=0 2026-08-11T08:10:30Z
