#### job ep1-b07-longclip-145f-sample-1786385813 attempt 1 start 2026-08-10T18:17:06Z

==== step render START 2026-08-10T18:17:09Z ====
argv: ["C:\\banyan-video\\venv\\Scripts\\python.exe", "C:\\banyan-farm\\banyan-city\\pipeline\\ltx_i2v.py", "--stage", "render", "--jobs", "C:\\banyan-farm\\v34-r2\\b07-jobs-render-145.json", "--size", "704x1280", "--frames", "145", "--fps", "24", "--guidance", "1.0", "--distilled-sigmas", "--two-stage", "--image-crf", "33", "--offload", "sequential", "--mode", "production", "--task", "ep1-b07-longclip-145f-sample-0810", "--worker", "rtx5090", "--bench-jsonl", "C:\\banyan-farm\\v34-r2\\bench-b07-145f.jsonl", "--bench-label", "b07-longclip-145f"]
recipe: offload=sequential quantisation=none (bf16)
-- begin-render: phys 11.5/68.1GB, commit 14.6/128.2GB (load 16%)
transformer  C:\Users\artvn\.cache\huggingface\hub\models--diffusers--LTX-2.3-Distilled-Diffusers\snapshots\432e0d3c2d1769aaa4d295f9243f7062bf6b47ee [subfolder=transformer, bf16]
scheduler    C:\Users\artvn\.cache\huggingface\hub\models--diffusers--LTX-2.3-Distilled-Diffusers\snapshots\432e0d3c2d1769aaa4d295f9243f7062bf6b47ee [subfolder=scheduler, distilled]
other parts  C:\Users\artvn\.cache\huggingface\hub\models--diffusers--LTX-2.3-Diffusers\snapshots\8eee8edcf067e838b843f926ec4d4cc9b2be1aaf
-- load-transformer-bf16-38GB: phys 12.2/68.1GB, commit 16.4/128.2GB (load 17%)

Loading checkpoint shards:   0%|          | 0/8 [00:00<?, ?it/s]
Loading checkpoint shards:  12%|█▎        | 1/8 [00:00<00:00,  9.55it/s]
Loading checkpoint shards:  38%|███▊      | 3/8 [00:00<00:00, 15.21it/s]
Loading checkpoint shards:  62%|██████▎   | 5/8 [00:00<00:00, 14.81it/s]
Loading checkpoint shards: 100%|██████████| 8/8 [00:00<00:00, 19.79it/s]
-- load-connectors-12.7GB-and-vae: phys 12.3/68.1GB, commit 54.8/128.2GB (load 18%)

Loading checkpoint shards:   0%|          | 0/2 [00:00<?, ?it/s]
Loading checkpoint shards: 100%|██████████| 2/2 [00:00<00:00, 63.46it/s]
-- offload-setup-sequential: phys 12.3/68.1GB, commit 64.4/128.2GB (load 18%)
C:\banyan-video\venv\Lib\site-packages\accelerate\utils\modeling.py:345: UserWarning: expandable_segments not supported on this platform (Triggered internally at C:\actions-runner\_work\pytorch\pytorch\pytorch\c10/cuda/CUDAAllocatorConfig.h:39.)
  new_value = old_value.to(device, non_blocking=non_blocking)
conditioning still round-tripped through libx264 crf=33 -> C:\banyan-farm\v34-r2\cond-crf-07.png
-- stage1-denoise-352x640-8steps: phys 13.2/68.1GB, commit 64.7/128.2GB (load 19%)

  0%|          | 0/8 [00:00<?, ?it/s]
 12%|█▎        | 1/8 [01:08<07:56, 68.11s/it]
 25%|██▌       | 2/8 [01:20<03:32, 35.43s/it]
 38%|███▊      | 3/8 [01:28<01:53, 22.65s/it]
 50%|█████     | 4/8 [01:35<01:07, 16.79s/it]
 62%|██████▎   | 5/8 [01:43<00:40, 13.52s/it]
 75%|███████▌  | 6/8 [01:51<00:23, 11.70s/it]
 88%|████████▊ | 7/8 [02:00<00:10, 10.58s/it]
100%|██████████| 8/8 [02:07<00:00,  9.70s/it]
100%|██████████| 8/8 [02:07<00:00, 15.99s/it]
stage1 latents (1, 128, 19, 20, 11)
-- upsample-2x-latent: phys 60.0/68.1GB, commit 67.4/128.2GB (load 88%)
There are modules in LTX2LatentUpsamplerModel that should be kept in float32: []. Casting directly with `to()` can lead to inconsistent results; set `torch_dtype` in `from_pretrained()` instead to keep these modules in float32.
upsampled latents (1, 128, 19, 40, 22)
-- stage2-refine-704x1280-3steps: phys 59.4/68.1GB, commit 67.5/128.2GB (load 87%)

  0%|          | 0/3 [00:00<?, ?it/s]
 33%|███▎      | 1/3 [00:20<00:41, 20.77s/it]
 67%|██████▋   | 2/3 [00:41<00:20, 20.89s/it]
100%|██████████| 3/3 [01:03<00:00, 21.47s/it]
100%|██████████| 3/3 [01:03<00:00, 21.30s/it]
-- decode-and-export: phys 62.2/68.1GB, commit 70.3/128.2GB (load 91%)
[1/1] wrote C:\banyan-farm\v34-r2\07-zero-0-moving-parts-LTX-145f.mp4 in 214s (145 frames, 704x1280, 8@352x640+3@704x1280 steps, peak torch 7.5GB, device 2.6/26GB)
THROUGHPUT 0.0282 s(video)/s(wall) (1 x 6.042s of video in 214s)
bench row -> C:\banyan-farm\v34-r2\bench-b07-145f.jsonl
{"sample_s": 214.5, "peak_gb": 7.5, "peak_commit_gb": 75.3, "frames": 145, "size": "704x1280", "steps": "8@352x640+3@704x1280", "batch": 1, "mode": "production", "throughput_s_per_s": 0.0282, "two_stage": true, "image_crf": 33, "offload": "sequential", "quantisation": null}
{"peak_commit_gb": 75.3, "peak_phys_gb": 63.1, "last_stage": "decode-and-export"}
==== step render END rc=0 2026-08-10T18:20:59Z ====
#### job ep1-b07-longclip-145f-sample-1786385813 finished rc=0 2026-08-10T18:20:59Z
