#### job ep1-b07-v34-motion-r2-1786351807 attempt 1 start 2026-08-10T08:54:45Z

==== step plate START 2026-08-10T08:54:48Z ====
argv: ["C:\\banyan-video\\venv\\Scripts\\python.exe", "-c", "import sys; sys.path.insert(0, r\"C:\\banyan-farm\\banyan-city\\pipeline\")\nfrom plate_prep import prepare_plate\nout, rec = prepare_plate(\n    r\"C:\\banyan-farm\\banyan-city\\genomes\\sapling\\nodes\\001-capability-inventory\\stills\\07-zero-0-moving-parts.png\",\n    \"704x1280\", r\"C:\\banyan-farm\\v34-r2\", \"07\")\nprint(\"plate\", out); print(rec[\"plate_wxh\"], rec[\"crop_policy\"])\n"]
plate C:\banyan-farm\v34-r2\07-704x1280.png
704x1280 cover-centre (render_t3 policy: scale to cover, then centre crop): 832x1216, cropped 163px of width (81 left, 82 right) = 19.6%, kept 669x1216, LANCZOS to 704x1280
==== step plate END rc=0 2026-08-10T08:54:48Z ====

==== step encode START 2026-08-10T08:54:48Z ====
argv: ["C:\\banyan-video\\venv\\Scripts\\python.exe", "C:\\banyan-farm\\banyan-city\\pipeline\\ltx_i2v.py", "--stage", "encode", "--jobs", "C:\\banyan-farm\\v34-r2\\b07-jobs-encode.json"]
-- begin-encode: phys 10.4/68.1GB, commit 14.3/128.2GB (load 15%)
loading text encoder from C:\Users\artvn\.cache\huggingface\hub\models--Lightricks--gemma-3-12b-it-qat-q4_0-unquantized\snapshots\d62fe4f1995ade703b49a0f3c0d0f161237ef437

Loading weights:   0%|          | 0/1065 [00:00<?, ?it/s]
Loading weights:  31%|███       | 329/1065 [00:00<00:00, 2991.76it/s]
Loading weights:  63%|██████▎   | 676/1065 [00:00<00:00, 3056.79it/s]
Loading weights:  97%|█████████▋| 1029/1065 [00:00<00:00, 3123.81it/s]
Loading weights: 100%|██████████| 1065/1065 [00:00<00:00, 3207.68it/s]
-- encode-beat-07: phys 11.6/68.1GB, commit 41.1/128.2GB (load 17%)
[1/1] encoded beat 7 to C:\banyan-farm\v34-r2\b07-embeds.pt (1, 1024, 188160)
{"peak_commit_gb": 43.6, "peak_phys_gb": 37.4, "last_stage": "encode-beat-07"}
==== step encode END rc=0 2026-08-10T08:56:21Z ====

==== step render START 2026-08-10T08:56:21Z ====
argv: ["C:\\banyan-video\\venv\\Scripts\\python.exe", "C:\\banyan-farm\\banyan-city\\pipeline\\ltx_i2v.py", "--stage", "render", "--jobs", "C:\\banyan-farm\\v34-r2\\b07-jobs-render.json", "--size", "704x1280", "--frames", "65", "--fps", "24", "--guidance", "1.0", "--distilled-sigmas", "--two-stage", "--image-crf", "33", "--offload", "sequential", "--mode", "production", "--task", "ep1-b07-v34-motion-r2-0810", "--worker", "rtx5090", "--bench-jsonl", "C:\\banyan-farm\\v34-r2\\bench-b07-r2.jsonl", "--bench-label", "b07-v34-motion-r2"]
recipe: offload=sequential quantisation=none (bf16)
-- begin-render: phys 10.4/68.1GB, commit 14.3/128.2GB (load 15%)
transformer  C:\Users\artvn\.cache\huggingface\hub\models--diffusers--LTX-2.3-Distilled-Diffusers\snapshots\432e0d3c2d1769aaa4d295f9243f7062bf6b47ee [subfolder=transformer, bf16]
scheduler    C:\Users\artvn\.cache\huggingface\hub\models--diffusers--LTX-2.3-Distilled-Diffusers\snapshots\432e0d3c2d1769aaa4d295f9243f7062bf6b47ee [subfolder=scheduler, distilled]
other parts  C:\Users\artvn\.cache\huggingface\hub\models--diffusers--LTX-2.3-Diffusers\snapshots\8eee8edcf067e838b843f926ec4d4cc9b2be1aaf
-- load-transformer-bf16-38GB: phys 11.2/68.1GB, commit 16.2/128.2GB (load 16%)

Loading checkpoint shards:   0%|          | 0/8 [00:00<?, ?it/s]
Loading checkpoint shards:  12%|█▎        | 1/8 [00:00<00:00,  9.59it/s]
Loading checkpoint shards:  25%|██▌       | 2/8 [00:00<00:00,  9.61it/s]
Loading checkpoint shards:  38%|███▊      | 3/8 [00:00<00:00,  9.76it/s]
Loading checkpoint shards:  50%|█████     | 4/8 [00:00<00:00,  7.27it/s]
Loading checkpoint shards: 100%|██████████| 8/8 [00:00<00:00, 16.02it/s]
Loading checkpoint shards: 100%|██████████| 8/8 [00:00<00:00, 12.98it/s]
-- load-connectors-12.7GB-and-vae: phys 11.2/68.1GB, commit 54.5/128.2GB (load 16%)

Loading checkpoint shards:   0%|          | 0/2 [00:00<?, ?it/s]
Loading checkpoint shards: 100%|██████████| 2/2 [00:00<00:00, 126.93it/s]
-- offload-setup-sequential: phys 11.2/68.1GB, commit 64.1/128.2GB (load 16%)
C:\banyan-video\venv\Lib\site-packages\accelerate\utils\modeling.py:345: UserWarning: expandable_segments not supported on this platform (Triggered internally at C:\actions-runner\_work\pytorch\pytorch\pytorch\c10/cuda/CUDAAllocatorConfig.h:39.)
  new_value = old_value.to(device, non_blocking=non_blocking)
conditioning still round-tripped through libx264 crf=33 -> C:\banyan-farm\v34-r2\cond-crf-07.png
-- stage1-denoise-352x640-8steps: phys 12.1/68.1GB, commit 64.5/128.2GB (load 17%)

  0%|          | 0/8 [00:00<?, ?it/s]
 12%|█▎        | 1/8 [00:47<05:35, 47.86s/it]
 25%|██▌       | 2/8 [00:55<02:25, 24.24s/it]
 38%|███▊      | 3/8 [01:01<01:20, 16.01s/it]
 50%|█████     | 4/8 [01:07<00:48, 12.06s/it]
 62%|██████▎   | 5/8 [01:14<00:29,  9.96s/it]
 75%|███████▌  | 6/8 [01:19<00:17,  8.56s/it]
 88%|████████▊ | 7/8 [01:25<00:07,  7.76s/it]
100%|██████████| 8/8 [01:31<00:00,  7.13s/it]
100%|██████████| 8/8 [01:31<00:00, 11.47s/it]
stage1 latents (1, 128, 9, 20, 11)
-- upsample-2x-latent: phys 58.8/68.1GB, commit 66.2/128.2GB (load 86%)
There are modules in LTX2LatentUpsamplerModel that should be kept in float32: []. Casting directly with `to()` can lead to inconsistent results; set `torch_dtype` in `from_pretrained()` instead to keep these modules in float32.
upsampled latents (1, 128, 9, 40, 22)
-- stage2-refine-704x1280-3steps: phys 61.2/68.1GB, commit 69.8/128.2GB (load 89%)

  0%|          | 0/3 [00:00<?, ?it/s]
 33%|███▎      | 1/3 [00:12<00:24, 12.10s/it]
 67%|██████▋   | 2/3 [00:23<00:11, 11.50s/it]
100%|██████████| 3/3 [00:34<00:00, 11.21s/it]
100%|██████████| 3/3 [00:34<00:00, 11.35s/it]
-- decode-and-export: phys 62.0/68.1GB, commit 70.5/128.2GB (load 91%)
[1/1] wrote C:\banyan-farm\v34-r2\07-zero-0-moving-parts-LTX-r2.mp4 in 142s (65 frames, 704x1280, 8@352x640+3@704x1280 steps, peak torch 4.1GB, device 2.5/26GB)
THROUGHPUT 0.0190 s(video)/s(wall) (1 x 2.708s of video in 142s)
bench row -> C:\banyan-farm\v34-r2\bench-b07-r2.jsonl
{"sample_s": 142.5, "peak_gb": 4.1, "peak_commit_gb": 72.7, "frames": 65, "size": "704x1280", "steps": "8@352x640+3@704x1280", "batch": 1, "mode": "production", "throughput_s_per_s": 0.019, "two_stage": true, "image_crf": 33, "offload": "sequential", "quantisation": null}
{"peak_commit_gb": 72.7, "peak_phys_gb": 62.3, "last_stage": "decode-and-export"}
==== step render END rc=0 2026-08-10T08:58:59Z ====

==== step publish START 2026-08-10T08:58:59Z ====
argv: ["C:\\banyan-video\\venv\\Scripts\\python.exe", "-c", "import glob, os, shutil\ndst = \"C:/banyan-farm/courier-box/farm-out/v35-motion-r2\"\nos.makedirs(dst, exist_ok=True)\nsrc = sorted(glob.glob(\"C:/banyan-farm/v34-r2/07-zero-0-moving-parts-LTX-r2.*\"))\nfor f in src:\n    shutil.copy2(f, dst)\nprint(\"published\", len(src), \"file(s) ->\", dst)\nfor f in src:\n    print(\"   \", os.path.basename(f), os.path.getsize(f), \"bytes\")\n# The mp4 alone is worth publishing; a missing sidecar is a finding, not\n# a reason to lose the clip. allow_fail keeps either case a log line.\nraise SystemExit(0 if any(f.endswith('.mp4') for f in src) else 1)\n"]
published 2 file(s) -> C:/banyan-farm/courier-box/farm-out/v35-motion-r2
    07-zero-0-moving-parts-LTX-r2.mp4 293659 bytes
    07-zero-0-moving-parts-LTX-r2.mp4.meta.yaml 577 bytes
==== step publish END rc=0 2026-08-10T08:58:59Z ====
#### job ep1-b07-v34-motion-r2-1786351807 finished rc=0 2026-08-10T08:58:59Z
