   trap 5 OK — all 18 required negatives survived the trim
   trap 6 OK — arm B positive asks for no humans, sky, blue sky and carries none of scenery, grass, ground, field
   trap 7+8 OK — `no humans` leads the positive, no person noun in the negative
   trap 9 OK — occupancy classes all named: animals, built structure, text, vehicles in the negative, people by `no humans` in the positive

Loading pipeline components...:   0%|          | 0/7 [00:00<?, ?it/s]
Loading pipeline components...:  14%|█▍        | 1/7 [00:00<00:00,  7.85it/s]
Loading pipeline components...:  29%|██▊       | 2/7 [00:00<00:00,  8.52it/s]
Loading pipeline components...:  43%|████▎     | 3/7 [00:02<00:03,  1.12it/s]
Loading pipeline components...:  57%|█████▋    | 4/7 [00:02<00:02,  1.28it/s]
Loading pipeline components...:  86%|████████▌ | 6/7 [00:02<00:00,  2.40it/s]
Loading pipeline components...: 100%|██████████| 7/7 [00:02<00:00,  2.43it/s]
C:\banyan-farm\venv\Lib\site-packages\torch\nn\modules\module.py:1370: UserWarning: expandable_segments not supported on this platform (Triggered internally at C:\actions-runner\_work\pytorch\pytorch\pytorch\c10/cuda/CUDAAllocatorConfig.h:39.)
  return t.to(
MODEL_LOADED cuda/bfloat16 in 6s

  0%|          | 0/40 [00:00<?, ?it/s]
  2%|▎         | 1/40 [00:00<00:16,  2.36it/s]
  5%|▌         | 2/40 [00:00<00:11,  3.34it/s]
  8%|▊         | 3/40 [00:00<00:09,  3.94it/s]
 10%|█         | 4/40 [00:01<00:08,  4.08it/s]
 12%|█▎        | 5/40 [00:01<00:08,  4.03it/s]
 15%|█▌        | 6/40 [00:01<00:08,  4.21it/s]
 18%|█▊        | 7/40 [00:01<00:07,  4.37it/s]
 20%|██        | 8/40 [00:01<00:07,  4.47it/s]
 22%|██▎       | 9/40 [00:02<00:07,  4.38it/s]
 25%|██▌       | 10/40 [00:02<00:06,  4.42it/s]
 28%|██▊       | 11/40 [00:02<00:06,  4.47it/s]
 30%|███       | 12/40 [00:02<00:06,  4.48it/s]
 32%|███▎      | 13/40 [00:03<00:05,  4.52it/s]
 35%|███▌      | 14/40 [00:03<00:05,  4.42it/s]
 38%|███▊      | 15/40 [00:03<00:05,  4.39it/s]
 40%|████      | 16/40 [00:03<00:05,  4.52it/s]
 42%|████▎     | 17/40 [00:03<00:05,  4.46it/s]
 45%|████▌     | 18/40 [00:04<00:04,  4.46it/s]
 48%|████▊     | 19/40 [00:04<00:04,  4.40it/s]
 50%|█████     | 20/40 [00:04<00:04,  4.52it/s]
 52%|█████▎    | 21/40 [00:04<00:04,  4.48it/s]
 55%|█████▌    | 22/40 [00:05<00:03,  4.52it/s]
 57%|█████▊    | 23/40 [00:05<00:03,  4.46it/s]
 60%|██████    | 24/40 [00:05<00:03,  4.41it/s]
 62%|██████▎   | 25/40 [00:05<00:03,  4.51it/s]
 65%|██████▌   | 26/40 [00:05<00:03,  4.51it/s]
 68%|██████▊   | 27/40 [00:06<00:02,  4.45it/s]
 70%|███████   | 28/40 [00:06<00:02,  4.47it/s]
 72%|███████▎  | 29/40 [00:06<00:02,  4.48it/s]
 75%|███████▌  | 30/40 [00:06<00:02,  4.47it/s]
 78%|███████▊  | 31/40 [00:07<00:02,  4.48it/s]
 80%|████████  | 32/40 [00:07<00:01,  4.41it/s]
 82%|████████▎ | 33/40 [00:07<00:01,  4.44it/s]
 85%|████████▌ | 34/40 [00:07<00:01,  4.49it/s]
 88%|████████▊ | 35/40 [00:08<00:01,  4.49it/s]
 90%|█████████ | 36/40 [00:08<00:00,  4.49it/s]
 92%|█████████▎| 37/40 [00:08<00:00,  4.48it/s]
 95%|█████████▌| 38/40 [00:08<00:00,  4.49it/s]
 98%|█████████▊| 39/40 [00:08<00:00,  4.51it/s]
100%|██████████| 40/40 [00:09<00:00,  4.42it/s]
100%|██████████| 40/40 [00:09<00:00,  4.38it/s]
   06-too-blue-r8b-k8-s0.png seed=20268725 10s  (1/4)

  0%|          | 0/40 [00:00<?, ?it/s]
  2%|▎         | 1/40 [00:00<00:07,  4.92it/s]
  5%|▌         | 2/40 [00:00<00:07,  4.98it/s]
  8%|▊         | 3/40 [00:00<00:07,  4.93it/s]
 10%|█         | 4/40 [00:00<00:07,  4.62it/s]
 12%|█▎        | 5/40 [00:01<00:07,  4.39it/s]
 15%|█▌        | 6/40 [00:01<00:07,  4.40it/s]
 18%|█▊        | 7/40 [00:01<00:07,  4.60it/s]
 20%|██        | 8/40 [00:01<00:07,  4.56it/s]
 22%|██▎       | 9/40 [00:01<00:07,  4.36it/s]
 25%|██▌       | 10/40 [00:02<00:06,  4.35it/s]
 28%|██▊       | 11/40 [00:02<00:06,  4.47it/s]
 30%|███       | 12/40 [00:02<00:06,  4.60it/s]
 32%|███▎      | 13/40 [00:02<00:06,  4.47it/s]
 35%|███▌      | 14/40 [00:03<00:05,  4.38it/s]
 38%|███▊      | 15/40 [00:03<00:05,  4.42it/s]
 40%|████      | 16/40 [00:03<00:05,  4.48it/s]
 42%|████▎     | 17/40 [00:03<00:05,  4.49it/s]
 45%|████▌     | 18/40 [00:04<00:05,  4.38it/s]
 48%|████▊     | 19/40 [00:04<00:04,  4.39it/s]
 50%|█████     | 20/40 [00:04<00:04,  4.51it/s]
 52%|█████▎    | 21/40 [00:04<00:04,  4.47it/s]
 55%|█████▌    | 22/40 [00:04<00:04,  4.48it/s]
 57%|█████▊    | 23/40 [00:05<00:03,  4.43it/s]
 60%|██████    | 24/40 [00:05<00:03,  4.46it/s]
 62%|██████▎   | 25/40 [00:05<00:03,  4.47it/s]
 65%|██████▌   | 26/40 [00:05<00:03,  4.51it/s]
 68%|██████▊   | 27/40 [00:06<00:02,  4.42it/s]
 70%|███████   | 28/40 [00:06<00:02,  4.47it/s]
 72%|███████▎  | 29/40 [00:06<00:02,  4.48it/s]
 75%|███████▌  | 30/40 [00:06<00:02,  4.50it/s]
 78%|███████▊  | 31/40 [00:06<00:02,  4.43it/s]
 80%|████████  | 32/40 [00:07<00:01,  4.45it/s]
 82%|████████▎ | 33/40 [00:07<00:01,  4.43it/s]
 85%|████████▌ | 34/40 [00:07<00:01,  4.45it/s]
 88%|████████▊ | 35/40 [00:07<00:01,  4.46it/s]
 90%|█████████ | 36/40 [00:08<00:00,  4.48it/s]
 92%|█████████▎| 37/40 [00:08<00:00,  4.49it/s]
 95%|█████████▌| 38/40 [00:08<00:00,  4.44it/s]
 98%|█████████▊| 39/40 [00:08<00:00,  4.45it/s]
100%|██████████| 40/40 [00:08<00:00,  4.50it/s]
100%|██████████| 40/40 [00:08<00:00,  4.48it/s]
   06-too-blue-r8b-k8-s1.png seed=20269725 9s  (2/4)

  0%|          | 0/40 [00:00<?, ?it/s]
  2%|▎         | 1/40 [00:00<00:07,  4.95it/s]
  5%|▌         | 2/40 [00:00<00:07,  4.88it/s]
  8%|▊         | 3/40 [00:00<00:07,  4.72it/s]
 10%|█         | 4/40 [00:00<00:07,  4.50it/s]
 12%|█▎        | 5/40 [00:01<00:08,  4.36it/s]
 15%|█▌        | 6/40 [00:01<00:07,  4.48it/s]
 18%|█▊        | 7/40 [00:01<00:07,  4.60it/s]
 20%|██        | 8/40 [00:01<00:06,  4.60it/s]
 22%|██▎       | 9/40 [00:01<00:07,  4.37it/s]
 25%|██▌       | 10/40 [00:02<00:06,  4.43it/s]
 28%|██▊       | 11/40 [00:02<00:06,  4.46it/s]
 30%|███       | 12/40 [00:02<00:06,  4.57it/s]
 32%|███▎      | 13/40 [00:02<00:06,  4.38it/s]
 35%|███▌      | 14/40 [00:03<00:05,  4.42it/s]
 38%|███▊      | 15/40 [00:03<00:05,  4.49it/s]
 40%|████      | 16/40 [00:03<00:05,  4.50it/s]
 42%|████▎     | 17/40 [00:03<00:05,  4.43it/s]
 45%|████▌     | 18/40 [00:04<00:04,  4.45it/s]
 48%|████▊     | 19/40 [00:04<00:04,  4.38it/s]
 50%|█████     | 20/40 [00:04<00:04,  4.45it/s]
 52%|█████▎    | 21/40 [00:04<00:04,  4.46it/s]
 55%|█████▌    | 22/40 [00:04<00:04,  4.41it/s]
 57%|█████▊    | 23/40 [00:05<00:03,  4.45it/s]
 60%|██████    | 24/40 [00:05<00:03,  4.50it/s]
 62%|██████▎   | 25/40 [00:05<00:03,  4.47it/s]
 65%|██████▌   | 26/40 [00:05<00:03,  4.51it/s]
 68%|██████▊   | 27/40 [00:06<00:02,  4.45it/s]
 70%|███████   | 28/40 [00:06<00:02,  4.47it/s]
 72%|███████▎  | 29/40 [00:06<00:02,  4.51it/s]
 75%|███████▌  | 30/40 [00:06<00:02,  4.42it/s]
 78%|███████▊  | 31/40 [00:06<00:02,  4.39it/s]
 80%|████████  | 32/40 [00:07<00:01,  4.49it/s]
 82%|████████▎ | 33/40 [00:07<00:01,  4.42it/s]
 85%|████████▌ | 34/40 [00:07<00:01,  4.44it/s]
 88%|████████▊ | 35/40 [00:07<00:01,  4.48it/s]
 90%|█████████ | 36/40 [00:08<00:00,  4.42it/s]
 92%|█████████▎| 37/40 [00:08<00:00,  4.44it/s]
 95%|█████████▌| 38/40 [00:08<00:00,  4.47it/s]
 98%|█████████▊| 39/40 [00:08<00:00,  4.49it/s]
100%|██████████| 40/40 [00:08<00:00,  4.41it/s]
100%|██████████| 40/40 [00:08<00:00,  4.47it/s]
   06-too-blue-r8b-k8-s2.png seed=20270725 9s  (3/4)

  0%|          | 0/40 [00:00<?, ?it/s]
  2%|▎         | 1/40 [00:00<00:07,  5.23it/s]
  5%|▌         | 2/40 [00:00<00:07,  4.82it/s]
  8%|▊         | 3/40 [00:00<00:07,  4.67it/s]
 10%|█         | 4/40 [00:00<00:07,  4.51it/s]
 12%|█▎        | 5/40 [00:01<00:07,  4.39it/s]
 15%|█▌        | 6/40 [00:01<00:07,  4.54it/s]
 18%|█▊        | 7/40 [00:01<00:07,  4.57it/s]
 20%|██        | 8/40 [00:01<00:07,  4.43it/s]
 22%|██▎       | 9/40 [00:01<00:07,  4.41it/s]
 25%|██▌       | 10/40 [00:02<00:06,  4.44it/s]
 28%|██▊       | 11/40 [00:02<00:06,  4.48it/s]
 30%|███       | 12/40 [00:02<00:06,  4.49it/s]
 32%|███▎      | 13/40 [00:02<00:06,  4.40it/s]
 35%|███▌      | 14/40 [00:03<00:05,  4.35it/s]
 38%|███▊      | 15/40 [00:03<00:05,  4.51it/s]
 40%|████      | 16/40 [00:03<00:05,  4.53it/s]
 42%|████▎     | 17/40 [00:03<00:05,  4.43it/s]
 45%|████▌     | 18/40 [00:04<00:05,  4.39it/s]
 48%|████▊     | 19/40 [00:04<00:04,  4.42it/s]
 50%|█████     | 20/40 [00:04<00:04,  4.44it/s]
 52%|█████▎    | 21/40 [00:04<00:04,  4.48it/s]
 55%|█████▌    | 22/40 [00:04<00:04,  4.39it/s]
 57%|█████▊    | 23/40 [00:05<00:03,  4.41it/s]
 60%|██████    | 24/40 [00:05<00:03,  4.44it/s]
 62%|██████▎   | 25/40 [00:05<00:03,  4.50it/s]
 65%|██████▌   | 26/40 [00:05<00:03,  4.49it/s]
 68%|██████▊   | 27/40 [00:06<00:02,  4.40it/s]
 70%|███████   | 28/40 [00:06<00:02,  4.39it/s]
 72%|███████▎  | 29/40 [00:06<00:02,  4.49it/s]
 75%|███████▌  | 30/40 [00:06<00:02,  4.44it/s]
 78%|███████▊  | 31/40 [00:06<00:02,  4.46it/s]
 80%|████████  | 32/40 [00:07<00:01,  4.41it/s]
 82%|████████▎ | 33/40 [00:07<00:01,  4.44it/s]
 85%|████████▌ | 34/40 [00:07<00:01,  4.45it/s]
 88%|████████▊ | 35/40 [00:07<00:01,  4.48it/s]
 90%|█████████ | 36/40 [00:08<00:00,  4.40it/s]
 92%|█████████▎| 37/40 [00:08<00:00,  4.41it/s]
 95%|█████████▌| 38/40 [00:08<00:00,  4.44it/s]
 98%|█████████▊| 39/40 [00:08<00:00,  4.42it/s]
100%|██████████| 40/40 [00:08<00:00,  4.50it/s]
100%|██████████| 40/40 [00:08<00:00,  4.46it/s]
   06-too-blue-r8b-k8-s3.png seed=20271725 9s  (4/4)

DONE 4 stills, arm B
==== step armB END rc=0 2026-08-10T13:37:12Z ====

==== step publish START 2026-08-10T13:37:12Z ====
argv: ["C:\\banyan-farm\\venv\\Scripts\\python.exe", "-c", "import glob, hashlib, os, shutil\ndst = \"C:/banyan-farm/courier-box/farm-out/ep1-b06-r8b-sky-k8\"\nos.makedirs(dst, exist_ok=True)\nsrc = sorted(glob.glob(\"C:/banyan-farm/b06-r8/out-k8/*\"))\nlines = []\nfor f in src:\n    shutil.copy2(f, dst)\n    c = os.path.join(dst, os.path.basename(f))\n    with open(c, \"rb\") as fh:\n        h = hashlib.sha256(fh.read()).hexdigest()\n    lines.append(h + \"  \" + os.path.basename(f))\nwith open(os.path.join(dst, \"ep1-b06-r8b-sky-k8.sha256\"), \"w\") as fh:\n    fh.write(\"\\n\".join(lines) + \"\\n\")\nprint(\"published\", len(src), \"file(s) + manifest ->\", dst)\n# 4 stills + 4 sidecars.\nraise SystemExit(0 if len(src) == 8 else 1)\n"]
published 8 file(s) + manifest -> C:/banyan-farm/courier-box/farm-out/ep1-b06-r8b-sky-k8
==== step publish END rc=0 2026-08-10T13:37:12Z ====
#### job ep1-b06-r8b-sky-k8-1786368656 finished rc=0 2026-08-10T13:37:12Z
