#### job ep1-b10-guidance20-0811-1786422758 attempt 1 start 2026-08-11T04:48:04Z

==== step plate START 2026-08-11T04:48:07Z ====
argv: ["C:\\banyan-video\\venv\\Scripts\\python.exe", "-c", "import sys; sys.path.insert(0, r\"C:\\banyan-farm\\banyan-city\\pipeline\")\nfrom plate_prep import prepare_plate\nout, rec = prepare_plate(\n    r\"C:\\banyan-farm\\banyan-city\\genomes\\sapling\\nodes\\001-capability-inventory\\stills\\10-sense.png\",\n    \"704x1280\", r\"C:\\banyan-farm\\v34-plates-0810\", \"10\")\nprint(\"plate\", out); print(rec[\"plate_wxh\"], rec[\"crop_policy\"])\n"]
plate C:\banyan-farm\v34-plates-0810\10-704x1280.png
704x1280 cover-centre (render_t3 policy: scale to cover, then centre crop): 832x1216, cropped 163px of width (81 left, 82 right) = 19.6%, kept 669x1216, LANCZOS to 704x1280
==== step plate END rc=0 2026-08-11T04:48:07Z ====

==== step encode START 2026-08-11T04:48:07Z ====
argv: ["C:\\banyan-video\\venv\\Scripts\\python.exe", "C:\\banyan-farm\\ltx_i2v.py", "--stage", "encode", "--embeds", "C:\\banyan-farm\\v34-plates-0810\\ltx-embeds-ep1-b10-guidance20-0811.pt", "--prompt-file", "C:\\banyan-farm\\v34-plates-0810\\ep1-b10-guidance20-0811-prompt.txt", "--negative-file", "C:\\banyan-farm\\v34-plates-0810\\ep1-b10-guidance20-0811-negative.txt"]
-- begin-encode: phys 11.3/68.1GB, commit 14.5/128.2GB (load 16%)
loading text encoder from C:\Users\artvn\.cache\huggingface\hub\models--Lightricks--gemma-3-12b-it-qat-q4_0-unquantized\snapshots\d62fe4f1995ade703b49a0f3c0d0f161237ef437

Loading weights:   0%|          | 0/1065 [00:00<?, ?it/s]
Loading weights:  28%|██▊       | 297/1065 [00:00<00:00, 2686.73it/s]
Loading weights:  53%|█████▎    | 566/1065 [00:00<00:00, 2540.55it/s]
Loading weights:  80%|████████  | 854/1065 [00:00<00:00, 2571.39it/s]
Loading weights: 100%|██████████| 1065/1065 [00:00<00:00, 2700.71it/s]
encoded to C:\banyan-farm\v34-plates-0810\ltx-embeds-ep1-b10-guidance20-0811.pt (1, 1024, 188160)
{"peak_commit_gb": 43.4, "peak_phys_gb": 38.1, "last_stage": "begin-encode"}
==== step encode END rc=0 2026-08-11T04:49:42Z ====

==== step render START 2026-08-11T04:49:42Z ====
argv: ["C:\\banyan-video\\venv\\Scripts\\python.exe", "C:\\banyan-farm\\ltx_i2v.py", "--stage", "render", "--embeds", "C:\\banyan-farm\\v34-plates-0810\\ltx-embeds-ep1-b10-guidance20-0811.pt", "--prompt-file", "C:\\banyan-farm\\v34-plates-0810\\ep1-b10-guidance20-0811-prompt.txt", "--negative-file", "C:\\banyan-farm\\v34-plates-0810\\ep1-b10-guidance20-0811-negative.txt", "--init", "C:\\banyan-farm\\v34-plates-0810\\10-704x1280.png", "--out", "C:\\banyan-farm\\v34-motion-0810\\10-ltx-g20-plate-s20260897.mp4", "--size", "704x1280", "--frames", "65", "--fps", "24", "--steps", "8", "--guidance", "2.0", "--distilled-sigmas", "--two-stage", "--seed", "20260897", "--beat", "10", "--task", "ep1-b10-guidance20-0811", "--worker", "rtx5090"]
-- begin-render: phys 11.5/68.1GB, commit 14.5/128.2GB (load 16%)
transformer  C:\Users\artvn\.cache\huggingface\hub\models--diffusers--LTX-2.3-Distilled-Diffusers\snapshots\432e0d3c2d1769aaa4d295f9243f7062bf6b47ee [subfolder=transformer, bf16]
scheduler    C:\Users\artvn\.cache\huggingface\hub\models--diffusers--LTX-2.3-Distilled-Diffusers\snapshots\432e0d3c2d1769aaa4d295f9243f7062bf6b47ee [subfolder=scheduler, distilled]
other parts  C:\Users\artvn\.cache\huggingface\hub\models--diffusers--LTX-2.3-Diffusers\snapshots\8eee8edcf067e838b843f926ec4d4cc9b2be1aaf
-- load-transformer-bf16-38GB: phys 12.2/68.1GB, commit 16.4/128.2GB (load 17%)

Loading checkpoint shards:   0%|          | 0/8 [00:00<?, ?it/s]
Loading checkpoint shards:  12%|█▎        | 1/8 [00:00<00:00,  9.56it/s]
Loading checkpoint shards:  25%|██▌       | 2/8 [00:00<00:00,  9.58it/s]
Loading checkpoint shards:  50%|█████     | 4/8 [00:00<00:00,  8.89it/s]
Loading checkpoint shards: 100%|██████████| 8/8 [00:00<00:00, 17.62it/s]
Loading checkpoint shards: 100%|██████████| 8/8 [00:00<00:00, 14.65it/s]
-- load-connectors-12.7GB-and-vae: phys 12.3/68.1GB, commit 54.7/128.2GB (load 18%)

Loading checkpoint shards:   0%|          | 0/2 [00:00<?, ?it/s]
Loading checkpoint shards: 100%|██████████| 2/2 [00:00<00:00, 67.77it/s]
-- offload-setup: phys 12.3/68.1GB, commit 64.3/128.2GB (load 18%)
C:\banyan-video\venv\Lib\site-packages\accelerate\utils\modeling.py:345: UserWarning: expandable_segments not supported on this platform (Triggered internally at C:\actions-runner\_work\pytorch\pytorch\pytorch\c10/cuda/CUDAAllocatorConfig.h:39.)
  new_value = old_value.to(device, non_blocking=non_blocking)
-- stage1-denoise-352x640-8steps: phys 13.2/68.1GB, commit 64.7/128.2GB (load 19%)

  0%|          | 0/8 [00:00<?, ?it/s]
 12%|█▎        | 1/8 [01:09<08:05, 69.40s/it]
 25%|██▌       | 2/8 [01:21<03:34, 35.73s/it]
 38%|███▊      | 3/8 [01:28<01:53, 22.65s/it]
 50%|█████     | 4/8 [01:36<01:06, 16.64s/it]
 62%|██████▎   | 5/8 [01:43<00:40, 13.34s/it]
 75%|███████▌  | 6/8 [01:51<00:22, 11.43s/it]
 88%|████████▊ | 7/8 [01:58<00:10, 10.10s/it]
100%|██████████| 8/8 [02:06<00:00,  9.24s/it]
100%|██████████| 8/8 [02:06<00:00, 15.76s/it]
stage1 latents (1, 128, 9, 20, 11)
-- upsample-2x-latent: phys 59.6/68.1GB, commit 66.8/128.2GB (load 87%)
There are modules in LTX2LatentUpsamplerModel that should be kept in float32: []. Casting directly with `to()` can lead to inconsistent results; set `torch_dtype` in `from_pretrained()` instead to keep these modules in float32.
upsampled latents (1, 128, 9, 40, 22)
-- stage2-refine-704x1280-3steps: phys 62.0/68.1GB, commit 70.1/128.2GB (load 91%)

  0%|          | 0/3 [00:00<?, ?it/s]
 33%|███▎      | 1/3 [00:17<00:35, 17.73s/it]
 67%|██████▋   | 2/3 [00:36<00:18, 18.16s/it]
100%|██████████| 3/3 [00:54<00:00, 18.43s/it]
100%|██████████| 3/3 [00:54<00:00, 18.31s/it]
-- decode-and-export: phys 64.7/68.1GB, commit 72.9/128.2GB (load 94%)
[1/1] wrote C:\banyan-farm\v34-motion-0810\10-ltx-g20-plate-s20260897.mp4 in 201s (65 frames, 704x1280, 8@352x640+3@704x1280 steps, peak torch 7.2GB, device 2.6/26GB)
{"sample_s": 200.6, "peak_gb": 7.2, "peak_commit_gb": 78.7, "frames": 65, "size": "704x1280", "steps": "8@352x640+3@704x1280", "two_stage": true, "image_crf": 0, "offload": "sequential"}
{"peak_commit_gb": 78.7, "peak_phys_gb": 64.9, "last_stage": "decode-and-export"}
==== step render END rc=0 2026-08-11T04:53:17Z ====
#### job ep1-b10-guidance20-0811-1786422758 finished rc=0 2026-08-11T04:53:17Z
