#### job ep1-b11-seedB-0813-1786611591 attempt 1 start 2026-08-13T10:12:34Z

==== step plate START 2026-08-13T10:12:38Z ====
argv: ["C:\\banyan-video\\venv\\Scripts\\python.exe", "-c", "import sys; sys.path.insert(0, r\"C:\\banyan-farm\\banyan-city\\pipeline\")\nfrom plate_prep import prepare_plate\nout, rec = prepare_plate(\n    r\"C:\\banyan-farm\\banyan-city\\genomes\\sapling\\nodes\\001-capability-inventory\\stills\\11-grow.png\",\n    \"704x1280\", r\"C:\\banyan-farm\\v34-r2\", \"11\")\nprint(\"plate\", out); print(rec[\"plate_wxh\"], rec[\"crop_policy\"])\nprint(\"source_sha256\", rec[\"sha256\"])\n"]
plate C:\banyan-farm\v34-r2\11-704x1280.png
704x1280 cover-centre (render_t3 policy: scale to cover, then centre crop): 832x1216, cropped 163px of width (81 left, 82 right) = 19.6%, kept 669x1216, LANCZOS to 704x1280
source_sha256 7886e0370e42aa1660552cd4e0752b8409d954fce06ab56f4c2d92ddc7eda5a7
==== step plate END rc=0 2026-08-13T10:12:38Z ====

==== step encode START 2026-08-13T10:12:38Z ====
argv: ["C:\\banyan-video\\venv\\Scripts\\python.exe", "C:\\banyan-farm\\banyan-city\\pipeline\\ltx_i2v.py", "--stage", "encode", "--jobs", "C:\\banyan-farm\\v34-r2\\b11-jobs-encode.json"]
-- begin-encode: phys 9.9/68.1GB, commit 11.9/115.3GB (load 14%)
loading text encoder from C:\Users\artvn\.cache\huggingface\hub\models--Lightricks--gemma-3-12b-it-qat-q4_0-unquantized\snapshots\d62fe4f1995ade703b49a0f3c0d0f161237ef437

Loading weights:   0%|          | 0/1065 [00:00<?, ?it/s]
Loading weights:  33%|███▎      | 350/1065 [00:00<00:00, 3173.01it/s]
Loading weights:  81%|████████  | 862/1065 [00:00<00:00, 4032.72it/s]
Loading weights: 100%|██████████| 1065/1065 [00:00<00:00, 4501.11it/s]
-- encode-beat-11: phys 11.1/68.1GB, commit 38.7/115.3GB (load 16%)
[1/1] encoded beat 11 to C:\banyan-farm\v34-r2\b11-embeds.pt (1, 1024, 188160)
{"peak_commit_gb": 41.2, "peak_phys_gb": 36.9, "last_stage": "encode-beat-11"}
==== step encode END rc=0 2026-08-13T10:14:23Z ====

==== step render START 2026-08-13T10:14:23Z ====
argv: ["C:\\banyan-video\\venv\\Scripts\\python.exe", "C:\\banyan-farm\\banyan-city\\pipeline\\ltx_i2v.py", "--stage", "render", "--jobs", "C:\\banyan-farm\\v34-r2\\b11-jobs-render-129.json", "--size", "704x1280", "--frames", "129", "--fps", "24", "--guidance", "1.0", "--distilled-sigmas", "--two-stage", "--image-crf", "33", "--offload", "sequential", "--mode", "production", "--task", "ep1-b11-129f-vo-length-0811", "--worker", "rtx5090", "--bench-jsonl", "C:\\banyan-farm\\v34-r2\\bench-b11-129f.jsonl", "--bench-label", "b11-129f-vo-length"]
recipe: offload=sequential quantisation=none (bf16)
-- begin-render: phys 10.0/68.1GB, commit 11.9/115.3GB (load 14%)
transformer  C:\Users\artvn\.cache\huggingface\hub\models--diffusers--LTX-2.3-Distilled-Diffusers\snapshots\432e0d3c2d1769aaa4d295f9243f7062bf6b47ee [subfolder=transformer, bf16]
scheduler    C:\Users\artvn\.cache\huggingface\hub\models--diffusers--LTX-2.3-Distilled-Diffusers\snapshots\432e0d3c2d1769aaa4d295f9243f7062bf6b47ee [subfolder=scheduler, distilled]
other parts  C:\Users\artvn\.cache\huggingface\hub\models--diffusers--LTX-2.3-Diffusers\snapshots\8eee8edcf067e838b843f926ec4d4cc9b2be1aaf
-- load-transformer-bf16-38GB: phys 10.6/68.1GB, commit 13.8/115.3GB (load 15%)

Loading checkpoint shards:   0%|          | 0/8 [00:00<?, ?it/s]
Loading checkpoint shards:  12%|█▎        | 1/8 [00:00<00:00,  7.71it/s]
Loading checkpoint shards:  25%|██▌       | 2/8 [00:00<00:00,  8.05it/s]
Loading checkpoint shards:  50%|█████     | 4/8 [00:00<00:00,  7.50it/s]
Loading checkpoint shards:  75%|███████▌  | 6/8 [00:03<00:01,  1.43it/s]
Loading checkpoint shards: 100%|██████████| 8/8 [00:03<00:00,  2.29it/s]
Loading checkpoint shards: 100%|██████████| 8/8 [00:03<00:00,  2.43it/s]
-- load-connectors-12.7GB-and-vae: phys 10.8/68.1GB, commit 52.1/115.3GB (load 15%)

Loading checkpoint shards:   0%|          | 0/2 [00:00<?, ?it/s]
Loading checkpoint shards: 100%|██████████| 2/2 [00:00<00:00, 78.34it/s]
-- offload-setup-sequential: phys 10.8/68.1GB, commit 61.7/115.3GB (load 15%)
C:\banyan-video\venv\Lib\site-packages\accelerate\utils\modeling.py:345: UserWarning: expandable_segments not supported on this platform (Triggered internally at C:\actions-runner\_work\pytorch\pytorch\pytorch\c10/cuda/CUDAAllocatorConfig.h:39.)
  new_value = old_value.to(device, non_blocking=non_blocking)
conditioning still round-tripped through libx264 crf=33 -> C:\banyan-farm\v34-r2\cond-crf-11.png
-- stage1-denoise-352x640-8steps: phys 11.7/68.1GB, commit 62.1/115.3GB (load 17%)

  0%|          | 0/8 [00:00<?, ?it/s]
 12%|█▎        | 1/8 [01:12<08:25, 72.16s/it]
 25%|██▌       | 2/8 [01:23<03:36, 36.13s/it]
 38%|███▊      | 3/8 [01:30<01:54, 22.94s/it]
 50%|█████     | 4/8 [01:37<01:06, 16.58s/it]
 62%|██████▎   | 5/8 [01:44<00:39, 13.28s/it]
 75%|███████▌  | 6/8 [01:52<00:23, 11.51s/it]
 88%|████████▊ | 7/8 [01:59<00:10, 10.06s/it]
100%|██████████| 8/8 [02:06<00:00,  9.04s/it]
100%|██████████| 8/8 [02:06<00:00, 15.82s/it]
stage1 latents (1, 128, 17, 20, 11)
-- upsample-2x-latent: phys 58.3/68.1GB, commit 64.1/115.3GB (load 85%)
There are modules in LTX2LatentUpsamplerModel that should be kept in float32: []. Casting directly with `to()` can lead to inconsistent results; set `torch_dtype` in `from_pretrained()` instead to keep these modules in float32.
upsampled latents (1, 128, 17, 40, 22)
-- stage2-refine-704x1280-3steps: phys 60.5/68.1GB, commit 67.4/115.3GB (load 88%)

  0%|          | 0/3 [00:00<?, ?it/s]
 33%|███▎      | 1/3 [00:18<00:37, 18.83s/it]
 67%|██████▋   | 2/3 [00:38<00:19, 19.23s/it]
100%|██████████| 3/3 [00:58<00:00, 19.69s/it]
100%|██████████| 3/3 [00:58<00:00, 19.52s/it]
-- decode-and-export: phys 62.3/68.1GB, commit 69.2/115.3GB (load 91%)
[1/1] wrote C:\banyan-farm\v34-r2\11-grow-LTX-seedB.mp4 in 207s (129 frames, 704x1280, 8@352x640+3@704x1280 steps, peak torch 6.8GB, device 2.6/26GB)
THROUGHPUT 0.0260 s(video)/s(wall) (1 x 5.375s of video in 207s)
bench row -> C:\banyan-farm\v34-r2\bench-b11-129f.jsonl
{"sample_s": 207.0, "peak_gb": 6.8, "peak_commit_gb": 73.4, "frames": 129, "size": "704x1280", "steps": "8@352x640+3@704x1280", "batch": 1, "mode": "production", "throughput_s_per_s": 0.026, "two_stage": true, "image_crf": 33, "offload": "sequential", "quantisation": null}
{"peak_commit_gb": 73.4, "peak_phys_gb": 62.6, "last_stage": "decode-and-export"}
==== step render END rc=0 2026-08-13T10:18:09Z ====

==== step publish START 2026-08-13T10:18:09Z ====
argv: ["C:\\banyan-farm\\venv\\Scripts\\python.exe", "-c", "import glob, hashlib, os, shutil\ndst = \"C:/banyan-farm/courier-box/farm-out/ep1-b11-seedB\"\nos.makedirs(dst, exist_ok=True)\nsrc = sorted(glob.glob(\"C:/banyan-farm/v34-r2/11-grow-LTX-seedB.mp4*\"))\nlines = []\nfor f in src:\n    shutil.copy2(f, dst)\n    c = os.path.join(dst, os.path.basename(f))\n    with open(c, \"rb\") as fh:\n        h = hashlib.sha256(fh.read()).hexdigest()\n    lines.append(h + \"  \" + os.path.basename(f))\nwith open(os.path.join(dst, \"ep1-b11-seedB-0813.sha256\"), \"w\", newline=\"\\n\") as fh:\n    fh.write(\"\\n\".join(lines) + \"\\n\")\nprint(\"published\", len(src), \"file(s) ->\", dst)\nraise SystemExit(0 if len(src) >= 1 else 1)\n"]
published 2 file(s) -> C:/banyan-farm/courier-box/farm-out/ep1-b11-seedB
==== step publish END rc=0 2026-08-13T10:18:09Z ====
#### job ep1-b11-seedB-0813-1786611591 finished rc=0 2026-08-13T10:18:09Z
