#### job ep1-b02-121f-typing-0811-1786446886 attempt 1 start 2026-08-11T11:15:03Z

==== step plate START 2026-08-11T11:15:06Z ====
argv: ["C:\\banyan-video\\venv\\Scripts\\python.exe", "-c", "import sys; sys.path.insert(0, r\"C:\\banyan-farm\\banyan-city\\pipeline\")\nfrom plate_prep import prepare_plate\nout, rec = prepare_plate(\n    r\"C:\\banyan-farm\\banyan-city\\genomes\\sapling\\nodes\\001-capability-inventory\\stills\\02-three-oh-seven.png\",\n    \"704x1280\", r\"C:\\banyan-farm\\v34-r2\", \"02\")\nprint(\"plate\", out); print(rec[\"plate_wxh\"], rec[\"crop_policy\"])\nprint(\"source_sha256\", rec[\"sha256\"])\n"]
plate C:\banyan-farm\v34-r2\02-704x1280.png
704x1280 cover-centre (render_t3 policy: scale to cover, then centre crop): 832x1216, cropped 163px of width (81 left, 82 right) = 19.6%, kept 669x1216, LANCZOS to 704x1280
source_sha256 36817381ab8993c53be4a216e31ef34d2b19271eae312663898513fd82611870
==== step plate END rc=0 2026-08-11T11:15:06Z ====

==== step encode START 2026-08-11T11:15:06Z ====
argv: ["C:\\banyan-video\\venv\\Scripts\\python.exe", "C:\\banyan-farm\\banyan-city\\pipeline\\ltx_i2v.py", "--stage", "encode", "--jobs", "C:\\banyan-farm\\v34-r2\\b02-typing-jobs-encode.json"]
-- begin-encode: phys 11.4/68.1GB, commit 14.5/128.2GB (load 16%)
loading text encoder from C:\Users\artvn\.cache\huggingface\hub\models--Lightricks--gemma-3-12b-it-qat-q4_0-unquantized\snapshots\d62fe4f1995ade703b49a0f3c0d0f161237ef437

Loading weights:   0%|          | 0/1065 [00:00<?, ?it/s]
Loading weights:  32%|███▏      | 344/1065 [00:00<00:00, 3100.88it/s]
Loading weights:  66%|██████▌   | 699/1065 [00:00<00:00, 3171.30it/s]
Loading weights:  97%|█████████▋| 1033/1065 [00:00<00:00, 3110.26it/s]
Loading weights: 100%|██████████| 1065/1065 [00:00<00:00, 3216.35it/s]
-- encode-beat-02: phys 12.5/68.1GB, commit 41.3/128.2GB (load 18%)
[1/1] encoded beat 2 to C:\banyan-farm\v34-r2\b02-typing-embeds.pt (1, 1024, 188160)
{"peak_commit_gb": 43.9, "peak_phys_gb": 38.4, "last_stage": "encode-beat-02"}
==== step encode END rc=0 2026-08-11T11:16:39Z ====

==== step render START 2026-08-11T11:16:39Z ====
argv: ["C:\\banyan-video\\venv\\Scripts\\python.exe", "C:\\banyan-farm\\banyan-city\\pipeline\\ltx_i2v.py", "--stage", "render", "--jobs", "C:\\banyan-farm\\v34-r2\\b02-typing-jobs-render-121.json", "--size", "704x1280", "--frames", "121", "--fps", "24", "--guidance", "1.0", "--distilled-sigmas", "--two-stage", "--image-crf", "33", "--offload", "sequential", "--mode", "production", "--task", "ep1-b02-121f-typing-0811", "--worker", "rtx5090", "--bench-jsonl", "C:\\banyan-farm\\v34-r2\\bench-b02-121f-typing.jsonl", "--bench-label", "b02-121f-typing"]
recipe: offload=sequential quantisation=none (bf16)
-- begin-render: phys 11.4/68.1GB, commit 14.6/128.2GB (load 16%)
transformer  C:\Users\artvn\.cache\huggingface\hub\models--diffusers--LTX-2.3-Distilled-Diffusers\snapshots\432e0d3c2d1769aaa4d295f9243f7062bf6b47ee [subfolder=transformer, bf16]
scheduler    C:\Users\artvn\.cache\huggingface\hub\models--diffusers--LTX-2.3-Distilled-Diffusers\snapshots\432e0d3c2d1769aaa4d295f9243f7062bf6b47ee [subfolder=scheduler, distilled]
other parts  C:\Users\artvn\.cache\huggingface\hub\models--diffusers--LTX-2.3-Diffusers\snapshots\8eee8edcf067e838b843f926ec4d4cc9b2be1aaf
-- load-transformer-bf16-38GB: phys 12.2/68.1GB, commit 16.4/128.2GB (load 17%)

Loading checkpoint shards:   0%|          | 0/8 [00:00<?, ?it/s]
Loading checkpoint shards:  12%|█▎        | 1/8 [00:00<00:00,  9.21it/s]
Loading checkpoint shards:  25%|██▌       | 2/8 [00:00<00:00,  9.43it/s]
Loading checkpoint shards:  50%|█████     | 4/8 [00:00<00:00,  7.67it/s]
Loading checkpoint shards:  62%|██████▎   | 5/8 [00:00<00:00,  8.22it/s]
Loading checkpoint shards: 100%|██████████| 8/8 [00:00<00:00, 11.74it/s]
-- load-connectors-12.7GB-and-vae: phys 12.2/68.1GB, commit 54.8/128.2GB (load 17%)

Loading checkpoint shards:   0%|          | 0/2 [00:00<?, ?it/s]
Loading checkpoint shards: 100%|██████████| 2/2 [00:00<00:00, 249.76it/s]
-- offload-setup-sequential: phys 12.2/68.1GB, commit 64.4/128.2GB (load 17%)
C:\banyan-video\venv\Lib\site-packages\accelerate\utils\modeling.py:345: UserWarning: expandable_segments not supported on this platform (Triggered internally at C:\actions-runner\_work\pytorch\pytorch\pytorch\c10/cuda/CUDAAllocatorConfig.h:39.)
  new_value = old_value.to(device, non_blocking=non_blocking)
conditioning still round-tripped through libx264 crf=33 -> C:\banyan-farm\v34-r2\cond-crf-02.png
-- stage1-denoise-352x640-8steps: phys 13.1/68.1GB, commit 64.7/128.2GB (load 19%)

  0%|          | 0/8 [00:00<?, ?it/s]
 12%|█▎        | 1/8 [01:07<07:53, 67.69s/it]
 25%|██▌       | 2/8 [01:17<03:22, 33.77s/it]
 38%|███▊      | 3/8 [01:24<01:48, 21.65s/it]
 50%|█████     | 4/8 [01:31<01:03, 15.87s/it]
 62%|██████▎   | 5/8 [01:38<00:37, 12.56s/it]
 75%|███████▌  | 6/8 [01:45<00:21, 10.61s/it]
 88%|████████▊ | 7/8 [01:52<00:09,  9.58s/it]
100%|██████████| 8/8 [02:00<00:00,  8.94s/it]
100%|██████████| 8/8 [02:00<00:00, 15.06s/it]
stage1 latents (1, 128, 16, 20, 11)
-- upsample-2x-latent: phys 59.8/68.1GB, commit 66.9/128.2GB (load 87%)
There are modules in LTX2LatentUpsamplerModel that should be kept in float32: []. Casting directly with `to()` can lead to inconsistent results; set `torch_dtype` in `from_pretrained()` instead to keep these modules in float32.
upsampled latents (1, 128, 16, 40, 22)
-- stage2-refine-704x1280-3steps: phys 62.0/68.1GB, commit 70.1/128.2GB (load 91%)

  0%|          | 0/3 [00:00<?, ?it/s]
 33%|███▎      | 1/3 [00:17<00:35, 17.85s/it]
 67%|██████▋   | 2/3 [00:35<00:17, 17.75s/it]
100%|██████████| 3/3 [00:54<00:00, 18.16s/it]
100%|██████████| 3/3 [00:54<00:00, 18.06s/it]
-- decode-and-export: phys 63.5/68.1GB, commit 71.6/128.2GB (load 93%)
[1/1] wrote C:\banyan-farm\v34-r2\02-three-oh-seven-LTX-121f-typing.mp4 in 195s (121 frames, 704x1280, 8@352x640+3@704x1280 steps, peak torch 6.5GB, device 2.6/26GB)
THROUGHPUT 0.0259 s(video)/s(wall) (1 x 5.042s of video in 195s)
bench row -> C:\banyan-farm\v34-r2\bench-b02-121f-typing.jsonl
{"sample_s": 194.7, "peak_gb": 6.5, "peak_commit_gb": 75.8, "frames": 121, "size": "704x1280", "steps": "8@352x640+3@704x1280", "batch": 1, "mode": "production", "throughput_s_per_s": 0.0259, "two_stage": true, "image_crf": 33, "offload": "sequential", "quantisation": null}
{"peak_commit_gb": 75.8, "peak_phys_gb": 63.8, "last_stage": "decode-and-export"}
==== step render END rc=0 2026-08-11T11:20:09Z ====
#### job ep1-b02-121f-typing-0811-1786446886 finished rc=0 2026-08-11T11:20:09Z
