#### job ep1-b07-385f-zoomout-0811-1786421480 attempt 1 start 2026-08-11T04:38:45Z

==== step encode START 2026-08-11T04:38:48Z ====
argv: ["C:\\banyan-video\\venv\\Scripts\\python.exe", "C:\\banyan-farm\\banyan-city\\pipeline\\ltx_i2v.py", "--stage", "encode", "--jobs", "C:\\banyan-farm\\v34-r2\\b07-zoomout-jobs-encode.json"]
-- begin-encode: phys 11.3/68.1GB, commit 14.4/128.2GB (load 16%)
loading text encoder from C:\Users\artvn\.cache\huggingface\hub\models--Lightricks--gemma-3-12b-it-qat-q4_0-unquantized\snapshots\d62fe4f1995ade703b49a0f3c0d0f161237ef437

Loading weights:   0%|          | 0/1065 [00:00<?, ?it/s]
Loading weights:  28%|██▊       | 297/1065 [00:00<00:00, 2698.35it/s]
Loading weights:  53%|█████▎    | 567/1065 [00:00<00:00, 2555.17it/s]
Loading weights:  79%|███████▉  | 841/1065 [00:00<00:00, 2527.76it/s]
Loading weights: 100%|██████████| 1065/1065 [00:00<00:00, 2710.58it/s]
-- encode-beat-07: phys 12.5/68.1GB, commit 41.2/128.2GB (load 18%)
[1/1] encoded beat 7 to C:\banyan-farm\v34-r2\b07-zoomout-embeds.pt (1, 1024, 188160)
{"peak_commit_gb": 44.2, "peak_phys_gb": 38.4, "last_stage": "encode-beat-07"}
==== step encode END rc=0 2026-08-11T04:40:22Z ====

==== step render START 2026-08-11T04:40:22Z ====
argv: ["C:\\banyan-video\\venv\\Scripts\\python.exe", "C:\\banyan-farm\\banyan-city\\pipeline\\ltx_i2v.py", "--stage", "render", "--jobs", "C:\\banyan-farm\\v34-r2\\b07-zoomout-jobs-render-385.json", "--size", "704x1280", "--frames", "385", "--fps", "24", "--guidance", "1.0", "--distilled-sigmas", "--two-stage", "--image-crf", "33", "--offload", "sequential", "--mode", "production", "--task", "ep1-b07-385f-zoomout-0811", "--worker", "rtx5090", "--bench-jsonl", "C:\\banyan-farm\\v34-r2\\bench-b07-385f-zoomout.jsonl", "--bench-label", "b07-385f-zoomout"]
recipe: offload=sequential quantisation=none (bf16)
-- begin-render: phys 11.3/68.1GB, commit 14.5/128.2GB (load 16%)
transformer  C:\Users\artvn\.cache\huggingface\hub\models--diffusers--LTX-2.3-Distilled-Diffusers\snapshots\432e0d3c2d1769aaa4d295f9243f7062bf6b47ee [subfolder=transformer, bf16]
scheduler    C:\Users\artvn\.cache\huggingface\hub\models--diffusers--LTX-2.3-Distilled-Diffusers\snapshots\432e0d3c2d1769aaa4d295f9243f7062bf6b47ee [subfolder=scheduler, distilled]
other parts  C:\Users\artvn\.cache\huggingface\hub\models--diffusers--LTX-2.3-Diffusers\snapshots\8eee8edcf067e838b843f926ec4d4cc9b2be1aaf
-- load-transformer-bf16-38GB: phys 12.0/68.1GB, commit 16.3/128.2GB (load 17%)

Loading checkpoint shards:   0%|          | 0/8 [00:00<?, ?it/s]
Loading checkpoint shards:  12%|█▎        | 1/8 [00:00<00:00,  9.22it/s]
Loading checkpoint shards:  38%|███▊      | 3/8 [00:00<00:00, 12.16it/s]
Loading checkpoint shards:  62%|██████▎   | 5/8 [00:00<00:00, 10.20it/s]
Loading checkpoint shards: 100%|██████████| 8/8 [00:00<00:00, 14.55it/s]
-- load-connectors-12.7GB-and-vae: phys 12.1/68.1GB, commit 54.7/128.2GB (load 17%)

Loading checkpoint shards:   0%|          | 0/2 [00:00<?, ?it/s]
Loading checkpoint shards: 100%|██████████| 2/2 [00:00<00:00, 66.63it/s]
-- offload-setup-sequential: phys 12.1/68.1GB, commit 64.3/128.2GB (load 17%)
C:\banyan-video\venv\Lib\site-packages\accelerate\utils\modeling.py:345: UserWarning: expandable_segments not supported on this platform (Triggered internally at C:\actions-runner\_work\pytorch\pytorch\pytorch\c10/cuda/CUDAAllocatorConfig.h:39.)
  new_value = old_value.to(device, non_blocking=non_blocking)
conditioning still round-tripped through libx264 crf=33 -> C:\banyan-farm\v34-r2\cond-crf-07.png
-- stage1-denoise-352x640-8steps: phys 13.0/68.1GB, commit 64.7/128.2GB (load 19%)

  0%|          | 0/8 [00:00<?, ?it/s]
 12%|█▎        | 1/8 [01:11<08:17, 71.09s/it]
 25%|██▌       | 2/8 [01:29<04:00, 40.03s/it]
 38%|███▊      | 3/8 [01:45<02:25, 29.18s/it]
 50%|█████     | 4/8 [02:00<01:34, 23.59s/it]
 62%|██████▎   | 5/8 [02:15<01:00, 20.25s/it]
 75%|███████▌  | 6/8 [02:29<00:36, 18.15s/it]
 88%|████████▊ | 7/8 [02:43<00:16, 16.98s/it]
100%|██████████| 8/8 [02:59<00:00, 16.49s/it]
100%|██████████| 8/8 [02:59<00:00, 22.38s/it]
stage1 latents (1, 128, 49, 20, 11)
-- upsample-2x-latent: phys 56.5/68.1GB, commit 68.2/128.2GB (load 82%)
There are modules in LTX2LatentUpsamplerModel that should be kept in float32: []. Casting directly with `to()` can lead to inconsistent results; set `torch_dtype` in `from_pretrained()` instead to keep these modules in float32.
upsampled latents (1, 128, 49, 40, 22)
-- stage2-refine-704x1280-3steps: phys 56.4/68.1GB, commit 68.2/128.2GB (load 82%)

  0%|          | 0/3 [00:00<?, ?it/s]
 33%|███▎      | 1/3 [01:12<02:25, 72.78s/it]
 67%|██████▋   | 2/3 [02:24<01:12, 72.24s/it]
100%|██████████| 3/3 [03:38<00:00, 73.12s/it]
100%|██████████| 3/3 [03:38<00:00, 72.94s/it]
-- decode-and-export: phys 57.3/68.1GB, commit 73.3/128.2GB (load 84%)
[1/1] wrote C:\banyan-farm\v34-r2\07-zero-0-moving-parts-LTX-385f-zoomout.mp4 in 438s (385 frames, 704x1280, 8@352x640+3@704x1280 steps, peak torch 17.8GB, device 2.9/26GB)
THROUGHPUT 0.0366 s(video)/s(wall) (1 x 16.042s of video in 438s)
bench row -> C:\banyan-farm\v34-r2\bench-b07-385f-zoomout.jsonl
{"sample_s": 438.2, "peak_gb": 17.8, "peak_commit_gb": 89.1, "frames": 385, "size": "704x1280", "steps": "8@352x640+3@704x1280", "batch": 1, "mode": "production", "throughput_s_per_s": 0.0366, "two_stage": true, "image_crf": 33, "offload": "sequential", "quantisation": null}
{"peak_commit_gb": 89.1, "peak_phys_gb": 59.9, "last_stage": "decode-and-export"}
==== step render END rc=0 2026-08-11T04:47:57Z ====
#### job ep1-b07-385f-zoomout-0811-1786421480 finished rc=0 2026-08-11T04:47:57Z
