#### job ep1-b04-longclip-385f-sample-1786386552 attempt 1 start 2026-08-10T18:29:19Z

==== step render START 2026-08-10T18:29:22Z ====
argv: ["C:\\banyan-video\\venv\\Scripts\\python.exe", "C:\\banyan-farm\\banyan-city\\pipeline\\ltx_i2v.py", "--stage", "render", "--jobs", "C:\\banyan-farm\\v34-r2\\b04-jobs-render-385.json", "--size", "704x1280", "--frames", "385", "--fps", "24", "--guidance", "1.0", "--distilled-sigmas", "--two-stage", "--image-crf", "33", "--offload", "sequential", "--mode", "production", "--task", "ep1-b04-longclip-385f-sample-0810", "--worker", "rtx5090", "--bench-jsonl", "C:\\banyan-farm\\v34-r2\\bench-b04-385f.jsonl", "--bench-label", "b04-longclip-385f"]
recipe: offload=sequential quantisation=none (bf16)
-- begin-render: phys 11.4/68.1GB, commit 14.6/128.2GB (load 16%)
transformer  C:\Users\artvn\.cache\huggingface\hub\models--diffusers--LTX-2.3-Distilled-Diffusers\snapshots\432e0d3c2d1769aaa4d295f9243f7062bf6b47ee [subfolder=transformer, bf16]
scheduler    C:\Users\artvn\.cache\huggingface\hub\models--diffusers--LTX-2.3-Distilled-Diffusers\snapshots\432e0d3c2d1769aaa4d295f9243f7062bf6b47ee [subfolder=scheduler, distilled]
other parts  C:\Users\artvn\.cache\huggingface\hub\models--diffusers--LTX-2.3-Diffusers\snapshots\8eee8edcf067e838b843f926ec4d4cc9b2be1aaf
-- load-transformer-bf16-38GB: phys 12.1/68.1GB, commit 16.5/128.2GB (load 17%)

Loading checkpoint shards:   0%|          | 0/8 [00:00<?, ?it/s]
Loading checkpoint shards:  50%|█████     | 4/8 [00:00<00:00, 22.82it/s]
Loading checkpoint shards: 100%|██████████| 8/8 [00:00<00:00, 30.99it/s]
-- load-connectors-12.7GB-and-vae: phys 12.2/68.1GB, commit 54.8/128.2GB (load 17%)

Loading checkpoint shards:   0%|          | 0/2 [00:00<?, ?it/s]
Loading checkpoint shards: 100%|██████████| 2/2 [00:00<00:00, 199.80it/s]
-- offload-setup-sequential: phys 12.2/68.1GB, commit 64.4/128.2GB (load 17%)
C:\banyan-video\venv\Lib\site-packages\accelerate\utils\modeling.py:345: UserWarning: expandable_segments not supported on this platform (Triggered internally at C:\actions-runner\_work\pytorch\pytorch\pytorch\c10/cuda/CUDAAllocatorConfig.h:39.)
  new_value = old_value.to(device, non_blocking=non_blocking)
conditioning still round-tripped through libx264 crf=33 -> C:\banyan-farm\v34-r2\cond-crf-04.png
-- stage1-denoise-352x640-8steps: phys 13.1/68.1GB, commit 64.8/128.2GB (load 19%)

  0%|          | 0/8 [00:00<?, ?it/s]
 12%|█▎        | 1/8 [00:29<03:27, 29.57s/it]
 25%|██▌       | 2/8 [00:45<02:09, 21.58s/it]
 38%|███▊      | 3/8 [01:00<01:32, 18.55s/it]
 50%|█████     | 4/8 [01:15<01:08, 17.21s/it]
 62%|██████▎   | 5/8 [01:30<00:49, 16.37s/it]
 75%|███████▌  | 6/8 [01:45<00:31, 15.75s/it]
 88%|████████▊ | 7/8 [01:59<00:15, 15.25s/it]
100%|██████████| 8/8 [02:13<00:00, 14.82s/it]
100%|██████████| 8/8 [02:13<00:00, 16.65s/it]
stage1 latents (1, 128, 49, 20, 11)
-- upsample-2x-latent: phys 57.8/68.1GB, commit 68.3/128.2GB (load 84%)
There are modules in LTX2LatentUpsamplerModel that should be kept in float32: []. Casting directly with `to()` can lead to inconsistent results; set `torch_dtype` in `from_pretrained()` instead to keep these modules in float32.
upsampled latents (1, 128, 49, 40, 22)
-- stage2-refine-704x1280-3steps: phys 57.1/68.1GB, commit 67.7/128.2GB (load 83%)

  0%|          | 0/3 [00:00<?, ?it/s]
 33%|███▎      | 1/3 [01:11<02:23, 71.75s/it]
 67%|██████▋   | 2/3 [02:25<01:13, 73.07s/it]
100%|██████████| 3/3 [03:38<00:00, 72.94s/it]
100%|██████████| 3/3 [03:38<00:00, 72.85s/it]
-- decode-and-export: phys 57.3/68.1GB, commit 73.4/128.2GB (load 84%)
[1/1] wrote C:\banyan-farm\v34-r2\04-the-fall-LTX-385f.mp4 in 387s (385 frames, 704x1280, 8@352x640+3@704x1280 steps, peak torch 17.8GB, device 2.9/26GB)
THROUGHPUT 0.0414 s(video)/s(wall) (1 x 16.042s of video in 387s)
bench row -> C:\banyan-farm\v34-r2\bench-b04-385f.jsonl
{"sample_s": 387.3, "peak_gb": 17.8, "peak_commit_gb": 89.2, "frames": 385, "size": "704x1280", "steps": "8@352x640+3@704x1280", "batch": 1, "mode": "production", "throughput_s_per_s": 0.0414, "two_stage": true, "image_crf": 33, "offload": "sequential", "quantisation": null}
{"peak_commit_gb": 89.2, "peak_phys_gb": 59.8, "last_stage": "decode-and-export"}
==== step render END rc=0 2026-08-10T18:36:06Z ====
#### job ep1-b04-longclip-385f-sample-1786386552 finished rc=0 2026-08-10T18:36:06Z
