#### job ep1-b02-121f-typing-0811-1786447324 attempt 1 start 2026-08-11T11:22:12Z

==== step plate START 2026-08-11T11:22:15Z ====
argv: ["C:\\banyan-video\\venv\\Scripts\\python.exe", "-c", "import sys; sys.path.insert(0, r\"C:\\banyan-farm\\banyan-city\\pipeline\")\nfrom plate_prep import prepare_plate\nout, rec = prepare_plate(\n    r\"C:\\banyan-farm\\banyan-city\\genomes\\sapling\\nodes\\001-capability-inventory\\stills\\02-three-oh-seven.png\",\n    \"704x1280\", r\"C:\\banyan-farm\\v34-r2\", \"02\")\nprint(\"plate\", out); print(rec[\"plate_wxh\"], rec[\"crop_policy\"])\nprint(\"source_sha256\", rec[\"sha256\"])\n"]
plate C:\banyan-farm\v34-r2\02-704x1280.png
704x1280 cover-centre (render_t3 policy: scale to cover, then centre crop): 832x1216, cropped 163px of width (81 left, 82 right) = 19.6%, kept 669x1216, LANCZOS to 704x1280
source_sha256 36817381ab8993c53be4a216e31ef34d2b19271eae312663898513fd82611870
==== step plate END rc=0 2026-08-11T11:22:15Z ====

==== step encode START 2026-08-11T11:22:15Z ====
argv: ["C:\\banyan-video\\venv\\Scripts\\python.exe", "C:\\banyan-farm\\banyan-city\\pipeline\\ltx_i2v.py", "--stage", "encode", "--jobs", "C:\\banyan-farm\\v34-r2\\b02-type-jobs-encode.json"]
-- begin-encode: phys 11.3/68.1GB, commit 14.4/128.2GB (load 16%)
loading text encoder from C:\Users\artvn\.cache\huggingface\hub\models--Lightricks--gemma-3-12b-it-qat-q4_0-unquantized\snapshots\d62fe4f1995ade703b49a0f3c0d0f161237ef437

Loading weights:   0%|          | 0/1065 [00:00<?, ?it/s]
Loading weights:  24%|██▍       | 260/1065 [00:00<00:00, 2367.83it/s]
Loading weights:  49%|████▊     | 519/1065 [00:00<00:00, 2357.15it/s]
Loading weights:  76%|███████▌  | 806/1065 [00:00<00:00, 2465.96it/s]
Loading weights: 100%|██████████| 1065/1065 [00:00<00:00, 2602.37it/s]
-- encode-beat-02: phys 12.4/68.1GB, commit 41.2/128.2GB (load 18%)
[1/1] encoded beat 2 to C:\banyan-farm\v34-r2\b02-type-embeds.pt (1, 1024, 188160)
{"peak_commit_gb": 43.4, "peak_phys_gb": 37.9, "last_stage": "encode-beat-02"}
==== step encode END rc=0 2026-08-11T11:23:49Z ====

==== step render START 2026-08-11T11:23:49Z ====
argv: ["C:\\banyan-video\\venv\\Scripts\\python.exe", "C:\\banyan-farm\\banyan-city\\pipeline\\ltx_i2v.py", "--stage", "render", "--jobs", "C:\\banyan-farm\\v34-r2\\b02-type-jobs-render-121.json", "--size", "704x1280", "--frames", "121", "--fps", "24", "--guidance", "1.0", "--distilled-sigmas", "--two-stage", "--image-crf", "33", "--offload", "sequential", "--mode", "production", "--task", "ep1-b02-121f-typing-0811", "--worker", "rtx5090", "--bench-jsonl", "C:\\banyan-farm\\v34-r2\\bench-b02-121f-typing.jsonl", "--bench-label", "b02-121f-typing"]
recipe: offload=sequential quantisation=none (bf16)
-- begin-render: phys 11.3/68.1GB, commit 14.5/128.2GB (load 16%)
transformer  C:\Users\artvn\.cache\huggingface\hub\models--diffusers--LTX-2.3-Distilled-Diffusers\snapshots\432e0d3c2d1769aaa4d295f9243f7062bf6b47ee [subfolder=transformer, bf16]
scheduler    C:\Users\artvn\.cache\huggingface\hub\models--diffusers--LTX-2.3-Distilled-Diffusers\snapshots\432e0d3c2d1769aaa4d295f9243f7062bf6b47ee [subfolder=scheduler, distilled]
other parts  C:\Users\artvn\.cache\huggingface\hub\models--diffusers--LTX-2.3-Diffusers\snapshots\8eee8edcf067e838b843f926ec4d4cc9b2be1aaf
-- load-transformer-bf16-38GB: phys 12.0/68.1GB, commit 16.3/128.2GB (load 17%)

Loading checkpoint shards:   0%|          | 0/8 [00:00<?, ?it/s]
Loading checkpoint shards:  12%|█▎        | 1/8 [00:00<00:00,  9.22it/s]
Loading checkpoint shards:  25%|██▌       | 2/8 [00:00<00:00,  9.51it/s]
Loading checkpoint shards:  38%|███▊      | 3/8 [00:00<00:00,  9.71it/s]
Loading checkpoint shards:  50%|█████     | 4/8 [00:00<00:00,  7.33it/s]
Loading checkpoint shards:  75%|███████▌  | 6/8 [00:00<00:00, 10.66it/s]
Loading checkpoint shards: 100%|██████████| 8/8 [00:00<00:00, 12.17it/s]
-- load-connectors-12.7GB-and-vae: phys 12.1/68.1GB, commit 54.7/128.2GB (load 17%)

Loading checkpoint shards:   0%|          | 0/2 [00:00<?, ?it/s]
Loading checkpoint shards: 100%|██████████| 2/2 [00:00<00:00, 63.46it/s]
-- offload-setup-sequential: phys 12.1/68.1GB, commit 64.3/128.2GB (load 17%)
C:\banyan-video\venv\Lib\site-packages\accelerate\utils\modeling.py:345: UserWarning: expandable_segments not supported on this platform (Triggered internally at C:\actions-runner\_work\pytorch\pytorch\pytorch\c10/cuda/CUDAAllocatorConfig.h:39.)
  new_value = old_value.to(device, non_blocking=non_blocking)
conditioning still round-tripped through libx264 crf=33 -> C:\banyan-farm\v34-r2\cond-crf-02.png
-- stage1-denoise-352x640-8steps: phys 13.0/68.1GB, commit 64.6/128.2GB (load 19%)

  0%|          | 0/8 [00:00<?, ?it/s]
 12%|█▎        | 1/8 [01:08<08:01, 68.85s/it]
 25%|██▌       | 2/8 [01:21<03:33, 35.63s/it]
 38%|███▊      | 3/8 [01:28<01:52, 22.50s/it]
 50%|█████     | 4/8 [01:34<01:05, 16.29s/it]
 62%|██████▎   | 5/8 [01:42<00:39, 13.07s/it]
 75%|███████▌  | 6/8 [01:49<00:22, 11.05s/it]
 88%|████████▊ | 7/8 [01:56<00:09,  9.85s/it]
100%|██████████| 8/8 [02:03<00:00,  8.98s/it]
100%|██████████| 8/8 [02:03<00:00, 15.48s/it]
stage1 latents (1, 128, 16, 20, 11)
-- upsample-2x-latent: phys 59.7/68.1GB, commit 66.7/128.2GB (load 87%)
There are modules in LTX2LatentUpsamplerModel that should be kept in float32: []. Casting directly with `to()` can lead to inconsistent results; set `torch_dtype` in `from_pretrained()` instead to keep these modules in float32.
upsampled latents (1, 128, 16, 40, 22)
-- stage2-refine-704x1280-3steps: phys 61.9/68.1GB, commit 69.9/128.2GB (load 90%)

  0%|          | 0/3 [00:00<?, ?it/s]
 33%|███▎      | 1/3 [00:18<00:36, 18.03s/it]
 67%|██████▋   | 2/3 [00:35<00:17, 17.76s/it]
100%|██████████| 3/3 [00:55<00:00, 18.57s/it]
100%|██████████| 3/3 [00:55<00:00, 18.38s/it]
-- decode-and-export: phys 63.2/68.1GB, commit 71.6/128.2GB (load 92%)
[1/1] wrote C:\banyan-farm\v34-r2\02-three-oh-seven-LTX-121f-typing.mp4 in 200s (121 frames, 704x1280, 8@352x640+3@704x1280 steps, peak torch 6.5GB, device 2.6/26GB)
THROUGHPUT 0.0252 s(video)/s(wall) (1 x 5.042s of video in 200s)
bench row -> C:\banyan-farm\v34-r2\bench-b02-121f-typing.jsonl
{"sample_s": 200.1, "peak_gb": 6.5, "peak_commit_gb": 75.6, "frames": 121, "size": "704x1280", "steps": "8@352x640+3@704x1280", "batch": 1, "mode": "production", "throughput_s_per_s": 0.0252, "two_stage": true, "image_crf": 33, "offload": "sequential", "quantisation": null}
{"peak_commit_gb": 75.6, "peak_phys_gb": 64.0, "last_stage": "decode-and-export"}
==== step render END rc=0 2026-08-11T11:27:25Z ====
#### job ep1-b02-121f-typing-0811-1786447324 finished rc=0 2026-08-11T11:27:25Z
