#### job ep1-b08-v34-motion-r2-1786331505 attempt 1 start 2026-08-10T03:17:30Z

==== step encode START 2026-08-10T03:17:34Z ====
argv: ["C:\\banyan-video\\venv\\Scripts\\python.exe", "C:\\banyan-farm\\ltx_i2v.py", "--stage", "encode", "--embeds", "C:\\banyan-farm\\v34-motion-0810\\ltx-embeds-b08r2.pt", "--prompt-file", "C:\\banyan-farm\\b08r2-prompt.txt", "--negative-file", "C:\\banyan-farm\\b08r2-negative.txt"]
-- begin-encode: phys 10.6/68.1GB, commit 14.4/128.2GB (load 15%)
loading text encoder from C:\Users\artvn\.cache\huggingface\hub\models--Lightricks--gemma-3-12b-it-qat-q4_0-unquantized\snapshots\d62fe4f1995ade703b49a0f3c0d0f161237ef437

Loading weights:   0%|          | 0/1065 [00:00<?, ?it/s]
Loading weights:  32%|███▏      | 339/1065 [00:00<00:00, 3085.75it/s]
Loading weights:  71%|███████   | 757/1065 [00:00<00:00, 3507.33it/s]
Loading weights: 100%|██████████| 1065/1065 [00:00<00:00, 4241.12it/s]
encoded to C:\banyan-farm\v34-motion-0810\ltx-embeds-b08r2.pt (1, 1024, 188160)
{"peak_commit_gb": 43.2, "peak_phys_gb": 37.2, "last_stage": "begin-encode"}
==== step encode END rc=0 2026-08-10T03:19:03Z ====

==== step render START 2026-08-10T03:19:03Z ====
argv: ["C:\\banyan-video\\venv\\Scripts\\python.exe", "C:\\banyan-farm\\ltx_i2v.py", "--stage", "render", "--embeds", "C:\\banyan-farm\\v34-motion-0810\\ltx-embeds-b08r2.pt", "--prompt-file", "C:\\banyan-farm\\b08r2-prompt.txt", "--negative-file", "C:\\banyan-farm\\b08r2-negative.txt", "--init", "C:\\banyan-farm\\banyan-city\\genomes\\sapling\\nodes\\001-capability-inventory\\stills\\08-sev-1.png", "--out", "C:\\banyan-farm\\v34-motion-0810\\08-ltx-r2-s20260739.mp4", "--size", "704x1280", "--frames", "65", "--fps", "24", "--steps", "8", "--guidance", "1.0", "--distilled-sigmas", "--two-stage", "--seed", "20260739", "--beat", "8", "--task", "ep1-b08-v34-motion-r2-0810", "--worker", "rtx5090"]
-- begin-render: phys 10.6/68.1GB, commit 14.3/128.2GB (load 15%)
transformer  C:\Users\artvn\.cache\huggingface\hub\models--diffusers--LTX-2.3-Distilled-Diffusers\snapshots\432e0d3c2d1769aaa4d295f9243f7062bf6b47ee [subfolder=transformer, bf16]
scheduler    C:\Users\artvn\.cache\huggingface\hub\models--diffusers--LTX-2.3-Distilled-Diffusers\snapshots\432e0d3c2d1769aaa4d295f9243f7062bf6b47ee [subfolder=scheduler, distilled]
other parts  C:\Users\artvn\.cache\huggingface\hub\models--diffusers--LTX-2.3-Diffusers\snapshots\8eee8edcf067e838b843f926ec4d4cc9b2be1aaf
-- load-transformer-bf16-38GB: phys 11.4/68.1GB, commit 16.2/128.2GB (load 16%)

Loading checkpoint shards:   0%|          | 0/8 [00:00<?, ?it/s]
Loading checkpoint shards:  12%|█▎        | 1/8 [00:00<00:00,  9.74it/s]
Loading checkpoint shards:  25%|██▌       | 2/8 [00:00<00:00,  9.89it/s]
Loading checkpoint shards:  50%|█████     | 4/8 [00:00<00:00,  8.80it/s]
Loading checkpoint shards: 100%|██████████| 8/8 [00:00<00:00, 15.06it/s]
-- load-connectors-12.7GB-and-vae: phys 11.4/68.1GB, commit 54.5/128.2GB (load 16%)

Loading checkpoint shards:   0%|          | 0/2 [00:00<?, ?it/s]
Loading checkpoint shards: 100%|██████████| 2/2 [00:00<00:00, 69.91it/s]
-- offload-setup: phys 11.4/68.1GB, commit 64.1/128.2GB (load 16%)
C:\banyan-video\venv\Lib\site-packages\accelerate\utils\modeling.py:345: UserWarning: expandable_segments not supported on this platform (Triggered internally at C:\actions-runner\_work\pytorch\pytorch\pytorch\c10/cuda/CUDAAllocatorConfig.h:39.)
  new_value = old_value.to(device, non_blocking=non_blocking)
-- stage1-denoise-352x640-8steps: phys 12.3/68.1GB, commit 64.4/128.2GB (load 17%)

  0%|          | 0/8 [00:00<?, ?it/s]
 12%|█▎        | 1/8 [00:41<04:47, 41.07s/it]
 25%|██▌       | 2/8 [00:48<02:06, 21.11s/it]
 38%|███▊      | 3/8 [00:54<01:11, 14.25s/it]
 50%|█████     | 4/8 [01:00<00:43, 10.99s/it]
 62%|██████▎   | 5/8 [01:08<00:29,  9.85s/it]
 75%|███████▌  | 6/8 [01:13<00:16,  8.46s/it]
 88%|████████▊ | 7/8 [01:19<00:07,  7.59s/it]
100%|██████████| 8/8 [01:25<00:00,  6.98s/it]
100%|██████████| 8/8 [01:25<00:00, 10.67s/it]
stage1 latents (1, 128, 9, 20, 11)
-- upsample-2x-latent: phys 67.8/68.1GB, commit 93.7/128.2GB (load 99%)
There are modules in LTX2LatentUpsamplerModel that should be kept in float32: []. Casting directly with `to()` can lead to inconsistent results; set `torch_dtype` in `from_pretrained()` instead to keep these modules in float32.
upsampled latents (1, 128, 9, 40, 22)
-- stage2-refine-704x1280-3steps: phys 67.8/68.1GB, commit 97.3/128.2GB (load 99%)

  0%|          | 0/3 [00:00<?, ?it/s]
 33%|███▎      | 1/3 [00:23<00:46, 23.14s/it]
 67%|██████▋   | 2/3 [00:45<00:22, 22.97s/it]
100%|██████████| 3/3 [00:58<00:00, 18.05s/it]
100%|██████████| 3/3 [00:58<00:00, 19.39s/it]
-- decode-and-export: phys 67.8/68.1GB, commit 98.3/128.2GB (load 99%)
[1/1] wrote C:\banyan-farm\v34-motion-0810\08-ltx-r2-s20260739.mp4 in 162s (65 frames, 704x1280, 8@352x640+3@704x1280 steps, peak torch 4.1GB, device 2.5/26GB)
{"sample_s": 162.2, "peak_gb": 4.1, "peak_commit_gb": 100.4, "frames": 65, "size": "704x1280", "steps": "8@352x640+3@704x1280", "two_stage": true, "image_crf": 0, "offload": "sequential"}
{"peak_commit_gb": 100.4, "peak_phys_gb": 67.8, "last_stage": "decode-and-export"}
==== step render END rc=0 2026-08-10T03:21:59Z ====
#### job ep1-b08-v34-motion-r2-1786331505 finished rc=0 2026-08-10T03:21:59Z
