#### job ep1-b11-129f-vo-length-run-1786424256 attempt 1 start 2026-08-11T05:02:50Z

==== step plate START 2026-08-11T05:02:53Z ====
argv: ["C:\\banyan-video\\venv\\Scripts\\python.exe", "-c", "import sys; sys.path.insert(0, r\"C:\\banyan-farm\\banyan-city\\pipeline\")\nfrom plate_prep import prepare_plate\nout, rec = prepare_plate(\n    r\"C:\\banyan-farm\\banyan-city\\genomes\\sapling\\nodes\\001-capability-inventory\\stills\\11-grow.png\",\n    \"704x1280\", r\"C:\\banyan-farm\\v34-r2\", \"11\")\nprint(\"plate\", out); print(rec[\"plate_wxh\"], rec[\"crop_policy\"])\nprint(\"source_sha256\", rec[\"sha256\"])\n"]
plate C:\banyan-farm\v34-r2\11-704x1280.png
704x1280 cover-centre (render_t3 policy: scale to cover, then centre crop): 832x1216, cropped 163px of width (81 left, 82 right) = 19.6%, kept 669x1216, LANCZOS to 704x1280
source_sha256 7886e0370e42aa1660552cd4e0752b8409d954fce06ab56f4c2d92ddc7eda5a7
==== step plate END rc=0 2026-08-11T05:02:54Z ====

==== step encode START 2026-08-11T05:02:54Z ====
argv: ["C:\\banyan-video\\venv\\Scripts\\python.exe", "C:\\banyan-farm\\banyan-city\\pipeline\\ltx_i2v.py", "--stage", "encode", "--jobs", "C:\\banyan-farm\\v34-r2\\b11-jobs-encode.json"]
-- begin-encode: phys 11.3/68.1GB, commit 14.5/128.2GB (load 16%)
loading text encoder from C:\Users\artvn\.cache\huggingface\hub\models--Lightricks--gemma-3-12b-it-qat-q4_0-unquantized\snapshots\d62fe4f1995ade703b49a0f3c0d0f161237ef437

Loading weights:   0%|          | 0/1065 [00:00<?, ?it/s]
Loading weights:  26%|██▌       | 272/1065 [00:00<00:00, 2479.20it/s]
Loading weights:  50%|████▉     | 528/1065 [00:00<00:00, 2381.91it/s]
Loading weights:  76%|███████▋  | 813/1065 [00:00<00:00, 2473.98it/s]
Loading weights: 100%|██████████| 1065/1065 [00:00<00:00, 2602.45it/s]
-- encode-beat-11: phys 12.5/68.1GB, commit 41.3/128.2GB (load 18%)
[1/1] encoded beat 11 to C:\banyan-farm\v34-r2\b11-embeds.pt (1, 1024, 188160)
{"peak_commit_gb": 43.8, "peak_phys_gb": 38.3, "last_stage": "encode-beat-11"}
==== step encode END rc=0 2026-08-11T05:04:27Z ====

==== step render START 2026-08-11T05:04:27Z ====
argv: ["C:\\banyan-video\\venv\\Scripts\\python.exe", "C:\\banyan-farm\\banyan-city\\pipeline\\ltx_i2v.py", "--stage", "render", "--jobs", "C:\\banyan-farm\\v34-r2\\b11-jobs-render-129.json", "--size", "704x1280", "--frames", "129", "--fps", "24", "--guidance", "1.0", "--distilled-sigmas", "--two-stage", "--image-crf", "33", "--offload", "sequential", "--mode", "production", "--task", "ep1-b11-129f-vo-length-0811", "--worker", "rtx5090", "--bench-jsonl", "C:\\banyan-farm\\v34-r2\\bench-b11-129f.jsonl", "--bench-label", "b11-129f-vo-length"]
recipe: offload=sequential quantisation=none (bf16)
-- begin-render: phys 11.3/68.1GB, commit 14.5/128.2GB (load 16%)
transformer  C:\Users\artvn\.cache\huggingface\hub\models--diffusers--LTX-2.3-Distilled-Diffusers\snapshots\432e0d3c2d1769aaa4d295f9243f7062bf6b47ee [subfolder=transformer, bf16]
scheduler    C:\Users\artvn\.cache\huggingface\hub\models--diffusers--LTX-2.3-Distilled-Diffusers\snapshots\432e0d3c2d1769aaa4d295f9243f7062bf6b47ee [subfolder=scheduler, distilled]
other parts  C:\Users\artvn\.cache\huggingface\hub\models--diffusers--LTX-2.3-Diffusers\snapshots\8eee8edcf067e838b843f926ec4d4cc9b2be1aaf
-- load-transformer-bf16-38GB: phys 12.0/68.1GB, commit 16.3/128.2GB (load 17%)

Loading checkpoint shards:   0%|          | 0/8 [00:00<?, ?it/s]
Loading checkpoint shards:  12%|█▎        | 1/8 [00:00<00:00,  9.41it/s]
Loading checkpoint shards:  25%|██▌       | 2/8 [00:00<00:00,  9.50it/s]
Loading checkpoint shards:  50%|█████     | 4/8 [00:00<00:00,  8.25it/s]
Loading checkpoint shards: 100%|██████████| 8/8 [00:00<00:00, 16.36it/s]
Loading checkpoint shards: 100%|██████████| 8/8 [00:00<00:00, 13.73it/s]
-- load-connectors-12.7GB-and-vae: phys 12.1/68.1GB, commit 54.7/128.2GB (load 17%)

Loading checkpoint shards:   0%|          | 0/2 [00:00<?, ?it/s]
Loading checkpoint shards: 100%|██████████| 2/2 [00:00<00:00, 205.08it/s]
-- offload-setup-sequential: phys 12.1/68.1GB, commit 64.3/128.2GB (load 17%)
C:\banyan-video\venv\Lib\site-packages\accelerate\utils\modeling.py:345: UserWarning: expandable_segments not supported on this platform (Triggered internally at C:\actions-runner\_work\pytorch\pytorch\pytorch\c10/cuda/CUDAAllocatorConfig.h:39.)
  new_value = old_value.to(device, non_blocking=non_blocking)
conditioning still round-tripped through libx264 crf=33 -> C:\banyan-farm\v34-r2\cond-crf-11.png
-- stage1-denoise-352x640-8steps: phys 13.0/68.1GB, commit 64.6/128.2GB (load 19%)

  0%|          | 0/8 [00:00<?, ?it/s]
 12%|█▎        | 1/8 [01:07<07:51, 67.38s/it]
 25%|██▌       | 2/8 [01:19<03:27, 34.62s/it]
 38%|███▊      | 3/8 [01:26<01:50, 22.09s/it]
 50%|█████     | 4/8 [01:33<01:04, 16.18s/it]
 62%|██████▎   | 5/8 [01:40<00:38, 12.95s/it]
 75%|███████▌  | 6/8 [01:48<00:22, 11.11s/it]
 88%|████████▊ | 7/8 [01:55<00:09,  9.85s/it]
100%|██████████| 8/8 [02:02<00:00,  8.98s/it]
100%|██████████| 8/8 [02:02<00:00, 15.31s/it]
stage1 latents (1, 128, 17, 20, 11)
-- upsample-2x-latent: phys 59.7/68.1GB, commit 66.8/128.2GB (load 87%)
There are modules in LTX2LatentUpsamplerModel that should be kept in float32: []. Casting directly with `to()` can lead to inconsistent results; set `torch_dtype` in `from_pretrained()` instead to keep these modules in float32.
upsampled latents (1, 128, 17, 40, 22)
-- stage2-refine-704x1280-3steps: phys 59.5/68.1GB, commit 67.3/128.2GB (load 87%)

  0%|          | 0/3 [00:00<?, ?it/s]
 33%|███▎      | 1/3 [00:19<00:38, 19.38s/it]
 67%|██████▋   | 2/3 [00:38<00:19, 19.42s/it]
100%|██████████| 3/3 [00:59<00:00, 20.04s/it]
100%|██████████| 3/3 [00:59<00:00, 19.87s/it]
-- decode-and-export: phys 61.4/68.1GB, commit 69.5/128.2GB (load 90%)
[1/1] wrote C:\banyan-farm\v34-r2\11-grow-LTX-129f.mp4 in 202s (129 frames, 704x1280, 8@352x640+3@704x1280 steps, peak torch 6.8GB, device 2.6/26GB)
THROUGHPUT 0.0266 s(video)/s(wall) (1 x 5.375s of video in 202s)
bench row -> C:\banyan-farm\v34-r2\bench-b11-129f.jsonl
{"sample_s": 201.8, "peak_gb": 6.8, "peak_commit_gb": 73.5, "frames": 129, "size": "704x1280", "steps": "8@352x640+3@704x1280", "batch": 1, "mode": "production", "throughput_s_per_s": 0.0266, "two_stage": true, "image_crf": 33, "offload": "sequential", "quantisation": null}
{"peak_commit_gb": 73.5, "peak_phys_gb": 62.0, "last_stage": "decode-and-export"}
==== step render END rc=0 2026-08-11T05:08:05Z ====
#### job ep1-b11-129f-vo-length-run-1786424256 finished rc=0 2026-08-11T05:08:05Z
