#### job ep1-b08-v34-plate-g20-sample-1786360816 attempt 1 start 2026-08-10T11:26:45Z

==== step plate START 2026-08-10T11:26:48Z ====
argv: ["C:\\banyan-video\\venv\\Scripts\\python.exe", "-c", "import sys; sys.path.insert(0, r\"C:\\banyan-farm\\banyan-city\\pipeline\")\nfrom plate_prep import prepare_plate\nout, rec = prepare_plate(\n    r\"C:\\banyan-farm\\banyan-city\\genomes\\sapling\\nodes\\001-capability-inventory\\stills\\08-sev-1.png\",\n    \"704x1280\", r\"C:\\banyan-farm\\v34-plates-0810\", \"08\")\nprint(\"plate\", out); print(rec[\"plate_wxh\"], rec[\"crop_policy\"])\n"]
plate C:\banyan-farm\v34-plates-0810\08-704x1280.png
704x1280 cover-centre (render_t3 policy: scale to cover, then centre crop): 832x1216, cropped 163px of width (81 left, 82 right) = 19.6%, kept 669x1216, LANCZOS to 704x1280
==== step plate END rc=0 2026-08-10T11:26:48Z ====

==== step encode START 2026-08-10T11:26:48Z ====
argv: ["C:\\banyan-video\\venv\\Scripts\\python.exe", "C:\\banyan-farm\\ltx_i2v.py", "--stage", "encode", "--embeds", "C:\\banyan-farm\\v34-plates-0810\\ltx-embeds-ep1-b08-v34-plate-g20-sample.pt", "--prompt-file", "C:\\banyan-farm\\v34-plates-0810\\ep1-b08-v34-plate-g20-sample-prompt.txt", "--negative-file", "C:\\banyan-farm\\v34-plates-0810\\ep1-b08-v34-plate-g20-sample-negative.txt"]
-- begin-encode: phys 11.0/68.1GB, commit 14.5/128.2GB (load 16%)
loading text encoder from C:\Users\artvn\.cache\huggingface\hub\models--Lightricks--gemma-3-12b-it-qat-q4_0-unquantized\snapshots\d62fe4f1995ade703b49a0f3c0d0f161237ef437

Loading weights:   0%|          | 0/1065 [00:00<?, ?it/s]
Loading weights:  32%|███▏      | 336/1065 [00:00<00:00, 3320.23it/s]
Loading weights:  63%|██████▎   | 669/1065 [00:00<00:00, 3127.35it/s]
Loading weights:  92%|█████████▏| 983/1065 [00:00<00:00, 2987.25it/s]
Loading weights: 100%|██████████| 1065/1065 [00:00<00:00, 3141.46it/s]
encoded to C:\banyan-farm\v34-plates-0810\ltx-embeds-ep1-b08-v34-plate-g20-sample.pt (1, 1024, 188160)
{"peak_commit_gb": 43.8, "peak_phys_gb": 37.7, "last_stage": "begin-encode"}
==== step encode END rc=0 2026-08-10T11:28:21Z ====

==== step render START 2026-08-10T11:28:21Z ====
argv: ["C:\\banyan-video\\venv\\Scripts\\python.exe", "C:\\banyan-farm\\ltx_i2v.py", "--stage", "render", "--embeds", "C:\\banyan-farm\\v34-plates-0810\\ltx-embeds-ep1-b08-v34-plate-g20-sample.pt", "--prompt-file", "C:\\banyan-farm\\v34-plates-0810\\ep1-b08-v34-plate-g20-sample-prompt.txt", "--negative-file", "C:\\banyan-farm\\v34-plates-0810\\ep1-b08-v34-plate-g20-sample-negative.txt", "--init", "C:\\banyan-farm\\v34-plates-0810\\08-704x1280.png", "--out", "C:\\banyan-farm\\v34-motion-0810\\08-ltx-g20-plate-s20260739.mp4", "--size", "704x1280", "--frames", "65", "--fps", "24", "--steps", "8", "--guidance", "2.0", "--distilled-sigmas", "--two-stage", "--seed", "20260739", "--beat", "8", "--task", "ep1-b08-v34-plate-g20-sample-0810", "--worker", "rtx5090"]
-- begin-render: phys 11.1/68.1GB, commit 14.5/128.2GB (load 16%)
transformer  C:\Users\artvn\.cache\huggingface\hub\models--diffusers--LTX-2.3-Distilled-Diffusers\snapshots\432e0d3c2d1769aaa4d295f9243f7062bf6b47ee [subfolder=transformer, bf16]
scheduler    C:\Users\artvn\.cache\huggingface\hub\models--diffusers--LTX-2.3-Distilled-Diffusers\snapshots\432e0d3c2d1769aaa4d295f9243f7062bf6b47ee [subfolder=scheduler, distilled]
other parts  C:\Users\artvn\.cache\huggingface\hub\models--diffusers--LTX-2.3-Diffusers\snapshots\8eee8edcf067e838b843f926ec4d4cc9b2be1aaf
-- load-transformer-bf16-38GB: phys 11.8/68.1GB, commit 16.4/128.2GB (load 17%)

Loading checkpoint shards:   0%|          | 0/8 [00:00<?, ?it/s]
Loading checkpoint shards:  12%|█▎        | 1/8 [00:00<00:00,  8.27it/s]
Loading checkpoint shards:  25%|██▌       | 2/8 [00:00<00:00,  9.14it/s]
Loading checkpoint shards:  50%|█████     | 4/8 [00:00<00:00,  7.62it/s]
Loading checkpoint shards: 100%|██████████| 8/8 [00:00<00:00, 13.45it/s]
-- load-connectors-12.7GB-and-vae: phys 11.8/68.1GB, commit 54.7/128.2GB (load 17%)

Loading checkpoint shards:   0%|          | 0/2 [00:00<?, ?it/s]
Loading checkpoint shards: 100%|██████████| 2/2 [00:00<00:00, 67.39it/s]
-- offload-setup: phys 11.8/68.1GB, commit 64.3/128.2GB (load 17%)
C:\banyan-video\venv\Lib\site-packages\accelerate\utils\modeling.py:345: UserWarning: expandable_segments not supported on this platform (Triggered internally at C:\actions-runner\_work\pytorch\pytorch\pytorch\c10/cuda/CUDAAllocatorConfig.h:39.)
  new_value = old_value.to(device, non_blocking=non_blocking)
-- stage1-denoise-352x640-8steps: phys 12.7/68.1GB, commit 64.7/128.2GB (load 18%)

  0%|          | 0/8 [00:00<?, ?it/s]
 12%|█▎        | 1/8 [01:13<08:34, 73.47s/it]
 25%|██▌       | 2/8 [01:25<03:44, 37.34s/it]
 38%|███▊      | 3/8 [01:32<01:58, 23.64s/it]
 50%|█████     | 4/8 [01:40<01:09, 17.29s/it]
 62%|██████▎   | 5/8 [01:48<00:42, 14.04s/it]
 75%|███████▌  | 6/8 [01:56<00:23, 11.97s/it]
 88%|████████▊ | 7/8 [02:04<00:10, 10.60s/it]
100%|██████████| 8/8 [02:12<00:00,  9.66s/it]
100%|██████████| 8/8 [02:12<00:00, 16.51s/it]
stage1 latents (1, 128, 9, 20, 11)
-- upsample-2x-latent: phys 59.4/68.1GB, commit 66.8/128.2GB (load 87%)
There are modules in LTX2LatentUpsamplerModel that should be kept in float32: []. Casting directly with `to()` can lead to inconsistent results; set `torch_dtype` in `from_pretrained()` instead to keep these modules in float32.
upsampled latents (1, 128, 9, 40, 22)
-- stage2-refine-704x1280-3steps: phys 61.7/68.1GB, commit 70.1/128.2GB (load 90%)

  0%|          | 0/3 [00:00<?, ?it/s]
 33%|███▎      | 1/3 [00:18<00:36, 18.48s/it]
 67%|██████▋   | 2/3 [00:37<00:18, 18.63s/it]
100%|██████████| 3/3 [00:58<00:00, 19.90s/it]
100%|██████████| 3/3 [00:58<00:00, 19.54s/it]
-- decode-and-export: phys 64.4/68.1GB, commit 72.8/128.2GB (load 94%)
[1/1] wrote C:\banyan-farm\v34-motion-0810\08-ltx-g20-plate-s20260739.mp4 in 211s (65 frames, 704x1280, 8@352x640+3@704x1280 steps, peak torch 7.2GB, device 2.6/26GB)
{"sample_s": 210.8, "peak_gb": 7.2, "peak_commit_gb": 78.6, "frames": 65, "size": "704x1280", "steps": "8@352x640+3@704x1280", "two_stage": true, "image_crf": 0, "offload": "sequential"}
{"peak_commit_gb": 78.6, "peak_phys_gb": 64.6, "last_stage": "decode-and-export"}
==== step render END rc=0 2026-08-10T11:32:08Z ====
#### job ep1-b08-v34-plate-g20-sample-1786360816 finished rc=0 2026-08-10T11:32:08Z
