#### job ep1-b14-v34-plate-r2f-reseed-1786368585 attempt 1 start 2026-08-10T15:46:32Z

==== step plate START 2026-08-10T15:46:35Z ====
argv: ["C:\\banyan-video\\venv\\Scripts\\python.exe", "-c", "import sys; sys.path.insert(0, r\"C:\\banyan-farm\\banyan-city\\pipeline\")\nfrom plate_prep import prepare_plate\nout, rec = prepare_plate(\n    r\"C:\\banyan-farm\\banyan-city\\genomes\\sapling\\nodes\\001-capability-inventory\\stills\\14-worth-staying-in.png\",\n    \"704x1280\", r\"C:\\banyan-farm\\v34-plates-0810\", \"14\")\nprint(\"plate\", out); print(rec[\"plate_wxh\"], rec[\"crop_policy\"])\n"]
plate C:\banyan-farm\v34-plates-0810\14-704x1280.png
704x1280 cover-centre (render_t3 policy: scale to cover, then centre crop): 832x1216, cropped 163px of width (81 left, 82 right) = 19.6%, kept 669x1216, LANCZOS to 704x1280
==== step plate END rc=0 2026-08-10T15:46:35Z ====

==== step encode START 2026-08-10T15:46:35Z ====
argv: ["C:\\banyan-video\\venv\\Scripts\\python.exe", "C:\\banyan-farm\\ltx_i2v.py", "--stage", "encode", "--embeds", "C:\\banyan-farm\\v34-plates-0810\\ltx-embeds-ep1-b14-v34-plate-r2f-reseed.pt", "--prompt-file", "C:\\banyan-farm\\v34-plates-0810\\ep1-b14-v34-plate-r2f-reseed-prompt.txt", "--negative-file", "C:\\banyan-farm\\v34-plates-0810\\ep1-b14-v34-plate-r2f-reseed-negative.txt"]
-- begin-encode: phys 12.1/68.1GB, commit 15.2/128.2GB (load 17%)
loading text encoder from C:\Users\artvn\.cache\huggingface\hub\models--Lightricks--gemma-3-12b-it-qat-q4_0-unquantized\snapshots\d62fe4f1995ade703b49a0f3c0d0f161237ef437

Loading weights:   0%|          | 0/1065 [00:00<?, ?it/s]
Loading weights:  28%|██▊       | 302/1065 [00:00<00:00, 2736.80it/s]
Loading weights:  60%|█████▉    | 638/1065 [00:00<00:00, 2921.19it/s]
Loading weights:  97%|█████████▋| 1038/1065 [00:00<00:00, 3247.47it/s]
Loading weights: 100%|██████████| 1065/1065 [00:00<00:00, 3222.51it/s]
encoded to C:\banyan-farm\v34-plates-0810\ltx-embeds-ep1-b14-v34-plate-r2f-reseed.pt (1, 1024, 188160)
{"peak_commit_gb": 44.0, "peak_phys_gb": 38.6, "last_stage": "begin-encode"}
==== step encode END rc=0 2026-08-10T15:48:11Z ====

==== step render START 2026-08-10T15:48:11Z ====
argv: ["C:\\banyan-video\\venv\\Scripts\\python.exe", "C:\\banyan-farm\\ltx_i2v.py", "--stage", "render", "--embeds", "C:\\banyan-farm\\v34-plates-0810\\ltx-embeds-ep1-b14-v34-plate-r2f-reseed.pt", "--prompt-file", "C:\\banyan-farm\\v34-plates-0810\\ep1-b14-v34-plate-r2f-reseed-prompt.txt", "--negative-file", "C:\\banyan-farm\\v34-plates-0810\\ep1-b14-v34-plate-r2f-reseed-negative.txt", "--init", "C:\\banyan-farm\\v34-plates-0810\\14-704x1280.png", "--out", "C:\\banyan-farm\\v34-motion-0810\\14-ltx-r2f-plate-s20260898.mp4", "--size", "704x1280", "--frames", "65", "--fps", "24", "--steps", "8", "--guidance", "1.0", "--distilled-sigmas", "--two-stage", "--seed", "20260898", "--beat", "14", "--task", "ep1-b14-v34-plate-r2f-reseed-0810", "--worker", "rtx5090"]
-- begin-render: phys 12.0/68.1GB, commit 15.1/128.2GB (load 17%)
transformer  C:\Users\artvn\.cache\huggingface\hub\models--diffusers--LTX-2.3-Distilled-Diffusers\snapshots\432e0d3c2d1769aaa4d295f9243f7062bf6b47ee [subfolder=transformer, bf16]
scheduler    C:\Users\artvn\.cache\huggingface\hub\models--diffusers--LTX-2.3-Distilled-Diffusers\snapshots\432e0d3c2d1769aaa4d295f9243f7062bf6b47ee [subfolder=scheduler, distilled]
other parts  C:\Users\artvn\.cache\huggingface\hub\models--diffusers--LTX-2.3-Diffusers\snapshots\8eee8edcf067e838b843f926ec4d4cc9b2be1aaf
-- load-transformer-bf16-38GB: phys 12.8/68.1GB, commit 16.9/128.2GB (load 18%)

Loading checkpoint shards:   0%|          | 0/8 [00:00<?, ?it/s]
Loading checkpoint shards:  12%|█▎        | 1/8 [00:00<00:00,  9.56it/s]
Loading checkpoint shards:  25%|██▌       | 2/8 [00:00<00:00,  9.69it/s]
Loading checkpoint shards:  38%|███▊      | 3/8 [00:00<00:00,  9.72it/s]
Loading checkpoint shards:  50%|█████     | 4/8 [00:00<00:00,  7.20it/s]
Loading checkpoint shards: 100%|██████████| 8/8 [00:00<00:00, 16.14it/s]
Loading checkpoint shards: 100%|██████████| 8/8 [00:00<00:00, 13.01it/s]
-- load-connectors-12.7GB-and-vae: phys 12.8/68.1GB, commit 55.3/128.2GB (load 18%)

Loading checkpoint shards:   0%|          | 0/2 [00:00<?, ?it/s]
Loading checkpoint shards: 100%|██████████| 2/2 [00:00<00:00, 249.73it/s]
-- offload-setup: phys 12.8/68.1GB, commit 64.9/128.2GB (load 18%)
C:\banyan-video\venv\Lib\site-packages\accelerate\utils\modeling.py:345: UserWarning: expandable_segments not supported on this platform (Triggered internally at C:\actions-runner\_work\pytorch\pytorch\pytorch\c10/cuda/CUDAAllocatorConfig.h:39.)
  new_value = old_value.to(device, non_blocking=non_blocking)
-- stage1-denoise-352x640-8steps: phys 13.7/68.1GB, commit 65.3/128.2GB (load 20%)

  0%|          | 0/8 [00:00<?, ?it/s]
 12%|█▎        | 1/8 [01:10<08:12, 70.29s/it]
 25%|██▌       | 2/8 [01:16<03:15, 32.57s/it]
 38%|███▊      | 3/8 [01:22<01:41, 20.25s/it]
 50%|█████     | 4/8 [01:27<00:57, 14.46s/it]
 62%|██████▎   | 5/8 [01:33<00:33, 11.30s/it]
 75%|███████▌  | 6/8 [01:38<00:18,  9.38s/it]
 88%|████████▊ | 7/8 [01:44<00:08,  8.25s/it]
100%|██████████| 8/8 [01:50<00:00,  7.52s/it]
100%|██████████| 8/8 [01:50<00:00, 13.86s/it]
stage1 latents (1, 128, 9, 20, 11)
-- upsample-2x-latent: phys 60.3/68.1GB, commit 67.0/128.2GB (load 88%)
There are modules in LTX2LatentUpsamplerModel that should be kept in float32: []. Casting directly with `to()` can lead to inconsistent results; set `torch_dtype` in `from_pretrained()` instead to keep these modules in float32.
upsampled latents (1, 128, 9, 40, 22)
-- stage2-refine-704x1280-3steps: phys 62.5/68.1GB, commit 70.6/128.2GB (load 91%)

  0%|          | 0/3 [00:00<?, ?it/s]
 33%|███▎      | 1/3 [00:10<00:21, 10.83s/it]
 67%|██████▋   | 2/3 [00:22<00:11, 11.05s/it]
100%|██████████| 3/3 [00:32<00:00, 10.96s/it]
100%|██████████| 3/3 [00:32<00:00, 10.96s/it]
-- decode-and-export: phys 64.5/68.1GB, commit 71.3/128.2GB (load 94%)
[1/1] wrote C:\banyan-farm\v34-motion-0810\14-ltx-r2f-plate-s20260898.mp4 in 159s (65 frames, 704x1280, 8@352x640+3@704x1280 steps, peak torch 4.1GB, device 2.5/26GB)
{"sample_s": 159.0, "peak_gb": 4.1, "peak_commit_gb": 73.6, "frames": 65, "size": "704x1280", "steps": "8@352x640+3@704x1280", "two_stage": true, "image_crf": 0, "offload": "sequential"}
{"peak_commit_gb": 73.6, "peak_phys_gb": 64.7, "last_stage": "decode-and-export"}
==== step render END rc=0 2026-08-10T15:51:05Z ====
#### job ep1-b14-v34-plate-r2f-reseed-1786368585 finished rc=0 2026-08-10T15:51:05Z
