#### job ep1-b10-v34-plate-r2c-reseed-1786364207 attempt 1 start 2026-08-10T15:23:40Z

==== step plate START 2026-08-10T15:24:21Z ====
argv: ["C:\\banyan-video\\venv\\Scripts\\python.exe", "-c", "import sys; sys.path.insert(0, r\"C:\\banyan-farm\\banyan-city\\pipeline\")\nfrom plate_prep import prepare_plate\nout, rec = prepare_plate(\n    r\"C:\\banyan-farm\\banyan-city\\genomes\\sapling\\nodes\\001-capability-inventory\\stills\\10-sense.png\",\n    \"704x1280\", r\"C:\\banyan-farm\\v34-plates-0810\", \"10\")\nprint(\"plate\", out); print(rec[\"plate_wxh\"], rec[\"crop_policy\"])\n"]
plate C:\banyan-farm\v34-plates-0810\10-704x1280.png
704x1280 cover-centre (render_t3 policy: scale to cover, then centre crop): 832x1216, cropped 163px of width (81 left, 82 right) = 19.6%, kept 669x1216, LANCZOS to 704x1280
==== step plate END rc=0 2026-08-10T15:24:22Z ====

==== step encode START 2026-08-10T15:24:22Z ====
argv: ["C:\\banyan-video\\venv\\Scripts\\python.exe", "C:\\banyan-farm\\ltx_i2v.py", "--stage", "encode", "--embeds", "C:\\banyan-farm\\v34-plates-0810\\ltx-embeds-ep1-b10-v34-plate-r2c-reseed.pt", "--prompt-file", "C:\\banyan-farm\\v34-plates-0810\\ep1-b10-v34-plate-r2c-reseed-prompt.txt", "--negative-file", "C:\\banyan-farm\\v34-plates-0810\\ep1-b10-v34-plate-r2c-reseed-negative.txt"]
-- begin-encode: phys 11.1/68.1GB, commit 14.5/128.2GB (load 16%)
loading text encoder from C:\Users\artvn\.cache\huggingface\hub\models--Lightricks--gemma-3-12b-it-qat-q4_0-unquantized\snapshots\d62fe4f1995ade703b49a0f3c0d0f161237ef437

Loading weights:   0%|          | 0/1065 [00:00<?, ?it/s]
Loading weights:  35%|███▌      | 375/1065 [00:00<00:00, 3400.99it/s]
Loading weights:  68%|██████▊   | 720/1065 [00:00<00:00, 3301.24it/s]
Loading weights: 100%|██████████| 1065/1065 [00:00<00:00, 3420.02it/s]
encoded to C:\banyan-farm\v34-plates-0810\ltx-embeds-ep1-b10-v34-plate-r2c-reseed.pt (1, 1024, 188160)
{"peak_commit_gb": 43.4, "peak_phys_gb": 37.8, "last_stage": "begin-encode"}
==== step encode END rc=0 2026-08-10T15:25:54Z ====

==== step render START 2026-08-10T15:25:54Z ====
argv: ["C:\\banyan-video\\venv\\Scripts\\python.exe", "C:\\banyan-farm\\ltx_i2v.py", "--stage", "render", "--embeds", "C:\\banyan-farm\\v34-plates-0810\\ltx-embeds-ep1-b10-v34-plate-r2c-reseed.pt", "--prompt-file", "C:\\banyan-farm\\v34-plates-0810\\ep1-b10-v34-plate-r2c-reseed-prompt.txt", "--negative-file", "C:\\banyan-farm\\v34-plates-0810\\ep1-b10-v34-plate-r2c-reseed-negative.txt", "--init", "C:\\banyan-farm\\v34-plates-0810\\10-704x1280.png", "--out", "C:\\banyan-farm\\v34-motion-0810\\10-ltx-r2c-plate-s20260866.mp4", "--size", "704x1280", "--frames", "65", "--fps", "24", "--steps", "8", "--guidance", "1.0", "--distilled-sigmas", "--two-stage", "--seed", "20260866", "--beat", "10", "--task", "ep1-b10-v34-plate-r2c-reseed-0810", "--worker", "rtx5090"]
-- begin-render: phys 11.1/68.1GB, commit 14.5/128.2GB (load 16%)
transformer  C:\Users\artvn\.cache\huggingface\hub\models--diffusers--LTX-2.3-Distilled-Diffusers\snapshots\432e0d3c2d1769aaa4d295f9243f7062bf6b47ee [subfolder=transformer, bf16]
scheduler    C:\Users\artvn\.cache\huggingface\hub\models--diffusers--LTX-2.3-Distilled-Diffusers\snapshots\432e0d3c2d1769aaa4d295f9243f7062bf6b47ee [subfolder=scheduler, distilled]
other parts  C:\Users\artvn\.cache\huggingface\hub\models--diffusers--LTX-2.3-Diffusers\snapshots\8eee8edcf067e838b843f926ec4d4cc9b2be1aaf
-- load-transformer-bf16-38GB: phys 11.9/68.1GB, commit 16.4/128.2GB (load 17%)

Loading checkpoint shards:   0%|          | 0/8 [00:00<?, ?it/s]
Loading checkpoint shards:  12%|█▎        | 1/8 [00:00<00:00,  8.78it/s]
Loading checkpoint shards:  25%|██▌       | 2/8 [00:00<00:00,  9.31it/s]
Loading checkpoint shards:  50%|█████     | 4/8 [00:00<00:00,  7.74it/s]
Loading checkpoint shards: 100%|██████████| 8/8 [00:00<00:00, 13.65it/s]
-- load-connectors-12.7GB-and-vae: phys 11.9/68.1GB, commit 54.7/128.2GB (load 17%)

Loading checkpoint shards:   0%|          | 0/2 [00:00<?, ?it/s]
Loading checkpoint shards: 100%|██████████| 2/2 [00:00<00:00, 68.31it/s]
-- offload-setup: phys 11.9/68.1GB, commit 64.3/128.2GB (load 17%)
C:\banyan-video\venv\Lib\site-packages\accelerate\utils\modeling.py:345: UserWarning: expandable_segments not supported on this platform (Triggered internally at C:\actions-runner\_work\pytorch\pytorch\pytorch\c10/cuda/CUDAAllocatorConfig.h:39.)
  new_value = old_value.to(device, non_blocking=non_blocking)
-- stage1-denoise-352x640-8steps: phys 12.8/68.1GB, commit 64.7/128.2GB (load 18%)

  0%|          | 0/8 [00:00<?, ?it/s]
 12%|█▎        | 1/8 [01:12<08:27, 72.43s/it]
 25%|██▌       | 2/8 [01:22<03:34, 35.70s/it]
 38%|███▊      | 3/8 [01:28<01:50, 22.09s/it]
 50%|█████     | 4/8 [01:33<01:02, 15.57s/it]
 62%|██████▎   | 5/8 [01:39<00:36, 12.04s/it]
 75%|███████▌  | 6/8 [01:45<00:20, 10.07s/it]
 88%|████████▊ | 7/8 [01:52<00:08,  8.83s/it]
100%|██████████| 8/8 [01:58<00:00,  8.12s/it]
100%|██████████| 8/8 [01:58<00:00, 14.85s/it]
stage1 latents (1, 128, 9, 20, 11)
-- upsample-2x-latent: phys 59.5/68.1GB, commit 66.4/128.2GB (load 87%)
There are modules in LTX2LatentUpsamplerModel that should be kept in float32: []. Casting directly with `to()` can lead to inconsistent results; set `torch_dtype` in `from_pretrained()` instead to keep these modules in float32.
upsampled latents (1, 128, 9, 40, 22)
-- stage2-refine-704x1280-3steps: phys 61.7/68.1GB, commit 70.0/128.2GB (load 90%)

  0%|          | 0/3 [00:00<?, ?it/s]
 33%|███▎      | 1/3 [00:11<00:22, 11.08s/it]
 67%|██████▋   | 2/3 [00:22<00:11, 11.09s/it]
100%|██████████| 3/3 [00:33<00:00, 11.24s/it]
100%|██████████| 3/3 [00:33<00:00, 11.20s/it]
-- decode-and-export: phys 62.1/68.1GB, commit 70.7/128.2GB (load 91%)
[1/1] wrote C:\banyan-farm\v34-motion-0810\10-ltx-r2c-plate-s20260866.mp4 in 170s (65 frames, 704x1280, 8@352x640+3@704x1280 steps, peak torch 4.1GB, device 2.5/26GB)
{"sample_s": 170.2, "peak_gb": 4.1, "peak_commit_gb": 73.0, "frames": 65, "size": "704x1280", "steps": "8@352x640+3@704x1280", "two_stage": true, "image_crf": 0, "offload": "sequential"}
{"peak_commit_gb": 73.0, "peak_phys_gb": 62.3, "last_stage": "decode-and-export"}
==== step render END rc=0 2026-08-10T15:28:58Z ====
#### job ep1-b10-v34-plate-r2c-reseed-1786364207 finished rc=0 2026-08-10T15:28:58Z
