#### job ep1-b02-121f-framing-hold-0811-1786444132 attempt 1 start 2026-08-11T10:29:06Z

==== step plate START 2026-08-11T10:29:09Z ====
argv: ["C:\\banyan-video\\venv\\Scripts\\python.exe", "-c", "import sys; sys.path.insert(0, r\"C:\\banyan-farm\\banyan-city\\pipeline\")\nfrom plate_prep import prepare_plate\nout, rec = prepare_plate(\n    r\"C:\\banyan-farm\\banyan-city\\genomes\\sapling\\nodes\\001-capability-inventory\\stills\\02-three-oh-seven.png\",\n    \"704x1280\", r\"C:\\banyan-farm\\v34-r2\", \"02\")\nprint(\"plate\", out); print(rec[\"plate_wxh\"], rec[\"crop_policy\"])\nprint(\"source_sha256\", rec[\"sha256\"])\n"]
plate C:\banyan-farm\v34-r2\02-704x1280.png
704x1280 cover-centre (render_t3 policy: scale to cover, then centre crop): 832x1216, cropped 163px of width (81 left, 82 right) = 19.6%, kept 669x1216, LANCZOS to 704x1280
source_sha256 36817381ab8993c53be4a216e31ef34d2b19271eae312663898513fd82611870
==== step plate END rc=0 2026-08-11T10:29:09Z ====

==== step encode START 2026-08-11T10:29:09Z ====
argv: ["C:\\banyan-video\\venv\\Scripts\\python.exe", "C:\\banyan-farm\\banyan-city\\pipeline\\ltx_i2v.py", "--stage", "encode", "--jobs", "C:\\banyan-farm\\v34-r2\\b02-hold-jobs-encode.json"]
-- begin-encode: phys 11.6/68.1GB, commit 14.6/128.2GB (load 17%)
loading text encoder from C:\Users\artvn\.cache\huggingface\hub\models--Lightricks--gemma-3-12b-it-qat-q4_0-unquantized\snapshots\d62fe4f1995ade703b49a0f3c0d0f161237ef437

Loading weights:   0%|          | 0/1065 [00:00<?, ?it/s]
Loading weights:  33%|███▎      | 350/1065 [00:00<00:00, 3164.16it/s]
Loading weights:  70%|██████▉   | 745/1065 [00:00<00:00, 3405.33it/s]
Loading weights: 100%|██████████| 1065/1065 [00:00<00:00, 3746.51it/s]
-- encode-beat-02: phys 12.8/68.1GB, commit 41.4/128.2GB (load 18%)
[1/1] encoded beat 2 to C:\banyan-farm\v34-r2\b02-hold-embeds.pt (1, 1024, 188160)
{"peak_commit_gb": 44.3, "peak_phys_gb": 38.9, "last_stage": "encode-beat-02"}
==== step encode END rc=0 2026-08-11T10:30:43Z ====

==== step render START 2026-08-11T10:30:43Z ====
argv: ["C:\\banyan-video\\venv\\Scripts\\python.exe", "C:\\banyan-farm\\banyan-city\\pipeline\\ltx_i2v.py", "--stage", "render", "--jobs", "C:\\banyan-farm\\v34-r2\\b02-hold-jobs-render-121.json", "--size", "704x1280", "--frames", "121", "--fps", "24", "--guidance", "1.0", "--distilled-sigmas", "--two-stage", "--image-crf", "33", "--offload", "sequential", "--mode", "production", "--task", "ep1-b02-121f-framing-hold-0811", "--worker", "rtx5090", "--bench-jsonl", "C:\\banyan-farm\\v34-r2\\bench-b02-121f-hold.jsonl", "--bench-label", "b02-121f-framing-hold"]
recipe: offload=sequential quantisation=none (bf16)
-- begin-render: phys 11.6/68.1GB, commit 14.7/128.2GB (load 17%)
transformer  C:\Users\artvn\.cache\huggingface\hub\models--diffusers--LTX-2.3-Distilled-Diffusers\snapshots\432e0d3c2d1769aaa4d295f9243f7062bf6b47ee [subfolder=transformer, bf16]
scheduler    C:\Users\artvn\.cache\huggingface\hub\models--diffusers--LTX-2.3-Distilled-Diffusers\snapshots\432e0d3c2d1769aaa4d295f9243f7062bf6b47ee [subfolder=scheduler, distilled]
other parts  C:\Users\artvn\.cache\huggingface\hub\models--diffusers--LTX-2.3-Diffusers\snapshots\8eee8edcf067e838b843f926ec4d4cc9b2be1aaf
-- load-transformer-bf16-38GB: phys 12.3/68.1GB, commit 16.5/128.2GB (load 18%)

Loading checkpoint shards:   0%|          | 0/8 [00:00<?, ?it/s]
Loading checkpoint shards:  12%|█▎        | 1/8 [00:00<00:00,  8.75it/s]
Loading checkpoint shards:  25%|██▌       | 2/8 [00:00<00:00,  9.01it/s]
Loading checkpoint shards:  38%|███▊      | 3/8 [00:00<00:00,  9.19it/s]
Loading checkpoint shards:  50%|█████     | 4/8 [00:00<00:00,  6.96it/s]
Loading checkpoint shards:  75%|███████▌  | 6/8 [00:03<00:01,  1.18it/s]
Loading checkpoint shards: 100%|██████████| 8/8 [00:03<00:00,  2.26it/s]
-- load-connectors-12.7GB-and-vae: phys 12.4/68.1GB, commit 54.9/128.2GB (load 18%)

Loading checkpoint shards:   0%|          | 0/2 [00:00<?, ?it/s]
Loading checkpoint shards: 100%|██████████| 2/2 [00:00<00:00, 50.18it/s]
-- offload-setup-sequential: phys 12.4/68.1GB, commit 64.5/128.2GB (load 18%)
C:\banyan-video\venv\Lib\site-packages\accelerate\utils\modeling.py:345: UserWarning: expandable_segments not supported on this platform (Triggered internally at C:\actions-runner\_work\pytorch\pytorch\pytorch\c10/cuda/CUDAAllocatorConfig.h:39.)
  new_value = old_value.to(device, non_blocking=non_blocking)
conditioning still round-tripped through libx264 crf=33 -> C:\banyan-farm\v34-r2\cond-crf-02.png
-- stage1-denoise-352x640-8steps: phys 13.3/68.1GB, commit 64.8/128.2GB (load 19%)

  0%|          | 0/8 [00:00<?, ?it/s]
 12%|█▎        | 1/8 [01:10<08:15, 70.76s/it]
 25%|██▌       | 2/8 [01:20<03:30, 35.03s/it]
 38%|███▊      | 3/8 [01:28<01:51, 22.40s/it]
 50%|█████     | 4/8 [01:35<01:05, 16.46s/it]
 62%|██████▎   | 5/8 [01:42<00:39, 13.05s/it]
 75%|███████▌  | 6/8 [01:49<00:22, 11.03s/it]
 88%|████████▊ | 7/8 [01:57<00:09,  9.90s/it]
100%|██████████| 8/8 [02:04<00:00,  9.08s/it]
100%|██████████| 8/8 [02:04<00:00, 15.56s/it]
stage1 latents (1, 128, 16, 20, 11)
-- upsample-2x-latent: phys 59.9/68.1GB, commit 66.9/128.2GB (load 87%)
There are modules in LTX2LatentUpsamplerModel that should be kept in float32: []. Casting directly with `to()` can lead to inconsistent results; set `torch_dtype` in `from_pretrained()` instead to keep these modules in float32.
upsampled latents (1, 128, 16, 40, 22)
-- stage2-refine-704x1280-3steps: phys 59.4/68.1GB, commit 66.8/128.2GB (load 87%)

  0%|          | 0/3 [00:00<?, ?it/s]
 33%|███▎      | 1/3 [00:17<00:35, 17.69s/it]
 67%|██████▋   | 2/3 [00:35<00:17, 17.59s/it]
100%|██████████| 3/3 [00:53<00:00, 18.10s/it]
100%|██████████| 3/3 [00:53<00:00, 17.97s/it]
-- decode-and-export: phys 61.4/68.1GB, commit 69.6/128.2GB (load 90%)
[1/1] wrote C:\banyan-farm\v34-r2\02-three-oh-seven-LTX-121f-hold.mp4 in 199s (121 frames, 704x1280, 8@352x640+3@704x1280 steps, peak torch 6.5GB, device 2.6/26GB)
THROUGHPUT 0.0253 s(video)/s(wall) (1 x 5.042s of video in 199s)
bench row -> C:\banyan-farm\v34-r2\bench-b02-121f-hold.jsonl
{"sample_s": 199.1, "peak_gb": 6.5, "peak_commit_gb": 73.6, "frames": 121, "size": "704x1280", "steps": "8@352x640+3@704x1280", "batch": 1, "mode": "production", "throughput_s_per_s": 0.0253, "two_stage": true, "image_crf": 33, "offload": "sequential", "quantisation": null}
{"peak_commit_gb": 73.6, "peak_phys_gb": 61.7, "last_stage": "decode-and-export"}
==== step render END rc=0 2026-08-11T10:34:21Z ====
#### job ep1-b02-121f-framing-hold-0811-1786444132 finished rc=0 2026-08-11T10:34:22Z
