#### job ep1-b08-313f-vo-length-0811-1786421936 attempt 1 start 2026-08-11T04:20:48Z

==== step render START 2026-08-11T04:20:51Z ====
argv: ["C:\\banyan-video\\venv\\Scripts\\python.exe", "C:\\banyan-farm\\ltx_i2v.py", "--stage", "render", "--embeds", "C:\\banyan-farm\\v34-plates-0810\\ltx-embeds-b08plate.pt", "--prompt-file", "C:\\banyan-farm\\b08plate-prompt.txt", "--negative-file", "C:\\banyan-farm\\b08plate-negative.txt", "--init", "C:\\banyan-farm\\v34-plates-0810\\08-704x1280.png", "--out", "C:\\banyan-farm\\v34-motion-0810\\08-ltx-r2-plate-313f-s20260739.mp4", "--size", "704x1280", "--frames", "313", "--fps", "24", "--steps", "8", "--guidance", "1.0", "--distilled-sigmas", "--two-stage", "--seed", "20260739", "--beat", "8", "--task", "ep1-b08-313f-vo-length-0811", "--worker", "rtx5090"]
-- begin-render: phys 11.3/68.1GB, commit 14.5/128.2GB (load 16%)
transformer  C:\Users\artvn\.cache\huggingface\hub\models--diffusers--LTX-2.3-Distilled-Diffusers\snapshots\432e0d3c2d1769aaa4d295f9243f7062bf6b47ee [subfolder=transformer, bf16]
scheduler    C:\Users\artvn\.cache\huggingface\hub\models--diffusers--LTX-2.3-Distilled-Diffusers\snapshots\432e0d3c2d1769aaa4d295f9243f7062bf6b47ee [subfolder=scheduler, distilled]
other parts  C:\Users\artvn\.cache\huggingface\hub\models--diffusers--LTX-2.3-Diffusers\snapshots\8eee8edcf067e838b843f926ec4d4cc9b2be1aaf
-- load-transformer-bf16-38GB: phys 12.1/68.1GB, commit 16.3/128.2GB (load 17%)

Loading checkpoint shards:   0%|          | 0/8 [00:00<?, ?it/s]
Loading checkpoint shards:  38%|███▊      | 3/8 [00:00<00:00, 27.20it/s]
Loading checkpoint shards:  75%|███████▌  | 6/8 [00:00<00:00, 19.90it/s]
Loading checkpoint shards: 100%|██████████| 8/8 [00:00<00:00, 23.76it/s]
-- load-connectors-12.7GB-and-vae: phys 12.1/68.1GB, commit 54.7/128.2GB (load 17%)

Loading checkpoint shards:   0%|          | 0/2 [00:00<?, ?it/s]
Loading checkpoint shards: 100%|██████████| 2/2 [00:00<00:00, 63.46it/s]
-- offload-setup: phys 12.1/68.1GB, commit 64.3/128.2GB (load 17%)
C:\banyan-video\venv\Lib\site-packages\accelerate\utils\modeling.py:345: UserWarning: expandable_segments not supported on this platform (Triggered internally at C:\actions-runner\_work\pytorch\pytorch\pytorch\c10/cuda/CUDAAllocatorConfig.h:39.)
  new_value = old_value.to(device, non_blocking=non_blocking)
-- stage1-denoise-352x640-8steps: phys 13.0/68.1GB, commit 64.6/128.2GB (load 19%)

  0%|          | 0/8 [00:00<?, ?it/s]
 12%|█▎        | 1/8 [00:25<02:55, 25.11s/it]
 25%|██▌       | 2/8 [00:39<01:51, 18.53s/it]
 38%|███▊      | 3/8 [00:52<01:20, 16.18s/it]
 50%|█████     | 4/8 [01:04<00:58, 14.60s/it]
 62%|██████▎   | 5/8 [01:18<00:42, 14.17s/it]
 75%|███████▌  | 6/8 [01:30<00:27, 13.51s/it]
 88%|████████▊ | 7/8 [01:42<00:13, 13.16s/it]
100%|██████████| 8/8 [01:54<00:00, 12.83s/it]
100%|██████████| 8/8 [01:54<00:00, 14.35s/it]
stage1 latents (1, 128, 40, 20, 11)
-- upsample-2x-latent: phys 59.1/68.1GB, commit 67.8/128.2GB (load 86%)
There are modules in LTX2LatentUpsamplerModel that should be kept in float32: []. Casting directly with `to()` can lead to inconsistent results; set `torch_dtype` in `from_pretrained()` instead to keep these modules in float32.
upsampled latents (1, 128, 40, 40, 22)
-- stage2-refine-704x1280-3steps: phys 59.4/68.1GB, commit 68.3/128.2GB (load 87%)

  0%|          | 0/3 [00:00<?, ?it/s]
 33%|███▎      | 1/3 [00:51<01:42, 51.20s/it]
 67%|██████▋   | 2/3 [01:46<00:53, 53.46s/it]
100%|██████████| 3/3 [02:38<00:00, 52.98s/it]
100%|██████████| 3/3 [02:38<00:00, 52.89s/it]
-- decode-and-export: phys 63.9/68.1GB, commit 75.0/128.2GB (load 93%)
[1/1] wrote C:\banyan-farm\v34-motion-0810\08-ltx-r2-plate-313f-s20260739.mp4 in 306s (313 frames, 704x1280, 8@352x640+3@704x1280 steps, peak torch 14.7GB, device 3.5/26GB)
{"sample_s": 306.3, "peak_gb": 14.7, "peak_commit_gb": 88.0, "frames": 313, "size": "704x1280", "steps": "8@352x640+3@704x1280", "two_stage": true, "image_crf": 0, "offload": "sequential"}
{"peak_commit_gb": 88.0, "peak_phys_gb": 65.0, "last_stage": "decode-and-export"}
==== step render END rc=0 2026-08-11T04:26:13Z ====
#### job ep1-b08-313f-vo-length-0811-1786421936 finished rc=0 2026-08-11T04:26:13Z
