#### job ep1-b13-seedB-0813-1786611597 attempt 1 start 2026-08-13T09:41:08Z

==== step plate START 2026-08-13T09:41:12Z ====
argv: ["C:\\banyan-video\\venv\\Scripts\\python.exe", "-c", "import sys; sys.path.insert(0, r\"C:\\banyan-farm\\banyan-city\\pipeline\")\nfrom plate_prep import prepare_plate\nout, rec = prepare_plate(\n    r\"C:\\banyan-farm\\banyan-city\\genomes\\sapling\\nodes\\001-capability-inventory\\stills\\13-i-always-left.png\",\n    \"704x1280\", r\"C:\\banyan-farm\\v34-r2\", \"13\")\nprint(\"plate\", out); print(rec[\"plate_wxh\"], rec[\"crop_policy\"])\nprint(\"source_sha256\", rec[\"sha256\"])\n"]
plate C:\banyan-farm\v34-r2\13-704x1280.png
704x1280 cover-centre (render_t3 policy: scale to cover, then centre crop): 832x1216, cropped 163px of width (81 left, 82 right) = 19.6%, kept 669x1216, LANCZOS to 704x1280
source_sha256 2f0d370eb201666d341f84aa83be987e6880ccda1cc6cb6d9793c3b9f1f02de4
==== step plate END rc=0 2026-08-13T09:41:13Z ====

==== step encode START 2026-08-13T09:41:13Z ====
argv: ["C:\\banyan-video\\venv\\Scripts\\python.exe", "C:\\banyan-farm\\banyan-city\\pipeline\\ltx_i2v.py", "--stage", "encode", "--jobs", "C:\\banyan-farm\\v34-r2\\b13-jobs-encode.json"]
-- begin-encode: phys 10.4/68.1GB, commit 12.1/115.3GB (load 15%)
loading text encoder from C:\Users\artvn\.cache\huggingface\hub\models--Lightricks--gemma-3-12b-it-qat-q4_0-unquantized\snapshots\d62fe4f1995ade703b49a0f3c0d0f161237ef437

Loading weights:   0%|          | 0/1065 [00:00<?, ?it/s]
Loading weights:  35%|███▍      | 369/1065 [00:00<00:00, 3343.50it/s]
Loading weights:  66%|██████▌   | 704/1065 [00:00<00:00, 2917.73it/s]
Loading weights:  94%|█████████▍| 1003/1065 [00:00<00:00, 2830.20it/s]
Loading weights: 100%|██████████| 1065/1065 [00:00<00:00, 2938.51it/s]
-- encode-beat-13: phys 11.6/68.1GB, commit 38.9/115.3GB (load 16%)
[1/1] encoded beat 13 to C:\banyan-farm\v34-r2\b13-embeds.pt (1, 1024, 188160)
{"peak_commit_gb": 41.5, "peak_phys_gb": 37.6, "last_stage": "encode-beat-13"}
==== step encode END rc=0 2026-08-13T09:42:58Z ====

==== step render START 2026-08-13T09:42:58Z ====
argv: ["C:\\banyan-video\\venv\\Scripts\\python.exe", "C:\\banyan-farm\\banyan-city\\pipeline\\ltx_i2v.py", "--stage", "render", "--jobs", "C:\\banyan-farm\\v34-r2\\b13-jobs-render-217.json", "--size", "704x1280", "--frames", "217", "--fps", "24", "--guidance", "1.0", "--distilled-sigmas", "--two-stage", "--image-crf", "33", "--offload", "sequential", "--mode", "production", "--task", "ep1-b13-seedB-0813-0811", "--worker", "rtx5090", "--bench-jsonl", "C:\\banyan-farm\\v34-r2\\bench-b13-217f.jsonl", "--bench-label", "b13-217f-vo-length"]
recipe: offload=sequential quantisation=none (bf16)
-- begin-render: phys 10.5/68.1GB, commit 12.2/115.3GB (load 15%)
transformer  C:\Users\artvn\.cache\huggingface\hub\models--diffusers--LTX-2.3-Distilled-Diffusers\snapshots\432e0d3c2d1769aaa4d295f9243f7062bf6b47ee [subfolder=transformer, bf16]
scheduler    C:\Users\artvn\.cache\huggingface\hub\models--diffusers--LTX-2.3-Distilled-Diffusers\snapshots\432e0d3c2d1769aaa4d295f9243f7062bf6b47ee [subfolder=scheduler, distilled]
other parts  C:\Users\artvn\.cache\huggingface\hub\models--diffusers--LTX-2.3-Diffusers\snapshots\8eee8edcf067e838b843f926ec4d4cc9b2be1aaf
-- load-transformer-bf16-38GB: phys 11.2/68.1GB, commit 14.1/115.3GB (load 16%)

Loading checkpoint shards:   0%|          | 0/8 [00:00<?, ?it/s]
Loading checkpoint shards:  12%|█▎        | 1/8 [00:00<00:00,  8.46it/s]
Loading checkpoint shards:  25%|██▌       | 2/8 [00:00<00:00,  8.52it/s]
Loading checkpoint shards:  38%|███▊      | 3/8 [00:00<00:00,  8.84it/s]
Loading checkpoint shards:  50%|█████     | 4/8 [00:00<00:00,  6.18it/s]
Loading checkpoint shards:  62%|██████▎   | 5/8 [00:00<00:00,  7.01it/s]
Loading checkpoint shards:  75%|███████▌  | 6/8 [00:00<00:00,  7.63it/s]
Loading checkpoint shards:  88%|████████▊ | 7/8 [00:00<00:00,  8.17it/s]
Loading checkpoint shards: 100%|██████████| 8/8 [00:00<00:00,  8.24it/s]
-- load-connectors-12.7GB-and-vae: phys 11.3/68.1GB, commit 52.4/115.3GB (load 16%)

Loading checkpoint shards:   0%|          | 0/2 [00:00<?, ?it/s]
Loading checkpoint shards: 100%|██████████| 2/2 [00:00<00:00, 40.54it/s]
-- offload-setup-sequential: phys 11.3/68.1GB, commit 62.0/115.3GB (load 16%)
C:\banyan-video\venv\Lib\site-packages\accelerate\utils\modeling.py:345: UserWarning: expandable_segments not supported on this platform (Triggered internally at C:\actions-runner\_work\pytorch\pytorch\pytorch\c10/cuda/CUDAAllocatorConfig.h:39.)
  new_value = old_value.to(device, non_blocking=non_blocking)
conditioning still round-tripped through libx264 crf=33 -> C:\banyan-farm\v34-r2\cond-crf-13.png
-- stage1-denoise-352x640-8steps: phys 12.2/68.1GB, commit 62.4/115.3GB (load 17%)

  0%|          | 0/8 [00:00<?, ?it/s]
 12%|█▎        | 1/8 [01:06<07:43, 66.29s/it]
 25%|██▌       | 2/8 [01:16<03:19, 33.31s/it]
 38%|███▊      | 3/8 [01:25<01:51, 22.34s/it]
 50%|█████     | 4/8 [01:34<01:08, 17.09s/it]
 62%|██████▎   | 5/8 [01:44<00:42, 14.33s/it]
 75%|███████▌  | 6/8 [01:53<00:25, 12.68s/it]
 88%|████████▊ | 7/8 [02:03<00:11, 11.69s/it]
100%|██████████| 8/8 [02:13<00:00, 11.09s/it]
100%|██████████| 8/8 [02:13<00:00, 16.65s/it]
stage1 latents (1, 128, 28, 20, 11)
-- upsample-2x-latent: phys 57.7/68.1GB, commit 63.9/115.3GB (load 84%)
There are modules in LTX2LatentUpsamplerModel that should be kept in float32: []. Casting directly with `to()` can lead to inconsistent results; set `torch_dtype` in `from_pretrained()` instead to keep these modules in float32.
upsampled latents (1, 128, 28, 40, 22)
-- stage2-refine-704x1280-3steps: phys 58.5/68.1GB, commit 65.1/115.3GB (load 85%)

  0%|          | 0/3 [00:00<?, ?it/s]
 33%|███▎      | 1/3 [00:33<01:06, 33.35s/it]
 67%|██████▋   | 2/3 [01:07<00:34, 34.05s/it]
100%|██████████| 3/3 [01:42<00:00, 34.32s/it]
100%|██████████| 3/3 [01:42<00:00, 34.18s/it]
-- decode-and-export: phys 62.5/68.1GB, commit 67.7/115.3GB (load 91%)
[1/1] wrote C:\banyan-farm\v34-r2\13-i-always-left-LTX-seedB.mp4 in 269s (217 frames, 704x1280, 8@352x640+3@704x1280 steps, peak torch 10.6GB, device 2.7/26GB)
THROUGHPUT 0.0336 s(video)/s(wall) (1 x 9.042s of video in 269s)
bench row -> C:\banyan-farm\v34-r2\bench-b13-217f.jsonl
{"sample_s": 269.4, "peak_gb": 10.6, "peak_commit_gb": 76.5, "frames": 217, "size": "704x1280", "steps": "8@352x640+3@704x1280", "batch": 1, "mode": "production", "throughput_s_per_s": 0.0336, "two_stage": true, "image_crf": 33, "offload": "sequential", "quantisation": null}
{"peak_commit_gb": 76.5, "peak_phys_gb": 63.7, "last_stage": "decode-and-export"}
==== step render END rc=0 2026-08-13T09:47:43Z ====

==== step publish START 2026-08-13T09:47:43Z ====
argv: ["C:\\banyan-farm\\venv\\Scripts\\python.exe", "-c", "import glob, hashlib, os, shutil\ndst = \"C:/banyan-farm/courier-box/farm-out/ep1-b13-seedB\"\nos.makedirs(dst, exist_ok=True)\nsrc = sorted(glob.glob(\"C:/banyan-farm/v34-r2/13-i-always-left-LTX-seedB.mp4*\"))\nlines = []\nfor f in src:\n    shutil.copy2(f, dst)\n    c = os.path.join(dst, os.path.basename(f))\n    with open(c, \"rb\") as fh:\n        h = hashlib.sha256(fh.read()).hexdigest()\n    lines.append(h + \"  \" + os.path.basename(f))\nwith open(os.path.join(dst, \"ep1-b13-seedB-0813.sha256\"), \"w\", newline=\"\\n\") as fh:\n    fh.write(\"\\n\".join(lines) + \"\\n\")\nprint(\"published\", len(src), \"file(s) ->\", dst)\nraise SystemExit(0 if len(src) >= 1 else 1)\n"]
published 2 file(s) -> C:/banyan-farm/courier-box/farm-out/ep1-b13-seedB
==== step publish END rc=0 2026-08-13T09:47:43Z ====
#### job ep1-b13-seedB-0813-1786611597 finished rc=0 2026-08-13T09:47:43Z
