#### job ep1-b07-385f-cloudshigh-0811-1786432779 attempt 1 start 2026-08-11T07:22:37Z

==== step encode START 2026-08-11T07:22:40Z ====
argv: ["C:\\banyan-video\\venv\\Scripts\\python.exe", "C:\\banyan-farm\\banyan-city\\pipeline\\ltx_i2v.py", "--stage", "encode", "--jobs", "C:\\banyan-farm\\v34-r2\\b07-cloudshigh-jobs-encode.json"]
-- begin-encode: phys 11.3/68.1GB, commit 14.5/128.2GB (load 16%)
loading text encoder from C:\Users\artvn\.cache\huggingface\hub\models--Lightricks--gemma-3-12b-it-qat-q4_0-unquantized\snapshots\d62fe4f1995ade703b49a0f3c0d0f161237ef437

Loading weights:   0%|          | 0/1065 [00:00<?, ?it/s]
Loading weights:  30%|███       | 324/1065 [00:00<00:00, 2907.84it/s]
Loading weights:  67%|██████▋   | 710/1065 [00:00<00:00, 3238.75it/s]
Loading weights: 100%|██████████| 1065/1065 [00:00<00:00, 3524.64it/s]
-- encode-beat-07: phys 12.5/68.1GB, commit 41.3/128.2GB (load 18%)
[1/1] encoded beat 7 to C:\banyan-farm\v34-r2\b07-cloudshigh-embeds.pt (1, 1024, 188160)
{"peak_commit_gb": 43.4, "peak_phys_gb": 38.0, "last_stage": "encode-beat-07"}
==== step encode END rc=0 2026-08-11T07:24:13Z ====

==== step render START 2026-08-11T07:24:13Z ====
argv: ["C:\\banyan-video\\venv\\Scripts\\python.exe", "C:\\banyan-farm\\banyan-city\\pipeline\\ltx_i2v.py", "--stage", "render", "--jobs", "C:\\banyan-farm\\v34-r2\\b07-cloudshigh-jobs-render-385.json", "--size", "704x1280", "--frames", "385", "--fps", "24", "--guidance", "1.0", "--distilled-sigmas", "--two-stage", "--image-crf", "33", "--offload", "sequential", "--mode", "production", "--task", "ep1-b07-385f-cloudshigh-0811", "--worker", "rtx5090", "--bench-jsonl", "C:\\banyan-farm\\v34-r2\\bench-b07-385f-cloudshigh.jsonl", "--bench-label", "b07-385f-cloudshigh"]
recipe: offload=sequential quantisation=none (bf16)
-- begin-render: phys 11.4/68.1GB, commit 14.5/128.2GB (load 16%)
transformer  C:\Users\artvn\.cache\huggingface\hub\models--diffusers--LTX-2.3-Distilled-Diffusers\snapshots\432e0d3c2d1769aaa4d295f9243f7062bf6b47ee [subfolder=transformer, bf16]
scheduler    C:\Users\artvn\.cache\huggingface\hub\models--diffusers--LTX-2.3-Distilled-Diffusers\snapshots\432e0d3c2d1769aaa4d295f9243f7062bf6b47ee [subfolder=scheduler, distilled]
other parts  C:\Users\artvn\.cache\huggingface\hub\models--diffusers--LTX-2.3-Diffusers\snapshots\8eee8edcf067e838b843f926ec4d4cc9b2be1aaf
-- load-transformer-bf16-38GB: phys 12.1/68.1GB, commit 16.4/128.2GB (load 17%)

Loading checkpoint shards:   0%|          | 0/8 [00:00<?, ?it/s]
Loading checkpoint shards:  12%|█▎        | 1/8 [00:00<00:00,  9.36it/s]
Loading checkpoint shards:  25%|██▌       | 2/8 [00:00<00:00,  9.72it/s]
Loading checkpoint shards:  50%|█████     | 4/8 [00:00<00:00,  8.47it/s]
Loading checkpoint shards: 100%|██████████| 8/8 [00:00<00:00, 14.29it/s]
-- load-connectors-12.7GB-and-vae: phys 12.1/68.1GB, commit 54.7/128.2GB (load 17%)

Loading checkpoint shards:   0%|          | 0/2 [00:00<?, ?it/s]
Loading checkpoint shards: 100%|██████████| 2/2 [00:00<00:00, 205.11it/s]
-- offload-setup-sequential: phys 12.2/68.1GB, commit 64.3/128.2GB (load 17%)
C:\banyan-video\venv\Lib\site-packages\accelerate\utils\modeling.py:345: UserWarning: expandable_segments not supported on this platform (Triggered internally at C:\actions-runner\_work\pytorch\pytorch\pytorch\c10/cuda/CUDAAllocatorConfig.h:39.)
  new_value = old_value.to(device, non_blocking=non_blocking)
conditioning still round-tripped through libx264 crf=33 -> C:\banyan-farm\v34-r2\cond-crf-07.png
-- stage1-denoise-352x640-8steps: phys 13.0/68.1GB, commit 64.7/128.2GB (load 19%)

  0%|          | 0/8 [00:00<?, ?it/s]
 12%|█▎        | 1/8 [01:10<08:16, 70.91s/it]
 25%|██▌       | 2/8 [01:32<04:11, 42.00s/it]
 38%|███▊      | 3/8 [01:46<02:26, 29.24s/it]
 50%|█████     | 4/8 [02:01<01:33, 23.47s/it]
 62%|██████▎   | 5/8 [02:15<01:00, 20.01s/it]
 75%|███████▌  | 6/8 [02:29<00:36, 18.04s/it]
 88%|████████▊ | 7/8 [02:44<00:17, 17.10s/it]
100%|██████████| 8/8 [03:00<00:00, 16.63s/it]
100%|██████████| 8/8 [03:00<00:00, 22.53s/it]
stage1 latents (1, 128, 49, 20, 11)
-- upsample-2x-latent: phys 56.9/68.1GB, commit 67.4/128.2GB (load 83%)
There are modules in LTX2LatentUpsamplerModel that should be kept in float32: []. Casting directly with `to()` can lead to inconsistent results; set `torch_dtype` in `from_pretrained()` instead to keep these modules in float32.
upsampled latents (1, 128, 49, 40, 22)
-- stage2-refine-704x1280-3steps: phys 57.1/68.1GB, commit 67.6/128.2GB (load 83%)

  0%|          | 0/3 [00:00<?, ?it/s]
 33%|███▎      | 1/3 [01:12<02:25, 72.89s/it]
 67%|██████▋   | 2/3 [02:25<01:12, 72.75s/it]
100%|██████████| 3/3 [03:38<00:00, 73.06s/it]
100%|██████████| 3/3 [03:38<00:00, 72.99s/it]
-- decode-and-export: phys 57.7/68.1GB, commit 73.3/128.2GB (load 84%)
[1/1] wrote C:\banyan-farm\v34-r2\07-zero-0-moving-parts-LTX-385f-cloudshigh.mp4 in 437s (385 frames, 704x1280, 8@352x640+3@704x1280 steps, peak torch 17.8GB, device 2.9/26GB)
THROUGHPUT 0.0367 s(video)/s(wall) (1 x 16.042s of video in 437s)
bench row -> C:\banyan-farm\v34-r2\bench-b07-385f-cloudshigh.jsonl
{"sample_s": 436.8, "peak_gb": 17.8, "peak_commit_gb": 89.1, "frames": 385, "size": "704x1280", "steps": "8@352x640+3@704x1280", "batch": 1, "mode": "production", "throughput_s_per_s": 0.0367, "two_stage": true, "image_crf": 33, "offload": "sequential", "quantisation": null}
{"peak_commit_gb": 89.1, "peak_phys_gb": 59.9, "last_stage": "decode-and-export"}
==== step render END rc=0 2026-08-11T07:31:47Z ====

==== step publish START 2026-08-11T07:31:47Z ====
argv: ["C:\\banyan-farm\\venv\\Scripts\\python.exe", "-c", "import glob, hashlib, os, shutil\ndst = \"C:/banyan-farm/courier-box/farm-out/ep1-b07-385f-cloudshigh\"\nos.makedirs(dst, exist_ok=True)\nsrc = sorted(glob.glob(\"C:/banyan-farm/v34-r2/07-zero-0-moving-parts-LTX-385f-cloudshigh.mp4\")\n             + glob.glob(\"C:/banyan-farm/v34-r2/bench-b07-385f-cloudshigh.jsonl\"))\nlines = []\nfor f in src:\n    shutil.copy2(f, dst)\n    c = os.path.join(dst, os.path.basename(f))\n    with open(c, \"rb\") as fh:\n        h = hashlib.sha256(fh.read()).hexdigest()\n    lines.append(h + \"  \" + os.path.basename(f))\nwith open(os.path.join(dst, \"ep1-b07-385f-cloudshigh.sha256\"), \"w\") as fh:\n    fh.write(\"\\n\".join(lines) + \"\\n\")\nprint(\"published\", len(src), \"file(s) + manifest ->\", dst)\n# the mp4 is the deliverable; the bench line is a bonus.\nraise SystemExit(0 if len(src) >= 1 else 1)\n"]
published 2 file(s) + manifest -> C:/banyan-farm/courier-box/farm-out/ep1-b07-385f-cloudshigh
==== step publish END rc=0 2026-08-11T07:31:48Z ====
#### job ep1-b07-385f-cloudshigh-0811-1786432779 finished rc=0 2026-08-11T07:31:48Z
