#### job ep2-b19-dropmotion-0819-1787128259 attempt 1 start 2026-08-19T08:32:43Z

==== step fetch START 2026-08-19T08:32:47Z ====
argv: ["C:\\banyan-farm\\venv\\Scripts\\python.exe", "C:\\banyan-farm\\ep2-b19-dropmotion-0819\\fetch_init.py"]
fetched b19-sapgloss-s20260819.png 1033711 bytes sha 5a62ff900df2e22c45df8d5b8c0a22c85f374a53cd7fa9b64483e7716d77c11c OK
==== step fetch END rc=0 2026-08-19T08:32:48Z ====

==== step crop START 2026-08-19T08:32:48Z ====
argv: ["C:\\banyan-farm\\venv\\Scripts\\python.exe", "C:\\banyan-farm\\ep2-b19-dropmotion-0819\\cover_crop.py", "--src", "C:\\banyan-farm\\courier-box\\farm-out\\ep2-b19-sapgloss-0819\\b19-sapgloss-s20260819.png", "--sha256", "5a62ff900df2e22c45df8d5b8c0a22c85f374a53cd7fa9b64483e7716d77c11c", "--out", "C:\\banyan-farm\\ep2-b19-dropmotion-0819-out\\b19-init-704x1280.png", "--size", "704x1280", "--anchor", "right"]
src 832x1216 sha 5a62ff900df2e22c45df8d5b8c0a22c85f374a53cd7fa9b64483e7716d77c11c
cover-crop scale=1.0526 -> 876x1280, anchor=right box (172,0)
WROTE C:\banyan-farm\ep2-b19-dropmotion-0819-out\b19-init-704x1280.png
==== step crop END rc=0 2026-08-19T08:32:48Z ====

==== step framing START 2026-08-19T08:32:48Z ====
argv: ["C:\\banyan-farm\\venv\\Scripts\\python.exe", "C:\\banyan-farm\\ep2-b19-dropmotion-0819\\assert_framing.py", "C:\\banyan-farm\\ep2-b19-dropmotion-0819-out\\b19-init-704x1280.png"]
fruit bbox x 610..642 y 903..946  n=1132
FRAMING OK -- fruit aloft, clear of both the frame edge and the body zone. gap to body zone 110px, fall clearance to grass ~32px
==== step framing END rc=0 2026-08-19T08:32:48Z ====

==== step encode START 2026-08-19T08:32:48Z ====
argv: ["C:\\banyan-video\\venv\\Scripts\\python.exe", "C:\\banyan-farm\\banyan-city\\pipeline\\ltx_i2v.py", "--stage", "encode", "--jobs", "C:\\banyan-farm\\ep2-b19-dropmotion-0819\\b19-jobs-encode.json"]
-- begin-encode: phys 10.7/68.1GB, commit 12.6/115.3GB (load 15%)
loading text encoder from C:\Users\artvn\.cache\huggingface\hub\models--Lightricks--gemma-3-12b-it-qat-q4_0-unquantized\snapshots\d62fe4f1995ade703b49a0f3c0d0f161237ef437

Loading weights:   0%|          | 0/1065 [00:00<?, ?it/s]
Loading weights:  26%|██▌       | 274/1065 [00:00<00:00, 2485.42it/s]
Loading weights:  52%|█████▏    | 551/1065 [00:00<00:00, 2500.42it/s]
Loading weights:  76%|███████▌  | 805/1065 [00:00<00:00, 2503.51it/s]
Loading weights: 100%|██████████| 1065/1065 [00:00<00:00, 2819.28it/s]
-- encode-beat-19: phys 11.9/68.1GB, commit 39.4/115.3GB (load 17%)
[1/1] encoded beat 19 to C:\banyan-farm\ep2-b19-dropmotion-0819-out\b19-embeds.pt (1, 1024, 188160)
{"peak_commit_gb": 42.4, "peak_phys_gb": 37.9, "last_stage": "encode-beat-19"}
==== step encode END rc=0 2026-08-19T08:34:20Z ====

==== step render START 2026-08-19T08:34:20Z ====
argv: ["C:\\banyan-video\\venv\\Scripts\\python.exe", "C:\\banyan-farm\\banyan-city\\pipeline\\ltx_i2v.py", "--stage", "render", "--jobs", "C:\\banyan-farm\\ep2-b19-dropmotion-0819\\b19-jobs-render.json", "--size", "704x1280", "--frames", "121", "--fps", "24", "--guidance", "2.0", "--distilled-sigmas", "--two-stage", "--image-crf", "10", "--offload", "sequential", "--mode", "production", "--task", "ep2-b19-dropmotion-0819", "--worker", "rtx5090", "--bench-jsonl", "C:\\banyan-farm\\ep2-b19-dropmotion-0819-out\\bench-b19-dropmotion.jsonl", "--bench-label", "ep2-b19-dropmotion-0819"]
recipe: offload=sequential quantisation=none (bf16)
-- begin-render: phys 10.8/68.1GB, commit 12.7/115.3GB (load 15%)
transformer  C:\Users\artvn\.cache\huggingface\hub\models--diffusers--LTX-2.3-Distilled-Diffusers\snapshots\432e0d3c2d1769aaa4d295f9243f7062bf6b47ee [subfolder=transformer, bf16]
scheduler    C:\Users\artvn\.cache\huggingface\hub\models--diffusers--LTX-2.3-Distilled-Diffusers\snapshots\432e0d3c2d1769aaa4d295f9243f7062bf6b47ee [subfolder=scheduler, distilled]
other parts  C:\Users\artvn\.cache\huggingface\hub\models--diffusers--LTX-2.3-Diffusers\snapshots\8eee8edcf067e838b843f926ec4d4cc9b2be1aaf
-- load-transformer-bf16-38GB: phys 11.5/68.1GB, commit 14.5/115.3GB (load 16%)

Loading checkpoint shards:   0%|          | 0/8 [00:00<?, ?it/s]
Loading checkpoint shards:  25%|██▌       | 2/8 [00:00<00:00, 10.07it/s]
Loading checkpoint shards:  50%|█████     | 4/8 [00:00<00:00,  8.07it/s]
Loading checkpoint shards:  75%|███████▌  | 6/8 [00:00<00:00,  9.47it/s]
Loading checkpoint shards: 100%|██████████| 8/8 [00:00<00:00, 11.92it/s]
Loading checkpoint shards: 100%|██████████| 8/8 [00:00<00:00, 10.67it/s]
-- load-connectors-12.7GB-and-vae: phys 11.6/68.1GB, commit 52.9/115.3GB (load 17%)

Loading checkpoint shards:   0%|          | 0/2 [00:00<?, ?it/s]
Loading checkpoint shards: 100%|██████████| 2/2 [00:00<00:00, 67.77it/s]
-- offload-setup-sequential: phys 11.6/68.1GB, commit 62.5/115.3GB (load 17%)
C:\banyan-video\venv\Lib\site-packages\accelerate\utils\modeling.py:345: UserWarning: expandable_segments not supported on this platform (Triggered internally at C:\actions-runner\_work\pytorch\pytorch\pytorch\c10/cuda/CUDAAllocatorConfig.h:39.)
  new_value = old_value.to(device, non_blocking=non_blocking)
conditioning still round-tripped through libx264 crf=10 -> C:\banyan-farm\ep2-b19-dropmotion-0819-out\cond-crf-19.png
-- stage1-denoise-352x640-8steps: phys 12.5/68.1GB, commit 62.9/115.3GB (load 18%)

  0%|          | 0/8 [00:00<?, ?it/s]
 12%|█▎        | 1/8 [01:10<08:12, 70.39s/it]
 25%|██▌       | 2/8 [01:24<03:42, 37.16s/it]
 38%|███▊      | 3/8 [01:34<02:03, 24.80s/it]
 50%|█████     | 4/8 [01:44<01:15, 18.98s/it]
 62%|██████▎   | 5/8 [01:54<00:47, 15.92s/it]
 75%|███████▌  | 6/8 [02:05<00:27, 13.96s/it]
 88%|████████▊ | 7/8 [02:14<00:12, 12.58s/it]
100%|██████████| 8/8 [02:24<00:00, 11.65s/it]
100%|██████████| 8/8 [02:24<00:00, 18.06s/it]
stage1 latents (1, 128, 16, 20, 11)
-- upsample-2x-latent: phys 58.6/68.1GB, commit 65.6/115.3GB (load 86%)
There are modules in LTX2LatentUpsamplerModel that should be kept in float32: []. Casting directly with `to()` can lead to inconsistent results; set `torch_dtype` in `from_pretrained()` instead to keep these modules in float32.
upsampled latents (1, 128, 16, 40, 22)
-- stage2-refine-704x1280-3steps: phys 60.3/68.1GB, commit 68.3/115.3GB (load 88%)

  0%|          | 0/3 [00:00<?, ?it/s]
 33%|███▎      | 1/3 [00:30<01:00, 30.15s/it]
 67%|██████▋   | 2/3 [01:03<00:32, 32.09s/it]
100%|██████████| 3/3 [01:35<00:00, 31.97s/it]
100%|██████████| 3/3 [01:35<00:00, 31.81s/it]
-- decode-and-export: phys 64.5/68.1GB, commit 72.6/115.3GB (load 94%)
[1/1] wrote C:\banyan-farm\ep2-b19-dropmotion-0819-out\19-the-drop-LTX-sapgloss-0819.mp4 in 264s (121 frames, 704x1280, 8@352x640+3@704x1280 steps, peak torch 12.0GB, device 3.1/26GB)
THROUGHPUT 0.0191 s(video)/s(wall) (1 x 5.042s of video in 264s)
bench row -> C:\banyan-farm\ep2-b19-dropmotion-0819-out\bench-b19-dropmotion.jsonl
{"sample_s": 264.4, "peak_gb": 12.0, "peak_commit_gb": 81.8, "frames": 121, "size": "704x1280", "steps": "8@352x640+3@704x1280", "batch": 1, "mode": "production", "throughput_s_per_s": 0.0191, "two_stage": true, "image_crf": 10, "offload": "sequential", "quantisation": null}
{"peak_commit_gb": 81.8, "peak_phys_gb": 65.2, "last_stage": "decode-and-export"}
==== step render END rc=0 2026-08-19T08:39:01Z ====

==== step stamp START 2026-08-19T08:39:01Z ====
argv: ["C:\\banyan-farm\\venv\\Scripts\\python.exe", "C:\\banyan-farm\\ep2-b19-dropmotion-0819\\stamp_sidecar.py", "C:\\banyan-farm\\ep2-b19-dropmotion-0819-out\\19-the-drop-LTX-sapgloss-0819.mp4.meta.yaml"]
stamped C:\banyan-farm\ep2-b19-dropmotion-0819-out\19-the-drop-LTX-sapgloss-0819.mp4.meta.yaml
==== step stamp END rc=0 2026-08-19T08:39:01Z ====

==== step publish START 2026-08-19T08:39:01Z ====
argv: ["C:\\banyan-farm\\venv\\Scripts\\python.exe", "-c", "# EVERY FILE IS NAMED IN FULL, not matched by a glob. A glob that misses\n# publishes nothing while returning a code that reads like a render\n# failure, and box_enqueue.output_path_problems refuses a spec whose\n# declared artifacts are never named by any step -- which a wildcard\n# defeats. Missing ONE file is a FAIL of the job. No allow_fail anywhere.\nimport hashlib, os, shutil\nout_dir = \"C:/banyan-farm/ep2-b19-dropmotion-0819-out\"\npay_dir = \"C:/banyan-farm/ep2-b19-dropmotion-0819\"\ndst = \"C:/banyan-farm/courier-box/farm-out/ep2-b19-dropmotion-0819\"\nPAIRS = [\n    (out_dir, \"19-the-drop-LTX-sapgloss-0819.mp4\"),\n    (out_dir, \"19-the-drop-LTX-sapgloss-0819.mp4.meta.yaml\"),\n    (out_dir, \"b19-init-704x1280.png\"),\n    (out_dir, \"bench-b19-dropmotion.jsonl\"),\n    (pay_dir, \"b19-motion-prompt.txt\"),\n    (pay_dir, \"b19-negative.txt\"),\n]\nos.makedirs(dst, exist_ok=True)\nlines = []\nfor d, name in PAIRS:\n    f = os.path.join(d, name)\n    if not os.path.isfile(f):\n        raise SystemExit(\"!! missing %s -- refusing to call the job clean.\" % f)\n    shutil.copy2(f, dst)\n    with open(os.path.join(dst, name), \"rb\") as fh:\n        lines.append(hashlib.sha256(fh.read()).hexdigest() + \"  \" + name)\nwith open(os.path.join(dst, \"ep2-b19-dropmotion-0819.sha256\"), \"w\",\n          newline=\"\\n\") as fh:\n    fh.write(\"\\n\".join(sorted(lines)) + \"\\n\")\nprint(\"published\", len(lines), \"file(s) + manifest ->\", dst)\nraise SystemExit(0 if len(lines) == len(PAIRS) else 1)\n"]
published 6 file(s) + manifest -> C:/banyan-farm/courier-box/farm-out/ep2-b19-dropmotion-0819
==== step publish END rc=0 2026-08-19T08:39:01Z ====
#### job ep2-b19-dropmotion-0819-1787128259 finished rc=0 2026-08-19T08:39:01Z
