#### job ep2-b13-i2icanon-s45-0822-1787387265 attempt 1 start 2026-08-22T08:43:29Z

==== step fetch START 2026-08-22T08:43:29Z ====
argv: ["C:\\banyan-farm\\venv\\Scripts\\python.exe", "C:\\banyan-farm\\b13i2icanon-s45-0822\\fetch_init.py"]
fetched goblin-canon-founder-0821.png 1044345 bytes sha b62f333644c2f3161c0d5933f122f32c46c7608d1a97f758f3c53e4692eb4f00 OK
fetched fullframe-mask-0822.png 3278 bytes sha 5cb2f709bfa7eab1aae0ffebb398fefd5224a6da61e5a730779322a84321894b OK
==== step fetch END rc=0 2026-08-22T08:43:30Z ====

==== step dry START 2026-08-22T08:43:30Z ====
argv: ["C:\\banyan-farm\\venv\\Scripts\\python.exe", "C:\\banyan-farm\\b13i2icanon-s45-0822\\inpaint_fruit.py", "--init", "C:\\banyan-farm\\b13i2icanon-s45-0822\\goblin-canon-founder-0821.png", "--init-sha256", "b62f333644c2f3161c0d5933f122f32c46c7608d1a97f758f3c53e4692eb4f00", "--mask-png", "C:\\banyan-farm\\b13i2icanon-s45-0822\\fullframe-mask-0822.png", "--prompt-file", "C:\\banyan-farm\\b13i2icanon-s45-0822\\prompt.txt", "--negative-file", "C:\\banyan-farm\\b13i2icanon-s45-0822\\negative.txt", "--out", "C:\\banyan-farm\\b13i2icanon-s45-0822\\b13-i2icanon-s45-DRY.png", "--steps", "40", "--cfg", "7.5", "--strength", "0.45", "--pad-crop", "0", "--blur", "8", "--seed", "20260823", "--note", "IMG2IMG FROM THE CANON IMAGE, cell s45, strength 0.45. The mask is FULL FRAME (all white), which turns the SDXL inpaint pipeline on base weights into plain img2img: the whole frame is denoised from a latent that still carries the founder's own picture. THERE IS NOTHING TO CHECK ON THE DRY PNG's geometry -- the mask is the frame by construction. The dry step is kept anyway because it verifies the init's sha256 before a model loads, and the init is the canon.", "--dry-run"]
DRY RUN -- no model loaded, nothing rendered.
init_sha256 OK b62f333644c2f3161c0d5933f122f32c46c7608d1a97f758f3c53e4692eb4f00
mask png corners=- bbox=[0, 0, 831, 1215]  0.9988 x 0.9992 of 832x1216
WROTE C:\banyan-farm\b13i2icanon-s45-0822\b13-i2icanon-s45-DRY-mask.png
rc=0 dry_run=1
==== step dry END rc=0 2026-08-22T08:43:30Z ====

==== step s20260820 START 2026-08-22T08:43:30Z ====
argv: ["C:\\banyan-farm\\venv\\Scripts\\python.exe", "C:\\banyan-farm\\b13i2icanon-s45-0822\\inpaint_fruit.py", "--init", "C:\\banyan-farm\\b13i2icanon-s45-0822\\goblin-canon-founder-0821.png", "--init-sha256", "b62f333644c2f3161c0d5933f122f32c46c7608d1a97f758f3c53e4692eb4f00", "--mask-png", "C:\\banyan-farm\\b13i2icanon-s45-0822\\fullframe-mask-0822.png", "--prompt-file", "C:\\banyan-farm\\b13i2icanon-s45-0822\\prompt.txt", "--negative-file", "C:\\banyan-farm\\b13i2icanon-s45-0822\\negative.txt", "--out", "C:\\banyan-farm\\b13i2icanon-s45-0822\\b13-i2icanon-s45-s20260820.png", "--steps", "40", "--cfg", "7.5", "--strength", "0.45", "--pad-crop", "0", "--blur", "8", "--seed", "20260823", "--note", "IMG2IMG FROM THE CANON IMAGE, cell s45, strength 0.45. The mask is FULL FRAME (all white), which turns the SDXL inpaint pipeline on base weights into plain img2img: the whole frame is denoised from a latent that still carries the founder's own picture. THERE IS NOTHING TO CHECK ON THE DRY PNG's geometry -- the mask is the frame by construction. The dry step is kept anyway because it verifies the init's sha256 before a model loads, and the init is the canon."]

Loading pipeline components...:   0%|          | 0/7 [00:00<?, ?it/s]
Loading pipeline components...:  14%|█▍        | 1/7 [00:00<00:00,  6.40it/s]
Loading pipeline components...:  43%|████▎     | 3/7 [00:00<00:00, 12.51it/s]
Loading pipeline components...:  71%|███████▏  | 5/7 [00:01<00:00,  2.22it/s]
Loading pipeline components...: 100%|██████████| 7/7 [00:02<00:00,  2.66it/s]
Loading pipeline components...: 100%|██████████| 7/7 [00:02<00:00,  2.90it/s]
C:\banyan-farm\venv\Lib\site-packages\torch\nn\modules\module.py:1370: UserWarning: expandable_segments not supported on this platform (Triggered internally at C:\actions-runner\_work\pytorch\pytorch\pytorch\c10/cuda/CUDAAllocatorConfig.h:39.)
  return t.to(
MODEL_LOADED cagliostrolab/animagine-xl-3.1 cuda/bfloat16 unet.in_channels=4 in 5s
WROTE C:\banyan-farm\b13i2icanon-s45-0822\b13-i2icanon-s45-s20260820.png
WROTE C:\banyan-farm\b13i2icanon-s45-0822\b13-i2icanon-s45-s20260820-mask.png
WROTE C:\banyan-farm\b13i2icanon-s45-0822\b13-i2icanon-s45-s20260820.png.meta.yaml
rc=0 render_s=5.1
==== step s20260820 END rc=0 2026-08-22T08:43:43Z ====

==== step publish START 2026-08-22T08:43:43Z ====
argv: ["C:\\banyan-farm\\venv\\Scripts\\python.exe", "-c", "# EVERY FILE IS NAMED IN FULL, not matched by a glob. A glob that misses\n# publishes nothing while returning a code that reads like a render failure,\n# and box_enqueue.output_path_problems refuses a spec whose declared artifacts\n# are never named by any step -- which a wildcard defeats. Missing ONE file is\n# a FAIL of the job. No allow_fail anywhere in this spec.\nimport hashlib, os, shutil\nfrom_dir = \"C:/banyan-farm/b13i2icanon-s45-0822\"\ndst = \"C:/banyan-farm/courier-box/farm-out/ep2-b13-i2icanon-s45-r2-0820\"\nNAMES = [\n    \"b13-i2icanon-s45-s20260820.png\",\n    \"b13-i2icanon-s45-s20260820-mask.png\",\n    \"b13-i2icanon-s45-s20260820.png.meta.yaml\",\n    \"goblin-canon-founder-0821.png\",\n    \"fullframe-mask-0822.png\",\n    \"prompt.txt\",\n    \"negative.txt\",\n]\nos.makedirs(dst, exist_ok=True)\nlines = []\nfor name in NAMES:\n    f = os.path.join(from_dir, name)\n    if not os.path.isfile(f):\n        raise SystemExit(\"!! missing %s -- refusing to call the job clean.\" % f)\n    shutil.copy2(f, dst)\n    with open(os.path.join(dst, name), \"rb\") as fh:\n        h = hashlib.sha256(fh.read()).hexdigest()\n    lines.append(h + \"  \" + name)\nwith open(os.path.join(dst, \"ep2-b13-i2icanon-s45-r2-0820.sha256\"), \"w\",\n          newline=\"\\n\") as fh:\n    fh.write(\"\\n\".join(sorted(lines)) + \"\\n\")\nprint(\"published\", len(lines), \"file(s) + manifest ->\", dst)\nraise SystemExit(0 if len(lines) == len(NAMES) else 1)\n"]
published 7 file(s) + manifest -> C:/banyan-farm/courier-box/farm-out/ep2-b13-i2icanon-s45-r2-0820
==== step publish END rc=0 2026-08-22T08:43:43Z ====
#### job ep2-b13-i2icanon-s45-0822-1787387265 finished rc=0 2026-08-22T08:43:43Z
