#### job ep2-b18-tremble-s20260819-0819-1787146832 attempt 1 start 2026-08-19T13:44:29Z

==== step crop START 2026-08-19T13:44:32Z ====
argv: ["C:\\banyan-farm\\venv\\Scripts\\python.exe", "C:\\banyan-farm\\ep2-b18-tremble-s20260819-0819\\cover_crop.py", "--src", "C:\\banyan-farm\\courier-box\\farm-out\\ep2-b18-canon-0817\\18-the-decision-ipa-r2-w015-s2.png", "--sha256", "ab70a4adec4cb7b69df131febea47af2987d0bbab7e8a4c77810048b29e0a3f1", "--out", "C:\\banyan-farm\\ep2-b18-tremble-s20260819-0819\\b18-init-704x1280.png", "--size", "704x1280"]
src 832x1216 sha ab70a4adec4cb7b69df131febea47af2987d0bbab7e8a4c77810048b29e0a3f1
cover-crop scale=1.0526 -> 876x1280, centre box (86,0)
WROTE C:\banyan-farm\ep2-b18-tremble-s20260819-0819\b18-init-704x1280.png
==== step crop END rc=0 2026-08-19T13:44:33Z ====

==== step encode START 2026-08-19T13:44:33Z ====
argv: ["C:\\banyan-video\\venv\\Scripts\\python.exe", "C:\\banyan-farm\\banyan-city\\pipeline\\ltx_i2v.py", "--stage", "encode", "--jobs", "C:\\banyan-farm\\ep2-b18-tremble-s20260819-0819\\b18-jobs-encode.json"]
-- begin-encode: phys 10.7/68.1GB, commit 12.7/115.3GB (load 15%)
loading text encoder from C:\Users\artvn\.cache\huggingface\hub\models--Lightricks--gemma-3-12b-it-qat-q4_0-unquantized\snapshots\d62fe4f1995ade703b49a0f3c0d0f161237ef437

Loading weights:   0%|          | 0/1065 [00:00<?, ?it/s]
Loading weights:  29%|██▊       | 304/1065 [00:00<00:00, 2908.57it/s]
Loading weights:  56%|█████▌    | 595/1065 [00:00<00:00, 2744.62it/s]
Loading weights:  88%|████████▊ | 937/1065 [00:00<00:00, 2911.07it/s]
Loading weights: 100%|██████████| 1065/1065 [00:00<00:00, 2987.03it/s]
-- encode-beat-18: phys 11.9/68.1GB, commit 39.5/115.3GB (load 17%)
[1/1] encoded beat 18 to C:\banyan-farm\ep2-b18-tremble-s20260819-0819\b18-embeds.pt (1, 1024, 188160)
{"peak_commit_gb": 42.0, "peak_phys_gb": 37.7, "last_stage": "encode-beat-18"}
==== step encode END rc=0 2026-08-19T13:46:05Z ====

==== step render START 2026-08-19T13:46:05Z ====
argv: ["C:\\banyan-video\\venv\\Scripts\\python.exe", "C:\\banyan-farm\\banyan-city\\pipeline\\ltx_i2v.py", "--stage", "render", "--jobs", "C:\\banyan-farm\\ep2-b18-tremble-s20260819-0819\\b18-jobs-render.json", "--size", "704x1280", "--frames", "121", "--fps", "24", "--guidance", "2.0", "--distilled-sigmas", "--two-stage", "--image-crf", "33", "--offload", "sequential", "--mode", "production", "--task", "ep2-b18-tremble-s20260819-0819", "--worker", "rtx5090", "--bench-jsonl", "C:\\banyan-farm\\ep2-b18-tremble-s20260819-0819\\bench-ep2-b18-tremble-s20260819-0819.jsonl", "--bench-label", "ep2-b18-tremble-s20260819-0819"]
recipe: offload=sequential quantisation=none (bf16)
-- begin-render: phys 10.7/68.1GB, commit 12.7/115.3GB (load 15%)
transformer  C:\Users\artvn\.cache\huggingface\hub\models--diffusers--LTX-2.3-Distilled-Diffusers\snapshots\432e0d3c2d1769aaa4d295f9243f7062bf6b47ee [subfolder=transformer, bf16]
scheduler    C:\Users\artvn\.cache\huggingface\hub\models--diffusers--LTX-2.3-Distilled-Diffusers\snapshots\432e0d3c2d1769aaa4d295f9243f7062bf6b47ee [subfolder=scheduler, distilled]
other parts  C:\Users\artvn\.cache\huggingface\hub\models--diffusers--LTX-2.3-Diffusers\snapshots\8eee8edcf067e838b843f926ec4d4cc9b2be1aaf
-- load-transformer-bf16-38GB: phys 11.4/68.1GB, commit 14.6/115.3GB (load 16%)

Loading checkpoint shards:   0%|          | 0/8 [00:00<?, ?it/s]
Loading checkpoint shards:  12%|█▎        | 1/8 [00:00<00:00,  9.28it/s]
Loading checkpoint shards:  25%|██▌       | 2/8 [00:00<00:00,  9.53it/s]
Loading checkpoint shards:  50%|█████     | 4/8 [00:00<00:00,  8.52it/s]
Loading checkpoint shards: 100%|██████████| 8/8 [00:00<00:00, 16.40it/s]
Loading checkpoint shards: 100%|██████████| 8/8 [00:00<00:00, 13.84it/s]
-- load-connectors-12.7GB-and-vae: phys 11.5/68.1GB, commit 52.9/115.3GB (load 16%)

Loading checkpoint shards:   0%|          | 0/2 [00:00<?, ?it/s]
Loading checkpoint shards: 100%|██████████| 2/2 [00:00<00:00, 234.65it/s]
-- offload-setup-sequential: phys 11.5/68.1GB, commit 62.5/115.3GB (load 16%)
C:\banyan-video\venv\Lib\site-packages\accelerate\utils\modeling.py:345: UserWarning: expandable_segments not supported on this platform (Triggered internally at C:\actions-runner\_work\pytorch\pytorch\pytorch\c10/cuda/CUDAAllocatorConfig.h:39.)
  new_value = old_value.to(device, non_blocking=non_blocking)
conditioning still round-tripped through libx264 crf=33 -> C:\banyan-farm\ep2-b18-tremble-s20260819-0819\cond-crf-18.png
-- stage1-denoise-352x640-8steps: phys 12.4/68.1GB, commit 62.9/115.3GB (load 18%)

  0%|          | 0/8 [00:00<?, ?it/s]
 12%|█▎        | 1/8 [01:10<08:15, 70.76s/it]
 25%|██▌       | 2/8 [01:26<03:51, 38.65s/it]
 38%|███▊      | 3/8 [01:36<02:07, 25.52s/it]
 50%|█████     | 4/8 [01:47<01:18, 19.52s/it]
 62%|██████▎   | 5/8 [01:57<00:49, 16.37s/it]
 75%|███████▌  | 6/8 [02:07<00:28, 14.12s/it]
 88%|████████▊ | 7/8 [02:17<00:12, 12.70s/it]
100%|██████████| 8/8 [02:27<00:00, 11.78s/it]
100%|██████████| 8/8 [02:27<00:00, 18.41s/it]
stage1 latents (1, 128, 16, 20, 11)
-- upsample-2x-latent: phys 55.2/68.1GB, commit 65.7/115.3GB (load 81%)
There are modules in LTX2LatentUpsamplerModel that should be kept in float32: []. Casting directly with `to()` can lead to inconsistent results; set `torch_dtype` in `from_pretrained()` instead to keep these modules in float32.
upsampled latents (1, 128, 16, 40, 22)
-- stage2-refine-704x1280-3steps: phys 58.2/68.1GB, commit 68.4/115.3GB (load 85%)

  0%|          | 0/3 [00:00<?, ?it/s]
 33%|███▎      | 1/3 [00:31<01:03, 31.69s/it]
 67%|██████▋   | 2/3 [01:06<00:33, 33.41s/it]
100%|██████████| 3/3 [01:37<00:00, 32.28s/it]
100%|██████████| 3/3 [01:37<00:00, 32.42s/it]
-- decode-and-export: phys 64.8/68.1GB, commit 72.7/115.3GB (load 95%)
[1/1] wrote C:\banyan-farm\ep2-b18-tremble-s20260819-0819\18-the-decision-LTX-b18-tremble-s20260819.mp4 in 269s (121 frames, 704x1280, 8@352x640+3@704x1280 steps, peak torch 12.0GB, device 3.1/26GB)
THROUGHPUT 0.0188 s(video)/s(wall) (1 x 5.042s of video in 269s)
bench row -> C:\banyan-farm\ep2-b18-tremble-s20260819-0819\bench-ep2-b18-tremble-s20260819-0819.jsonl
{"sample_s": 268.6, "peak_gb": 12.0, "peak_commit_gb": 81.8, "frames": 121, "size": "704x1280", "steps": "8@352x640+3@704x1280", "batch": 1, "mode": "production", "throughput_s_per_s": 0.0188, "two_stage": true, "image_crf": 33, "offload": "sequential", "quantisation": null}
{"peak_commit_gb": 81.8, "peak_phys_gb": 65.5, "last_stage": "decode-and-export"}
==== step render END rc=0 2026-08-19T13:50:48Z ====

==== step publish START 2026-08-19T13:50:48Z ====
argv: ["C:\\banyan-farm\\venv\\Scripts\\python.exe", "-c", "import glob, hashlib, os, shutil\n# farm-out is NOT gitignored: the runner pushes whatever lands here itself,\n# so a clip that reaches this dir survives without any change to the runner.\ndst = \"C:/banyan-farm/courier-box/farm-out/ep2-b18-tremble-s20260819-0819\"\nos.makedirs(dst, exist_ok=True)\nsrc = sorted(glob.glob(\"C:/banyan-farm/ep2-b18-tremble-s20260819-0819/18-the-decision-LTX-b18-tremble-s20260819.mp4*\")\n             + glob.glob(\"C:/banyan-farm/ep2-b18-tremble-s20260819-0819/b18-init-704x1280.png\")\n             + glob.glob(\"C:/banyan-farm/ep2-b18-tremble-s20260819-0819/bench-ep2-b18-tremble-s20260819-0819.jsonl\"))\nlines = []\nfor f in src:\n    shutil.copy2(f, dst)\n    c = os.path.join(dst, os.path.basename(f))\n    with open(c, \"rb\") as fh:\n        h = hashlib.sha256(fh.read()).hexdigest()\n    lines.append(h + \"  \" + os.path.basename(f))\nwith open(os.path.join(dst, \"ep2-b18-tremble-s20260819-0819.sha256\"), \"w\", newline=\"\\n\") as fh:\n    fh.write(\"\\n\".join(lines) + \"\\n\")\nprint(\"published\", len(src), \"file(s) + manifest ->\", dst)\n# >=2 so a run that wrote the init but no clip cannot pass silently.\nraise SystemExit(0 if len(src) >= 2 else 1)\n"]
published 4 file(s) + manifest -> C:/banyan-farm/courier-box/farm-out/ep2-b18-tremble-s20260819-0819
==== step publish END rc=0 2026-08-19T13:50:48Z ====
#### job ep2-b18-tremble-s20260819-0819-1787146832 finished rc=0 2026-08-19T13:50:48Z
