#### job ep2-b04-canonmotion-0821-1787324443 attempt 1 start 2026-08-21T15:25:29Z

==== step crop START 2026-08-21T15:25:29Z ====
argv: ["C:\\banyan-farm\\venv\\Scripts\\python.exe", "C:\\banyan-farm\\ep2-b04-canonmotion-0821\\cover_crop.py", "--src", "C:\\banyan-farm\\courier-box\\farm-out\\ep2-b04-canon-w2-0821\\ep2-b04-canon-w2-0821-ipahead.png", "--sha256", "98e20fd2f39bd5afdcc62b5945fda1b1c03167d7420a2ae76ffcab5dae280816", "--out", "C:\\banyan-farm\\ep2-b04-canonmotion-0821\\b04-init-704x1280.png", "--size", "704x1280"]
src 832x1216 sha 98e20fd2f39bd5afdcc62b5945fda1b1c03167d7420a2ae76ffcab5dae280816
cover-crop scale=1.0526 -> 876x1280, centre box (86,0)
WROTE C:\banyan-farm\ep2-b04-canonmotion-0821\b04-init-704x1280.png
==== step crop END rc=0 2026-08-21T15:25:29Z ====

==== step encode START 2026-08-21T15:25:29Z ====
argv: ["C:\\banyan-video\\venv\\Scripts\\python.exe", "C:\\banyan-farm\\banyan-city\\pipeline\\ltx_i2v.py", "--stage", "encode", "--jobs", "C:\\banyan-farm\\ep2-b04-canonmotion-0821\\b04-jobs-encode.json"]
-- begin-encode: phys 11.0/68.1GB, commit 12.8/115.3GB (load 16%)
loading text encoder from C:\Users\artvn\.cache\huggingface\hub\models--Lightricks--gemma-3-12b-it-qat-q4_0-unquantized\snapshots\d62fe4f1995ade703b49a0f3c0d0f161237ef437

Loading weights:   0%|          | 0/1065 [00:00<?, ?it/s]
Loading weights:  29%|██▉       | 311/1065 [00:00<00:00, 2827.24it/s]
Loading weights:  56%|█████▌    | 594/1065 [00:00<00:00, 2679.78it/s]
Loading weights:  83%|████████▎ | 887/1065 [00:00<00:00, 2670.82it/s]
Loading weights: 100%|██████████| 1065/1065 [00:00<00:00, 2821.01it/s]
-- encode-beat-20: phys 12.2/68.1GB, commit 39.6/115.3GB (load 17%)
[1/1] encoded beat 20 to C:\banyan-farm\ep2-b04-canonmotion-0821\b04-embeds.pt (1, 1024, 188160)
{"peak_commit_gb": 41.8, "peak_phys_gb": 37.7, "last_stage": "encode-beat-20"}
==== step encode END rc=0 2026-08-21T15:27:02Z ====

==== step render START 2026-08-21T15:27:02Z ====
argv: ["C:\\banyan-video\\venv\\Scripts\\python.exe", "C:\\banyan-farm\\banyan-city\\pipeline\\ltx_i2v.py", "--stage", "render", "--jobs", "C:\\banyan-farm\\ep2-b04-canonmotion-0821\\b04-jobs-render.json", "--size", "704x1280", "--frames", "105", "--fps", "24", "--guidance", "2.0", "--distilled-sigmas", "--two-stage", "--image-crf", "10", "--offload", "sequential", "--mode", "production", "--task", "ep2-b04-canonmotion-0821", "--worker", "rtx5090", "--bench-jsonl", "C:\\banyan-farm\\ep2-b04-canonmotion-0821\\bench-ep2-b04-canonmotion-0821.jsonl", "--bench-label", "ep2-b04-canonmotion-0821"]
recipe: offload=sequential quantisation=none (bf16)
-- begin-render: phys 11.0/68.1GB, commit 12.8/115.3GB (load 16%)
transformer  C:\Users\artvn\.cache\huggingface\hub\models--diffusers--LTX-2.3-Distilled-Diffusers\snapshots\432e0d3c2d1769aaa4d295f9243f7062bf6b47ee [subfolder=transformer, bf16]
scheduler    C:\Users\artvn\.cache\huggingface\hub\models--diffusers--LTX-2.3-Distilled-Diffusers\snapshots\432e0d3c2d1769aaa4d295f9243f7062bf6b47ee [subfolder=scheduler, distilled]
other parts  C:\Users\artvn\.cache\huggingface\hub\models--diffusers--LTX-2.3-Diffusers\snapshots\8eee8edcf067e838b843f926ec4d4cc9b2be1aaf
-- load-transformer-bf16-38GB: phys 11.7/68.1GB, commit 14.6/115.3GB (load 17%)

Loading checkpoint shards:   0%|          | 0/8 [00:00<?, ?it/s]
Loading checkpoint shards:  12%|█▎        | 1/8 [00:00<00:00,  9.59it/s]
Loading checkpoint shards:  25%|██▌       | 2/8 [00:00<00:00,  9.68it/s]
Loading checkpoint shards:  50%|█████     | 4/8 [00:00<00:00,  8.60it/s]
Loading checkpoint shards: 100%|██████████| 8/8 [00:00<00:00, 16.58it/s]
Loading checkpoint shards: 100%|██████████| 8/8 [00:00<00:00, 14.01it/s]
-- load-connectors-12.7GB-and-vae: phys 11.8/68.1GB, commit 53.0/115.3GB (load 17%)

Loading checkpoint shards:   0%|          | 0/2 [00:00<?, ?it/s]
Loading checkpoint shards: 100%|██████████| 2/2 [00:00<00:00, 191.43it/s]
-- offload-setup-sequential: phys 11.8/68.1GB, commit 62.6/115.3GB (load 17%)
C:\banyan-video\venv\Lib\site-packages\accelerate\utils\modeling.py:345: UserWarning: expandable_segments not supported on this platform (Triggered internally at C:\actions-runner\_work\pytorch\pytorch\pytorch\c10/cuda/CUDAAllocatorConfig.h:39.)
  new_value = old_value.to(device, non_blocking=non_blocking)
conditioning still round-tripped through libx264 crf=10 -> C:\banyan-farm\ep2-b04-canonmotion-0821\cond-crf-20.png
-- stage1-denoise-352x640-8steps: phys 12.7/68.1GB, commit 62.9/115.3GB (load 18%)

  0%|          | 0/8 [00:00<?, ?it/s]
 12%|█▎        | 1/8 [01:06<07:48, 66.93s/it]
 25%|██▌       | 2/8 [01:21<03:35, 35.95s/it]
 38%|███▊      | 3/8 [01:30<01:57, 23.56s/it]
 50%|█████     | 4/8 [01:39<01:11, 17.88s/it]
 62%|██████▎   | 5/8 [01:48<00:44, 14.82s/it]
 75%|███████▌  | 6/8 [01:58<00:26, 13.22s/it]
 88%|████████▊ | 7/8 [02:07<00:11, 11.91s/it]
100%|██████████| 8/8 [02:17<00:00, 11.03s/it]
100%|██████████| 8/8 [02:17<00:00, 17.13s/it]
stage1 latents (1, 128, 14, 20, 11)
-- upsample-2x-latent: phys 59.3/68.1GB, commit 65.6/115.3GB (load 87%)
There are modules in LTX2LatentUpsamplerModel that should be kept in float32: []. Casting directly with `to()` can lead to inconsistent results; set `torch_dtype` in `from_pretrained()` instead to keep these modules in float32.
upsampled latents (1, 128, 14, 40, 22)
-- stage2-refine-704x1280-3steps: phys 61.6/68.1GB, commit 68.6/115.3GB (load 90%)

  0%|          | 0/3 [00:00<?, ?it/s]
 33%|███▎      | 1/3 [00:27<00:54, 27.30s/it]
 67%|██████▋   | 2/3 [00:56<00:28, 28.52s/it]
100%|██████████| 3/3 [01:27<00:00, 29.45s/it]
100%|██████████| 3/3 [01:27<00:00, 29.08s/it]
-- decode-and-export: phys 65.1/68.1GB, commit 71.9/115.3GB (load 95%)
[1/1] wrote C:\banyan-farm\ep2-b04-canonmotion-0821\04-evidence-LTX-ep2-b04-canonmotion-0821.mp4 in 246s (105 frames, 704x1280, 8@352x640+3@704x1280 steps, peak torch 10.6GB, device 2.7/26GB)
THROUGHPUT 0.0178 s(video)/s(wall) (1 x 4.375s of video in 246s)
bench row -> C:\banyan-farm\ep2-b04-canonmotion-0821\bench-ep2-b04-canonmotion-0821.jsonl
{"sample_s": 245.7, "peak_gb": 10.6, "peak_commit_gb": 80.5, "frames": 105, "size": "704x1280", "steps": "8@352x640+3@704x1280", "batch": 1, "mode": "production", "throughput_s_per_s": 0.0178, "two_stage": true, "image_crf": 10, "offload": "sequential", "quantisation": null}
{"peak_commit_gb": 80.5, "peak_phys_gb": 65.6, "last_stage": "decode-and-export"}
==== step render END rc=0 2026-08-21T15:31:23Z ====

==== step publish START 2026-08-21T15:31:23Z ====
argv: ["C:\\banyan-farm\\venv\\Scripts\\python.exe", "-c", "import glob, hashlib, os, shutil\n# farm-out is NOT gitignored: the runner pushes whatever lands here itself,\n# so a clip that reaches this dir survives without any change to the runner.\ndst = \"C:/banyan-farm/courier-box/farm-out/ep2-b04-canonmotion-0821\"\nos.makedirs(dst, exist_ok=True)\nsrc = sorted(glob.glob(\"C:/banyan-farm/ep2-b04-canonmotion-0821/04-evidence-LTX-ep2-b04-canonmotion-0821.mp4*\")\n             + glob.glob(\"C:/banyan-farm/ep2-b04-canonmotion-0821/b04-init-704x1280.png\")\n             + glob.glob(\"C:/banyan-farm/ep2-b04-canonmotion-0821/bench-ep2-b04-canonmotion-0821.jsonl\"))\nlines = []\nfor f in src:\n    shutil.copy2(f, dst)\n    c = os.path.join(dst, os.path.basename(f))\n    with open(c, \"rb\") as fh:\n        h = hashlib.sha256(fh.read()).hexdigest()\n    lines.append(h + \"  \" + os.path.basename(f))\nwith open(os.path.join(dst, \"ep2-b04-canonmotion-0821.sha256\"), \"w\", newline=\"\\n\") as fh:\n    fh.write(\"\\n\".join(lines) + \"\\n\")\nprint(\"published\", len(src), \"file(s) + manifest ->\", dst)\n# >=2 so a run that wrote the init but no clip cannot pass silently.\nraise SystemExit(0 if len(src) >= 2 else 1)\n"]
published 4 file(s) + manifest -> C:/banyan-farm/courier-box/farm-out/ep2-b04-canonmotion-0821
==== step publish END rc=0 2026-08-21T15:31:23Z ====
#### job ep2-b04-canonmotion-0821-1787324443 finished rc=0 2026-08-21T15:31:23Z
