Loading pipeline components...:  57%|█████▋    | 4/7 [00:00<00:00, 12.22it/s]
Loading pipeline components...:  86%|████████▌ | 6/7 [00:01<00:00,  2.37it/s]
Loading pipeline components...: 100%|██████████| 7/7 [00:02<00:00,  2.21it/s]
Loading pipeline components...: 100%|██████████| 7/7 [00:02<00:00,  2.77it/s]
C:\banyan-farm\venv\Lib\site-packages\torch\nn\modules\module.py:1370: UserWarning: expandable_segments not supported on this platform (Triggered internally at C:\actions-runner\_work\pytorch\pytorch\pytorch\c10/cuda/CUDAAllocatorConfig.h:39.)
  return t.to(
MODEL_LOADED cuda/bfloat16 in 5s

  0%|          | 0/40 [00:00<?, ?it/s]
  2%|▎         | 1/40 [00:00<00:17,  2.18it/s]
  5%|▌         | 2/40 [00:00<00:11,  3.23it/s]
  8%|▊         | 3/40 [00:00<00:09,  3.82it/s]
 10%|█         | 4/40 [00:01<00:08,  4.01it/s]
 12%|█▎        | 5/40 [00:01<00:08,  4.07it/s]
 15%|█▌        | 6/40 [00:01<00:08,  4.22it/s]
 18%|█▊        | 7/40 [00:01<00:07,  4.40it/s]
 20%|██        | 8/40 [00:01<00:07,  4.49it/s]
 22%|██▎       | 9/40 [00:02<00:07,  4.40it/s]
 25%|██▌       | 10/40 [00:02<00:06,  4.44it/s]
 28%|██▊       | 11/40 [00:02<00:06,  4.44it/s]
 30%|███       | 12/40 [00:02<00:06,  4.54it/s]
 32%|███▎      | 13/40 [00:03<00:05,  4.59it/s]
 35%|███▌      | 14/40 [00:03<00:05,  4.41it/s]
 38%|███▊      | 15/40 [00:03<00:05,  4.45it/s]
 40%|████      | 16/40 [00:03<00:05,  4.52it/s]
 42%|████▎     | 17/40 [00:03<00:05,  4.54it/s]
 45%|████▌     | 18/40 [00:04<00:04,  4.49it/s]
 48%|████▊     | 19/40 [00:04<00:04,  4.52it/s]
 50%|█████     | 20/40 [00:04<00:04,  4.49it/s]
 52%|█████▎    | 21/40 [00:04<00:04,  4.60it/s]
 55%|█████▌    | 22/40 [00:05<00:04,  4.49it/s]
 57%|█████▊    | 23/40 [00:05<00:03,  4.47it/s]
 60%|██████    | 24/40 [00:05<00:03,  4.53it/s]
 62%|██████▎   | 25/40 [00:05<00:03,  4.53it/s]
 65%|██████▌   | 26/40 [00:05<00:03,  4.53it/s]
 68%|██████▊   | 27/40 [00:06<00:02,  4.49it/s]
 70%|███████   | 28/40 [00:06<00:02,  4.53it/s]
 72%|███████▎  | 29/40 [00:06<00:02,  4.52it/s]
 75%|███████▌  | 30/40 [00:06<00:02,  4.52it/s]
 78%|███████▊  | 31/40 [00:07<00:01,  4.52it/s]
 80%|████████  | 32/40 [00:07<00:01,  4.52it/s]
 82%|████████▎ | 33/40 [00:07<00:01,  4.52it/s]
 85%|████████▌ | 34/40 [00:07<00:01,  4.51it/s]
 88%|████████▊ | 35/40 [00:07<00:01,  4.51it/s]
 90%|█████████ | 36/40 [00:08<00:00,  4.51it/s]
 92%|█████████▎| 37/40 [00:08<00:00,  4.48it/s]
 95%|█████████▌| 38/40 [00:08<00:00,  4.52it/s]
 98%|█████████▊| 39/40 [00:08<00:00,  4.52it/s]
100%|██████████| 40/40 [00:09<00:00,  4.52it/s]
100%|██████████| 40/40 [00:09<00:00,  4.41it/s]
   05-the-patrol-wave1-s0.png seed=20260724 10s  (1/4)

  0%|          | 0/40 [00:00<?, ?it/s]
  2%|▎         | 1/40 [00:00<00:07,  4.88it/s]
  5%|▌         | 2/40 [00:00<00:07,  4.96it/s]
  8%|▊         | 3/40 [00:00<00:07,  4.92it/s]
 10%|█         | 4/40 [00:00<00:07,  4.60it/s]
 12%|█▎        | 5/40 [00:01<00:08,  4.36it/s]
 15%|█▌        | 6/40 [00:01<00:07,  4.52it/s]
 18%|█▊        | 7/40 [00:01<00:07,  4.57it/s]
 20%|██        | 8/40 [00:01<00:06,  4.61it/s]
 22%|██▎       | 9/40 [00:01<00:06,  4.48it/s]
 25%|██▌       | 10/40 [00:02<00:06,  4.39it/s]
 28%|██▊       | 11/40 [00:02<00:06,  4.53it/s]
 30%|███       | 12/40 [00:02<00:06,  4.62it/s]
 32%|███▎      | 13/40 [00:02<00:06,  4.49it/s]
 35%|███▌      | 14/40 [00:03<00:05,  4.40it/s]
 38%|███▊      | 15/40 [00:03<00:05,  4.44it/s]
 40%|████      | 16/40 [00:03<00:05,  4.52it/s]
 42%|████▎     | 17/40 [00:03<00:05,  4.56it/s]
 45%|████▌     | 18/40 [00:03<00:04,  4.43it/s]
 48%|████▊     | 19/40 [00:04<00:04,  4.48it/s]
 50%|█████     | 20/40 [00:04<00:04,  4.49it/s]
 52%|█████▎    | 21/40 [00:04<00:04,  4.59it/s]
 55%|█████▌    | 22/40 [00:04<00:04,  4.47it/s]
 57%|█████▊    | 23/40 [00:05<00:03,  4.48it/s]
 60%|██████    | 24/40 [00:05<00:03,  4.48it/s]
 62%|██████▎   | 25/40 [00:05<00:03,  4.59it/s]
 65%|██████▌   | 26/40 [00:05<00:03,  4.56it/s]
 68%|██████▊   | 27/40 [00:05<00:02,  4.45it/s]
 70%|███████   | 28/40 [00:06<00:02,  4.47it/s]
 72%|███████▎  | 29/40 [00:06<00:02,  4.48it/s]
 75%|███████▌  | 30/40 [00:06<00:02,  4.49it/s]
 78%|███████▊  | 31/40 [00:06<00:02,  4.50it/s]
 80%|████████  | 32/40 [00:07<00:01,  4.50it/s]
 82%|████████▎ | 33/40 [00:07<00:01,  4.51it/s]
 85%|████████▌ | 34/40 [00:07<00:01,  4.50it/s]
 88%|████████▊ | 35/40 [00:07<00:01,  4.51it/s]
 90%|█████████ | 36/40 [00:07<00:00,  4.51it/s]
 92%|█████████▎| 37/40 [00:08<00:00,  4.51it/s]
 95%|█████████▌| 38/40 [00:08<00:00,  4.51it/s]
 98%|█████████▊| 39/40 [00:08<00:00,  4.51it/s]
100%|██████████| 40/40 [00:08<00:00,  4.51it/s]
100%|██████████| 40/40 [00:08<00:00,  4.52it/s]
   05-the-patrol-wave1-s1.png seed=20261724 9s  (2/4)

  0%|          | 0/40 [00:00<?, ?it/s]
  2%|▎         | 1/40 [00:00<00:07,  5.18it/s]
  5%|▌         | 2/40 [00:00<00:07,  4.97it/s]
  8%|▊         | 3/40 [00:00<00:07,  4.91it/s]
 10%|█         | 4/40 [00:00<00:07,  4.61it/s]
 12%|█▎        | 5/40 [00:01<00:08,  4.34it/s]
 15%|█▌        | 6/40 [00:01<00:07,  4.46it/s]
 18%|█▊        | 7/40 [00:01<00:07,  4.63it/s]
 20%|██        | 8/40 [00:01<00:06,  4.60it/s]
 22%|██▎       | 9/40 [00:01<00:07,  4.37it/s]
 25%|██▌       | 10/40 [00:02<00:06,  4.41it/s]
 28%|██▊       | 11/40 [00:02<00:06,  4.53it/s]
 30%|███       | 12/40 [00:02<00:06,  4.63it/s]
 32%|███▎      | 13/40 [00:02<00:06,  4.50it/s]
 35%|███▌      | 14/40 [00:03<00:05,  4.40it/s]
 38%|███▊      | 15/40 [00:03<00:05,  4.42it/s]
 40%|████      | 16/40 [00:03<00:05,  4.57it/s]
 42%|████▎     | 17/40 [00:03<00:05,  4.55it/s]
 45%|████▌     | 18/40 [00:03<00:05,  4.39it/s]
 48%|████▊     | 19/40 [00:04<00:04,  4.49it/s]
 50%|█████     | 20/40 [00:04<00:04,  4.45it/s]
 52%|█████▎    | 21/40 [00:04<00:04,  4.52it/s]
 55%|█████▌    | 22/40 [00:04<00:04,  4.46it/s]
 57%|█████▊    | 23/40 [00:05<00:03,  4.43it/s]
 60%|██████    | 24/40 [00:05<00:03,  4.47it/s]
 62%|██████▎   | 25/40 [00:05<00:03,  4.58it/s]
 65%|██████▌   | 26/40 [00:05<00:03,  4.49it/s]
 68%|██████▊   | 27/40 [00:05<00:02,  4.47it/s]
 70%|███████   | 28/40 [00:06<00:02,  4.44it/s]
 72%|███████▎  | 29/40 [00:06<00:02,  4.51it/s]
 75%|███████▌  | 30/40 [00:06<00:02,  4.51it/s]
 78%|███████▊  | 31/40 [00:06<00:02,  4.48it/s]
 80%|████████  | 32/40 [00:07<00:01,  4.53it/s]
 82%|████████▎ | 33/40 [00:07<00:01,  4.47it/s]
 85%|████████▌ | 34/40 [00:07<00:01,  4.54it/s]
 88%|████████▊ | 35/40 [00:07<00:01,  4.47it/s]
 90%|█████████ | 36/40 [00:07<00:00,  4.45it/s]
 92%|█████████▎| 37/40 [00:08<00:00,  4.46it/s]
 95%|█████████▌| 38/40 [00:08<00:00,  4.49it/s]
 98%|█████████▊| 39/40 [00:08<00:00,  4.49it/s]
100%|██████████| 40/40 [00:08<00:00,  4.50it/s]
100%|██████████| 40/40 [00:08<00:00,  4.50it/s]
   05-the-patrol-wave1-s2.png seed=20262724 9s  (3/4)

  0%|          | 0/40 [00:00<?, ?it/s]
  2%|▎         | 1/40 [00:00<00:07,  5.15it/s]
  5%|▌         | 2/40 [00:00<00:07,  4.84it/s]
  8%|▊         | 3/40 [00:00<00:07,  4.77it/s]
 10%|█         | 4/40 [00:00<00:07,  4.68it/s]
 12%|█▎        | 5/40 [00:01<00:07,  4.39it/s]
 15%|█▌        | 6/40 [00:01<00:07,  4.54it/s]
 18%|█▊        | 7/40 [00:01<00:07,  4.53it/s]
 20%|██        | 8/40 [00:01<00:06,  4.63it/s]
 22%|██▎       | 9/40 [00:01<00:07,  4.39it/s]
 25%|██▌       | 10/40 [00:02<00:06,  4.43it/s]
 28%|██▊       | 11/40 [00:02<00:06,  4.56it/s]
 30%|███       | 12/40 [00:02<00:06,  4.54it/s]
 32%|███▎      | 13/40 [00:02<00:06,  4.43it/s]
 35%|███▌      | 14/40 [00:03<00:05,  4.46it/s]
 38%|███▊      | 15/40 [00:03<00:05,  4.47it/s]
 40%|████      | 16/40 [00:03<00:05,  4.47it/s]
 42%|████▎     | 17/40 [00:03<00:05,  4.50it/s]
 45%|████▌     | 18/40 [00:03<00:04,  4.41it/s]
 48%|████▊     | 19/40 [00:04<00:04,  4.44it/s]
 50%|█████     | 20/40 [00:04<00:04,  4.56it/s]
 52%|█████▎    | 21/40 [00:04<00:04,  4.54it/s]
 55%|█████▌    | 22/40 [00:04<00:04,  4.44it/s]
 57%|█████▊    | 23/40 [00:05<00:03,  4.42it/s]
 60%|██████    | 24/40 [00:05<00:03,  4.50it/s]
 62%|██████▎   | 25/40 [00:05<00:03,  4.50it/s]
 65%|██████▌   | 26/40 [00:05<00:03,  4.50it/s]
 68%|██████▊   | 27/40 [00:05<00:02,  4.50it/s]
 70%|███████   | 28/40 [00:06<00:02,  4.51it/s]
 72%|███████▎  | 29/40 [00:06<00:02,  4.51it/s]
 75%|███████▌  | 30/40 [00:06<00:02,  4.51it/s]
 78%|███████▊  | 31/40 [00:06<00:02,  4.45it/s]
 80%|████████  | 32/40 [00:07<00:01,  4.44it/s]
 82%|████████▎ | 33/40 [00:07<00:01,  4.46it/s]
 85%|████████▌ | 34/40 [00:07<00:01,  4.57it/s]
 88%|████████▊ | 35/40 [00:07<00:01,  4.55it/s]
 90%|█████████ | 36/40 [00:07<00:00,  4.45it/s]
 92%|█████████▎| 37/40 [00:08<00:00,  4.47it/s]
 95%|█████████▌| 38/40 [00:08<00:00,  4.48it/s]
 98%|█████████▊| 39/40 [00:08<00:00,  4.49it/s]
100%|██████████| 40/40 [00:08<00:00,  4.49it/s]
100%|██████████| 40/40 [00:08<00:00,  4.50it/s]
   05-the-patrol-wave1-s3.png seed=20263724 9s  (4/4)

DONE 4 stills — ONE beat. The other fourteen wait on his verdict.
==== step sample END rc=0 2026-08-11T12:54:36Z ====

==== step publish START 2026-08-11T12:54:36Z ====
argv: ["C:\\banyan-farm\\venv\\Scripts\\python.exe", "-c", "import glob, hashlib, os, shutil\ndst = \"C:/banyan-farm/courier-box/farm-out/ep2-goblin-staged\"\nos.makedirs(dst, exist_ok=True)\nsrc = sorted(glob.glob(\"C:/banyan-farm/wave-goblin-prep/out-staged/05-the-patrol-wave1-s*.*\"))\nlines = []\nfor f in src:\n    shutil.copy2(f, dst)\n    c = os.path.join(dst, os.path.basename(f))\n    with open(c, \"rb\") as fh:\n        h = hashlib.sha256(fh.read()).hexdigest()\n    lines.append(h + \"  \" + os.path.basename(f))\n    print(\"   \", os.path.basename(f), h[:16])\nwith open(os.path.join(dst, \"05-the-patrol-staged.sha256\"), \"w\", newline=\"\\n\") as fh:\n    fh.write(\"\\n\".join(lines) + \"\\n\")\nprint(\"published\", len(src), \"file(s) + manifest ->\", dst)\nraise SystemExit(0 if len(src) == 8 else 1)\n"]
    05-the-patrol-wave1-s0.png ffd6c78fa88a6811
    05-the-patrol-wave1-s0.yaml 02cc39b86011a985
    05-the-patrol-wave1-s1.png a2330562aab7ab20
    05-the-patrol-wave1-s1.yaml 05495a761bc636bd
    05-the-patrol-wave1-s2.png 4766ccf00870002a
    05-the-patrol-wave1-s2.yaml e4f21829a0c44fda
    05-the-patrol-wave1-s3.png 7ab52663cbe8d97a
    05-the-patrol-wave1-s3.yaml fd2e36e856427a45
published 8 file(s) + manifest -> C:/banyan-farm/courier-box/farm-out/ep2-goblin-staged
==== step publish END rc=0 2026-08-11T12:54:36Z ====
#### job ep2-b05-goblin-staged-0811-1786452761 finished rc=0 2026-08-11T12:54:36Z
