#### job ep2-b01-figgrow-055-0812-1786525295 attempt 1 start 2026-08-12T09:04:05Z

==== step crop START 2026-08-12T09:04:08Z ====
argv: ["C:\\banyan-farm\\venv\\Scripts\\python.exe", "C:\\banyan-farm\\ep2-b01-figgrow-055\\cover_crop.py", "--src", "C:\\banyan-farm\\out-b01-final055r3\\b01-final055-i55-s0.png", "--out", "C:\\banyan-farm\\ep2-b01-figgrow-055\\b01-fig-704x1280.png", "--size", "704x1280"]
src 832x1216 sha 61f311b8b971002b39043d73e4a9d319655b00db7e866a636a9e09c4c0fe9a90
cover-crop scale=1.0526 -> 876x1280, centre box (86,0)
WROTE C:\banyan-farm\ep2-b01-figgrow-055\b01-fig-704x1280.png
==== step crop END rc=0 2026-08-12T09:04:09Z ====

==== step encode START 2026-08-12T09:04:09Z ====
argv: ["C:\\banyan-video\\venv\\Scripts\\python.exe", "C:\\banyan-farm\\banyan-city\\pipeline\\ltx_i2v.py", "--stage", "encode", "--jobs", "C:\\banyan-farm\\ep2-b01-figgrow-055\\b01-fig-jobs-encode.json"]
-- begin-encode: phys 10.7/68.1GB, commit 11.0/115.3GB (load 15%)
loading text encoder from C:\Users\artvn\.cache\huggingface\hub\models--Lightricks--gemma-3-12b-it-qat-q4_0-unquantized\snapshots\d62fe4f1995ade703b49a0f3c0d0f161237ef437

Loading weights:   0%|          | 0/1065 [00:00<?, ?it/s]
Loading weights:  31%|███▏      | 333/1065 [00:00<00:00, 3018.40it/s]
Loading weights:  60%|█████▉    | 635/1065 [00:00<00:00, 2853.10it/s]
Loading weights:  91%|█████████▏| 972/1065 [00:00<00:00, 2942.41it/s]
Loading weights: 100%|██████████| 1065/1065 [00:00<00:00, 3069.28it/s]
-- encode-beat-01: phys 12.0/68.1GB, commit 37.9/115.3GB (load 17%)
[1/1] encoded beat 1 to C:\banyan-farm\ep2-b01-figgrow-055\b01-fig-embeds.pt (1, 1024, 188160)
{"peak_commit_gb": 40.0, "peak_phys_gb": 37.5, "last_stage": "encode-beat-01"}
==== step encode END rc=0 2026-08-12T09:05:44Z ====

==== step render START 2026-08-12T09:05:44Z ====
argv: ["C:\\banyan-video\\venv\\Scripts\\python.exe", "C:\\banyan-farm\\banyan-city\\pipeline\\ltx_i2v.py", "--stage", "render", "--jobs", "C:\\banyan-farm\\ep2-b01-figgrow-055\\b01-fig-jobs-render.json", "--size", "704x1280", "--frames", "233", "--fps", "24", "--guidance", "1.0", "--distilled-sigmas", "--two-stage", "--image-crf", "33", "--offload", "sequential", "--mode", "production", "--task", "ep2-b01-figgrow-055-0811", "--worker", "rtx5090", "--bench-jsonl", "C:\\banyan-farm\\ep2-b01-figgrow-055\\bench-b01-figgrow.jsonl", "--bench-label", "ep2-b01-figgrow-055"]
recipe: offload=sequential quantisation=none (bf16)
-- begin-render: phys 10.9/68.1GB, commit 11.1/115.3GB (load 16%)
transformer  C:\Users\artvn\.cache\huggingface\hub\models--diffusers--LTX-2.3-Distilled-Diffusers\snapshots\432e0d3c2d1769aaa4d295f9243f7062bf6b47ee [subfolder=transformer, bf16]
scheduler    C:\Users\artvn\.cache\huggingface\hub\models--diffusers--LTX-2.3-Distilled-Diffusers\snapshots\432e0d3c2d1769aaa4d295f9243f7062bf6b47ee [subfolder=scheduler, distilled]
other parts  C:\Users\artvn\.cache\huggingface\hub\models--diffusers--LTX-2.3-Diffusers\snapshots\8eee8edcf067e838b843f926ec4d4cc9b2be1aaf
-- load-transformer-bf16-38GB: phys 11.6/68.1GB, commit 13.0/115.3GB (load 17%)

Loading checkpoint shards:   0%|          | 0/8 [00:00<?, ?it/s]
Loading checkpoint shards:  12%|█▎        | 1/8 [00:00<00:00,  9.27it/s]
Loading checkpoint shards:  25%|██▌       | 2/8 [00:00<00:00,  9.16it/s]
Loading checkpoint shards:  38%|███▊      | 3/8 [00:00<00:00,  9.26it/s]
Loading checkpoint shards:  50%|█████     | 4/8 [00:00<00:00,  6.91it/s]
Loading checkpoint shards:  62%|██████▎   | 5/8 [00:00<00:00,  7.58it/s]
Loading checkpoint shards:  75%|███████▌  | 6/8 [00:03<00:02,  1.08s/it]
Loading checkpoint shards:  88%|████████▊ | 7/8 [00:03<00:00,  1.31it/s]
Loading checkpoint shards: 100%|██████████| 8/8 [00:03<00:00,  2.14it/s]
-- load-connectors-12.7GB-and-vae: phys 11.7/68.1GB, commit 51.4/115.3GB (load 17%)

Loading checkpoint shards:   0%|          | 0/2 [00:00<?, ?it/s]
Loading checkpoint shards: 100%|██████████| 2/2 [00:00<00:00, 35.08it/s]
-- offload-setup-sequential: phys 11.7/68.1GB, commit 61.0/115.3GB (load 17%)
C:\banyan-video\venv\Lib\site-packages\accelerate\utils\modeling.py:345: UserWarning: expandable_segments not supported on this platform (Triggered internally at C:\actions-runner\_work\pytorch\pytorch\pytorch\c10/cuda/CUDAAllocatorConfig.h:39.)
  new_value = old_value.to(device, non_blocking=non_blocking)
conditioning still round-tripped through libx264 crf=33 -> C:\banyan-farm\ep2-b01-figgrow-055\cond-crf-01.png
-- stage1-denoise-352x640-8steps: phys 12.6/68.1GB, commit 61.3/115.3GB (load 18%)

  0%|          | 0/8 [00:00<?, ?it/s]
 12%|█▎        | 1/8 [01:09<08:03, 69.04s/it]
 25%|██▌       | 2/8 [01:21<03:33, 35.62s/it]
 38%|███▊      | 3/8 [01:31<02:00, 24.12s/it]
 50%|█████     | 4/8 [01:41<01:14, 18.61s/it]
 62%|██████▎   | 5/8 [01:52<00:46, 15.66s/it]
 75%|███████▌  | 6/8 [02:01<00:27, 13.61s/it]
 88%|████████▊ | 7/8 [02:11<00:12, 12.29s/it]
100%|██████████| 8/8 [02:20<00:00, 11.39s/it]
100%|██████████| 8/8 [02:20<00:00, 17.62s/it]
stage1 latents (1, 128, 30, 20, 11)
-- upsample-2x-latent: phys 55.2/68.1GB, commit 63.9/115.3GB (load 81%)
There are modules in LTX2LatentUpsamplerModel that should be kept in float32: []. Casting directly with `to()` can lead to inconsistent results; set `torch_dtype` in `from_pretrained()` instead to keep these modules in float32.
upsampled latents (1, 128, 30, 40, 22)
-- stage2-refine-704x1280-3steps: phys 54.6/68.1GB, commit 63.8/115.3GB (load 80%)

  0%|          | 0/3 [00:00<?, ?it/s]
 33%|███▎      | 1/3 [00:36<01:13, 37.00s/it]
 67%|██████▋   | 2/3 [01:17<00:39, 39.00s/it]
100%|██████████| 3/3 [01:55<00:00, 38.37s/it]
100%|██████████| 3/3 [01:55<00:00, 38.34s/it]
-- decode-and-export: phys 60.5/68.1GB, commit 67.1/115.3GB (load 88%)
[1/1] wrote C:\banyan-farm\ep2-b01-figgrow-055\01-cold-open-LTX-figgrow-055.mp4 in 292s (233 frames, 704x1280, 8@352x640+3@704x1280 steps, peak torch 11.3GB, device 2.7/26GB)
THROUGHPUT 0.0333 s(video)/s(wall) (1 x 9.708s of video in 292s)
bench row -> C:\banyan-farm\ep2-b01-figgrow-055\bench-b01-figgrow.jsonl
{"sample_s": 291.9, "peak_gb": 11.3, "peak_commit_gb": 74.1, "frames": 233, "size": "704x1280", "steps": "8@352x640+3@704x1280", "batch": 1, "mode": "production", "throughput_s_per_s": 0.0333, "two_stage": true, "image_crf": 33, "offload": "sequential", "quantisation": null}
{"peak_commit_gb": 74.1, "peak_phys_gb": 61.7, "last_stage": "decode-and-export"}
==== step render END rc=0 2026-08-12T09:10:53Z ====
#### job ep2-b01-figgrow-055-0812-1786525295 finished rc=0 2026-08-12T09:10:53Z
