#### job ep2-b20-canonmotion-0821-1787324453 attempt 1 start 2026-08-21T15:37:32Z

==== step crop START 2026-08-21T15:37:32Z ====
argv: ["C:\\banyan-farm\\venv\\Scripts\\python.exe", "C:\\banyan-farm\\ep2-b20-canonmotion-0821\\cover_crop.py", "--src", "C:\\banyan-farm\\courier-box\\farm-out\\ep2-b20-canon-w2-0821\\ep2-b20-canon-w2-0821-ipahead.png", "--sha256", "8575b7e55c5b73e263d1a6bcfc684a6435865376e528500ac7859ba09d427535", "--out", "C:\\banyan-farm\\ep2-b20-canonmotion-0821\\b20-init-704x1280.png", "--size", "704x1280"]
src 832x1216 sha 8575b7e55c5b73e263d1a6bcfc684a6435865376e528500ac7859ba09d427535
cover-crop scale=1.0526 -> 876x1280, centre box (86,0)
WROTE C:\banyan-farm\ep2-b20-canonmotion-0821\b20-init-704x1280.png
==== step crop END rc=0 2026-08-21T15:37:32Z ====

==== step encode START 2026-08-21T15:37:32Z ====
argv: ["C:\\banyan-video\\venv\\Scripts\\python.exe", "C:\\banyan-farm\\banyan-city\\pipeline\\ltx_i2v.py", "--stage", "encode", "--jobs", "C:\\banyan-farm\\ep2-b20-canonmotion-0821\\b20-jobs-encode.json"]
-- begin-encode: phys 11.0/68.1GB, commit 12.8/115.3GB (load 16%)
loading text encoder from C:\Users\artvn\.cache\huggingface\hub\models--Lightricks--gemma-3-12b-it-qat-q4_0-unquantized\snapshots\d62fe4f1995ade703b49a0f3c0d0f161237ef437

Loading weights:   0%|          | 0/1065 [00:00<?, ?it/s]
Loading weights:  28%|██▊       | 300/1065 [00:00<00:00, 2707.65it/s]
Loading weights:  55%|█████▌    | 587/1065 [00:00<00:00, 2653.18it/s]
Loading weights:  84%|████████▍ | 893/1065 [00:00<00:00, 2709.89it/s]
Loading weights: 100%|██████████| 1065/1065 [00:00<00:00, 2818.85it/s]
-- encode-beat-20: phys 12.2/68.1GB, commit 39.6/115.3GB (load 17%)
[1/1] encoded beat 20 to C:\banyan-farm\ep2-b20-canonmotion-0821\b20-embeds.pt (1, 1024, 188160)
{"peak_commit_gb": 42.1, "peak_phys_gb": 38.0, "last_stage": "encode-beat-20"}
==== step encode END rc=0 2026-08-21T15:39:04Z ====

==== step render START 2026-08-21T15:39:04Z ====
argv: ["C:\\banyan-video\\venv\\Scripts\\python.exe", "C:\\banyan-farm\\banyan-city\\pipeline\\ltx_i2v.py", "--stage", "render", "--jobs", "C:\\banyan-farm\\ep2-b20-canonmotion-0821\\b20-jobs-render.json", "--size", "704x1280", "--frames", "105", "--fps", "24", "--guidance", "2.0", "--distilled-sigmas", "--two-stage", "--image-crf", "10", "--offload", "sequential", "--mode", "production", "--task", "ep2-b20-canonmotion-0821", "--worker", "rtx5090", "--bench-jsonl", "C:\\banyan-farm\\ep2-b20-canonmotion-0821\\bench-ep2-b20-canonmotion-0821.jsonl", "--bench-label", "ep2-b20-canonmotion-0821"]
recipe: offload=sequential quantisation=none (bf16)
-- begin-render: phys 11.0/68.1GB, commit 12.8/115.3GB (load 16%)
transformer  C:\Users\artvn\.cache\huggingface\hub\models--diffusers--LTX-2.3-Distilled-Diffusers\snapshots\432e0d3c2d1769aaa4d295f9243f7062bf6b47ee [subfolder=transformer, bf16]
scheduler    C:\Users\artvn\.cache\huggingface\hub\models--diffusers--LTX-2.3-Distilled-Diffusers\snapshots\432e0d3c2d1769aaa4d295f9243f7062bf6b47ee [subfolder=scheduler, distilled]
other parts  C:\Users\artvn\.cache\huggingface\hub\models--diffusers--LTX-2.3-Diffusers\snapshots\8eee8edcf067e838b843f926ec4d4cc9b2be1aaf
-- load-transformer-bf16-38GB: phys 11.7/68.1GB, commit 14.6/115.3GB (load 17%)

Loading checkpoint shards:   0%|          | 0/8 [00:00<?, ?it/s]
Loading checkpoint shards:  12%|█▎        | 1/8 [00:00<00:00,  8.60it/s]
Loading checkpoint shards:  25%|██▌       | 2/8 [00:00<00:00,  9.36it/s]
Loading checkpoint shards:  50%|█████     | 4/8 [00:00<00:00,  8.41it/s]
Loading checkpoint shards: 100%|██████████| 8/8 [00:00<00:00, 16.04it/s]
Loading checkpoint shards: 100%|██████████| 8/8 [00:00<00:00, 13.52it/s]
-- load-connectors-12.7GB-and-vae: phys 11.8/68.1GB, commit 53.0/115.3GB (load 17%)

Loading checkpoint shards:   0%|          | 0/2 [00:00<?, ?it/s]
Loading checkpoint shards: 100%|██████████| 2/2 [00:00<00:00, 205.07it/s]
-- offload-setup-sequential: phys 11.8/68.1GB, commit 62.6/115.3GB (load 17%)
C:\banyan-video\venv\Lib\site-packages\accelerate\utils\modeling.py:345: UserWarning: expandable_segments not supported on this platform (Triggered internally at C:\actions-runner\_work\pytorch\pytorch\pytorch\c10/cuda/CUDAAllocatorConfig.h:39.)
  new_value = old_value.to(device, non_blocking=non_blocking)
conditioning still round-tripped through libx264 crf=10 -> C:\banyan-farm\ep2-b20-canonmotion-0821\cond-crf-20.png
-- stage1-denoise-352x640-8steps: phys 12.7/68.1GB, commit 62.9/115.3GB (load 18%)

  0%|          | 0/8 [00:00<?, ?it/s]
 12%|█▎        | 1/8 [01:09<08:06, 69.43s/it]
 25%|██▌       | 2/8 [01:24<03:44, 37.36s/it]
 38%|███▊      | 3/8 [01:33<02:03, 24.62s/it]
 50%|█████     | 4/8 [01:43<01:15, 18.79s/it]
 62%|██████▎   | 5/8 [01:53<00:46, 15.54s/it]
 75%|███████▌  | 6/8 [02:02<00:26, 13.40s/it]
 88%|████████▊ | 7/8 [02:11<00:12, 12.00s/it]
100%|██████████| 8/8 [02:21<00:00, 11.12s/it]
100%|██████████| 8/8 [02:21<00:00, 17.63s/it]
stage1 latents (1, 128, 14, 20, 11)
-- upsample-2x-latent: phys 55.4/68.1GB, commit 65.6/115.3GB (load 81%)
There are modules in LTX2LatentUpsamplerModel that should be kept in float32: []. Casting directly with `to()` can lead to inconsistent results; set `torch_dtype` in `from_pretrained()` instead to keep these modules in float32.
upsampled latents (1, 128, 14, 40, 22)
-- stage2-refine-704x1280-3steps: phys 58.5/68.1GB, commit 68.6/115.3GB (load 85%)

  0%|          | 0/3 [00:00<?, ?it/s]
 33%|███▎      | 1/3 [00:28<00:56, 28.32s/it]
 67%|██████▋   | 2/3 [01:00<00:30, 30.44s/it]
100%|██████████| 3/3 [01:29<00:00, 30.06s/it]
100%|██████████| 3/3 [01:29<00:00, 29.95s/it]
-- decode-and-export: phys 64.6/68.1GB, commit 71.9/115.3GB (load 94%)
[1/1] wrote C:\banyan-farm\ep2-b20-canonmotion-0821\20-evidence-LTX-ep2-b20-canonmotion-0821.mp4 in 254s (105 frames, 704x1280, 8@352x640+3@704x1280 steps, peak torch 10.6GB, device 2.7/26GB)
THROUGHPUT 0.0172 s(video)/s(wall) (1 x 4.375s of video in 254s)
bench row -> C:\banyan-farm\ep2-b20-canonmotion-0821\bench-ep2-b20-canonmotion-0821.jsonl
{"sample_s": 254.2, "peak_gb": 10.6, "peak_commit_gb": 80.3, "frames": 105, "size": "704x1280", "steps": "8@352x640+3@704x1280", "batch": 1, "mode": "production", "throughput_s_per_s": 0.0172, "two_stage": true, "image_crf": 10, "offload": "sequential", "quantisation": null}
{"peak_commit_gb": 80.3, "peak_phys_gb": 64.9, "last_stage": "decode-and-export"}
==== step render END rc=0 2026-08-21T15:43:33Z ====

==== step publish START 2026-08-21T15:43:33Z ====
argv: ["C:\\banyan-farm\\venv\\Scripts\\python.exe", "-c", "import glob, hashlib, os, shutil\n# farm-out is NOT gitignored: the runner pushes whatever lands here itself,\n# so a clip that reaches this dir survives without any change to the runner.\ndst = \"C:/banyan-farm/courier-box/farm-out/ep2-b20-canonmotion-0821\"\nos.makedirs(dst, exist_ok=True)\nsrc = sorted(glob.glob(\"C:/banyan-farm/ep2-b20-canonmotion-0821/20-evidence-LTX-ep2-b20-canonmotion-0821.mp4*\")\n             + glob.glob(\"C:/banyan-farm/ep2-b20-canonmotion-0821/b20-init-704x1280.png\")\n             + glob.glob(\"C:/banyan-farm/ep2-b20-canonmotion-0821/bench-ep2-b20-canonmotion-0821.jsonl\"))\nlines = []\nfor f in src:\n    shutil.copy2(f, dst)\n    c = os.path.join(dst, os.path.basename(f))\n    with open(c, \"rb\") as fh:\n        h = hashlib.sha256(fh.read()).hexdigest()\n    lines.append(h + \"  \" + os.path.basename(f))\nwith open(os.path.join(dst, \"ep2-b20-canonmotion-0821.sha256\"), \"w\", newline=\"\\n\") as fh:\n    fh.write(\"\\n\".join(lines) + \"\\n\")\nprint(\"published\", len(src), \"file(s) + manifest ->\", dst)\n# >=2 so a run that wrote the init but no clip cannot pass silently.\nraise SystemExit(0 if len(src) >= 2 else 1)\n"]
published 4 file(s) + manifest -> C:/banyan-farm/courier-box/farm-out/ep2-b20-canonmotion-0821
==== step publish END rc=0 2026-08-21T15:43:33Z ====
#### job ep2-b20-canonmotion-0821-1787324453 finished rc=0 2026-08-21T15:43:33Z
