#### job ep2-jerry-face-k1-0821-1787261835 attempt 1 start 2026-08-20T21:39:11Z

==== step stage START 2026-08-20T21:39:11Z ====
argv: ["C:\\banyan-farm\\venv\\Scripts\\python.exe", "-c", "# EVERY INPUT THIS FRAME IS CONDITIONED ON IS FETCHED AND SHA-CHECKED\n# BEFORE A GPU SECOND IS SPENT -- and k1 has THREE, because the\n# IP-Adapter reference is as much this frame's condition as the\n# skeleton is. The job dirs on this card carry a hand-staged\n# src\\pipeline\\controlnet_plate.py and nothing else.\nimport hashlib, os, urllib.request\nbase = \"https://raw.githubusercontent.com/olegmalk/banyan-city/main/farm-out/jerry-skel-assets-0820/\"\nroot = r\"C:\\banyan-farm\\jerryface-k1-0821\\src\"\nwant = [(\"controlnet_plate.py\", os.path.join(root, \"pipeline\"),\n         \"aff188907fa03914b30a8cec2e5f739a5c4941f5d4246f4b2e220a9cc047c66a\"),\n        (\"jerry-skel-h19-0820.png\", os.path.join(root, \"pipeline\", \"control\"),\n         \"244094ed608666035d670d8bc5149ff6499c1497e5501724728d2af79b54829c\"),\n        (\"jerry-tile-head-0821.png\", os.path.join(root, \"pipeline\", \"control\"),\n         \"6dbb27a82b1b03e426030a07ae14d4013af6b866be661ea4fcca1160947d374c\")]\nfor name, dst, sha in want:\n    os.makedirs(dst, exist_ok=True)\n    with urllib.request.urlopen(base + name, timeout=120) as r:\n        blob = r.read()\n    got = hashlib.sha256(blob).hexdigest()\n    if got != sha:\n        print(\"!! %s fetched with sha %s, expected %s\"\n              % (name, got, sha))\n        raise SystemExit(1)\n    with open(os.path.join(dst, name), \"wb\") as fh:\n        fh.write(blob)\n    print(\"staged\", name, got, \"->\", dst)\n"]
staged controlnet_plate.py aff188907fa03914b30a8cec2e5f739a5c4941f5d4246f4b2e220a9cc047c66a -> C:\banyan-farm\jerryface-k1-0821\src\pipeline
staged jerry-skel-h19-0820.png 244094ed608666035d670d8bc5149ff6499c1497e5501724728d2af79b54829c -> C:\banyan-farm\jerryface-k1-0821\src\pipeline\control
staged jerry-tile-head-0821.png 6dbb27a82b1b03e426030a07ae14d4013af6b866be661ea4fcca1160947d374c -> C:\banyan-farm\jerryface-k1-0821\src\pipeline\control
==== step stage END rc=0 2026-08-20T21:39:12Z ====

==== step posehint START 2026-08-20T21:39:12Z ====
argv: ["C:\\banyan-farm\\venv\\Scripts\\python.exe", "C:\\banyan-farm\\jerryface-k1-0821\\src\\pipeline\\controlnet_plate.py", "--root", "C:\\banyan-farm\\jerryface-k1-0821\\src", "--repo-commit", "29939faba45625c647bb05da9573c4151b8b259d", "--task", "ep2-jerry-face-k1-0821", "--arm", "ipahead", "--controlnet", "xinsir/controlnet-openpose-sdxl-1.0", "--control", "pipeline/control/jerry-skel-h19-0820.png", "--control-sha256", "244094ed608666035d670d8bc5149ff6499c1497e5501724728d2af79b54829c", "--scale", "1.0", "--seed", "20260823", "--ip-ref", "pipeline/control/jerry-tile-head-0821.png", "--ip-mask", "315,130,515,350", "--ip-ref-sha256", "6dbb27a82b1b03e426030a07ae14d4013af6b866be661ea4fcca1160947d374c", "--ip-scale", "0.7", "--prompt-file", "C:\\banyan-farm\\jerryface-k1-0821\\prompt.txt", "--negative-file", "C:\\banyan-farm\\jerryface-k1-0821\\negative.txt", "--out", "C:\\banyan-farm\\jerryface-k1-0821\\out"]
  prompt tokens: 60 (limit 77)
  negative tokens: 60 (limit 77)
C:\banyan-farm\venv\Lib\site-packages\diffusers\models\vq_model.py:20: FutureWarning: `VQEncoderOutput` is deprecated and will be removed in version 0.31. Importing `VQEncoderOutput` from `diffusers.models.vq_model` is deprecated and this will be removed in a future version. Please use `from diffusers.models.autoencoders.vq_model import VQEncoderOutput`, instead.
  deprecate("VQEncoderOutput", "0.31", deprecation_message)
C:\banyan-farm\venv\Lib\site-packages\diffusers\models\vq_model.py:25: FutureWarning: `VQModel` is deprecated and will be removed in version 0.31. Importing `VQModel` from `diffusers.models.vq_model` is deprecated and this will be removed in a future version. Please use `from diffusers.models.autoencoders.vq_model import VQModel`, instead.
  deprecate("VQModel", "0.31", deprecation_message)
Couldn't connect to the Hub: Cannot reach https://huggingface.co/api/models/cagliostrolab/animagine-xl-3.1: offline mode is enabled. To disable it, please unset the `HF_HUB_OFFLINE` environment variable..
Will try to load from local cache.

Loading pipeline components...:   0%|          | 0/7 [00:00<?, ?it/s]
Loading pipeline components...:  29%|██▊       | 2/7 [00:01<00:02,  1.67it/s]
Loading pipeline components...:  57%|█████▋    | 4/7 [00:01<00:01,  2.95it/s]
Loading pipeline components...:  71%|███████▏  | 5/7 [00:01<00:00,  3.47it/s]
Loading pipeline components...:  86%|████████▌ | 6/7 [00:05<00:01,  1.35s/it]
Loading pipeline components...: 100%|██████████| 7/7 [00:05<00:00,  1.26it/s]
C:\banyan-farm\venv\Lib\site-packages\torch\nn\modules\module.py:1370: UserWarning: expandable_segments not supported on this platform (Triggered internally at C:\actions-runner\_work\pytorch\pytorch\pytorch\c10/cuda/CUDAAllocatorConfig.h:39.)
  return t.to(
  ip-adapter: sdxl_models/ip-adapter-plus_sdxl_vit-h.safetensors, 1 ref(s), scale [[0.7]], masks [(315, 130, 515, 350)]

  0%|          | 0/40 [00:00<?, ?it/s]
  2%|▎         | 1/40 [00:00<00:31,  1.23it/s]
  5%|▌         | 2/40 [00:01<00:19,  1.92it/s]
  8%|▊         | 3/40 [00:01<00:16,  2.20it/s]
 10%|█         | 4/40 [00:01<00:15,  2.33it/s]
 12%|█▎        | 5/40 [00:02<00:14,  2.47it/s]
 15%|█▌        | 6/40 [00:02<00:13,  2.53it/s]
 18%|█▊        | 7/40 [00:03<00:12,  2.54it/s]
 20%|██        | 8/40 [00:03<00:12,  2.60it/s]
 22%|██▎       | 9/40 [00:03<00:11,  2.59it/s]
 25%|██▌       | 10/40 [00:04<00:11,  2.62it/s]
 28%|██▊       | 11/40 [00:04<00:11,  2.63it/s]
 30%|███       | 12/40 [00:04<00:10,  2.62it/s]
 32%|███▎      | 13/40 [00:05<00:10,  2.64it/s]
 35%|███▌      | 14/40 [00:05<00:09,  2.63it/s]
 38%|███▊      | 15/40 [00:06<00:09,  2.63it/s]
 40%|████      | 16/40 [00:06<00:09,  2.65it/s]
 42%|████▎     | 17/40 [00:06<00:08,  2.65it/s]
 45%|████▌     | 18/40 [00:07<00:08,  2.66it/s]
 48%|████▊     | 19/40 [00:07<00:07,  2.66it/s]
 50%|█████     | 20/40 [00:07<00:07,  2.64it/s]
 52%|█████▎    | 21/40 [00:08<00:07,  2.65it/s]
 55%|█████▌    | 22/40 [00:08<00:06,  2.64it/s]
 57%|█████▊    | 23/40 [00:09<00:06,  2.64it/s]
 60%|██████    | 24/40 [00:09<00:06,  2.66it/s]
 62%|██████▎   | 25/40 [00:09<00:05,  2.64it/s]
 65%|██████▌   | 26/40 [00:10<00:05,  2.64it/s]
 68%|██████▊   | 27/40 [00:10<00:04,  2.65it/s]
 70%|███████   | 28/40 [00:10<00:04,  2.65it/s]
 72%|███████▎  | 29/40 [00:11<00:04,  2.64it/s]
 75%|███████▌  | 30/40 [00:11<00:03,  2.63it/s]
 78%|███████▊  | 31/40 [00:12<00:03,  2.63it/s]
 80%|████████  | 32/40 [00:12<00:03,  2.62it/s]
 82%|████████▎ | 33/40 [00:12<00:02,  2.62it/s]
 85%|████████▌ | 34/40 [00:13<00:02,  2.62it/s]
 88%|████████▊ | 35/40 [00:13<00:01,  2.63it/s]
 90%|█████████ | 36/40 [00:14<00:01,  2.63it/s]
 92%|█████████▎| 37/40 [00:14<00:01,  2.63it/s]
 95%|█████████▌| 38/40 [00:14<00:00,  2.62it/s]
 98%|█████████▊| 39/40 [00:15<00:00,  2.62it/s]
100%|██████████| 40/40 [00:15<00:00,  2.62it/s]
100%|██████████| 40/40 [00:15<00:00,  2.57it/s]
OK ep2-jerry-face-k1-0821-ipahead.png load=13.2s render=16.6s
rc=0
==== step posehint END rc=0 2026-08-20T21:39:47Z ====

==== step publish START 2026-08-20T21:39:47Z ====
argv: ["C:\\banyan-farm\\venv\\Scripts\\python.exe", "-c", "# Required by box_enqueue.courier_problems: the courier pushes from\n# farm-out and from nowhere else, and ep2-cnet-probe-0817 rendered\n# perfectly and was invisible for two days for want of this step.\n# THE REFERENCE TRAVELS WITH THE FRAME. A reader scoring whether the\n# adapter carried the brow needs the brow it was shown.\nimport glob, hashlib, os, shutil\nout_dir = \"C:/banyan-farm/jerryface-k1-0821/out\"\npay_dir = \"C:/banyan-farm/jerryface-k1-0821\"\nctl_dir = \"C:/banyan-farm/jerryface-k1-0821/src/pipeline/control\"\ndst = \"C:/banyan-farm/courier-box/farm-out/ep2-jerry-face-k1-0821\"\nos.makedirs(dst, exist_ok=True)\nfiles = sorted(glob.glob(out_dir + \"/ep2-jerry-face-k1-0821-ipahead.png*\")\n               + glob.glob(pay_dir + \"/prompt.txt\")\n               + glob.glob(pay_dir + \"/negative.txt\")\n               + glob.glob(ctl_dir + \"/jerry-skel-h19-0820.png\")\n               + glob.glob(ctl_dir + \"/jerry-tile-head-0821.png\"))\nlines = []\nfor f in files:\n    shutil.copy2(f, dst)\n    c = os.path.join(dst, os.path.basename(f))\n    with open(c, \"rb\") as fh:\n        h = hashlib.sha256(fh.read()).hexdigest()\n    lines.append(h + \"  \" + os.path.basename(f))\nwith open(os.path.join(dst, \"ep2-jerry-face-k1-0821.sha256\"), \"w\",\n          newline=\"\\n\") as fh:\n    fh.write(\"\\n\".join(sorted(lines)) + \"\\n\")\nprint(\"published\", len(files), \"file(s) + manifest ->\", dst)\nraise SystemExit(0 if len(files) >= 6 else 1)"]
published 6 file(s) + manifest -> C:/banyan-farm/courier-box/farm-out/ep2-jerry-face-k1-0821
==== step publish END rc=0 2026-08-20T21:39:47Z ====
#### job ep2-jerry-face-k1-0821-1787261835 finished rc=0 2026-08-20T21:39:47Z
