#### job ep2-b20-shapeB-0813-1786627752 attempt 1 start 2026-08-13T16:07:46Z

==== step crop START 2026-08-13T16:07:50Z ====
argv: ["C:\\banyan-farm\\venv\\Scripts\\python.exe", "C:\\banyan-farm\\ep2-b20-shapeB-0813\\cover_crop.py", "--src", "C:\\banyan-farm\\goblin-ipa-0812\\out-b20-frozen\\20-evidence-ipa-r0-w015-s1.png", "--sha256", "9e29f0faa823a2cc140655f8a4f8449751074a548a71208a48d304d27083acc8", "--out", "C:\\banyan-farm\\ep2-b20-shapeB-0813\\b20-init-704x1280.png", "--size", "704x1280"]
src 832x1216 sha 9e29f0faa823a2cc140655f8a4f8449751074a548a71208a48d304d27083acc8
cover-crop scale=1.0526 -> 876x1280, centre box (86,0)
WROTE C:\banyan-farm\ep2-b20-shapeB-0813\b20-init-704x1280.png
==== step crop END rc=0 2026-08-13T16:07:50Z ====

==== step encode START 2026-08-13T16:07:50Z ====
argv: ["C:\\banyan-video\\venv\\Scripts\\python.exe", "C:\\banyan-farm\\banyan-city\\pipeline\\ltx_i2v.py", "--stage", "encode", "--jobs", "C:\\banyan-farm\\ep2-b20-shapeB-0813\\b20-jobs-encode.json"]
-- begin-encode: phys 9.9/68.1GB, commit 11.7/115.3GB (load 14%)
loading text encoder from C:\Users\artvn\.cache\huggingface\hub\models--Lightricks--gemma-3-12b-it-qat-q4_0-unquantized\snapshots\d62fe4f1995ade703b49a0f3c0d0f161237ef437

Loading weights:   0%|          | 0/1065 [00:00<?, ?it/s]
Loading weights:  32%|███▏      | 344/1065 [00:00<00:00, 3097.25it/s]
Loading weights:  79%|███████▉  | 846/1065 [00:00<00:00, 3957.77it/s]
Loading weights: 100%|██████████| 1065/1065 [00:00<00:00, 4214.74it/s]
-- encode-beat-20: phys 11.1/68.1GB, commit 38.5/115.3GB (load 16%)
[1/1] encoded beat 20 to C:\banyan-farm\ep2-b20-shapeB-0813\b20-embeds.pt (1, 1024, 188160)
{"peak_commit_gb": 41.1, "peak_phys_gb": 36.9, "last_stage": "encode-beat-20"}
==== step encode END rc=0 2026-08-13T16:09:21Z ====

==== step render START 2026-08-13T16:09:21Z ====
argv: ["C:\\banyan-video\\venv\\Scripts\\python.exe", "C:\\banyan-farm\\banyan-city\\pipeline\\ltx_i2v.py", "--stage", "render", "--jobs", "C:\\banyan-farm\\ep2-b20-shapeB-0813\\b20-jobs-render.json", "--size", "704x1280", "--frames", "73", "--fps", "24", "--guidance", "2.0", "--distilled-sigmas", "--two-stage", "--image-crf", "33", "--offload", "sequential", "--mode", "production", "--task", "ep2-b20-shapeB-0813", "--worker", "rtx5090", "--bench-jsonl", "C:\\banyan-farm\\ep2-b20-shapeB-0813\\bench-b20-shapeB.jsonl", "--bench-label", "ep2-b20-shapeB-0813"]
recipe: offload=sequential quantisation=none (bf16)
-- begin-render: phys 9.9/68.1GB, commit 11.7/115.3GB (load 14%)
transformer  C:\Users\artvn\.cache\huggingface\hub\models--diffusers--LTX-2.3-Distilled-Diffusers\snapshots\432e0d3c2d1769aaa4d295f9243f7062bf6b47ee [subfolder=transformer, bf16]
scheduler    C:\Users\artvn\.cache\huggingface\hub\models--diffusers--LTX-2.3-Distilled-Diffusers\snapshots\432e0d3c2d1769aaa4d295f9243f7062bf6b47ee [subfolder=scheduler, distilled]
other parts  C:\Users\artvn\.cache\huggingface\hub\models--diffusers--LTX-2.3-Diffusers\snapshots\8eee8edcf067e838b843f926ec4d4cc9b2be1aaf
-- load-transformer-bf16-38GB: phys 10.6/68.1GB, commit 13.6/115.3GB (load 15%)

Loading checkpoint shards:   0%|          | 0/8 [00:00<?, ?it/s]
Loading checkpoint shards:  12%|█▎        | 1/8 [00:00<00:00,  8.92it/s]
Loading checkpoint shards:  25%|██▌       | 2/8 [00:00<00:00,  9.34it/s]
Loading checkpoint shards:  50%|█████     | 4/8 [00:00<00:00,  8.90it/s]
Loading checkpoint shards: 100%|██████████| 8/8 [00:00<00:00, 17.24it/s]
Loading checkpoint shards: 100%|██████████| 8/8 [00:00<00:00, 14.36it/s]
-- load-connectors-12.7GB-and-vae: phys 10.7/68.1GB, commit 51.9/115.3GB (load 15%)

Loading checkpoint shards:   0%|          | 0/2 [00:00<?, ?it/s]
Loading checkpoint shards: 100%|██████████| 2/2 [00:00<00:00, 285.39it/s]
-- offload-setup-sequential: phys 10.7/68.1GB, commit 61.5/115.3GB (load 15%)
C:\banyan-video\venv\Lib\site-packages\accelerate\utils\modeling.py:345: UserWarning: expandable_segments not supported on this platform (Triggered internally at C:\actions-runner\_work\pytorch\pytorch\pytorch\c10/cuda/CUDAAllocatorConfig.h:39.)
  new_value = old_value.to(device, non_blocking=non_blocking)
conditioning still round-tripped through libx264 crf=33 -> C:\banyan-farm\ep2-b20-shapeB-0813\cond-crf-20.png
-- stage1-denoise-352x640-8steps: phys 11.6/68.1GB, commit 61.9/115.3GB (load 17%)

  0%|          | 0/8 [00:00<?, ?it/s]
 12%|█▎        | 1/8 [01:12<08:25, 72.24s/it]
 25%|██▌       | 2/8 [01:25<03:46, 37.69s/it]
 38%|███▊      | 3/8 [01:33<01:59, 23.82s/it]
 50%|█████     | 4/8 [01:40<01:09, 17.36s/it]
 62%|██████▎   | 5/8 [01:49<00:42, 14.17s/it]
 75%|███████▌  | 6/8 [01:56<00:23, 11.85s/it]
 88%|████████▊ | 7/8 [02:03<00:10, 10.45s/it]
100%|██████████| 8/8 [02:11<00:00,  9.54s/it]
100%|██████████| 8/8 [02:11<00:00, 16.44s/it]
stage1 latents (1, 128, 10, 20, 11)
-- upsample-2x-latent: phys 57.1/68.1GB, commit 64.2/115.3GB (load 83%)
There are modules in LTX2LatentUpsamplerModel that should be kept in float32: []. Casting directly with `to()` can lead to inconsistent results; set `torch_dtype` in `from_pretrained()` instead to keep these modules in float32.
upsampled latents (1, 128, 10, 40, 22)
-- stage2-refine-704x1280-3steps: phys 59.0/68.1GB, commit 67.4/115.3GB (load 86%)

  0%|          | 0/3 [00:00<?, ?it/s]
 33%|███▎      | 1/3 [00:19<00:39, 19.71s/it]
 67%|██████▋   | 2/3 [00:40<00:20, 20.22s/it]
100%|██████████| 3/3 [01:02<00:00, 21.36s/it]
100%|██████████| 3/3 [01:02<00:00, 21.00s/it]
-- decode-and-export: phys 63.5/68.1GB, commit 70.3/115.3GB (load 93%)
[1/1] wrote C:\banyan-farm\ep2-b20-shapeB-0813\20-evidence-LTX-shapeB-0813.mp4 in 215s (73 frames, 704x1280, 8@352x640+3@704x1280 steps, peak torch 7.9GB, device 2.6/26GB)
THROUGHPUT 0.0142 s(video)/s(wall) (1 x 3.042s of video in 215s)
bench row -> C:\banyan-farm\ep2-b20-shapeB-0813\bench-b20-shapeB.jsonl
{"sample_s": 214.8, "peak_gb": 7.9, "peak_commit_gb": 76.2, "frames": 73, "size": "704x1280", "steps": "8@352x640+3@704x1280", "batch": 1, "mode": "production", "throughput_s_per_s": 0.0142, "two_stage": true, "image_crf": 33, "offload": "sequential", "quantisation": null}
{"peak_commit_gb": 76.2, "peak_phys_gb": 63.5, "last_stage": "decode-and-export"}
==== step render END rc=0 2026-08-13T16:13:10Z ====

==== step publish START 2026-08-13T16:13:10Z ====
argv: ["C:\\banyan-farm\\venv\\Scripts\\python.exe", "-c", "import glob, hashlib, os, shutil\ndst = \"C:/banyan-farm/courier-box/farm-out/ep2-b20-shapeB\"\nos.makedirs(dst, exist_ok=True)\nsrc = sorted(glob.glob(\"C:/banyan-farm/ep2-b20-shapeB-0813/20-evidence-LTX-shapeB-0813.mp4*\")\n             + glob.glob(\"C:/banyan-farm/ep2-b20-shapeB-0813/b20-init-704x1280.png\")\n             + glob.glob(\"C:/banyan-farm/ep2-b20-shapeB-0813/bench-b20-shapeB.jsonl\"))\nlines = []\nfor f in src:\n    shutil.copy2(f, dst)\n    c = os.path.join(dst, os.path.basename(f))\n    with open(c, \"rb\") as fh:\n        h = hashlib.sha256(fh.read()).hexdigest()\n    lines.append(h + \"  \" + os.path.basename(f))\nwith open(os.path.join(dst, \"ep2-b20-shapeB-0813.sha256\"), \"w\", newline=\"\\n\") as fh:\n    fh.write(\"\\n\".join(lines) + \"\\n\")\nprint(\"published\", len(src), \"file(s) + manifest ->\", dst)\nraise SystemExit(0 if len(src) >= 2 else 1)\n"]
published 4 file(s) + manifest -> C:/banyan-farm/courier-box/farm-out/ep2-b20-shapeB
==== step publish END rc=0 2026-08-13T16:13:10Z ====
#### job ep2-b20-shapeB-0813-1786627752 finished rc=0 2026-08-13T16:13:10Z
