#### job ep2-b08-eraseonly-0820-1787233248 attempt 1 start 2026-08-20T13:42:28Z

==== step fetch START 2026-08-20T13:42:28Z ====
argv: ["C:\\banyan-farm\\venv\\Scripts\\python.exe", "C:\\banyan-farm\\b08eraseonly-0820\\fetch_init.py"]
fetched 08-first-citizen-eraseonly-0820.png 959598 bytes sha 7cc1a4cb12ca14a3628eb9ba8b8257ccc1f07f7cf9a9727d8ce769e1d5de8d45 OK
fetched 08-first-citizen-eraseonly-mask-0820.png 1653 bytes sha 8c94f1403c3e13839fe2351c70e494f9f2961c0b5a718db3f786d2a341a2d505 OK
==== step fetch END rc=0 2026-08-20T13:42:29Z ====

==== step dry START 2026-08-20T13:42:29Z ====
argv: ["C:\\banyan-farm\\venv\\Scripts\\python.exe", "C:\\banyan-farm\\b08eraseonly-0820\\inpaint_fruit.py", "--init", "C:\\banyan-farm\\b08eraseonly-0820\\08-first-citizen-eraseonly-0820.png", "--init-sha256", "7cc1a4cb12ca14a3628eb9ba8b8257ccc1f07f7cf9a9727d8ce769e1d5de8d45", "--mask-png", "C:\\banyan-farm\\b08eraseonly-0820\\08-first-citizen-eraseonly-mask-0820.png", "--prompt-file", "C:\\banyan-farm\\b08eraseonly-0820\\prompt.txt", "--negative-file", "C:\\banyan-farm\\b08eraseonly-0820\\negative.txt", "--out", "C:\\banyan-farm\\b08eraseonly-0820\\b08-eraseonly-DRY.png", "--steps", "40", "--cfg", "7.5", "--strength", "0.99", "--pad-crop", "64", "--blur", "8", "--seed", "20260821", "--note", "MASK GEOMETRY CHECK. Writes the mask and exits BEFORE a model is loaded, so a wrong mask costs seconds instead of a GPU fire. THIS MASK IS ONE REGION AND IT IS THE WHOLE POINT: 10020 px, 0.99 percent of the frame, largest component 9956 px in a 102x118 box -- against the 18408 px / 142x211 region that hosted a second goblin's head on this job's parent. It is the guard's ORIGINAL left fist at the harness strap, grown 10, and NOTHING ELSE: no forearm corridor, no rim around the copy, no board band. WHAT TO CHECK ON THE DRY PNG: one compact white blob up at the CHEST, roughly x 555..660 y 528..635, with the strap running through it; NO white anywhere near the board's top edge at y~670 (the copied fist must be entirely black -- it is outside the mask and must stay drawn); and no white touching the guard's FACE (x 531..601 y 355..420) or the goblin (x 60..260 y 430..1140). If there is white at the board edge, this is the parent's mask and not this one, and the job must stop here at $0.", "--dry-run"]
DRY RUN -- no model loaded, nothing rendered.
init_sha256 OK 7cc1a4cb12ca14a3628eb9ba8b8257ccc1f07f7cf9a9727d8ce769e1d5de8d45
mask png corners=- bbox=[552, 522, 654, 640]  0.1226 x 0.0970 of 832x1216
WROTE C:\banyan-farm\b08eraseonly-0820\b08-eraseonly-DRY-mask.png
rc=0 dry_run=1
==== step dry END rc=0 2026-08-20T13:42:29Z ====

==== step s20260821 START 2026-08-20T13:42:29Z ====
argv: ["C:\\banyan-farm\\venv\\Scripts\\python.exe", "C:\\banyan-farm\\b08eraseonly-0820\\inpaint_fruit.py", "--init", "C:\\banyan-farm\\b08eraseonly-0820\\08-first-citizen-eraseonly-0820.png", "--init-sha256", "7cc1a4cb12ca14a3628eb9ba8b8257ccc1f07f7cf9a9727d8ce769e1d5de8d45", "--mask-png", "C:\\banyan-farm\\b08eraseonly-0820\\08-first-citizen-eraseonly-mask-0820.png", "--prompt-file", "C:\\banyan-farm\\b08eraseonly-0820\\prompt.txt", "--negative-file", "C:\\banyan-farm\\b08eraseonly-0820\\negative.txt", "--out", "C:\\banyan-farm\\b08eraseonly-0820\\b08-eraseonly-s20260821.png", "--steps", "40", "--cfg", "7.5", "--strength", "0.99", "--pad-crop", "64", "--blur", "8", "--seed", "20260821", "--note", "MASK GEOMETRY CHECK. Writes the mask and exits BEFORE a model is loaded, so a wrong mask costs seconds instead of a GPU fire. THIS MASK IS ONE REGION AND IT IS THE WHOLE POINT: 10020 px, 0.99 percent of the frame, largest component 9956 px in a 102x118 box -- against the 18408 px / 142x211 region that hosted a second goblin's head on this job's parent. It is the guard's ORIGINAL left fist at the harness strap, grown 10, and NOTHING ELSE: no forearm corridor, no rim around the copy, no board band. WHAT TO CHECK ON THE DRY PNG: one compact white blob up at the CHEST, roughly x 555..660 y 528..635, with the strap running through it; NO white anywhere near the board's top edge at y~670 (the copied fist must be entirely black -- it is outside the mask and must stay drawn); and no white touching the guard's FACE (x 531..601 y 355..420) or the goblin (x 60..260 y 430..1140). If there is white at the board edge, this is the parent's mask and not this one, and the job must stop here at $0."]

Loading pipeline components...:   0%|          | 0/7 [00:00<?, ?it/s]
Loading pipeline components...:  29%|██▊       | 2/7 [00:00<00:00,  7.51it/s]
Loading pipeline components...:  43%|████▎     | 3/7 [00:00<00:00,  4.78it/s]
Loading pipeline components...:  71%|███████▏  | 5/7 [00:04<00:02,  1.16s/it]
Loading pipeline components...: 100%|██████████| 7/7 [00:05<00:00,  1.10it/s]
Loading pipeline components...: 100%|██████████| 7/7 [00:05<00:00,  1.23it/s]
C:\banyan-farm\venv\Lib\site-packages\torch\nn\modules\module.py:1370: UserWarning: expandable_segments not supported on this platform (Triggered internally at C:\actions-runner\_work\pytorch\pytorch\pytorch\c10/cuda/CUDAAllocatorConfig.h:39.)
  return t.to(
MODEL_LOADED cagliostrolab/animagine-xl-3.1 cuda/bfloat16 unet.in_channels=4 in 9s
WROTE C:\banyan-farm\b08eraseonly-0820\b08-eraseonly-s20260821.png
WROTE C:\banyan-farm\b08eraseonly-0820\b08-eraseonly-s20260821-mask.png
WROTE C:\banyan-farm\b08eraseonly-0820\b08-eraseonly-s20260821.png.meta.yaml
rc=0 render_s=10.9
==== step s20260821 END rc=0 2026-08-20T13:42:56Z ====

==== step publish START 2026-08-20T13:42:56Z ====
argv: ["C:\\banyan-farm\\venv\\Scripts\\python.exe", "-c", "# EVERY FILE IS NAMED IN FULL, not matched by a glob. A glob that misses\n# publishes nothing while returning a code that reads like a render failure,\n# and box_enqueue.output_path_problems refuses a spec whose declared artifacts\n# are never named by any step -- which a wildcard defeats. Missing ONE file is\n# a FAIL of the job. No allow_fail anywhere in this spec.\nimport hashlib, os, shutil\nfrom_dir = \"C:/banyan-farm/b08eraseonly-0820\"\ndst = \"C:/banyan-farm/courier-box/farm-out/ep2-b08-eraseonly-0820\"\nNAMES = [\n    \"b08-eraseonly-s20260821.png\",\n    \"b08-eraseonly-s20260821-mask.png\",\n    \"b08-eraseonly-s20260821.png.meta.yaml\",\n    \"08-first-citizen-eraseonly-0820.png\",\n    \"08-first-citizen-eraseonly-mask-0820.png\",\n    \"prompt.txt\",\n    \"negative.txt\",\n]\nos.makedirs(dst, exist_ok=True)\nlines = []\nfor name in NAMES:\n    f = os.path.join(from_dir, name)\n    if not os.path.isfile(f):\n        raise SystemExit(\"!! missing %s -- refusing to call the job clean.\" % f)\n    shutil.copy2(f, dst)\n    with open(os.path.join(dst, name), \"rb\") as fh:\n        h = hashlib.sha256(fh.read()).hexdigest()\n    lines.append(h + \"  \" + name)\nwith open(os.path.join(dst, \"ep2-b08-eraseonly-0820.sha256\"), \"w\",\n          newline=\"\\n\") as fh:\n    fh.write(\"\\n\".join(sorted(lines)) + \"\\n\")\nprint(\"published\", len(lines), \"file(s) + manifest ->\", dst)\nraise SystemExit(0 if len(lines) == len(NAMES) else 1)\n"]
published 7 file(s) + manifest -> C:/banyan-farm/courier-box/farm-out/ep2-b08-eraseonly-0820
==== step publish END rc=0 2026-08-20T13:42:56Z ====
#### job ep2-b08-eraseonly-0820-1787233248 finished rc=0 2026-08-20T13:42:56Z
