 70%|███████   | 28/40 [00:06<00:02,  4.39it/s]
 72%|███████▎  | 29/40 [00:06<00:02,  4.43it/s]
 75%|███████▌  | 30/40 [00:06<00:02,  4.45it/s]
 78%|███████▊  | 31/40 [00:07<00:02,  4.34it/s]
 80%|████████  | 32/40 [00:07<00:01,  4.36it/s]
 82%|████████▎ | 33/40 [00:07<00:01,  4.49it/s]
 85%|████████▌ | 34/40 [00:07<00:01,  4.40it/s]
 88%|████████▊ | 35/40 [00:07<00:01,  4.43it/s]
 90%|█████████ | 36/40 [00:08<00:00,  4.36it/s]
 92%|█████████▎| 37/40 [00:08<00:00,  4.40it/s]
 95%|█████████▌| 38/40 [00:08<00:00,  4.43it/s]
 98%|█████████▊| 39/40 [00:08<00:00,  4.36it/s]
100%|██████████| 40/40 [00:09<00:00,  4.41it/s]
100%|██████████| 40/40 [00:09<00:00,  4.40it/s]
   06-the-clipboard-ipa-r0-w010-s3.png seed=20263725 9s  (4/8)

  0%|          | 0/40 [00:00<?, ?it/s]
  2%|▎         | 1/40 [00:00<00:08,  4.71it/s]
  5%|▌         | 2/40 [00:00<00:08,  4.63it/s]
  8%|▊         | 3/40 [00:00<00:08,  4.55it/s]
 10%|█         | 4/40 [00:00<00:08,  4.29it/s]
 12%|█▎        | 5/40 [00:01<00:08,  4.26it/s]
 15%|█▌        | 6/40 [00:01<00:07,  4.45it/s]
 18%|█▊        | 7/40 [00:01<00:07,  4.37it/s]
 20%|██        | 8/40 [00:01<00:07,  4.21it/s]
 22%|██▎       | 9/40 [00:02<00:07,  4.23it/s]
 25%|██▌       | 10/40 [00:02<00:06,  4.40it/s]
 28%|██▊       | 11/40 [00:02<00:06,  4.44it/s]
 30%|███       | 12/40 [00:02<00:06,  4.37it/s]
 32%|███▎      | 13/40 [00:02<00:06,  4.32it/s]
 35%|███▌      | 14/40 [00:03<00:05,  4.38it/s]
 38%|███▊      | 15/40 [00:03<00:05,  4.42it/s]
 40%|████      | 16/40 [00:03<00:05,  4.45it/s]
 42%|████▎     | 17/40 [00:03<00:05,  4.38it/s]
 45%|████▌     | 18/40 [00:04<00:05,  4.32it/s]
 48%|████▊     | 19/40 [00:04<00:04,  4.38it/s]
 50%|█████     | 20/40 [00:04<00:04,  4.41it/s]
 52%|█████▎    | 21/40 [00:04<00:04,  4.45it/s]
 55%|█████▌    | 22/40 [00:05<00:04,  4.34it/s]
 57%|█████▊    | 23/40 [00:05<00:03,  4.38it/s]
 60%|██████    | 24/40 [00:05<00:03,  4.41it/s]
 62%|██████▎   | 25/40 [00:05<00:03,  4.40it/s]
 65%|██████▌   | 26/40 [00:05<00:03,  4.36it/s]
 68%|██████▊   | 27/40 [00:06<00:02,  4.37it/s]
 70%|███████   | 28/40 [00:06<00:02,  4.45it/s]
 72%|███████▎  | 29/40 [00:06<00:02,  4.47it/s]
 75%|███████▌  | 30/40 [00:06<00:02,  4.35it/s]
 78%|███████▊  | 31/40 [00:07<00:02,  4.43it/s]
 80%|████████  | 32/40 [00:07<00:01,  4.35it/s]
 82%|████████▎ | 33/40 [00:07<00:01,  4.41it/s]
 85%|████████▌ | 34/40 [00:07<00:01,  4.45it/s]
 88%|████████▊ | 35/40 [00:07<00:01,  4.37it/s]
 90%|█████████ | 36/40 [00:08<00:00,  4.34it/s]
 92%|█████████▎| 37/40 [00:08<00:00,  4.37it/s]
 95%|█████████▌| 38/40 [00:08<00:00,  4.41it/s]
 98%|█████████▊| 39/40 [00:08<00:00,  4.44it/s]
100%|██████████| 40/40 [00:09<00:00,  4.37it/s]
100%|██████████| 40/40 [00:09<00:00,  4.39it/s]
   06-the-clipboard-ipa-r0-w020-s0.png seed=20260725 10s  (5/8)

  0%|          | 0/40 [00:00<?, ?it/s]
  2%|▎         | 1/40 [00:00<00:08,  4.69it/s]
  5%|▌         | 2/40 [00:00<00:08,  4.59it/s]
  8%|▊         | 3/40 [00:00<00:08,  4.53it/s]
 10%|█         | 4/40 [00:00<00:08,  4.29it/s]
 12%|█▎        | 5/40 [00:01<00:08,  4.26it/s]
 15%|█▌        | 6/40 [00:01<00:07,  4.35it/s]
 18%|█▊        | 7/40 [00:01<00:07,  4.35it/s]
 20%|██        | 8/40 [00:01<00:07,  4.26it/s]
 22%|██▎       | 9/40 [00:02<00:07,  4.24it/s]
 25%|██▌       | 10/40 [00:02<00:06,  4.32it/s]
 28%|██▊       | 11/40 [00:02<00:06,  4.47it/s]
 30%|███       | 12/40 [00:02<00:06,  4.39it/s]
 32%|███▎      | 13/40 [00:02<00:06,  4.34it/s]
 35%|███▌      | 14/40 [00:03<00:05,  4.39it/s]
 38%|███▊      | 15/40 [00:03<00:05,  4.43it/s]
 40%|████      | 16/40 [00:03<00:05,  4.45it/s]
 42%|████▎     | 17/40 [00:03<00:05,  4.38it/s]
 45%|████▌     | 18/40 [00:04<00:05,  4.33it/s]
 48%|████▊     | 19/40 [00:04<00:04,  4.34it/s]
 50%|█████     | 20/40 [00:04<00:04,  4.44it/s]
 52%|█████▎    | 21/40 [00:04<00:04,  4.36it/s]
 55%|█████▌    | 22/40 [00:05<00:04,  4.41it/s]
 57%|█████▊    | 23/40 [00:05<00:03,  4.34it/s]
 60%|██████    | 24/40 [00:05<00:03,  4.39it/s]
 62%|██████▎   | 25/40 [00:05<00:03,  4.42it/s]
 65%|██████▌   | 26/40 [00:05<00:03,  4.36it/s]
 68%|██████▊   | 27/40 [00:06<00:02,  4.40it/s]
 70%|███████   | 28/40 [00:06<00:02,  4.44it/s]
 72%|███████▎  | 29/40 [00:06<00:02,  4.37it/s]
 75%|███████▌  | 30/40 [00:06<00:02,  4.41it/s]
 78%|███████▊  | 31/40 [00:07<00:02,  4.35it/s]
 80%|████████  | 32/40 [00:07<00:01,  4.40it/s]
 82%|████████▎ | 33/40 [00:07<00:01,  4.43it/s]
 85%|████████▌ | 34/40 [00:07<00:01,  4.36it/s]
 88%|████████▊ | 35/40 [00:07<00:01,  4.41it/s]
 90%|█████████ | 36/40 [00:08<00:00,  4.44it/s]
 92%|█████████▎| 37/40 [00:08<00:00,  4.47it/s]
 95%|█████████▌| 38/40 [00:08<00:00,  4.39it/s]
 98%|█████████▊| 39/40 [00:08<00:00,  4.42it/s]
100%|██████████| 40/40 [00:09<00:00,  4.45it/s]
100%|██████████| 40/40 [00:09<00:00,  4.39it/s]
   06-the-clipboard-ipa-r0-w020-s1.png seed=20261725 10s  (6/8)

  0%|          | 0/40 [00:00<?, ?it/s]
  2%|▎         | 1/40 [00:00<00:08,  4.78it/s]
  5%|▌         | 2/40 [00:00<00:08,  4.63it/s]
  8%|▊         | 3/40 [00:00<00:07,  4.73it/s]
 10%|█         | 4/40 [00:00<00:08,  4.27it/s]
 12%|█▎        | 5/40 [00:01<00:08,  4.24it/s]
 15%|█▌        | 6/40 [00:01<00:07,  4.33it/s]
 18%|█▊        | 7/40 [00:01<00:07,  4.40it/s]
 20%|██        | 8/40 [00:01<00:07,  4.24it/s]
 22%|██▎       | 9/40 [00:02<00:07,  4.23it/s]
 25%|██▌       | 10/40 [00:02<00:06,  4.31it/s]
 28%|██▊       | 11/40 [00:02<00:06,  4.37it/s]
 30%|███       | 12/40 [00:02<00:06,  4.41it/s]
 32%|███▎      | 13/40 [00:02<00:06,  4.35it/s]
 35%|███▌      | 14/40 [00:03<00:05,  4.39it/s]
 38%|███▊      | 15/40 [00:03<00:05,  4.43it/s]
 40%|████      | 16/40 [00:03<00:05,  4.45it/s]
 42%|████▎     | 17/40 [00:03<00:05,  4.37it/s]
 45%|████▌     | 18/40 [00:04<00:05,  4.32it/s]
 48%|████▊     | 19/40 [00:04<00:04,  4.37it/s]
 50%|█████     | 20/40 [00:04<00:04,  4.46it/s]
 52%|█████▎    | 21/40 [00:04<00:04,  4.41it/s]
 55%|█████▌    | 22/40 [00:05<00:04,  4.44it/s]
 57%|█████▊    | 23/40 [00:05<00:03,  4.37it/s]
 60%|██████    | 24/40 [00:05<00:03,  4.50it/s]
 62%|██████▎   | 25/40 [00:05<00:03,  4.41it/s]
 65%|██████▌   | 26/40 [00:05<00:03,  4.44it/s]
 68%|██████▊   | 27/40 [00:06<00:02,  4.37it/s]
 70%|███████   | 28/40 [00:06<00:02,  4.41it/s]
 72%|███████▎  | 29/40 [00:06<00:02,  4.45it/s]
 75%|███████▌  | 30/40 [00:06<00:02,  4.37it/s]
 78%|███████▊  | 31/40 [00:07<00:02,  4.41it/s]
 80%|████████  | 32/40 [00:07<00:01,  4.38it/s]
 82%|████████▎ | 33/40 [00:07<00:01,  4.41it/s]
 85%|████████▌ | 34/40 [00:07<00:01,  4.43it/s]
 88%|████████▊ | 35/40 [00:07<00:01,  4.45it/s]
 90%|█████████ | 36/40 [00:08<00:00,  4.38it/s]
 92%|█████████▎| 37/40 [00:08<00:00,  4.40it/s]
 95%|█████████▌| 38/40 [00:08<00:00,  4.45it/s]
 98%|█████████▊| 39/40 [00:08<00:00,  4.47it/s]
100%|██████████| 40/40 [00:09<00:00,  4.39it/s]
100%|██████████| 40/40 [00:09<00:00,  4.40it/s]
   06-the-clipboard-ipa-r0-w020-s2.png seed=20262725 9s  (7/8)

  0%|          | 0/40 [00:00<?, ?it/s]
  2%|▎         | 1/40 [00:00<00:07,  4.93it/s]
  5%|▌         | 2/40 [00:00<00:08,  4.68it/s]
  8%|▊         | 3/40 [00:00<00:08,  4.61it/s]
 10%|█         | 4/40 [00:00<00:08,  4.23it/s]
 12%|█▎        | 5/40 [00:01<00:08,  4.17it/s]
 15%|█▌        | 6/40 [00:01<00:07,  4.29it/s]
 18%|█▊        | 7/40 [00:01<00:07,  4.39it/s]
 20%|██        | 8/40 [00:01<00:07,  4.24it/s]
 22%|██▎       | 9/40 [00:02<00:07,  4.23it/s]
 25%|██▌       | 10/40 [00:02<00:06,  4.31it/s]
 28%|██▊       | 11/40 [00:02<00:06,  4.47it/s]
 30%|███       | 12/40 [00:02<00:06,  4.38it/s]
 32%|███▎      | 13/40 [00:02<00:06,  4.34it/s]
 35%|███▌      | 14/40 [00:03<00:05,  4.39it/s]
 38%|███▊      | 15/40 [00:03<00:05,  4.43it/s]
 40%|████      | 16/40 [00:03<00:05,  4.45it/s]
 42%|████▎     | 17/40 [00:03<00:05,  4.38it/s]
 45%|████▌     | 18/40 [00:04<00:05,  4.33it/s]
 48%|████▊     | 19/40 [00:04<00:04,  4.38it/s]
 50%|█████     | 20/40 [00:04<00:04,  4.52it/s]
 52%|█████▎    | 21/40 [00:04<00:04,  4.52it/s]
 55%|█████▌    | 22/40 [00:05<00:04,  4.40it/s]
 57%|█████▊    | 23/40 [00:05<00:03,  4.46it/s]
 60%|██████    | 24/40 [00:05<00:03,  4.48it/s]
 62%|██████▎   | 25/40 [00:05<00:03,  4.46it/s]
 65%|██████▌   | 26/40 [00:05<00:03,  4.40it/s]
 68%|██████▊   | 27/40 [00:06<00:02,  4.36it/s]
 70%|███████   | 28/40 [00:06<00:02,  4.48it/s]
 72%|███████▎  | 29/40 [00:06<00:02,  4.49it/s]
 75%|███████▌  | 30/40 [00:06<00:02,  4.40it/s]
 78%|███████▊  | 31/40 [00:07<00:02,  4.43it/s]
 80%|████████  | 32/40 [00:07<00:01,  4.36it/s]
 82%|████████▎ | 33/40 [00:07<00:01,  4.41it/s]
 85%|████████▌ | 34/40 [00:07<00:01,  4.43it/s]
 88%|████████▊ | 35/40 [00:07<00:01,  4.46it/s]
 90%|█████████ | 36/40 [00:08<00:00,  4.38it/s]
 92%|█████████▎| 37/40 [00:08<00:00,  4.42it/s]
 95%|█████████▌| 38/40 [00:08<00:00,  4.45it/s]
 98%|█████████▊| 39/40 [00:08<00:00,  4.38it/s]
100%|██████████| 40/40 [00:09<00:00,  4.41it/s]
100%|██████████| 40/40 [00:09<00:00,  4.40it/s]
   06-the-clipboard-ipa-r0-w020-s3.png seed=20263725 10s  (8/8)

DONE 8 stills — ONE beat. The other fourteen wait on his verdict.
==== step sample END rc=0 2026-08-13T20:20:46Z ====

==== step publish START 2026-08-13T20:20:46Z ====
argv: ["C:\\banyan-farm\\venv\\Scripts\\python.exe", "-c", "import glob, hashlib, os, shutil\ndst = \"C:/banyan-farm/courier-box/farm-out/ep2-b06-scene-0814\"\nos.makedirs(dst, exist_ok=True)\nsrc = sorted(glob.glob(\"C:/banyan-farm/goblin-ipa-0812/out-b06-scene/*\"))\nlines = []\nfor f in src:\n    shutil.copy2(f, dst)\n    c = os.path.join(dst, os.path.basename(f))\n    with open(c, \"rb\") as fh:\n        h = hashlib.sha256(fh.read()).hexdigest()\n    lines.append(h + \"  \" + os.path.basename(f))\nwith open(os.path.join(dst, \"ep2-b06-scene-0814.sha256\"), \"w\", newline=\"\\n\") as fh:\n    fh.write(\"\\n\".join(lines) + \"\\n\")\nprint(\"published\", len(src), \"file(s) + manifest ->\", dst)\nraise SystemExit(0 if len(src) >= 16 else 1)\n"]
published 16 file(s) + manifest -> C:/banyan-farm/courier-box/farm-out/ep2-b06-scene-0814
==== step publish END rc=0 2026-08-13T20:20:46Z ====
#### job ep2-b06-scene-0814-1786652146 finished rc=0 2026-08-13T20:20:46Z
