#### job ep2-b02-sw-r3g10-0815-1786745178 attempt 1 start 2026-08-14T22:25:17Z

==== step crop START 2026-08-14T22:25:20Z ====
argv: ["C:\\banyan-farm\\venv\\Scripts\\python.exe", "C:\\banyan-farm\\ep2-b02-sw-r3g10-0815\\cover_crop.py", "--src", "C:\\banyan-farm\\courier-box\\farm-out\\ep2-b02-plate-0814\\02-the-sprint-ipa-r0-w015-s0.png", "--sha256", "8519ed910d70da5c9c66cf38a9d27cd4b7a62ae9d537b5ca4c1adbcff7c4e942", "--out", "C:\\banyan-farm\\ep2-b02-sw-r3g10-0815\\b02-init-704x1280.png", "--size", "704x1280"]
src 832x1216 sha 8519ed910d70da5c9c66cf38a9d27cd4b7a62ae9d537b5ca4c1adbcff7c4e942
cover-crop scale=1.0526 -> 876x1280, centre box (86,0)
WROTE C:\banyan-farm\ep2-b02-sw-r3g10-0815\b02-init-704x1280.png
==== step crop END rc=0 2026-08-14T22:25:21Z ====

==== step encode START 2026-08-14T22:25:21Z ====
argv: ["C:\\banyan-video\\venv\\Scripts\\python.exe", "C:\\banyan-farm\\banyan-city\\pipeline\\ltx_i2v.py", "--stage", "encode", "--jobs", "C:\\banyan-farm\\ep2-b02-sw-r3g10-0815\\b02-jobs-encode.json"]
-- begin-encode: phys 10.0/68.1GB, commit 12.0/115.3GB (load 14%)
loading text encoder from C:\Users\artvn\.cache\huggingface\hub\models--Lightricks--gemma-3-12b-it-qat-q4_0-unquantized\snapshots\d62fe4f1995ade703b49a0f3c0d0f161237ef437

Loading weights:   0%|          | 0/1065 [00:00<?, ?it/s]
Loading weights:  36%|███▌      | 385/1065 [00:00<00:00, 3481.31it/s]
Loading weights:  77%|███████▋  | 822/1065 [00:00<00:00, 3746.78it/s]
Loading weights: 100%|██████████| 1065/1065 [00:00<00:00, 3962.45it/s]
-- encode-beat-02: phys 11.2/68.1GB, commit 38.7/115.3GB (load 16%)
[1/1] encoded beat 2 to C:\banyan-farm\ep2-b02-sw-r3g10-0815\b02-embeds.pt (1, 1024, 188160)
{"peak_commit_gb": 40.9, "peak_phys_gb": 36.7, "last_stage": "encode-beat-02"}
==== step encode END rc=0 2026-08-14T22:26:53Z ====

==== step render START 2026-08-14T22:26:53Z ====
argv: ["C:\\banyan-video\\venv\\Scripts\\python.exe", "C:\\banyan-farm\\banyan-city\\pipeline\\ltx_i2v.py", "--stage", "render", "--jobs", "C:\\banyan-farm\\ep2-b02-sw-r3g10-0815\\b02-jobs-render.json", "--size", "704x1280", "--frames", "97", "--fps", "24", "--guidance", "1.0", "--distilled-sigmas", "--two-stage", "--image-crf", "33", "--offload", "sequential", "--mode", "production", "--task", "ep2-b02-sw-r3g10-0815", "--worker", "rtx5090", "--bench-jsonl", "C:\\banyan-farm\\ep2-b02-sw-r3g10-0815\\bench-r3g10.jsonl", "--bench-label", "ep2-b02-sw-r3g10-0815"]
recipe: offload=sequential quantisation=none (bf16)
-- begin-render: phys 10.0/68.1GB, commit 12.0/115.3GB (load 14%)
transformer  C:\Users\artvn\.cache\huggingface\hub\models--diffusers--LTX-2.3-Distilled-Diffusers\snapshots\432e0d3c2d1769aaa4d295f9243f7062bf6b47ee [subfolder=transformer, bf16]
scheduler    C:\Users\artvn\.cache\huggingface\hub\models--diffusers--LTX-2.3-Distilled-Diffusers\snapshots\432e0d3c2d1769aaa4d295f9243f7062bf6b47ee [subfolder=scheduler, distilled]
other parts  C:\Users\artvn\.cache\huggingface\hub\models--diffusers--LTX-2.3-Diffusers\snapshots\8eee8edcf067e838b843f926ec4d4cc9b2be1aaf
-- load-transformer-bf16-38GB: phys 10.7/68.1GB, commit 13.8/115.3GB (load 15%)

Loading checkpoint shards:   0%|          | 0/8 [00:00<?, ?it/s]
Loading checkpoint shards:  12%|█▎        | 1/8 [00:00<00:00,  8.90it/s]
Loading checkpoint shards:  25%|██▌       | 2/8 [00:00<00:00,  9.19it/s]
Loading checkpoint shards:  50%|█████     | 4/8 [00:00<00:00,  8.48it/s]
Loading checkpoint shards: 100%|██████████| 8/8 [00:00<00:00, 16.59it/s]
Loading checkpoint shards: 100%|██████████| 8/8 [00:00<00:00, 13.85it/s]
-- load-connectors-12.7GB-and-vae: phys 10.8/68.1GB, commit 52.2/115.3GB (load 15%)

Loading checkpoint shards:   0%|          | 0/2 [00:00<?, ?it/s]
Loading checkpoint shards: 100%|██████████| 2/2 [00:00<00:00, 67.77it/s]
-- offload-setup-sequential: phys 10.8/68.1GB, commit 61.8/115.3GB (load 15%)
C:\banyan-video\venv\Lib\site-packages\accelerate\utils\modeling.py:345: UserWarning: expandable_segments not supported on this platform (Triggered internally at C:\actions-runner\_work\pytorch\pytorch\pytorch\c10/cuda/CUDAAllocatorConfig.h:39.)
  new_value = old_value.to(device, non_blocking=non_blocking)
conditioning still round-tripped through libx264 crf=33 -> C:\banyan-farm\ep2-b02-sw-r3g10-0815\cond-crf-02.png
-- stage1-denoise-352x640-8steps: phys 11.7/68.1GB, commit 62.1/115.3GB (load 17%)

  0%|          | 0/8 [00:00<?, ?it/s]
 12%|█▎        | 1/8 [01:12<08:28, 72.60s/it]
 25%|██▌       | 2/8 [01:24<03:41, 36.88s/it]
 38%|███▊      | 3/8 [01:31<01:55, 23.12s/it]
 50%|█████     | 4/8 [01:38<01:06, 16.74s/it]
 62%|██████▎   | 5/8 [01:45<00:39, 13.23s/it]
 75%|███████▌  | 6/8 [01:52<00:22, 11.13s/it]
 88%|████████▊ | 7/8 [01:59<00:09,  9.92s/it]
100%|██████████| 8/8 [02:06<00:00,  8.85s/it]
100%|██████████| 8/8 [02:06<00:00, 15.78s/it]
stage1 latents (1, 128, 13, 20, 11)
-- upsample-2x-latent: phys 57.7/68.1GB, commit 63.2/115.3GB (load 84%)
There are modules in LTX2LatentUpsamplerModel that should be kept in float32: []. Casting directly with `to()` can lead to inconsistent results; set `torch_dtype` in `from_pretrained()` instead to keep these modules in float32.
upsampled latents (1, 128, 13, 40, 22)
-- stage2-refine-704x1280-3steps: phys 58.4/68.1GB, commit 64.8/115.3GB (load 85%)

  0%|          | 0/3 [00:00<?, ?it/s]
 33%|███▎      | 1/3 [00:15<00:30, 15.26s/it]
 67%|██████▋   | 2/3 [00:30<00:15, 15.21s/it]
100%|██████████| 3/3 [00:46<00:00, 15.66s/it]
100%|██████████| 3/3 [00:46<00:00, 15.55s/it]
-- decode-and-export: phys 59.4/68.1GB, commit 66.3/115.3GB (load 87%)
[1/1] wrote C:\banyan-farm\ep2-b02-sw-r3g10-0815\02-sweep-r3g10.mp4 in 194s (97 frames, 704x1280, 8@352x640+3@704x1280 steps, peak torch 5.5GB, device 2.6/26GB)
THROUGHPUT 0.0209 s(video)/s(wall) (1 x 4.042s of video in 194s)
bench row -> C:\banyan-farm\ep2-b02-sw-r3g10-0815\bench-r3g10.jsonl
{"sample_s": 193.5, "peak_gb": 5.5, "peak_commit_gb": 69.6, "frames": 97, "size": "704x1280", "steps": "8@352x640+3@704x1280", "batch": 1, "mode": "production", "throughput_s_per_s": 0.0209, "two_stage": true, "image_crf": 33, "offload": "sequential", "quantisation": null}
{"peak_commit_gb": 69.6, "peak_phys_gb": 60.1, "last_stage": "decode-and-export"}
==== step render END rc=0 2026-08-14T22:30:21Z ====

==== step publish START 2026-08-14T22:30:21Z ====
argv: ["C:\\banyan-farm\\venv\\Scripts\\python.exe", "-c", "import glob, hashlib, os, shutil\ndst = \"C:/banyan-farm/courier-box/farm-out/ep2-b02-sw-r3g10-0815\"\nos.makedirs(dst, exist_ok=True)\nsrc = sorted(glob.glob(\"C:/banyan-farm/ep2-b02-sw-r3g10-0815/02-sweep-r3g10.mp4*\")\n             + glob.glob(\"C:/banyan-farm/ep2-b02-sw-r3g10-0815/bench-*.jsonl\"))\nlines = []\nfor f in src:\n    shutil.copy2(f, dst)\n    c = os.path.join(dst, os.path.basename(f))\n    with open(c, \"rb\") as fh:\n        h = hashlib.sha256(fh.read()).hexdigest()\n    lines.append(h + \"  \" + os.path.basename(f))\nwith open(os.path.join(dst, \"ep2-b02-sw-r3g10-0815.sha256\"), \"w\", newline=\"\\n\") as fh:\n    fh.write(\"\\n\".join(lines) + \"\\n\")\nprint(\"published\", len(src), \"file(s) + manifest ->\", dst)\nraise SystemExit(0 if len(src) >= 2 else 1)\n"]
published 3 file(s) + manifest -> C:/banyan-farm/courier-box/farm-out/ep2-b02-sw-r3g10-0815
==== step publish END rc=0 2026-08-14T22:30:21Z ====
#### job ep2-b02-sw-r3g10-0815-1786745178 finished rc=0 2026-08-14T22:30:21Z
