Loading pipeline components...:  57%|█████▋    | 4/7 [00:00<00:00,  5.26it/s]
Loading pipeline components...:  71%|███████▏  | 5/7 [00:00<00:00,  5.59it/s]
Loading pipeline components...:  86%|████████▌ | 6/7 [00:02<00:00,  1.62it/s]
Loading pipeline components...: 100%|██████████| 7/7 [00:02<00:00,  2.81it/s]
C:\banyan-farm\venv\Lib\site-packages\torch\nn\modules\module.py:1370: UserWarning: expandable_segments not supported on this platform (Triggered internally at C:\actions-runner\_work\pytorch\pytorch\pytorch\c10/cuda/CUDAAllocatorConfig.h:39.)
  return t.to(
MODEL_LOADED cuda/bfloat16 in 5s

  0%|          | 0/40 [00:00<?, ?it/s]
  2%|▎         | 1/40 [00:00<00:19,  2.03it/s]
  5%|▌         | 2/40 [00:00<00:12,  3.09it/s]
  8%|▊         | 3/40 [00:00<00:09,  3.71it/s]
 10%|█         | 4/40 [00:01<00:09,  3.89it/s]
 12%|█▎        | 5/40 [00:01<00:08,  4.00it/s]
 15%|█▌        | 6/40 [00:01<00:08,  4.16it/s]
 18%|█▊        | 7/40 [00:01<00:07,  4.37it/s]
 20%|██        | 8/40 [00:02<00:07,  4.51it/s]
 22%|██▎       | 9/40 [00:02<00:07,  4.35it/s]
 25%|██▌       | 10/40 [00:02<00:06,  4.38it/s]
 28%|██▊       | 11/40 [00:02<00:06,  4.42it/s]
 30%|███       | 12/40 [00:02<00:06,  4.53it/s]
 32%|███▎      | 13/40 [00:03<00:05,  4.54it/s]
 35%|███▌      | 14/40 [00:03<00:05,  4.39it/s]
 38%|███▊      | 15/40 [00:03<00:05,  4.48it/s]
 40%|████      | 16/40 [00:03<00:05,  4.49it/s]
 42%|████▎     | 17/40 [00:04<00:05,  4.59it/s]
 45%|████▌     | 18/40 [00:04<00:04,  4.47it/s]
 48%|████▊     | 19/40 [00:04<00:04,  4.48it/s]
 50%|█████     | 20/40 [00:04<00:04,  4.45it/s]
 52%|█████▎    | 21/40 [00:04<00:04,  4.51it/s]
 55%|█████▌    | 22/40 [00:05<00:03,  4.51it/s]
 57%|█████▊    | 23/40 [00:05<00:03,  4.48it/s]
 60%|██████    | 24/40 [00:05<00:03,  4.53it/s]
 62%|██████▎   | 25/40 [00:05<00:03,  4.48it/s]
 65%|██████▌   | 26/40 [00:06<00:03,  4.49it/s]
 68%|██████▊   | 27/40 [00:06<00:02,  4.54it/s]
 70%|███████   | 28/40 [00:06<00:02,  4.44it/s]
 72%|███████▎  | 29/40 [00:06<00:02,  4.56it/s]
 75%|███████▌  | 30/40 [00:06<00:02,  4.49it/s]
 78%|███████▊  | 31/40 [00:07<00:01,  4.55it/s]
 80%|████████  | 32/40 [00:07<00:01,  4.44it/s]
 82%|████████▎ | 33/40 [00:07<00:01,  4.46it/s]
 85%|████████▌ | 34/40 [00:07<00:01,  4.57it/s]
 88%|████████▊ | 35/40 [00:08<00:01,  4.55it/s]
 90%|█████████ | 36/40 [00:08<00:00,  4.44it/s]
 92%|█████████▎| 37/40 [00:08<00:00,  4.45it/s]
 95%|█████████▌| 38/40 [00:08<00:00,  4.47it/s]
 98%|█████████▊| 39/40 [00:08<00:00,  4.49it/s]
100%|██████████| 40/40 [00:09<00:00,  4.49it/s]
100%|██████████| 40/40 [00:09<00:00,  4.37it/s]
   17-goodbye-wave1-s0.png seed=20260736 10s  (1/4)

  0%|          | 0/40 [00:00<?, ?it/s]
  2%|▎         | 1/40 [00:00<00:08,  4.86it/s]
  5%|▌         | 2/40 [00:00<00:07,  4.84it/s]
  8%|▊         | 3/40 [00:00<00:07,  4.78it/s]
 10%|█         | 4/40 [00:00<00:07,  4.57it/s]
 12%|█▎        | 5/40 [00:01<00:07,  4.45it/s]
 15%|█▌        | 6/40 [00:01<00:07,  4.59it/s]
 18%|█▊        | 7/40 [00:01<00:07,  4.54it/s]
 20%|██        | 8/40 [00:01<00:07,  4.56it/s]
 22%|██▎       | 9/40 [00:01<00:06,  4.45it/s]
 25%|██▌       | 10/40 [00:02<00:06,  4.41it/s]
 28%|██▊       | 11/40 [00:02<00:06,  4.49it/s]
 30%|███       | 12/40 [00:02<00:06,  4.61it/s]
 32%|███▎      | 13/40 [00:02<00:06,  4.44it/s]
 35%|███▌      | 14/40 [00:03<00:05,  4.40it/s]
 38%|███▊      | 15/40 [00:03<00:05,  4.46it/s]
 40%|████      | 16/40 [00:03<00:05,  4.55it/s]
 42%|████▎     | 17/40 [00:03<00:05,  4.53it/s]
 45%|████▌     | 18/40 [00:03<00:04,  4.43it/s]
 48%|████▊     | 19/40 [00:04<00:04,  4.46it/s]
 50%|█████     | 20/40 [00:04<00:04,  4.48it/s]
 52%|█████▎    | 21/40 [00:04<00:04,  4.59it/s]
 55%|█████▌    | 22/40 [00:04<00:04,  4.45it/s]
 57%|█████▊    | 23/40 [00:05<00:03,  4.49it/s]
 60%|██████    | 24/40 [00:05<00:03,  4.49it/s]
 62%|██████▎   | 25/40 [00:05<00:03,  4.50it/s]
 65%|██████▌   | 26/40 [00:05<00:03,  4.51it/s]
 68%|██████▊   | 27/40 [00:05<00:02,  4.42it/s]
 70%|███████   | 28/40 [00:06<00:02,  4.45it/s]
 72%|███████▎  | 29/40 [00:06<00:02,  4.57it/s]
 75%|███████▌  | 30/40 [00:06<00:02,  4.55it/s]
 78%|███████▊  | 31/40 [00:06<00:02,  4.43it/s]
 80%|████████  | 32/40 [00:07<00:01,  4.42it/s]
 82%|████████▎ | 33/40 [00:07<00:01,  4.50it/s]
 85%|████████▌ | 34/40 [00:07<00:01,  4.50it/s]
 88%|████████▊ | 35/40 [00:07<00:01,  4.51it/s]
 90%|█████████ | 36/40 [00:08<00:00,  4.44it/s]
 92%|█████████▎| 37/40 [00:08<00:00,  4.53it/s]
 95%|█████████▌| 38/40 [00:08<00:00,  4.53it/s]
 98%|█████████▊| 39/40 [00:08<00:00,  4.52it/s]
100%|██████████| 40/40 [00:08<00:00,  4.42it/s]
100%|██████████| 40/40 [00:08<00:00,  4.50it/s]
   17-goodbye-wave1-s1.png seed=20261736 9s  (2/4)

  0%|          | 0/40 [00:00<?, ?it/s]
  2%|▎         | 1/40 [00:00<00:07,  4.94it/s]
  5%|▌         | 2/40 [00:00<00:07,  4.89it/s]
  8%|▊         | 3/40 [00:00<00:07,  4.88it/s]
 10%|█         | 4/40 [00:00<00:07,  4.59it/s]
 12%|█▎        | 5/40 [00:01<00:07,  4.45it/s]
 15%|█▌        | 6/40 [00:01<00:07,  4.47it/s]
 18%|█▊        | 7/40 [00:01<00:07,  4.60it/s]
 20%|██        | 8/40 [00:01<00:06,  4.57it/s]
 22%|██▎       | 9/40 [00:01<00:07,  4.36it/s]
 25%|██▌       | 10/40 [00:02<00:06,  4.41it/s]
 28%|██▊       | 11/40 [00:02<00:06,  4.54it/s]
 30%|███       | 12/40 [00:02<00:06,  4.53it/s]
 32%|███▎      | 13/40 [00:02<00:05,  4.53it/s]
 35%|███▌      | 14/40 [00:03<00:05,  4.43it/s]
 38%|███▊      | 15/40 [00:03<00:05,  4.46it/s]
 40%|████      | 16/40 [00:03<00:05,  4.48it/s]
 42%|████▎     | 17/40 [00:03<00:05,  4.49it/s]
 45%|████▌     | 18/40 [00:03<00:04,  4.41it/s]
 48%|████▊     | 19/40 [00:04<00:04,  4.44it/s]
 50%|█████     | 20/40 [00:04<00:04,  4.56it/s]
 52%|█████▎    | 21/40 [00:04<00:04,  4.50it/s]
 55%|█████▌    | 22/40 [00:04<00:04,  4.44it/s]
 57%|█████▊    | 23/40 [00:05<00:03,  4.47it/s]
 60%|██████    | 24/40 [00:05<00:03,  4.48it/s]
 62%|██████▎   | 25/40 [00:05<00:03,  4.50it/s]
 65%|██████▌   | 26/40 [00:05<00:03,  4.50it/s]
 68%|██████▊   | 27/40 [00:06<00:02,  4.41it/s]
 70%|███████   | 28/40 [00:06<00:02,  4.44it/s]
 72%|███████▎  | 29/40 [00:06<00:02,  4.47it/s]
 75%|███████▌  | 30/40 [00:06<00:02,  4.50it/s]
 78%|███████▊  | 31/40 [00:06<00:02,  4.48it/s]
 80%|████████  | 32/40 [00:07<00:01,  4.49it/s]
 82%|████████▎ | 33/40 [00:07<00:01,  4.50it/s]
 85%|████████▌ | 34/40 [00:07<00:01,  4.50it/s]
 88%|████████▊ | 35/40 [00:07<00:01,  4.50it/s]
 90%|█████████ | 36/40 [00:08<00:00,  4.48it/s]
 92%|█████████▎| 37/40 [00:08<00:00,  4.51it/s]
 95%|█████████▌| 38/40 [00:08<00:00,  4.51it/s]
 98%|█████████▊| 39/40 [00:08<00:00,  4.51it/s]
100%|██████████| 40/40 [00:08<00:00,  4.42it/s]
100%|██████████| 40/40 [00:08<00:00,  4.49it/s]
   17-goodbye-wave1-s2.png seed=20262736 9s  (3/4)

  0%|          | 0/40 [00:00<?, ?it/s]
  2%|▎         | 1/40 [00:00<00:07,  5.07it/s]
  5%|▌         | 2/40 [00:00<00:07,  4.95it/s]
  8%|▊         | 3/40 [00:00<00:07,  4.74it/s]
 10%|█         | 4/40 [00:00<00:07,  4.52it/s]
 12%|█▎        | 5/40 [00:01<00:07,  4.41it/s]
 15%|█▌        | 6/40 [00:01<00:07,  4.55it/s]
 18%|█▊        | 7/40 [00:01<00:07,  4.53it/s]
 20%|██        | 8/40 [00:01<00:07,  4.53it/s]
 22%|██▎       | 9/40 [00:01<00:07,  4.43it/s]
 25%|██▌       | 10/40 [00:02<00:06,  4.38it/s]
 28%|██▊       | 11/40 [00:02<00:06,  4.50it/s]
 30%|███       | 12/40 [00:02<00:06,  4.51it/s]
 32%|███▎      | 13/40 [00:02<00:05,  4.51it/s]
 35%|███▌      | 14/40 [00:03<00:05,  4.42it/s]
 38%|███▊      | 15/40 [00:03<00:05,  4.44it/s]
 40%|████      | 16/40 [00:03<00:05,  4.55it/s]
 42%|████▎     | 17/40 [00:03<00:05,  4.45it/s]
 45%|████▌     | 18/40 [00:03<00:04,  4.46it/s]
 48%|████▊     | 19/40 [00:04<00:04,  4.48it/s]
 50%|█████     | 20/40 [00:04<00:04,  4.48it/s]
 52%|█████▎    | 21/40 [00:04<00:04,  4.49it/s]
 55%|█████▌    | 22/40 [00:04<00:04,  4.49it/s]
 57%|█████▊    | 23/40 [00:05<00:03,  4.38it/s]
 60%|██████    | 24/40 [00:05<00:03,  4.44it/s]
 62%|██████▎   | 25/40 [00:05<00:03,  4.55it/s]
 65%|██████▌   | 26/40 [00:05<00:03,  4.44it/s]
 68%|██████▊   | 27/40 [00:06<00:02,  4.45it/s]
 70%|███████   | 28/40 [00:06<00:02,  4.47it/s]
 72%|███████▎  | 29/40 [00:06<00:02,  4.48it/s]
 75%|███████▌  | 30/40 [00:06<00:02,  4.49it/s]
 78%|███████▊  | 31/40 [00:06<00:02,  4.50it/s]
 80%|████████  | 32/40 [00:07<00:01,  4.41it/s]
 82%|████████▎ | 33/40 [00:07<00:01,  4.54it/s]
 85%|████████▌ | 34/40 [00:07<00:01,  4.53it/s]
 88%|████████▊ | 35/40 [00:07<00:01,  4.43it/s]
 90%|█████████ | 36/40 [00:08<00:00,  4.45it/s]
 92%|█████████▎| 37/40 [00:08<00:00,  4.46it/s]
 95%|█████████▌| 38/40 [00:08<00:00,  4.48it/s]
 98%|█████████▊| 39/40 [00:08<00:00,  4.45it/s]
100%|██████████| 40/40 [00:08<00:00,  4.51it/s]
100%|██████████| 40/40 [00:08<00:00,  4.49it/s]
   17-goodbye-wave1-s3.png seed=20263736 9s  (4/4)

DONE 4 stills — ONE beat. The other fourteen wait on his verdict.
==== step sample END rc=0 2026-08-11T12:59:37Z ====

==== step publish START 2026-08-11T12:59:37Z ====
argv: ["C:\\banyan-farm\\venv\\Scripts\\python.exe", "-c", "import glob, hashlib, os, shutil\ndst = \"C:/banyan-farm/courier-box/farm-out/ep2-goblin-staged\"\nos.makedirs(dst, exist_ok=True)\nsrc = sorted(glob.glob(\"C:/banyan-farm/wave-goblin-prep/out-staged/17-goodbye-wave1-s*.*\"))\nlines = []\nfor f in src:\n    shutil.copy2(f, dst)\n    c = os.path.join(dst, os.path.basename(f))\n    with open(c, \"rb\") as fh:\n        h = hashlib.sha256(fh.read()).hexdigest()\n    lines.append(h + \"  \" + os.path.basename(f))\n    print(\"   \", os.path.basename(f), h[:16])\nwith open(os.path.join(dst, \"17-goodbye-staged.sha256\"), \"w\", newline=\"\\n\") as fh:\n    fh.write(\"\\n\".join(lines) + \"\\n\")\nprint(\"published\", len(src), \"file(s) + manifest ->\", dst)\nraise SystemExit(0 if len(src) == 8 else 1)\n"]
    17-goodbye-wave1-s0.png 93651b1dc2a8af41
    17-goodbye-wave1-s0.yaml 9732b5ffbf813616
    17-goodbye-wave1-s1.png b90008f84121f72e
    17-goodbye-wave1-s1.yaml e66bd152947f7b52
    17-goodbye-wave1-s2.png d303dec30dabc51b
    17-goodbye-wave1-s2.yaml d6873bfa848aa55f
    17-goodbye-wave1-s3.png 884b046c82a349f8
    17-goodbye-wave1-s3.yaml 7eab29e515a40783
published 8 file(s) + manifest -> C:/banyan-farm/courier-box/farm-out/ep2-goblin-staged
==== step publish END rc=0 2026-08-11T12:59:38Z ====
#### job ep2-b17-goblin-staged-0811-1786452766 finished rc=0 2026-08-11T12:59:38Z
