#### job ep2-b03-sapcomp-0820-1787178454 attempt 1 start 2026-08-19T22:30:58Z

==== step fetch START 2026-08-19T22:30:58Z ====
argv: ["C:\\banyan-farm\\venv\\Scripts\\python.exe", "C:\\banyan-farm\\b03sapcomp-0820\\fetch_init.py"]
fetched 03-bad-cover-sapcomp-0820.png 1243081 bytes sha 7b823832de44cd959e0ab9fb92ac83f645ca0dda983daee3fb366979cdc0d9f7 OK
fetched 03-bad-cover-sapcomp-mask-0820.png 3624 bytes sha 5bd2074189015a87a52e9872bf16d1a21211a4b22ccab3010bfd78ac1ccf3e6c OK
==== step fetch END rc=0 2026-08-19T22:30:59Z ====

==== step dry START 2026-08-19T22:30:59Z ====
argv: ["C:\\banyan-farm\\venv\\Scripts\\python.exe", "C:\\banyan-farm\\b03sapcomp-0820\\inpaint_fruit.py", "--init", "C:\\banyan-farm\\b03sapcomp-0820\\03-bad-cover-sapcomp-0820.png", "--init-sha256", "7b823832de44cd959e0ab9fb92ac83f645ca0dda983daee3fb366979cdc0d9f7", "--mask-png", "C:\\banyan-farm\\b03sapcomp-0820\\03-bad-cover-sapcomp-mask-0820.png", "--prompt-file", "C:\\banyan-farm\\b03sapcomp-0820\\prompt.txt", "--negative-file", "C:\\banyan-farm\\b03sapcomp-0820\\negative.txt", "--out", "C:\\banyan-farm\\b03sapcomp-0820\\b03-sapcomp-DRY.png", "--steps", "40", "--cfg", "7.5", "--strength", "0.30", "--pad-crop", "64", "--blur", "8", "--seed", "20260820", "--note", "mask geometry check. Writes the mask and exits BEFORE a model is loaded, so a wrong mask costs seconds instead of a GPU fire. The mask is the union of the REMOVED WEED's footprint and the DRAWN SAPLING's own footprint, dilated 12 -- 83000 px, 8.20 percent of the frame, extent x 67..461 y 533..1173. WHAT TO CHECK ON THE DRY PNG: that it does not reach his FACE (box x 222..424 y 232..512) or anything above y=700, because his head, face, chest and the whole of the character read r1 already passes live there and the compositor asserts 0 px changed in them. It DOES cover his forearm and thigh, by design: the drawn plant stands BETWEEN THE CAMERA AND HIM and 13240 drawn px fall inside his measured torso band. That is the beat, not a defect.", "--dry-run"]
DRY RUN -- no model loaded, nothing rendered.
init_sha256 OK 7b823832de44cd959e0ab9fb92ac83f645ca0dda983daee3fb366979cdc0d9f7
mask png corners=- bbox=[67, 533, 461, 1173]  0.4736 x 0.5263 of 832x1216
WROTE C:\banyan-farm\b03sapcomp-0820\b03-sapcomp-DRY-mask.png
rc=0 dry_run=1
==== step dry END rc=0 2026-08-19T22:30:59Z ====

==== step s20260820 START 2026-08-19T22:30:59Z ====
argv: ["C:\\banyan-farm\\venv\\Scripts\\python.exe", "C:\\banyan-farm\\b03sapcomp-0820\\inpaint_fruit.py", "--init", "C:\\banyan-farm\\b03sapcomp-0820\\03-bad-cover-sapcomp-0820.png", "--init-sha256", "7b823832de44cd959e0ab9fb92ac83f645ca0dda983daee3fb366979cdc0d9f7", "--mask-png", "C:\\banyan-farm\\b03sapcomp-0820\\03-bad-cover-sapcomp-mask-0820.png", "--prompt-file", "C:\\banyan-farm\\b03sapcomp-0820\\prompt.txt", "--negative-file", "C:\\banyan-farm\\b03sapcomp-0820\\negative.txt", "--out", "C:\\banyan-farm\\b03sapcomp-0820\\b03-sapcomp-s20260820.png", "--steps", "40", "--cfg", "7.5", "--strength", "0.30", "--pad-crop", "64", "--blur", "8", "--seed", "20260820", "--note", "ONE SAMPLE, ONE SEED. Every sampler number is the parent job's: 40 steps, cfg 7.5, strength 0.30, pad-crop 64, blur 8, animagine-xl-3.1 base weights in the SDXL inpaint pipeline. THE ONE VARIABLE IS THE INIT. 0.30 runs int(40 * 0.30) = 12 of 40 denoising steps from a latent that still carries the drawn structure, so the high-sigma steps where global layout is decided never run -- which is why 'finish this structure' succeeds where 'invent this structure' failed. Beat 03 is the first rung in this family whose blocker is not only CARDINALITY but a RELATION between two objects: r1s1's own verdict is 'the seedling sits to his LEFT, beside him, and he is not behind it'. A relation between a figure the sampler has already placed and a plant it draws where it likes is not a knob either, so it is composited too."]

Loading pipeline components...:   0%|          | 0/7 [00:00<?, ?it/s]
Loading pipeline components...:  14%|█▍        | 1/7 [00:00<00:01,  5.90it/s]
Loading pipeline components...:  43%|████▎     | 3/7 [00:00<00:00,  4.42it/s]
Loading pipeline components...:  57%|█████▋    | 4/7 [00:02<00:02,  1.46it/s]
Loading pipeline components...:  86%|████████▌ | 6/7 [00:02<00:00,  2.67it/s]
Loading pipeline components...: 100%|██████████| 7/7 [00:02<00:00,  2.95it/s]
C:\banyan-farm\venv\Lib\site-packages\torch\nn\modules\module.py:1370: UserWarning: expandable_segments not supported on this platform (Triggered internally at C:\actions-runner\_work\pytorch\pytorch\pytorch\c10/cuda/CUDAAllocatorConfig.h:39.)
  return t.to(
MODEL_LOADED cagliostrolab/animagine-xl-3.1 cuda/bfloat16 unet.in_channels=4 in 6s
WROTE C:\banyan-farm\b03sapcomp-0820\b03-sapcomp-s20260820.png
WROTE C:\banyan-farm\b03sapcomp-0820\b03-sapcomp-s20260820-mask.png
WROTE C:\banyan-farm\b03sapcomp-0820\b03-sapcomp-s20260820.png.meta.yaml
rc=0 render_s=3.8
==== step s20260820 END rc=0 2026-08-19T22:31:12Z ====

==== step publish START 2026-08-19T22:31:12Z ====
argv: ["C:\\banyan-farm\\venv\\Scripts\\python.exe", "-c", "# EVERY FILE IS NAMED IN FULL, not matched by a glob. A glob that misses\n# publishes nothing while returning a code that reads like a render failure,\n# and box_enqueue.output_path_problems refuses a spec whose declared artifacts\n# are never named by any step -- which a wildcard defeats. Missing ONE file is\n# a FAIL of the job. No allow_fail anywhere in this spec.\nimport hashlib, os, shutil\nfrom_dir = \"C:/banyan-farm/b03sapcomp-0820\"\ndst = \"C:/banyan-farm/courier-box/farm-out/ep2-b03-sapcomp-0820\"\nNAMES = [\n    \"b03-sapcomp-s20260820.png\",\n    \"b03-sapcomp-s20260820-mask.png\",\n    \"b03-sapcomp-s20260820.png.meta.yaml\",\n    \"03-bad-cover-sapcomp-0820.png\",\n    \"03-bad-cover-sapcomp-mask-0820.png\",\n    \"prompt.txt\",\n    \"negative.txt\",\n]\nos.makedirs(dst, exist_ok=True)\nlines = []\nfor name in NAMES:\n    f = os.path.join(from_dir, name)\n    if not os.path.isfile(f):\n        raise SystemExit(\"!! missing %s -- refusing to call the job clean.\" % f)\n    shutil.copy2(f, dst)\n    with open(os.path.join(dst, name), \"rb\") as fh:\n        h = hashlib.sha256(fh.read()).hexdigest()\n    lines.append(h + \"  \" + name)\nwith open(os.path.join(dst, \"ep2-b03-sapcomp-0820.sha256\"), \"w\",\n          newline=\"\\n\") as fh:\n    fh.write(\"\\n\".join(sorted(lines)) + \"\\n\")\nprint(\"published\", len(lines), \"file(s) + manifest ->\", dst)\nraise SystemExit(0 if len(lines) == len(NAMES) else 1)\n"]
published 7 file(s) + manifest -> C:/banyan-farm/courier-box/farm-out/ep2-b03-sapcomp-0820
==== step publish END rc=0 2026-08-19T22:31:13Z ====
#### job ep2-b03-sapcomp-0820-1787178454 finished rc=0 2026-08-19T22:31:13Z
