#### job ep2-b05-nw-0815-1786744315 attempt 1 start 2026-08-14T22:30:28Z

==== step crop START 2026-08-14T22:30:31Z ====
argv: ["C:\\banyan-farm\\venv\\Scripts\\python.exe", "C:\\banyan-farm\\ep2-b05-nw-0815\\cover_crop.py", "--src", "C:\\banyan-farm\\courier-box\\farm-out\\ep2-b05-scene-0814\\05-the-patrol-ipa-r0-w015-s0.png", "--sha256", "e99ff9e129c303f63f383b44cdd38a59ca895fd496c58a2fd6d59cc3b2fcd8fa", "--out", "C:\\banyan-farm\\ep2-b05-nw-0815\\b05-init-704x1280.png", "--size", "704x1280"]
src 832x1216 sha e99ff9e129c303f63f383b44cdd38a59ca895fd496c58a2fd6d59cc3b2fcd8fa
cover-crop scale=1.0526 -> 876x1280, centre box (86,0)
WROTE C:\banyan-farm\ep2-b05-nw-0815\b05-init-704x1280.png
==== step crop END rc=0 2026-08-14T22:30:32Z ====

==== step encode START 2026-08-14T22:30:32Z ====
argv: ["C:\\banyan-video\\venv\\Scripts\\python.exe", "C:\\banyan-farm\\banyan-city\\pipeline\\ltx_i2v.py", "--stage", "encode", "--jobs", "C:\\banyan-farm\\ep2-b05-nw-0815\\b05-jobs-encode.json"]
-- begin-encode: phys 10.0/68.1GB, commit 12.0/115.3GB (load 14%)
loading text encoder from C:\Users\artvn\.cache\huggingface\hub\models--Lightricks--gemma-3-12b-it-qat-q4_0-unquantized\snapshots\d62fe4f1995ade703b49a0f3c0d0f161237ef437

Loading weights:   0%|          | 0/1065 [00:00<?, ?it/s]
Loading weights:  35%|███▍      | 370/1065 [00:00<00:00, 3371.68it/s]
Loading weights:  86%|████████▋ | 919/1065 [00:00<00:00, 4322.68it/s]
Loading weights: 100%|██████████| 1065/1065 [00:00<00:00, 4844.38it/s]
-- encode-beat-05: phys 11.2/68.1GB, commit 38.8/115.3GB (load 16%)
[1/1] encoded beat 5 to C:\banyan-farm\ep2-b05-nw-0815\b05-embeds.pt (1, 1024, 188160)
{"peak_commit_gb": 41.3, "peak_phys_gb": 37.1, "last_stage": "encode-beat-05"}
==== step encode END rc=0 2026-08-14T22:31:59Z ====

==== step render START 2026-08-14T22:31:59Z ====
argv: ["C:\\banyan-video\\venv\\Scripts\\python.exe", "C:\\banyan-farm\\banyan-city\\pipeline\\ltx_i2v.py", "--stage", "render", "--jobs", "C:\\banyan-farm\\ep2-b05-nw-0815\\b05-jobs-render.json", "--size", "704x1280", "--frames", "121", "--fps", "24", "--guidance", "2.0", "--distilled-sigmas", "--two-stage", "--image-crf", "33", "--offload", "sequential", "--mode", "production", "--task", "ep2-b05-nw-0815", "--worker", "rtx5090", "--bench-jsonl", "C:\\banyan-farm\\ep2-b05-nw-0815\\bench-b05-nw.jsonl", "--bench-label", "ep2-b05-nw-0815"]
recipe: offload=sequential quantisation=none (bf16)
-- begin-render: phys 10.1/68.1GB, commit 12.0/115.3GB (load 14%)
transformer  C:\Users\artvn\.cache\huggingface\hub\models--diffusers--LTX-2.3-Distilled-Diffusers\snapshots\432e0d3c2d1769aaa4d295f9243f7062bf6b47ee [subfolder=transformer, bf16]
scheduler    C:\Users\artvn\.cache\huggingface\hub\models--diffusers--LTX-2.3-Distilled-Diffusers\snapshots\432e0d3c2d1769aaa4d295f9243f7062bf6b47ee [subfolder=scheduler, distilled]
other parts  C:\Users\artvn\.cache\huggingface\hub\models--diffusers--LTX-2.3-Diffusers\snapshots\8eee8edcf067e838b843f926ec4d4cc9b2be1aaf
-- load-transformer-bf16-38GB: phys 10.8/68.1GB, commit 13.9/115.3GB (load 15%)

Loading checkpoint shards:   0%|          | 0/8 [00:00<?, ?it/s]
Loading checkpoint shards:  12%|█▎        | 1/8 [00:00<00:00,  9.56it/s]
Loading checkpoint shards:  25%|██▌       | 2/8 [00:00<00:00,  9.66it/s]
Loading checkpoint shards:  50%|█████     | 4/8 [00:00<00:00,  8.29it/s]
Loading checkpoint shards: 100%|██████████| 8/8 [00:00<00:00, 14.40it/s]
-- load-connectors-12.7GB-and-vae: phys 10.8/68.1GB, commit 52.2/115.3GB (load 15%)

Loading checkpoint shards:   0%|          | 0/2 [00:00<?, ?it/s]
Loading checkpoint shards: 100%|██████████| 2/2 [00:00<00:00, 205.11it/s]
-- offload-setup-sequential: phys 10.9/68.1GB, commit 61.8/115.3GB (load 15%)
C:\banyan-video\venv\Lib\site-packages\accelerate\utils\modeling.py:345: UserWarning: expandable_segments not supported on this platform (Triggered internally at C:\actions-runner\_work\pytorch\pytorch\pytorch\c10/cuda/CUDAAllocatorConfig.h:39.)
  new_value = old_value.to(device, non_blocking=non_blocking)
conditioning still round-tripped through libx264 crf=33 -> C:\banyan-farm\ep2-b05-nw-0815\cond-crf-05.png
-- stage1-denoise-352x640-8steps: phys 11.7/68.1GB, commit 62.1/115.3GB (load 17%)

  0%|          | 0/8 [00:00<?, ?it/s]
 12%|█▎        | 1/8 [01:12<08:28, 72.71s/it]
 25%|██▌       | 2/8 [01:26<03:46, 37.81s/it]
 38%|███▊      | 3/8 [01:35<02:05, 25.05s/it]
 50%|█████     | 4/8 [01:46<01:17, 19.49s/it]
 62%|██████▎   | 5/8 [01:56<00:48, 16.03s/it]
 75%|███████▌  | 6/8 [02:06<00:27, 13.79s/it]
 88%|████████▊ | 7/8 [02:16<00:12, 12.48s/it]
100%|██████████| 8/8 [02:25<00:00, 11.55s/it]
100%|██████████| 8/8 [02:25<00:00, 18.20s/it]
stage1 latents (1, 128, 16, 20, 11)
-- upsample-2x-latent: phys 54.5/68.1GB, commit 64.9/115.3GB (load 80%)
There are modules in LTX2LatentUpsamplerModel that should be kept in float32: []. Casting directly with `to()` can lead to inconsistent results; set `torch_dtype` in `from_pretrained()` instead to keep these modules in float32.
upsampled latents (1, 128, 16, 40, 22)
-- stage2-refine-704x1280-3steps: phys 57.5/68.1GB, commit 67.7/115.3GB (load 84%)

  0%|          | 0/3 [00:00<?, ?it/s]
 33%|███▎      | 1/3 [00:33<01:07, 33.69s/it]
 67%|██████▋   | 2/3 [01:06<00:33, 33.10s/it]
100%|██████████| 3/3 [01:38<00:00, 32.67s/it]
100%|██████████| 3/3 [01:38<00:00, 32.84s/it]
-- decode-and-export: phys 63.2/68.1GB, commit 71.9/115.3GB (load 92%)
[1/1] wrote C:\banyan-farm\ep2-b05-nw-0815\05-the-patrol-LTX-nw.mp4 in 268s (121 frames, 704x1280, 8@352x640+3@704x1280 steps, peak torch 12.0GB, device 3.1/26GB)
THROUGHPUT 0.0188 s(video)/s(wall) (1 x 5.042s of video in 268s)
bench row -> C:\banyan-farm\ep2-b05-nw-0815\bench-b05-nw.jsonl
{"sample_s": 267.6, "peak_gb": 12.0, "peak_commit_gb": 81.1, "frames": 121, "size": "704x1280", "steps": "8@352x640+3@704x1280", "batch": 1, "mode": "production", "throughput_s_per_s": 0.0188, "two_stage": true, "image_crf": 33, "offload": "sequential", "quantisation": null}
{"peak_commit_gb": 81.1, "peak_phys_gb": 63.6, "last_stage": "decode-and-export"}
==== step render END rc=0 2026-08-14T22:36:43Z ====

==== step publish START 2026-08-14T22:36:43Z ====
argv: ["C:\\banyan-farm\\venv\\Scripts\\python.exe", "-c", "import glob, hashlib, os, shutil\ndst = \"C:/banyan-farm/courier-box/farm-out/ep2-b05-nw-0815\"\nos.makedirs(dst, exist_ok=True)\nsrc = sorted(glob.glob(\"C:/banyan-farm/ep2-b05-nw-0815/05-the-patrol-LTX-nw.mp4*\")\n             + glob.glob(\"C:/banyan-farm/ep2-b05-nw-0815/b05-init-704x1280.png\")\n             + glob.glob(\"C:/banyan-farm/ep2-b05-nw-0815/bench-b05-nw.jsonl\"))\nlines = []\nfor f in src:\n    shutil.copy2(f, dst)\n    c = os.path.join(dst, os.path.basename(f))\n    with open(c, \"rb\") as fh:\n        h = hashlib.sha256(fh.read()).hexdigest()\n    lines.append(h + \"  \" + os.path.basename(f))\nwith open(os.path.join(dst, \"ep2-b05-nw-0815.sha256\"), \"w\", newline=\"\\n\") as fh:\n    fh.write(\"\\n\".join(lines) + \"\\n\")\nprint(\"published\", len(src), \"file(s) + manifest ->\", dst)\nraise SystemExit(0 if len(src) >= 2 else 1)\n"]
published 4 file(s) + manifest -> C:/banyan-farm/courier-box/farm-out/ep2-b05-nw-0815
==== step publish END rc=0 2026-08-14T22:36:43Z ====
#### job ep2-b05-nw-0815-1786744315 finished rc=0 2026-08-14T22:36:43Z
