#### job ep2-b07-s49-0815-1786780319 attempt 1 start 2026-08-15T07:52:07Z

==== step crop START 2026-08-15T07:52:10Z ====
argv: ["C:\\banyan-farm\\venv\\Scripts\\python.exe", "C:\\banyan-farm\\ep2-b07-s49-0815\\cover_crop.py", "--src", "C:\\banyan-farm\\courier-box\\farm-out\\ep2-b07-scene-0815\\07-confiscate-ipa-r0-w015-s0.png", "--sha256", "0d80f3d0726cecbc15c2bc0cdbd5b607f7792df01f7caf0865d206d1043f39c8", "--out", "C:\\banyan-farm\\ep2-b07-s49-0815\\b07-init-704x1280.png", "--size", "704x1280"]
src 832x1216 sha 0d80f3d0726cecbc15c2bc0cdbd5b607f7792df01f7caf0865d206d1043f39c8
cover-crop scale=1.0526 -> 876x1280, centre box (86,0)
WROTE C:\banyan-farm\ep2-b07-s49-0815\b07-init-704x1280.png
==== step crop END rc=0 2026-08-15T07:52:11Z ====

==== step encode START 2026-08-15T07:52:11Z ====
argv: ["C:\\banyan-video\\venv\\Scripts\\python.exe", "C:\\banyan-farm\\banyan-city\\pipeline\\ltx_i2v.py", "--stage", "encode", "--jobs", "C:\\banyan-farm\\ep2-b07-s49-0815\\b07-jobs-encode.json"]
-- begin-encode: phys 10.3/68.1GB, commit 12.0/115.3GB (load 15%)
loading text encoder from C:\Users\artvn\.cache\huggingface\hub\models--Lightricks--gemma-3-12b-it-qat-q4_0-unquantized\snapshots\d62fe4f1995ade703b49a0f3c0d0f161237ef437

Loading weights:   0%|          | 0/1065 [00:00<?, ?it/s]
Loading weights:  30%|███       | 323/1065 [00:00<00:00, 2919.83it/s]
Loading weights:  64%|██████▍   | 680/1065 [00:00<00:00, 3103.41it/s]
Loading weights: 100%|██████████| 1065/1065 [00:00<00:00, 3375.53it/s]
-- encode-beat-05: phys 11.5/68.1GB, commit 38.8/115.3GB (load 16%)
[1/1] encoded beat 5 to C:\banyan-farm\ep2-b07-s49-0815\b07-embeds.pt (1, 1024, 188160)
{"peak_commit_gb": 41.3, "peak_phys_gb": 37.3, "last_stage": "encode-beat-05"}
==== step encode END rc=0 2026-08-15T07:53:42Z ====

==== step render START 2026-08-15T07:53:42Z ====
argv: ["C:\\banyan-video\\venv\\Scripts\\python.exe", "C:\\banyan-farm\\banyan-city\\pipeline\\ltx_i2v.py", "--stage", "render", "--jobs", "C:\\banyan-farm\\ep2-b07-s49-0815\\b07-jobs-render.json", "--size", "704x1280", "--frames", "49", "--fps", "24", "--guidance", "2.0", "--distilled-sigmas", "--two-stage", "--image-crf", "33", "--offload", "sequential", "--mode", "production", "--task", "ep2-b07-s49-0815", "--worker", "rtx5090", "--bench-jsonl", "C:\\banyan-farm\\ep2-b07-s49-0815\\bench-b07-s49.jsonl", "--bench-label", "ep2-b07-s49-0815"]
recipe: offload=sequential quantisation=none (bf16)
-- begin-render: phys 10.3/68.1GB, commit 12.0/115.3GB (load 15%)
transformer  C:\Users\artvn\.cache\huggingface\hub\models--diffusers--LTX-2.3-Distilled-Diffusers\snapshots\432e0d3c2d1769aaa4d295f9243f7062bf6b47ee [subfolder=transformer, bf16]
scheduler    C:\Users\artvn\.cache\huggingface\hub\models--diffusers--LTX-2.3-Distilled-Diffusers\snapshots\432e0d3c2d1769aaa4d295f9243f7062bf6b47ee [subfolder=scheduler, distilled]
other parts  C:\Users\artvn\.cache\huggingface\hub\models--diffusers--LTX-2.3-Diffusers\snapshots\8eee8edcf067e838b843f926ec4d4cc9b2be1aaf
-- load-transformer-bf16-38GB: phys 11.0/68.1GB, commit 13.9/115.3GB (load 16%)

Loading checkpoint shards:   0%|          | 0/8 [00:00<?, ?it/s]
Loading checkpoint shards:  12%|█▎        | 1/8 [00:00<00:00,  8.95it/s]
Loading checkpoint shards:  25%|██▌       | 2/8 [00:00<00:00,  9.50it/s]
Loading checkpoint shards:  50%|█████     | 4/8 [00:00<00:00,  7.51it/s]
Loading checkpoint shards:  75%|███████▌  | 6/8 [00:00<00:00,  9.94it/s]
Loading checkpoint shards: 100%|██████████| 8/8 [00:00<00:00, 11.41it/s]
-- load-connectors-12.7GB-and-vae: phys 11.1/68.1GB, commit 52.2/115.3GB (load 16%)

Loading checkpoint shards:   0%|          | 0/2 [00:00<?, ?it/s]
Loading checkpoint shards: 100%|██████████| 2/2 [00:00<00:00, 249.78it/s]
-- offload-setup-sequential: phys 11.1/68.1GB, commit 61.8/115.3GB (load 16%)
C:\banyan-video\venv\Lib\site-packages\accelerate\utils\modeling.py:345: UserWarning: expandable_segments not supported on this platform (Triggered internally at C:\actions-runner\_work\pytorch\pytorch\pytorch\c10/cuda/CUDAAllocatorConfig.h:39.)
  new_value = old_value.to(device, non_blocking=non_blocking)
conditioning still round-tripped through libx264 crf=33 -> C:\banyan-farm\ep2-b07-s49-0815\cond-crf-05.png
-- stage1-denoise-352x640-8steps: phys 12.0/68.1GB, commit 62.2/115.3GB (load 17%)

  0%|          | 0/8 [00:00<?, ?it/s]
 12%|█▎        | 1/8 [01:16<08:54, 76.32s/it]
 25%|██▌       | 2/8 [01:26<03:45, 37.54s/it]
 38%|███▊      | 3/8 [01:33<01:56, 23.33s/it]
 50%|█████     | 4/8 [01:40<01:08, 17.04s/it]
 62%|██████▎   | 5/8 [01:47<00:40, 13.46s/it]
 75%|███████▌  | 6/8 [01:54<00:22, 11.13s/it]
 88%|████████▊ | 7/8 [02:01<00:09,  9.75s/it]
100%|██████████| 8/8 [02:07<00:00,  8.79s/it]
100%|██████████| 8/8 [02:07<00:00, 15.99s/it]
stage1 latents (1, 128, 7, 20, 11)
-- upsample-2x-latent: phys 58.4/68.1GB, commit 64.2/115.3GB (load 85%)
There are modules in LTX2LatentUpsamplerModel that should be kept in float32: []. Casting directly with `to()` can lead to inconsistent results; set `torch_dtype` in `from_pretrained()` instead to keep these modules in float32.
upsampled latents (1, 128, 7, 40, 22)
-- stage2-refine-704x1280-3steps: phys 59.9/68.1GB, commit 67.7/115.3GB (load 87%)

  0%|          | 0/3 [00:00<?, ?it/s]
 33%|███▎      | 1/3 [00:14<00:28, 14.22s/it]
 67%|██████▋   | 2/3 [00:28<00:14, 14.49s/it]
100%|██████████| 3/3 [00:44<00:00, 14.83s/it]
100%|██████████| 3/3 [00:44<00:00, 14.71s/it]
-- decode-and-export: phys 63.7/68.1GB, commit 70.3/115.3GB (load 93%)
[1/1] wrote C:\banyan-farm\ep2-b07-s49-0815\07-confiscate-LTX-s49.mp4 in 192s (49 frames, 704x1280, 8@352x640+3@704x1280 steps, peak torch 5.8GB, device 2.6/26GB)
THROUGHPUT 0.0106 s(video)/s(wall) (1 x 2.042s of video in 192s)
bench row -> C:\banyan-farm\ep2-b07-s49-0815\bench-b07-s49.jsonl
{"sample_s": 191.9, "peak_gb": 5.8, "peak_commit_gb": 74.6, "frames": 49, "size": "704x1280", "steps": "8@352x640+3@704x1280", "batch": 1, "mode": "production", "throughput_s_per_s": 0.0106, "two_stage": true, "image_crf": 33, "offload": "sequential", "quantisation": null}
{"peak_commit_gb": 74.6, "peak_phys_gb": 63.8, "last_stage": "decode-and-export"}
==== step render END rc=0 2026-08-15T07:57:09Z ====

==== step publish START 2026-08-15T07:57:09Z ====
argv: ["C:\\banyan-farm\\venv\\Scripts\\python.exe", "-c", "import glob, hashlib, os, shutil\ndst = \"C:/banyan-farm/courier-box/farm-out/ep2-b07-s49-0815\"\nos.makedirs(dst, exist_ok=True)\nsrc = sorted(glob.glob(\"C:/banyan-farm/ep2-b07-s49-0815/07-confiscate-LTX-s49.mp4*\")\n             + glob.glob(\"C:/banyan-farm/ep2-b07-s49-0815/b07-init-704x1280.png\")\n             + glob.glob(\"C:/banyan-farm/ep2-b07-s49-0815/bench-b07-s49.jsonl\"))\nlines = []\nfor f in src:\n    shutil.copy2(f, dst)\n    c = os.path.join(dst, os.path.basename(f))\n    with open(c, \"rb\") as fh:\n        h = hashlib.sha256(fh.read()).hexdigest()\n    lines.append(h + \"  \" + os.path.basename(f))\nwith open(os.path.join(dst, \"ep2-b07-s49-0815.sha256\"), \"w\", newline=\"\\n\") as fh:\n    fh.write(\"\\n\".join(lines) + \"\\n\")\nprint(\"published\", len(src), \"file(s) + manifest ->\", dst)\nraise SystemExit(0 if len(src) >= 2 else 1)\n"]
published 4 file(s) + manifest -> C:/banyan-farm/courier-box/farm-out/ep2-b07-s49-0815
==== step publish END rc=0 2026-08-15T07:57:09Z ====
#### job ep2-b07-s49-0815-1786780319 finished rc=0 2026-08-15T07:57:09Z
