#### job ep2-guardcast-g-0822-1787344457 attempt 1 start 2026-08-21T20:41:34Z

==== step stage START 2026-08-21T20:41:34Z ====
argv: ["C:\\banyan-farm\\venv\\Scripts\\python.exe", "-c", "# EVERY INPUT THIS FRAME IS CONDITIONED ON IS FETCHED AND SHA-CHECKED\n# BEFORE A GPU SECOND IS SPENT. Two inputs, not three: there is NO\n# IP-Adapter reference here because there is no guard reference yet --\n# making one is what this sheet is for. Emitted by\n# pipeline/derive_guardcast_0822.py.\nimport hashlib, os, urllib.request\nbase = \"https://raw.githubusercontent.com/olegmalk/banyan-city/main/farm-out/jerry-skel-assets-0820/\"\nroot = r\"C:\\banyan-farm\\ep2-guardcast-g-0822\\src\"\nwant = [(\"controlnet_plate.py\", os.path.join(root, \"pipeline\"),\n         \"ece54f687d892d1fb1df17211331919bfcb04faac4fe0ee6aa9b0bb231adcc32\"),\n        (\"jerry-skel-h19-0820.png\", os.path.join(root, \"pipeline\", \"control\"),\n         \"244094ed608666035d670d8bc5149ff6499c1497e5501724728d2af79b54829c\")]\nfor name, dst, sha in want:\n    os.makedirs(dst, exist_ok=True)\n    with urllib.request.urlopen(base + name, timeout=120) as r:\n        blob = r.read()\n    got = hashlib.sha256(blob).hexdigest()\n    if got != sha:\n        print(\"!! %s fetched with sha %s, expected %s\"\n              % (name, got, sha))\n        raise SystemExit(1)\n    with open(os.path.join(dst, name), \"wb\") as fh:\n        fh.write(blob)\n    print(\"staged\", name, got, \"->\", dst)\n"]
staged controlnet_plate.py ece54f687d892d1fb1df17211331919bfcb04faac4fe0ee6aa9b0bb231adcc32 -> C:\banyan-farm\ep2-guardcast-g-0822\src\pipeline
staged jerry-skel-h19-0820.png 244094ed608666035d670d8bc5149ff6499c1497e5501724728d2af79b54829c -> C:\banyan-farm\ep2-guardcast-g-0822\src\pipeline\control
==== step stage END rc=0 2026-08-21T20:41:34Z ====

==== step cast START 2026-08-21T20:41:34Z ====
argv: ["C:\\banyan-farm\\venv\\Scripts\\python.exe", "C:\\banyan-farm\\ep2-guardcast-g-0822\\src\\pipeline\\controlnet_plate.py", "--root", "C:\\banyan-farm\\ep2-guardcast-g-0822\\src", "--task", "ep2-guardcast-g-0822", "--arm", "cast", "--controlnet", "xinsir/controlnet-openpose-sdxl-1.0", "--control", "pipeline/control/jerry-skel-h19-0820.png", "--control-sha256", "244094ed608666035d670d8bc5149ff6499c1497e5501724728d2af79b54829c", "--scale", "1.0", "--seed", "20260907", "--prompt-file", "C:\\banyan-farm\\ep2-guardcast-g-0822\\prompt.txt", "--negative-file", "C:\\banyan-farm\\ep2-guardcast-g-0822\\negative.txt", "--out", "C:\\banyan-farm\\ep2-guardcast-g-0822\\out"]
  prompt tokens: 71 (limit 77)
  negative tokens: 72 (limit 77)
C:\banyan-farm\venv\Lib\site-packages\diffusers\models\vq_model.py:20: FutureWarning: `VQEncoderOutput` is deprecated and will be removed in version 0.31. Importing `VQEncoderOutput` from `diffusers.models.vq_model` is deprecated and this will be removed in a future version. Please use `from diffusers.models.autoencoders.vq_model import VQEncoderOutput`, instead.
  deprecate("VQEncoderOutput", "0.31", deprecation_message)
C:\banyan-farm\venv\Lib\site-packages\diffusers\models\vq_model.py:25: FutureWarning: `VQModel` is deprecated and will be removed in version 0.31. Importing `VQModel` from `diffusers.models.vq_model` is deprecated and this will be removed in a future version. Please use `from diffusers.models.autoencoders.vq_model import VQModel`, instead.
  deprecate("VQModel", "0.31", deprecation_message)
Couldn't connect to the Hub: Cannot reach https://huggingface.co/api/models/cagliostrolab/animagine-xl-3.1: offline mode is enabled. To disable it, please unset the `HF_HUB_OFFLINE` environment variable..
Will try to load from local cache.

Loading pipeline components...:   0%|          | 0/7 [00:00<?, ?it/s]
Loading pipeline components...:  14%|█▍        | 1/7 [00:00<00:00,  6.02it/s]
Loading pipeline components...:  43%|████▎     | 3/7 [00:01<00:02,  1.59it/s]
Loading pipeline components...:  86%|████████▌ | 6/7 [00:02<00:00,  2.68it/s]
Loading pipeline components...: 100%|██████████| 7/7 [00:02<00:00,  3.17it/s]
Loading pipeline components...: 100%|██████████| 7/7 [00:02<00:00,  2.80it/s]
C:\banyan-farm\venv\Lib\site-packages\torch\nn\modules\module.py:1370: UserWarning: expandable_segments not supported on this platform (Triggered internally at C:\actions-runner\_work\pytorch\pytorch\pytorch\c10/cuda/CUDAAllocatorConfig.h:39.)
  return t.to(

  0%|          | 0/40 [00:00<?, ?it/s]
  2%|▎         | 1/40 [00:00<00:23,  1.68it/s]
  5%|▌         | 2/40 [00:00<00:13,  2.74it/s]
  8%|▊         | 3/40 [00:01<00:12,  2.92it/s]
 10%|█         | 4/40 [00:01<00:12,  2.91it/s]
 12%|█▎        | 5/40 [00:01<00:11,  3.00it/s]
 15%|█▌        | 6/40 [00:02<00:11,  3.00it/s]
 18%|█▊        | 7/40 [00:02<00:11,  2.96it/s]
 20%|██        | 8/40 [00:02<00:10,  3.02it/s]
 22%|██▎       | 9/40 [00:03<00:10,  3.06it/s]
 25%|██▌       | 10/40 [00:03<00:10,  3.00it/s]
 28%|██▊       | 11/40 [00:03<00:09,  3.05it/s]
 30%|███       | 12/40 [00:04<00:09,  3.06it/s]
 32%|███▎      | 13/40 [00:04<00:08,  3.03it/s]
 35%|███▌      | 14/40 [00:04<00:08,  3.06it/s]
 38%|███▊      | 15/40 [00:05<00:08,  3.09it/s]
 40%|████      | 16/40 [00:05<00:07,  3.02it/s]
 42%|████▎     | 17/40 [00:05<00:07,  3.06it/s]
 45%|████▌     | 18/40 [00:06<00:07,  3.05it/s]
 48%|████▊     | 19/40 [00:06<00:07,  2.99it/s]
 50%|█████     | 20/40 [00:06<00:06,  3.07it/s]
 52%|█████▎    | 21/40 [00:07<00:06,  3.03it/s]
 55%|█████▌    | 22/40 [00:07<00:05,  3.02it/s]
 57%|█████▊    | 23/40 [00:07<00:05,  3.11it/s]
 60%|██████    | 24/40 [00:08<00:05,  3.03it/s]
 62%|██████▎   | 25/40 [00:08<00:04,  3.07it/s]
 65%|██████▌   | 26/40 [00:08<00:04,  3.05it/s]
 68%|██████▊   | 27/40 [00:09<00:04,  3.04it/s]
 70%|███████   | 28/40 [00:09<00:03,  3.03it/s]
 72%|███████▎  | 29/40 [00:09<00:03,  3.07it/s]
 75%|███████▌  | 30/40 [00:09<00:03,  3.05it/s]
 78%|███████▊  | 31/40 [00:10<00:02,  3.04it/s]
 80%|████████  | 32/40 [00:10<00:02,  3.08it/s]
 82%|████████▎ | 33/40 [00:10<00:02,  3.01it/s]
 85%|████████▌ | 34/40 [00:11<00:01,  3.01it/s]
 88%|████████▊ | 35/40 [00:11<00:01,  3.05it/s]
 90%|█████████ | 36/40 [00:11<00:01,  3.08it/s]
 92%|█████████▎| 37/40 [00:12<00:00,  3.06it/s]
 95%|█████████▌| 38/40 [00:12<00:00,  3.04it/s]
 98%|█████████▊| 39/40 [00:12<00:00,  3.04it/s]
100%|██████████| 40/40 [00:13<00:00,  3.03it/s]
100%|██████████| 40/40 [00:13<00:00,  3.01it/s]
OK ep2-guardcast-g-0822-cast.png load=5.6s render=13.9s
rc=0
==== step cast END rc=0 2026-08-21T20:41:57Z ====

==== step publish START 2026-08-21T20:41:57Z ====
argv: ["C:\\banyan-farm\\venv\\Scripts\\python.exe", "-c", "# The courier pushes from farm-out and from nowhere else --\n# ep2-cnet-probe-0817 rendered perfectly and was invisible for two\n# days for want of this step. The conditions travel with the frame.\nimport glob, hashlib, os, shutil\nout_dir = \"C:/banyan-farm/ep2-guardcast-g-0822/out\"\npay_dir = \"C:/banyan-farm/ep2-guardcast-g-0822\"\nctl_dir = \"C:/banyan-farm/ep2-guardcast-g-0822/src/pipeline/control\"\ndst = \"C:/banyan-farm/courier-box/farm-out/ep2-guardcast-g-0822\"\nos.makedirs(dst, exist_ok=True)\nfiles = sorted(glob.glob(out_dir + \"/ep2-guardcast-g-0822-cast.png*\")\n               + glob.glob(pay_dir + \"/prompt.txt\")\n               + glob.glob(pay_dir + \"/negative.txt\")\n               + glob.glob(ctl_dir + \"/jerry-skel-h19-0820.png\"))\nlines = []\nfor f in files:\n    shutil.copy2(f, dst)\n    c = os.path.join(dst, os.path.basename(f))\n    with open(c, \"rb\") as fh:\n        h = hashlib.sha256(fh.read()).hexdigest()\n    lines.append(h + \"  \" + os.path.basename(f))\nwith open(os.path.join(dst, \"ep2-guardcast-g-0822.sha256\"), \"w\", newline=\"\\n\") as fh:\n    fh.write(\"\\n\".join(sorted(lines)) + \"\\n\")\nprint(\"published\", len(files), \"file(s) + manifest ->\", dst)\nraise SystemExit(0 if len(files) >= 4 else 1)\n"]
published 5 file(s) + manifest -> C:/banyan-farm/courier-box/farm-out/ep2-guardcast-g-0822
==== step publish END rc=0 2026-08-21T20:41:57Z ====
#### job ep2-guardcast-g-0822-1787344457 finished rc=0 2026-08-21T20:41:57Z
