#### job ep2-b08-twins-sample-0819-1787169144 attempt 1 start 2026-08-19T19:52:34Z

==== step preflight START 2026-08-19T19:52:34Z ====
argv: ["C:\\banyan-farm\\venv\\Scripts\\python.exe", "-c", "# GUARD, NOT A VARIABLE. Re-read the twins blob and assert its identity before\n# any GPU second is spent. `--controlnet` points at a local DIRECTORY here, so\n# the sidecar can only record a path, and a path proves nothing about the 2.4 GB\n# behind it. mac_preflight's rule on a Windows box: size and file count passed a\n# UNet that rendered pure noise for days.\nimport hashlib, os, sys\nd = r\"C:\\banyan-farm\\cnet-openpose-twins\"\nblob = os.path.join(d, \"diffusion_pytorch_model.safetensors\")\ncfg = os.path.join(d, \"config.json\")\nn = os.path.getsize(blob)\nif n != 2502139104:\n    print(\"!! twins blob is %d bytes, expected 2502139104\" % n); sys.exit(1)\nh = hashlib.sha256()\nwith open(blob, \"rb\") as fh:\n    for chunk in iter(lambda: fh.read(1 << 22), b\"\"):\n        h.update(chunk)\ngot = h.hexdigest()\nif got != \"54a2afb1bd21349e475566e5428884bc937a4caecf863b29dea08acc40612fa4\":\n    print(\"!! twins blob sha %s, expected 54a2afb1bd21349e475566e5428884bc937a4caecf863b29dea08acc40612fa4\" % got); sys.exit(1)\nch = hashlib.sha256(open(cfg, \"rb\").read()).hexdigest()\nif ch != \"b5b8f9a7619c9452f19407ef73a01ce3f061fcf932de43ddbaca336d12d02801\":\n    print(\"!! twins config sha %s, expected b5b8f9a7619c9452f19407ef73a01ce3f061fcf932de43ddbaca336d12d02801\" % ch); sys.exit(1)\nbad = [r for r, _, fs in os.walk(d) for f in fs if f.endswith(\".incomplete\")]\nif bad:\n    print(\"!! .incomplete under the twins dir: %r\" % bad); sys.exit(1)\n# The staged tree, same discipline: a fresh payload dir was scp'd into, and\n# \"the file is there\" is not \"the file is the one I sent\". Both ends were\n# compared at filing time; this re-reads them at RUN time.\nfor rel, want in ((\"pipeline/controlnet_plate.py\", \"9478e1225d22b0e7b81c0e9db8cff885fd145be05157a490b906b217eb426e7c\"), (\"pipeline/control/b08-openpose-nat-0819.png\", \"562911c8174a6ecc21bc8710a1ac1b7f965c3f2d865093a742c2598c37d952e0\")):\n    p = os.path.join(r\"C:\\banyan-farm\\b08twins-0819\\src\", rel.replace(\"/\", os.sep))\n    if not os.path.exists(p):\n        print(\"!! staged file missing: %s\" % p); sys.exit(1)\n    hh = hashlib.sha256(open(p, \"rb\").read()).hexdigest()\n    if hh != want:\n        print(\"!! %s sha %s, expected %s\" % (p, hh, want)); sys.exit(1)\nprint(\"twins net verified: %d bytes, sha %s\" % (n, got))\nprint(\"staged driver and hint verified\")"]
twins net verified: 2502139104 bytes, sha 54a2afb1bd21349e475566e5428884bc937a4caecf863b29dea08acc40612fa4
staged driver and hint verified
==== step preflight END rc=0 2026-08-19T19:52:36Z ====

==== step twins START 2026-08-19T19:52:36Z ====
argv: ["C:\\banyan-farm\\venv\\Scripts\\python.exe", "C:\\banyan-farm\\b08twins-0819\\src\\pipeline\\controlnet_plate.py", "--root", "C:\\banyan-farm\\b08twins-0819\\src", "--repo-commit", "7a7e6c4b04c7b64e35eb09029aa5dfd3f4ea463e", "--task", "ep2-b08-twins-sample-0819", "--arm", "twins", "--controlnet", "C:\\banyan-farm\\cnet-openpose-twins", "--control", "pipeline/control/b08-openpose-nat-0819.png", "--control-sha256", "562911c8174a6ecc21bc8710a1ac1b7f965c3f2d865093a742c2598c37d952e0", "--scale", "1.0", "--seed", "20260819", "--prompt-file", "C:\\banyan-farm\\b08twins-0819\\prompt.txt", "--negative-file", "C:\\banyan-farm\\b08twins-0819\\negative.txt", "--out", "C:\\banyan-farm\\b08twins-0819\\out"]
  prompt tokens: 64 (limit 77)
  negative tokens: 69 (limit 77)
C:\banyan-farm\venv\Lib\site-packages\diffusers\models\vq_model.py:20: FutureWarning: `VQEncoderOutput` is deprecated and will be removed in version 0.31. Importing `VQEncoderOutput` from `diffusers.models.vq_model` is deprecated and this will be removed in a future version. Please use `from diffusers.models.autoencoders.vq_model import VQEncoderOutput`, instead.
  deprecate("VQEncoderOutput", "0.31", deprecation_message)
C:\banyan-farm\venv\Lib\site-packages\diffusers\models\vq_model.py:25: FutureWarning: `VQModel` is deprecated and will be removed in version 0.31. Importing `VQModel` from `diffusers.models.vq_model` is deprecated and this will be removed in a future version. Please use `from diffusers.models.autoencoders.vq_model import VQModel`, instead.
  deprecate("VQModel", "0.31", deprecation_message)
Couldn't connect to the Hub: Cannot reach https://huggingface.co/api/models/cagliostrolab/animagine-xl-3.1: offline mode is enabled. To disable it, please unset the `HF_HUB_OFFLINE` environment variable..
Will try to load from local cache.

Loading pipeline components...:   0%|          | 0/7 [00:00<?, ?it/s]
Loading pipeline components...:  29%|██▊       | 2/7 [00:00<00:00, 16.56it/s]
Loading pipeline components...:  57%|█████▋    | 4/7 [00:00<00:00,  5.43it/s]
Loading pipeline components...:  71%|███████▏  | 5/7 [00:02<00:01,  1.60it/s]
Loading pipeline components...:  86%|████████▌ | 6/7 [00:02<00:00,  2.02it/s]
Loading pipeline components...: 100%|██████████| 7/7 [00:02<00:00,  2.76it/s]
C:\banyan-farm\venv\Lib\site-packages\torch\nn\modules\module.py:1370: UserWarning: expandable_segments not supported on this platform (Triggered internally at C:\actions-runner\_work\pytorch\pytorch\pytorch\c10/cuda/CUDAAllocatorConfig.h:39.)
  return t.to(

  0%|          | 0/40 [00:00<?, ?it/s]
  2%|▎         | 1/40 [00:00<00:20,  1.87it/s]
  5%|▌         | 2/40 [00:00<00:12,  2.93it/s]
  8%|▊         | 3/40 [00:01<00:12,  3.03it/s]
 10%|█         | 4/40 [00:01<00:12,  2.97it/s]
 12%|█▎        | 5/40 [00:01<00:11,  3.03it/s]
 15%|█▌        | 6/40 [00:02<00:11,  3.08it/s]
 18%|█▊        | 7/40 [00:02<00:10,  3.00it/s]
 20%|██        | 8/40 [00:02<00:10,  3.10it/s]
 22%|██▎       | 9/40 [00:03<00:10,  3.07it/s]
 25%|██▌       | 10/40 [00:03<00:09,  3.09it/s]
 28%|██▊       | 11/40 [00:03<00:09,  3.07it/s]
 30%|███       | 12/40 [00:03<00:08,  3.14it/s]
 32%|███▎      | 13/40 [00:04<00:08,  3.06it/s]
 35%|███▌      | 14/40 [00:04<00:08,  3.07it/s]
 38%|███▊      | 15/40 [00:04<00:08,  3.07it/s]
 40%|████      | 16/40 [00:05<00:07,  3.09it/s]
 42%|████▎     | 17/40 [00:05<00:07,  3.07it/s]
 45%|████▌     | 18/40 [00:05<00:07,  3.14it/s]
 48%|████▊     | 19/40 [00:06<00:06,  3.06it/s]
 50%|█████     | 20/40 [00:06<00:06,  3.08it/s]
 52%|█████▎    | 21/40 [00:06<00:06,  3.11it/s]
 55%|█████▌    | 22/40 [00:07<00:05,  3.08it/s]
 57%|█████▊    | 23/40 [00:07<00:05,  3.06it/s]
 60%|██████    | 24/40 [00:07<00:05,  3.13it/s]
 62%|██████▎   | 25/40 [00:08<00:04,  3.09it/s]
 65%|██████▌   | 26/40 [00:08<00:04,  3.12it/s]
 68%|██████▊   | 27/40 [00:08<00:04,  3.08it/s]
 70%|███████   | 28/40 [00:09<00:03,  3.10it/s]
 72%|███████▎  | 29/40 [00:09<00:03,  3.03it/s]
 75%|███████▌  | 30/40 [00:09<00:03,  3.09it/s]
 78%|███████▊  | 31/40 [00:10<00:02,  3.09it/s]
 80%|████████  | 32/40 [00:10<00:02,  3.11it/s]
 82%|████████▎ | 33/40 [00:10<00:02,  3.08it/s]
 85%|████████▌ | 34/40 [00:11<00:01,  3.10it/s]
 88%|████████▊ | 35/40 [00:11<00:01,  3.03it/s]
 90%|█████████ | 36/40 [00:11<00:01,  3.11it/s]
 92%|█████████▎| 37/40 [00:12<00:00,  3.04it/s]
 95%|█████████▌| 38/40 [00:12<00:00,  3.08it/s]
 98%|█████████▊| 39/40 [00:12<00:00,  3.09it/s]
100%|██████████| 40/40 [00:13<00:00,  3.11it/s]
100%|██████████| 40/40 [00:13<00:00,  3.06it/s]
OK ep2-b08-twins-sample-0819-twins.png load=6.2s render=13.8s
rc=0
==== step twins END rc=0 2026-08-19T19:53:00Z ====

==== step publish START 2026-08-19T19:53:00Z ====
argv: ["C:\\banyan-farm\\venv\\Scripts\\python.exe", "-c", "# box_enqueue.courier_problems: the courier pushes from farm-out and\n# nowhere else, and ep2-cnet-probe-0817 was invisible for two days for\n# want of exactly this step.\nimport glob, hashlib, os, shutil\nout_dir = \"C:/banyan-farm/b08twins-0819/out\"\npay_dir = \"C:/banyan-farm/b08twins-0819\"\nctl_dir = \"C:/banyan-farm/b08twins-0819/src/pipeline/control\"\ndst = \"C:/banyan-farm/courier-box/farm-out/ep2-b08-twins-sample-0819\"\nos.makedirs(dst, exist_ok=True)\nfiles = sorted(glob.glob(out_dir + \"/ep2-b08-twins-sample-0819-twins.png*\")\n               + glob.glob(pay_dir + \"/prompt.txt\")\n               + glob.glob(pay_dir + \"/negative.txt\")\n               + glob.glob(ctl_dir + \"/b08-openpose-nat-0819.png\"))\nlines = []\nfor f in files:\n    shutil.copy2(f, dst)\n    c = os.path.join(dst, os.path.basename(f))\n    with open(c, \"rb\") as fh:\n        h = hashlib.sha256(fh.read()).hexdigest()\n    lines.append(h + \"  \" + os.path.basename(f))\nwith open(os.path.join(dst, \"ep2-b08-twins-sample-0819.sha256\"), \"w\",\n          newline=\"\\n\") as fh:\n    fh.write(\"\\n\".join(sorted(lines)) + \"\\n\")\nprint(\"published\", len(files), \"file(s) + manifest ->\", dst)\nraise SystemExit(0 if len(files) >= 5 else 1)"]
published 5 file(s) + manifest -> C:/banyan-farm/courier-box/farm-out/ep2-b08-twins-sample-0819
==== step publish END rc=0 2026-08-19T19:53:00Z ====
#### job ep2-b08-twins-sample-0819-1787169144 finished rc=0 2026-08-19T19:53:00Z
