 70%|███████   | 28/40 [00:06<00:02,  4.53it/s]
 72%|███████▎  | 29/40 [00:06<00:02,  4.43it/s]
 75%|███████▌  | 30/40 [00:06<00:02,  4.46it/s]
 78%|███████▊  | 31/40 [00:06<00:02,  4.48it/s]
 80%|████████  | 32/40 [00:07<00:01,  4.48it/s]
 82%|████████▎ | 33/40 [00:07<00:01,  4.50it/s]
 85%|████████▌ | 34/40 [00:07<00:01,  4.41it/s]
 88%|████████▊ | 35/40 [00:07<00:01,  4.44it/s]
 90%|█████████ | 36/40 [00:08<00:00,  4.46it/s]
 92%|█████████▎| 37/40 [00:08<00:00,  4.41it/s]
 95%|█████████▌| 38/40 [00:08<00:00,  4.42it/s]
 98%|█████████▊| 39/40 [00:08<00:00,  4.45it/s]
100%|██████████| 40/40 [00:09<00:00,  4.42it/s]
100%|██████████| 40/40 [00:09<00:00,  4.44it/s]
   04-the-footnote-ipa-r1-w015-s7.png seed=20267723 9s  (4/8)

  0%|          | 0/40 [00:00<?, ?it/s]
  2%|▎         | 1/40 [00:00<00:08,  4.66it/s]
  5%|▌         | 2/40 [00:00<00:08,  4.58it/s]
  8%|▊         | 3/40 [00:00<00:08,  4.53it/s]
 10%|█         | 4/40 [00:00<00:08,  4.30it/s]
 12%|█▎        | 5/40 [00:01<00:08,  4.37it/s]
 15%|█▌        | 6/40 [00:01<00:07,  4.29it/s]
 18%|█▊        | 7/40 [00:01<00:07,  4.49it/s]
 20%|██        | 8/40 [00:01<00:07,  4.39it/s]
 22%|██▎       | 9/40 [00:02<00:07,  4.33it/s]
 25%|██▌       | 10/40 [00:02<00:06,  4.38it/s]
 28%|██▊       | 11/40 [00:02<00:06,  4.41it/s]
 30%|███       | 12/40 [00:02<00:06,  4.45it/s]
 32%|███▎      | 13/40 [00:02<00:06,  4.38it/s]
 35%|███▌      | 14/40 [00:03<00:05,  4.41it/s]
 38%|███▊      | 15/40 [00:03<00:05,  4.45it/s]
 40%|████      | 16/40 [00:03<00:05,  4.43it/s]
 42%|████▎     | 17/40 [00:03<00:05,  4.49it/s]
 45%|████▌     | 18/40 [00:04<00:04,  4.40it/s]
 48%|████▊     | 19/40 [00:04<00:04,  4.43it/s]
 50%|█████     | 20/40 [00:04<00:04,  4.45it/s]
 52%|█████▎    | 21/40 [00:04<00:04,  4.47it/s]
 55%|█████▌    | 22/40 [00:04<00:04,  4.38it/s]
 57%|█████▊    | 23/40 [00:05<00:03,  4.42it/s]
 60%|██████    | 24/40 [00:05<00:03,  4.45it/s]
 62%|██████▎   | 25/40 [00:05<00:03,  4.46it/s]
 65%|██████▌   | 26/40 [00:05<00:03,  4.47it/s]
 68%|██████▊   | 27/40 [00:06<00:02,  4.39it/s]
 70%|███████   | 28/40 [00:06<00:02,  4.43it/s]
 72%|███████▎  | 29/40 [00:06<00:02,  4.46it/s]
 75%|███████▌  | 30/40 [00:06<00:02,  4.47it/s]
 78%|███████▊  | 31/40 [00:07<00:02,  4.39it/s]
 80%|████████  | 32/40 [00:07<00:01,  4.43it/s]
 82%|████████▎ | 33/40 [00:07<00:01,  4.45it/s]
 85%|████████▌ | 34/40 [00:07<00:01,  4.47it/s]
 88%|████████▊ | 35/40 [00:07<00:01,  4.48it/s]
 90%|█████████ | 36/40 [00:08<00:00,  4.39it/s]
 92%|█████████▎| 37/40 [00:08<00:00,  4.42it/s]
 95%|█████████▌| 38/40 [00:08<00:00,  4.42it/s]
 98%|█████████▊| 39/40 [00:08<00:00,  4.47it/s]
100%|██████████| 40/40 [00:09<00:00,  4.47it/s]
100%|██████████| 40/40 [00:09<00:00,  4.43it/s]
   04-the-footnote-ipa-r2-w015-s6.png seed=20266723 9s  (5/8)

  0%|          | 0/40 [00:00<?, ?it/s]
  2%|▎         | 1/40 [00:00<00:08,  4.66it/s]
  5%|▌         | 2/40 [00:00<00:08,  4.56it/s]
  8%|▊         | 3/40 [00:00<00:08,  4.53it/s]
 10%|█         | 4/40 [00:00<00:08,  4.29it/s]
 12%|█▎        | 5/40 [00:01<00:08,  4.37it/s]
 15%|█▌        | 6/40 [00:01<00:07,  4.32it/s]
 18%|█▊        | 7/40 [00:01<00:07,  4.38it/s]
 20%|██        | 8/40 [00:01<00:07,  4.42it/s]
 22%|██▎       | 9/40 [00:02<00:07,  4.35it/s]
 25%|██▌       | 10/40 [00:02<00:06,  4.38it/s]
 28%|██▊       | 11/40 [00:02<00:06,  4.44it/s]
 30%|███       | 12/40 [00:02<00:06,  4.47it/s]
 32%|███▎      | 13/40 [00:02<00:06,  4.38it/s]
 35%|███▌      | 14/40 [00:03<00:05,  4.42it/s]
 38%|███▊      | 15/40 [00:03<00:05,  4.45it/s]
 40%|████      | 16/40 [00:03<00:05,  4.47it/s]
 42%|████▎     | 17/40 [00:03<00:05,  4.48it/s]
 45%|████▌     | 18/40 [00:04<00:05,  4.40it/s]
 48%|████▊     | 19/40 [00:04<00:04,  4.43it/s]
 50%|█████     | 20/40 [00:04<00:04,  4.46it/s]
 52%|█████▎    | 21/40 [00:04<00:04,  4.48it/s]
 55%|█████▌    | 22/40 [00:04<00:04,  4.39it/s]
 57%|█████▊    | 23/40 [00:05<00:03,  4.43it/s]
 60%|██████    | 24/40 [00:05<00:03,  4.46it/s]
 62%|██████▎   | 25/40 [00:05<00:03,  4.47it/s]
 65%|██████▌   | 26/40 [00:05<00:03,  4.39it/s]
 68%|██████▊   | 27/40 [00:06<00:02,  4.42it/s]
 70%|███████   | 28/40 [00:06<00:02,  4.45it/s]
 72%|███████▎  | 29/40 [00:06<00:02,  4.46it/s]
 75%|███████▌  | 30/40 [00:06<00:02,  4.39it/s]
 78%|███████▊  | 31/40 [00:07<00:02,  4.42it/s]
 80%|████████  | 32/40 [00:07<00:01,  4.45it/s]
 82%|████████▎ | 33/40 [00:07<00:01,  4.47it/s]
 85%|████████▌ | 34/40 [00:07<00:01,  4.39it/s]
 88%|████████▊ | 35/40 [00:07<00:01,  4.42it/s]
 90%|█████████ | 36/40 [00:08<00:00,  4.45it/s]
 92%|█████████▎| 37/40 [00:08<00:00,  4.46it/s]
 95%|█████████▌| 38/40 [00:08<00:00,  4.48it/s]
 98%|█████████▊| 39/40 [00:08<00:00,  4.39it/s]
100%|██████████| 40/40 [00:09<00:00,  4.43it/s]
100%|██████████| 40/40 [00:09<00:00,  4.43it/s]
   04-the-footnote-ipa-r2-w015-s7.png seed=20267723 9s  (6/8)

  0%|          | 0/40 [00:00<?, ?it/s]
  2%|▎         | 1/40 [00:00<00:08,  4.79it/s]
  5%|▌         | 2/40 [00:00<00:08,  4.62it/s]
  8%|▊         | 3/40 [00:00<00:08,  4.57it/s]
 10%|█         | 4/40 [00:00<00:08,  4.31it/s]
 12%|█▎        | 5/40 [00:01<00:08,  4.29it/s]
 15%|█▌        | 6/40 [00:01<00:07,  4.35it/s]
 18%|█▊        | 7/40 [00:01<00:07,  4.40it/s]
 20%|██        | 8/40 [00:01<00:07,  4.43it/s]
 22%|██▎       | 9/40 [00:02<00:07,  4.36it/s]
 25%|██▌       | 10/40 [00:02<00:06,  4.41it/s]
 28%|██▊       | 11/40 [00:02<00:06,  4.39it/s]
 30%|███       | 12/40 [00:02<00:06,  4.38it/s]
 32%|███▎      | 13/40 [00:02<00:06,  4.41it/s]
 35%|███▌      | 14/40 [00:03<00:05,  4.36it/s]
 38%|███▊      | 15/40 [00:03<00:05,  4.49it/s]
 40%|████      | 16/40 [00:03<00:05,  4.50it/s]
 42%|████▎     | 17/40 [00:03<00:05,  4.41it/s]
 45%|████▌     | 18/40 [00:04<00:04,  4.44it/s]
 48%|████▊     | 19/40 [00:04<00:04,  4.37it/s]
 50%|█████     | 20/40 [00:04<00:04,  4.50it/s]
 52%|█████▎    | 21/40 [00:04<00:04,  4.41it/s]
 55%|█████▌    | 22/40 [00:04<00:04,  4.43it/s]
 57%|█████▊    | 23/40 [00:05<00:03,  4.37it/s]
 60%|██████    | 24/40 [00:05<00:03,  4.41it/s]
 62%|██████▎   | 25/40 [00:05<00:03,  4.44it/s]
 65%|██████▌   | 26/40 [00:05<00:03,  4.39it/s]
 68%|██████▊   | 27/40 [00:06<00:02,  4.41it/s]
 70%|███████   | 28/40 [00:06<00:02,  4.44it/s]
 72%|███████▎  | 29/40 [00:06<00:02,  4.47it/s]
 75%|███████▌  | 30/40 [00:06<00:02,  4.47it/s]
 78%|███████▊  | 31/40 [00:07<00:02,  4.39it/s]
 80%|████████  | 32/40 [00:07<00:01,  4.42it/s]
 82%|████████▎ | 33/40 [00:07<00:01,  4.45it/s]
 85%|████████▌ | 34/40 [00:07<00:01,  4.46it/s]
 88%|████████▊ | 35/40 [00:07<00:01,  4.36it/s]
 90%|█████████ | 36/40 [00:08<00:00,  4.39it/s]
 92%|█████████▎| 37/40 [00:08<00:00,  4.42it/s]
 95%|█████████▌| 38/40 [00:08<00:00,  4.41it/s]
 98%|█████████▊| 39/40 [00:08<00:00,  4.41it/s]
100%|██████████| 40/40 [00:09<00:00,  4.41it/s]
100%|██████████| 40/40 [00:09<00:00,  4.42it/s]
   04-the-footnote-ipa-r3-w015-s6.png seed=20266723 9s  (7/8)

  0%|          | 0/40 [00:00<?, ?it/s]
  2%|▎         | 1/40 [00:00<00:07,  4.92it/s]
  5%|▌         | 2/40 [00:00<00:08,  4.67it/s]
  8%|▊         | 3/40 [00:00<00:08,  4.52it/s]
 10%|█         | 4/40 [00:00<00:08,  4.35it/s]
 12%|█▎        | 5/40 [00:01<00:08,  4.29it/s]
 15%|█▌        | 6/40 [00:01<00:07,  4.37it/s]
 18%|█▊        | 7/40 [00:01<00:07,  4.42it/s]
 20%|██        | 8/40 [00:01<00:07,  4.35it/s]
 22%|██▎       | 9/40 [00:02<00:07,  4.31it/s]
 25%|██▌       | 10/40 [00:02<00:06,  4.37it/s]
 28%|██▊       | 11/40 [00:02<00:06,  4.42it/s]
 30%|███       | 12/40 [00:02<00:06,  4.45it/s]
 32%|███▎      | 13/40 [00:02<00:06,  4.38it/s]
 35%|███▌      | 14/40 [00:03<00:05,  4.41it/s]
 38%|███▊      | 15/40 [00:03<00:05,  4.44it/s]
 40%|████      | 16/40 [00:03<00:05,  4.43it/s]
 42%|████▎     | 17/40 [00:03<00:05,  4.39it/s]
 45%|████▌     | 18/40 [00:04<00:05,  4.37it/s]
 48%|████▊     | 19/40 [00:04<00:04,  4.48it/s]
 50%|█████     | 20/40 [00:04<00:04,  4.49it/s]
 52%|█████▎    | 21/40 [00:04<00:04,  4.40it/s]
 55%|█████▌    | 22/40 [00:04<00:04,  4.44it/s]
 57%|█████▊    | 23/40 [00:05<00:03,  4.37it/s]
 60%|██████    | 24/40 [00:05<00:03,  4.50it/s]
 62%|██████▎   | 25/40 [00:05<00:03,  4.41it/s]
 65%|██████▌   | 26/40 [00:05<00:03,  4.44it/s]
 68%|██████▊   | 27/40 [00:06<00:02,  4.36it/s]
 70%|███████   | 28/40 [00:06<00:02,  4.41it/s]
 72%|███████▎  | 29/40 [00:06<00:02,  4.44it/s]
 75%|███████▌  | 30/40 [00:06<00:02,  4.42it/s]
 78%|███████▊  | 31/40 [00:07<00:02,  4.40it/s]
 80%|████████  | 32/40 [00:07<00:01,  4.44it/s]
 82%|████████▎ | 33/40 [00:07<00:01,  4.46it/s]
 85%|████████▌ | 34/40 [00:07<00:01,  4.48it/s]
 88%|████████▊ | 35/40 [00:07<00:01,  4.40it/s]
 90%|█████████ | 36/40 [00:08<00:00,  4.43it/s]
 92%|█████████▎| 37/40 [00:08<00:00,  4.45it/s]
 95%|█████████▌| 38/40 [00:08<00:00,  4.47it/s]
 98%|█████████▊| 39/40 [00:08<00:00,  4.48it/s]
100%|██████████| 40/40 [00:09<00:00,  4.39it/s]
100%|██████████| 40/40 [00:09<00:00,  4.42it/s]
   04-the-footnote-ipa-r3-w015-s7.png seed=20267723 9s  (8/8)

DONE 8 stills — ONE beat. The other fourteen wait on his verdict.
==== step sample END rc=0 2026-08-15T10:06:32Z ====

==== step publish START 2026-08-15T10:06:32Z ====
argv: ["C:\\banyan-farm\\venv\\Scripts\\python.exe", "-c", "import glob, hashlib, os, shutil\nsrcdir = \"C:/banyan-farm/goblin-ipa-0812/out-b04-stdviews-s6-0815\"\ndst = \"C:/banyan-farm/courier-box/farm-out/ep2-b04-stdviews-s6-0815\"\nos.makedirs(dst, exist_ok=True)\nsrc = sorted(glob.glob(srcdir + \"/04-the-footnote-*\")) + sorted(glob.glob(srcdir + \"/refs-dedup.yaml\"))\npngs = [f for f in src if f.lower().endswith(\".png\")]\nlines = []\nfor f in src:\n    shutil.copy2(f, dst)\n    c = os.path.join(dst, os.path.basename(f))\n    with open(c, \"rb\") as fh:\n        h = hashlib.sha256(fh.read()).hexdigest()\n    lines.append(h + \"  \" + os.path.basename(f))\nwith open(os.path.join(dst, \"ep2-b04-stdviews-s6-0815.sha256\"), \"w\", newline=\"\\n\") as fh:\n    fh.write(\"\\n\".join(lines) + \"\\n\")\nprint(\"published\", len(src), \"file(s),\", len(pngs), \"png + manifest ->\", dst)\nraise SystemExit(0 if len(pngs) >= 8 else 1)\n"]
published 16 file(s), 8 png + manifest -> C:/banyan-farm/courier-box/farm-out/ep2-b04-stdviews-s6-0815
==== step publish END rc=0 2026-08-15T10:06:32Z ====
#### job ep2-b04-stdviews-s6-0815-1786788037 finished rc=0 2026-08-15T10:06:32Z
