#### job ep2-b08-posenet-sample-0819-1787127903 attempt 1 start 2026-08-19T08:25:08Z

==== step posehint START 2026-08-19T08:25:11Z ====
argv: ["C:\\banyan-farm\\venv\\Scripts\\python.exe", "C:\\banyan-farm\\b08pose-0819\\src\\pipeline\\controlnet_plate.py", "--root", "C:\\banyan-farm\\b08pose-0819\\src", "--repo-commit", "161273f6f20452e87dede2c2a4b5b43b95e73179", "--task", "ep2-b08-posenet-sample-0819", "--arm", "posehint", "--controlnet", "xinsir/controlnet-openpose-sdxl-1.0", "--control", "pipeline/control/b08-openpose-0819.png", "--control-sha256", "3fe4eacc56042ef6ae01d425b922918ae2287fde124a51f6c76718e64ddd7662", "--scale", "1.0", "--seed", "20260819", "--prompt-file", "C:\\banyan-farm\\b08pose-0819\\prompt.txt", "--negative-file", "C:\\banyan-farm\\b08pose-0819\\negative.txt", "--out", "C:\\banyan-farm\\b08pose-0819\\out"]
  prompt tokens: 64 (limit 77)
  negative tokens: 69 (limit 77)
C:\banyan-farm\venv\Lib\site-packages\diffusers\models\vq_model.py:20: FutureWarning: `VQEncoderOutput` is deprecated and will be removed in version 0.31. Importing `VQEncoderOutput` from `diffusers.models.vq_model` is deprecated and this will be removed in a future version. Please use `from diffusers.models.autoencoders.vq_model import VQEncoderOutput`, instead.
  deprecate("VQEncoderOutput", "0.31", deprecation_message)
C:\banyan-farm\venv\Lib\site-packages\diffusers\models\vq_model.py:25: FutureWarning: `VQModel` is deprecated and will be removed in version 0.31. Importing `VQModel` from `diffusers.models.vq_model` is deprecated and this will be removed in a future version. Please use `from diffusers.models.autoencoders.vq_model import VQModel`, instead.
  deprecate("VQModel", "0.31", deprecation_message)
Couldn't connect to the Hub: Cannot reach https://huggingface.co/api/models/cagliostrolab/animagine-xl-3.1: offline mode is enabled. To disable it, please unset the `HF_HUB_OFFLINE` environment variable..
Will try to load from local cache.

Loading pipeline components...:   0%|          | 0/7 [00:00<?, ?it/s]
Loading pipeline components...:  43%|████▎     | 3/7 [00:00<00:00, 12.93it/s]
Loading pipeline components...:  71%|███████▏  | 5/7 [00:01<00:00,  2.23it/s]
Loading pipeline components...:  86%|████████▌ | 6/7 [00:02<00:00,  2.07it/s]
Loading pipeline components...: 100%|██████████| 7/7 [00:02<00:00,  2.61it/s]
Loading pipeline components...: 100%|██████████| 7/7 [00:02<00:00,  2.69it/s]
C:\banyan-farm\venv\Lib\site-packages\torch\nn\modules\module.py:1370: UserWarning: expandable_segments not supported on this platform (Triggered internally at C:\actions-runner\_work\pytorch\pytorch\pytorch\c10/cuda/CUDAAllocatorConfig.h:39.)
  return t.to(

  0%|          | 0/40 [00:00<?, ?it/s]
  2%|▎         | 1/40 [00:00<00:19,  2.01it/s]
  5%|▌         | 2/40 [00:00<00:12,  3.06it/s]
  8%|▊         | 3/40 [00:01<00:11,  3.11it/s]
 10%|█         | 4/40 [00:01<00:11,  3.06it/s]
 12%|█▎        | 5/40 [00:01<00:11,  3.10it/s]
 15%|█▌        | 6/40 [00:02<00:11,  3.06it/s]
 18%|█▊        | 7/40 [00:02<00:11,  3.00it/s]
 20%|██        | 8/40 [00:02<00:10,  3.05it/s]
 22%|██▎       | 9/40 [00:02<00:09,  3.13it/s]
 25%|██▌       | 10/40 [00:03<00:09,  3.05it/s]
 28%|██▊       | 11/40 [00:03<00:09,  3.08it/s]
 30%|███       | 12/40 [00:03<00:09,  3.11it/s]
 32%|███▎      | 13/40 [00:04<00:08,  3.03it/s]
 35%|███▌      | 14/40 [00:04<00:08,  3.09it/s]
 38%|███▊      | 15/40 [00:04<00:08,  3.10it/s]
 40%|████      | 16/40 [00:05<00:07,  3.06it/s]
 42%|████▎     | 17/40 [00:05<00:07,  3.08it/s]
 45%|████▌     | 18/40 [00:05<00:07,  3.06it/s]
 48%|████▊     | 19/40 [00:06<00:06,  3.04it/s]
 50%|█████     | 20/40 [00:06<00:06,  3.12it/s]
 52%|█████▎    | 21/40 [00:06<00:06,  3.08it/s]
 55%|█████▌    | 22/40 [00:07<00:05,  3.06it/s]
 57%|█████▊    | 23/40 [00:07<00:05,  3.09it/s]
 60%|██████    | 24/40 [00:07<00:05,  3.06it/s]
 62%|██████▎   | 25/40 [00:08<00:04,  3.08it/s]
 65%|██████▌   | 26/40 [00:08<00:04,  3.11it/s]
 68%|██████▊   | 27/40 [00:08<00:04,  3.08it/s]
 70%|███████   | 28/40 [00:09<00:03,  3.07it/s]
 72%|███████▎  | 29/40 [00:09<00:03,  3.08it/s]
 75%|███████▌  | 30/40 [00:09<00:03,  3.10it/s]
 78%|███████▊  | 31/40 [00:10<00:02,  3.03it/s]
 80%|████████  | 32/40 [00:10<00:02,  3.07it/s]
 82%|████████▎ | 33/40 [00:10<00:02,  3.09it/s]
 85%|████████▌ | 34/40 [00:11<00:01,  3.06it/s]
 88%|████████▊ | 35/40 [00:11<00:01,  3.09it/s]
 90%|█████████ | 36/40 [00:11<00:01,  3.10it/s]
 92%|█████████▎| 37/40 [00:12<00:00,  3.07it/s]
 95%|█████████▌| 38/40 [00:12<00:00,  3.09it/s]
 98%|█████████▊| 39/40 [00:12<00:00,  3.07it/s]
100%|██████████| 40/40 [00:13<00:00,  3.09it/s]
100%|██████████| 40/40 [00:13<00:00,  3.06it/s]
OK ep2-b08-posenet-sample-0819-posehint.png load=6.2s render=13.8s
rc=0
==== step posehint END rc=0 2026-08-19T08:25:35Z ====

==== step publish START 2026-08-19T08:25:35Z ====
argv: ["C:\\banyan-farm\\venv\\Scripts\\python.exe", "-c", "# Required by box_enqueue.courier_problems: the courier pushes from\n# farm-out and from nowhere else, and ep2-cnet-probe-0817 rendered\n# perfectly and was invisible for two days for want of exactly this step.\nimport glob, hashlib, os, shutil\nout_dir = \"C:/banyan-farm/b08pose-0819/out\"\npay_dir = \"C:/banyan-farm/b08pose-0819\"\nctl_dir = \"C:/banyan-farm/b08pose-0819/src/pipeline/control\"\ndst = \"C:/banyan-farm/courier-box/farm-out/ep2-b08-posenet-sample-0819\"\nos.makedirs(dst, exist_ok=True)\n# The HINT travels with the frame: it is the frame's condition, and a\n# reader scoring whether the net read it needs to see it at the same\n# pixel columns.\nfiles = sorted(glob.glob(out_dir + \"/ep2-b08-posenet-sample-0819-posehint.png*\")\n               + glob.glob(pay_dir + \"/prompt.txt\")\n               + glob.glob(pay_dir + \"/negative.txt\")\n               + glob.glob(ctl_dir + \"/b08-openpose-0819.png\"))\nlines = []\nfor f in files:\n    shutil.copy2(f, dst)\n    c = os.path.join(dst, os.path.basename(f))\n    with open(c, \"rb\") as fh:\n        h = hashlib.sha256(fh.read()).hexdigest()\n    lines.append(h + \"  \" + os.path.basename(f))\nwith open(os.path.join(dst, \"ep2-b08-posenet-sample-0819.sha256\"), \"w\",\n          newline=\"\\n\") as fh:\n    fh.write(\"\\n\".join(sorted(lines)) + \"\\n\")\nprint(\"published\", len(files), \"file(s) + manifest ->\", dst)\nraise SystemExit(0 if len(files) >= 5 else 1)"]
published 5 file(s) + manifest -> C:/banyan-farm/courier-box/farm-out/ep2-b08-posenet-sample-0819
==== step publish END rc=0 2026-08-19T08:25:35Z ====
#### job ep2-b08-posenet-sample-0819-1787127903 finished rc=0 2026-08-19T08:25:35Z
