#### job ep2-b13-negcfg-0816-1786825194 attempt 1 start 2026-08-15T20:49:18Z

==== step crop START 2026-08-15T20:49:22Z ====
argv: ["C:\\banyan-farm\\venv\\Scripts\\python.exe", "C:\\banyan-farm\\ep2-b13-negcfg-0816\\cover_crop.py", "--src", "C:\\banyan-farm\\courier-box\\farm-out\\ep2-b13-plate-0814\\13-the-shade-ipa-r0-w015-s0.png", "--sha256", "1745a491db3c95c7c6d1d6a601a18e7ff1f825ef90f6169140de35ed10a4e921", "--out", "C:\\banyan-farm\\ep2-b13-negcfg-0816\\b13-init-704x1280.png", "--size", "704x1280"]
src 832x1216 sha 1745a491db3c95c7c6d1d6a601a18e7ff1f825ef90f6169140de35ed10a4e921
cover-crop scale=1.0526 -> 876x1280, centre box (86,0)
WROTE C:\banyan-farm\ep2-b13-negcfg-0816\b13-init-704x1280.png
==== step crop END rc=0 2026-08-15T20:49:22Z ====

==== step encode START 2026-08-15T20:49:22Z ====
argv: ["C:\\banyan-video\\venv\\Scripts\\python.exe", "C:\\banyan-farm\\banyan-city\\pipeline\\ltx_i2v.py", "--stage", "encode", "--jobs", "C:\\banyan-farm\\ep2-b13-negcfg-0816\\b13-jobs-encode.json"]
-- begin-encode: phys 9.9/68.1GB, commit 12.0/115.3GB (load 14%)
loading text encoder from C:\Users\artvn\.cache\huggingface\hub\models--Lightricks--gemma-3-12b-it-qat-q4_0-unquantized\snapshots\d62fe4f1995ade703b49a0f3c0d0f161237ef437

Loading weights:   0%|          | 0/1065 [00:00<?, ?it/s]
Loading weights:  35%|███▌      | 374/1065 [00:00<00:00, 3373.61it/s]
Loading weights:  71%|███████▏  | 759/1065 [00:00<00:00, 3437.44it/s]
Loading weights: 100%|██████████| 1065/1065 [00:00<00:00, 3734.21it/s]
-- encode-beat-13: phys 11.1/68.1GB, commit 38.8/115.3GB (load 16%)
[1/2] encoded beat 13 to C:\banyan-farm\ep2-b13-negcfg-0816\b13-embeds-NEGFULL.pt (1, 1024, 188160)
-- encode-beat-13: phys 36.3/68.1GB, commit 40.6/115.3GB (load 53%)
[2/2] encoded beat 13 to C:\banyan-farm\ep2-b13-negcfg-0816\b13-embeds-NEGEMPTY.pt (1, 1024, 188160)
{"peak_commit_gb": 42.2, "peak_phys_gb": 37.7, "last_stage": "encode-beat-13"}
==== step encode END rc=0 2026-08-15T20:51:37Z ====

==== step verify-embeds START 2026-08-15T20:51:37Z ====
argv: ["C:\\banyan-video\\venv\\Scripts\\python.exe", "C:\\banyan-farm\\ep2-b13-negcfg-0816\\verify_embeds.py"]
prompt_embeds                  FULL 87b76c09cc5d8775  EMPTY 87b76c09cc5d8775  IDENTICAL
prompt_attention_mask          FULL aa37b27eb329fac1  EMPTY aa37b27eb329fac1  IDENTICAL
negative_prompt_embeds         FULL d9315dc3a2590609  EMPTY 9989bd17efb4f47c  DIFFERS (expected)
negative_prompt_attention_mask FULL f9717b8d3ce844a9  EMPTY e585d1393cd6fee9  DIFFERS (expected)
shapes pos (1, 1024, 188160) neg (1, 1024, 188160)

VERIFIED: positive halves byte-identical, negative halves differ. The arms' only difference is the negative.
==== step verify-embeds END rc=0 2026-08-15T20:51:40Z ====

==== step render-control START 2026-08-15T20:51:40Z ====
argv: ["C:\\banyan-video\\venv\\Scripts\\python.exe", "C:\\banyan-farm\\banyan-city\\pipeline\\ltx_i2v.py", "--stage", "render", "--jobs", "C:\\banyan-farm\\ep2-b13-negcfg-0816\\b13-jobs-render-control.json", "--size", "704x1280", "--frames", "97", "--fps", "24", "--guidance", "2.0", "--distilled-sigmas", "--two-stage", "--image-crf", "33", "--offload", "sequential", "--mode", "production", "--task", "ep2-b13-negcfg-0816-control", "--worker", "rtx5090", "--bench-jsonl", "C:\\banyan-farm\\ep2-b13-negcfg-0816\\bench-b13-control.jsonl", "--bench-label", "ep2-b13-negcfg-0816-control"]
recipe: offload=sequential quantisation=none (bf16)
-- begin-render: phys 9.9/68.1GB, commit 12.0/115.3GB (load 14%)
transformer  C:\Users\artvn\.cache\huggingface\hub\models--diffusers--LTX-2.3-Distilled-Diffusers\snapshots\432e0d3c2d1769aaa4d295f9243f7062bf6b47ee [subfolder=transformer, bf16]
scheduler    C:\Users\artvn\.cache\huggingface\hub\models--diffusers--LTX-2.3-Distilled-Diffusers\snapshots\432e0d3c2d1769aaa4d295f9243f7062bf6b47ee [subfolder=scheduler, distilled]
other parts  C:\Users\artvn\.cache\huggingface\hub\models--diffusers--LTX-2.3-Diffusers\snapshots\8eee8edcf067e838b843f926ec4d4cc9b2be1aaf
-- load-transformer-bf16-38GB: phys 10.7/68.1GB, commit 13.9/115.3GB (load 15%)

Loading checkpoint shards:   0%|          | 0/8 [00:00<?, ?it/s]
Loading checkpoint shards:  12%|█▎        | 1/8 [00:00<00:00,  8.58it/s]
Loading checkpoint shards:  25%|██▌       | 2/8 [00:00<00:00,  9.06it/s]
Loading checkpoint shards:  50%|█████     | 4/8 [00:00<00:00,  8.05it/s]
Loading checkpoint shards: 100%|██████████| 8/8 [00:00<00:00, 16.16it/s]
Loading checkpoint shards: 100%|██████████| 8/8 [00:00<00:00, 13.43it/s]
-- load-connectors-12.7GB-and-vae: phys 10.7/68.1GB, commit 52.2/115.3GB (load 15%)

Loading checkpoint shards:   0%|          | 0/2 [00:00<?, ?it/s]
Loading checkpoint shards: 100%|██████████| 2/2 [00:00<00:00, 67.77it/s]
-- offload-setup-sequential: phys 10.7/68.1GB, commit 61.8/115.3GB (load 15%)
C:\banyan-video\venv\Lib\site-packages\accelerate\utils\modeling.py:345: UserWarning: expandable_segments not supported on this platform (Triggered internally at C:\actions-runner\_work\pytorch\pytorch\pytorch\c10/cuda/CUDAAllocatorConfig.h:39.)
  new_value = old_value.to(device, non_blocking=non_blocking)
conditioning still round-tripped through libx264 crf=33 -> C:\banyan-farm\ep2-b13-negcfg-0816\cond-crf-13.png
-- stage1-denoise-352x640-8steps: phys 11.6/68.1GB, commit 62.2/115.3GB (load 17%)

  0%|          | 0/8 [00:00<?, ?it/s]
 12%|█▎        | 1/8 [01:08<08:01, 68.77s/it]
 25%|██▌       | 2/8 [01:21<03:34, 35.83s/it]
 38%|███▊      | 3/8 [01:30<01:58, 23.68s/it]
 50%|█████     | 4/8 [01:39<01:10, 17.69s/it]
 62%|██████▎   | 5/8 [01:48<00:43, 14.53s/it]
 75%|███████▌  | 6/8 [01:57<00:25, 12.79s/it]
 88%|████████▊ | 7/8 [02:06<00:11, 11.53s/it]
100%|██████████| 8/8 [02:15<00:00, 10.71s/it]
100%|██████████| 8/8 [02:15<00:00, 16.94s/it]
stage1 latents (1, 128, 13, 20, 11)
-- upsample-2x-latent: phys 58.2/68.1GB, commit 64.6/115.3GB (load 85%)
There are modules in LTX2LatentUpsamplerModel that should be kept in float32: []. Casting directly with `to()` can lead to inconsistent results; set `torch_dtype` in `from_pretrained()` instead to keep these modules in float32.
upsampled latents (1, 128, 13, 40, 22)
-- stage2-refine-704x1280-3steps: phys 60.5/68.1GB, commit 67.7/115.3GB (load 88%)

  0%|          | 0/3 [00:00<?, ?it/s]
 33%|███▎      | 1/3 [00:23<00:47, 23.69s/it]
 67%|██████▋   | 2/3 [00:49<00:24, 24.73s/it]
100%|██████████| 3/3 [01:18<00:00, 26.87s/it]
100%|██████████| 3/3 [01:18<00:00, 26.19s/it]
-- decode-and-export: phys 63.8/68.1GB, commit 70.9/115.3GB (load 93%)
[1/1] wrote C:\banyan-farm\ep2-b13-negcfg-0816\13-the-shade-NEG-full-cfg2p0-control.mp4 in 236s (97 frames, 704x1280, 8@352x640+3@704x1280 steps, peak torch 9.9GB, device 2.6/26GB)
THROUGHPUT 0.0171 s(video)/s(wall) (1 x 4.042s of video in 236s)
bench row -> C:\banyan-farm\ep2-b13-negcfg-0816\bench-b13-control.jsonl
{"sample_s": 235.9, "peak_gb": 9.9, "peak_commit_gb": 78.7, "frames": 97, "size": "704x1280", "steps": "8@352x640+3@704x1280", "batch": 1, "mode": "production", "throughput_s_per_s": 0.0171, "two_stage": true, "image_crf": 33, "offload": "sequential", "quantisation": null}
{"peak_commit_gb": 78.7, "peak_phys_gb": 64.0, "last_stage": "decode-and-export"}
==== step render-control END rc=0 2026-08-15T20:55:50Z ====

==== step render-emptyneg START 2026-08-15T20:55:50Z ====
argv: ["C:\\banyan-video\\venv\\Scripts\\python.exe", "C:\\banyan-farm\\banyan-city\\pipeline\\ltx_i2v.py", "--stage", "render", "--jobs", "C:\\banyan-farm\\ep2-b13-negcfg-0816\\b13-jobs-render-emptyneg.json", "--size", "704x1280", "--frames", "97", "--fps", "24", "--guidance", "2.0", "--distilled-sigmas", "--two-stage", "--image-crf", "33", "--offload", "sequential", "--mode", "production", "--task", "ep2-b13-negcfg-0816-emptyneg", "--worker", "rtx5090", "--bench-jsonl", "C:\\banyan-farm\\ep2-b13-negcfg-0816\\bench-b13-emptyneg.jsonl", "--bench-label", "ep2-b13-negcfg-0816-emptyneg"]
recipe: offload=sequential quantisation=none (bf16)
-- begin-render: phys 9.8/68.1GB, commit 12.0/115.3GB (load 14%)
transformer  C:\Users\artvn\.cache\huggingface\hub\models--diffusers--LTX-2.3-Distilled-Diffusers\snapshots\432e0d3c2d1769aaa4d295f9243f7062bf6b47ee [subfolder=transformer, bf16]
scheduler    C:\Users\artvn\.cache\huggingface\hub\models--diffusers--LTX-2.3-Distilled-Diffusers\snapshots\432e0d3c2d1769aaa4d295f9243f7062bf6b47ee [subfolder=scheduler, distilled]
other parts  C:\Users\artvn\.cache\huggingface\hub\models--diffusers--LTX-2.3-Diffusers\snapshots\8eee8edcf067e838b843f926ec4d4cc9b2be1aaf
-- load-transformer-bf16-38GB: phys 10.5/68.1GB, commit 13.8/115.3GB (load 15%)

Loading checkpoint shards:   0%|          | 0/8 [00:00<?, ?it/s]
Loading checkpoint shards:  50%|█████     | 4/8 [00:00<00:00, 21.08it/s]
Loading checkpoint shards: 100%|██████████| 8/8 [00:00<00:00, 28.98it/s]
-- load-connectors-12.7GB-and-vae: phys 10.6/68.1GB, commit 52.1/115.3GB (load 15%)

Loading checkpoint shards:   0%|          | 0/2 [00:00<?, ?it/s]
Loading checkpoint shards: 100%|██████████| 2/2 [00:00<00:00, 198.65it/s]
-- offload-setup-sequential: phys 10.6/68.1GB, commit 61.7/115.3GB (load 15%)
C:\banyan-video\venv\Lib\site-packages\accelerate\utils\modeling.py:345: UserWarning: expandable_segments not supported on this platform (Triggered internally at C:\actions-runner\_work\pytorch\pytorch\pytorch\c10/cuda/CUDAAllocatorConfig.h:39.)
  new_value = old_value.to(device, non_blocking=non_blocking)
conditioning still round-tripped through libx264 crf=33 -> C:\banyan-farm\ep2-b13-negcfg-0816\cond-crf-13.png
-- stage1-denoise-352x640-8steps: phys 11.5/68.1GB, commit 62.1/115.3GB (load 16%)

  0%|          | 0/8 [00:00<?, ?it/s]
 12%|█▎        | 1/8 [00:26<03:08, 26.94s/it]
 25%|██▌       | 2/8 [00:36<01:39, 16.64s/it]
 38%|███▊      | 3/8 [00:46<01:07, 13.49s/it]
 50%|█████     | 4/8 [00:55<00:47, 11.90s/it]
 62%|██████▎   | 5/8 [01:05<00:33, 11.07s/it]
 75%|███████▌  | 6/8 [01:14<00:20, 10.34s/it]
 88%|████████▊ | 7/8 [01:23<00:09,  9.92s/it]
100%|██████████| 8/8 [01:32<00:00,  9.88s/it]
100%|██████████| 8/8 [01:32<00:00, 11.62s/it]
stage1 latents (1, 128, 13, 20, 11)
-- upsample-2x-latent: phys 58.1/68.1GB, commit 64.6/115.3GB (load 85%)
There are modules in LTX2LatentUpsamplerModel that should be kept in float32: []. Casting directly with `to()` can lead to inconsistent results; set `torch_dtype` in `from_pretrained()` instead to keep these modules in float32.
upsampled latents (1, 128, 13, 40, 22)
-- stage2-refine-704x1280-3steps: phys 60.5/68.1GB, commit 67.7/115.3GB (load 88%)

  0%|          | 0/3 [00:00<?, ?it/s]
 33%|███▎      | 1/3 [00:25<00:50, 25.00s/it]
 67%|██████▋   | 2/3 [00:48<00:24, 24.30s/it]
100%|██████████| 3/3 [01:14<00:00, 24.96s/it]
100%|██████████| 3/3 [01:14<00:00, 24.85s/it]
-- decode-and-export: phys 63.7/68.1GB, commit 70.9/115.3GB (load 93%)
[1/1] wrote C:\banyan-farm\ep2-b13-negcfg-0816\13-the-shade-NEG-empty-cfg2p0.mp4 in 186s (97 frames, 704x1280, 8@352x640+3@704x1280 steps, peak torch 9.9GB, device 2.6/26GB)
THROUGHPUT 0.0217 s(video)/s(wall) (1 x 4.042s of video in 186s)
bench row -> C:\banyan-farm\ep2-b13-negcfg-0816\bench-b13-emptyneg.jsonl
{"sample_s": 186.0, "peak_gb": 9.9, "peak_commit_gb": 78.8, "frames": 97, "size": "704x1280", "steps": "8@352x640+3@704x1280", "batch": 1, "mode": "production", "throughput_s_per_s": 0.0217, "two_stage": true, "image_crf": 33, "offload": "sequential", "quantisation": null}
{"peak_commit_gb": 78.8, "peak_phys_gb": 64.1, "last_stage": "decode-and-export"}
==== step render-emptyneg END rc=0 2026-08-15T20:59:12Z ====

==== step render-cfg15 START 2026-08-15T20:59:12Z ====
argv: ["C:\\banyan-video\\venv\\Scripts\\python.exe", "C:\\banyan-farm\\banyan-city\\pipeline\\ltx_i2v.py", "--stage", "render", "--jobs", "C:\\banyan-farm\\ep2-b13-negcfg-0816\\b13-jobs-render-cfg15.json", "--size", "704x1280", "--frames", "97", "--fps", "24", "--guidance", "1.5", "--distilled-sigmas", "--two-stage", "--image-crf", "33", "--offload", "sequential", "--mode", "production", "--task", "ep2-b13-negcfg-0816-cfg15", "--worker", "rtx5090", "--bench-jsonl", "C:\\banyan-farm\\ep2-b13-negcfg-0816\\bench-b13-cfg15.jsonl", "--bench-label", "ep2-b13-negcfg-0816-cfg15"]
recipe: offload=sequential quantisation=none (bf16)
-- begin-render: phys 9.8/68.1GB, commit 12.0/115.3GB (load 14%)
transformer  C:\Users\artvn\.cache\huggingface\hub\models--diffusers--LTX-2.3-Distilled-Diffusers\snapshots\432e0d3c2d1769aaa4d295f9243f7062bf6b47ee [subfolder=transformer, bf16]
scheduler    C:\Users\artvn\.cache\huggingface\hub\models--diffusers--LTX-2.3-Distilled-Diffusers\snapshots\432e0d3c2d1769aaa4d295f9243f7062bf6b47ee [subfolder=scheduler, distilled]
other parts  C:\Users\artvn\.cache\huggingface\hub\models--diffusers--LTX-2.3-Diffusers\snapshots\8eee8edcf067e838b843f926ec4d4cc9b2be1aaf
-- load-transformer-bf16-38GB: phys 10.5/68.1GB, commit 13.8/115.3GB (load 15%)

Loading checkpoint shards:   0%|          | 0/8 [00:00<?, ?it/s]
Loading checkpoint shards:  50%|█████     | 4/8 [00:00<00:00, 21.82it/s]
Loading checkpoint shards: 100%|██████████| 8/8 [00:00<00:00, 29.43it/s]
-- load-connectors-12.7GB-and-vae: phys 10.6/68.1GB, commit 52.1/115.3GB (load 15%)

Loading checkpoint shards:   0%|          | 0/2 [00:00<?, ?it/s]
Loading checkpoint shards: 100%|██████████| 2/2 [00:00<00:00, 199.78it/s]
-- offload-setup-sequential: phys 10.6/68.1GB, commit 61.7/115.3GB (load 15%)
C:\banyan-video\venv\Lib\site-packages\accelerate\utils\modeling.py:345: UserWarning: expandable_segments not supported on this platform (Triggered internally at C:\actions-runner\_work\pytorch\pytorch\pytorch\c10/cuda/CUDAAllocatorConfig.h:39.)
  new_value = old_value.to(device, non_blocking=non_blocking)
conditioning still round-tripped through libx264 crf=33 -> C:\banyan-farm\ep2-b13-negcfg-0816\cond-crf-13.png
-- stage1-denoise-352x640-8steps: phys 11.5/68.1GB, commit 62.1/115.3GB (load 16%)

  0%|          | 0/8 [00:00<?, ?it/s]
 12%|█▎        | 1/8 [00:22<02:40, 22.95s/it]
 25%|██▌       | 2/8 [00:33<01:34, 15.82s/it]
 38%|███▊      | 3/8 [00:43<01:05, 13.06s/it]
 50%|█████     | 4/8 [00:52<00:46, 11.57s/it]
 62%|██████▎   | 5/8 [01:01<00:31, 10.66s/it]
 75%|███████▌  | 6/8 [01:11<00:20, 10.26s/it]
 88%|████████▊ | 7/8 [01:20<00:09,  9.80s/it]
100%|██████████| 8/8 [01:29<00:00,  9.61s/it]
100%|██████████| 8/8 [01:29<00:00, 11.18s/it]
stage1 latents (1, 128, 13, 20, 11)
-- upsample-2x-latent: phys 58.1/68.1GB, commit 64.6/115.3GB (load 85%)
There are modules in LTX2LatentUpsamplerModel that should be kept in float32: []. Casting directly with `to()` can lead to inconsistent results; set `torch_dtype` in `from_pretrained()` instead to keep these modules in float32.
upsampled latents (1, 128, 13, 40, 22)
-- stage2-refine-704x1280-3steps: phys 60.4/68.1GB, commit 67.7/115.3GB (load 88%)

  0%|          | 0/3 [00:00<?, ?it/s]
 33%|███▎      | 1/3 [00:24<00:49, 24.82s/it]
 67%|██████▋   | 2/3 [00:48<00:24, 24.33s/it]
100%|██████████| 3/3 [01:13<00:00, 24.70s/it]
100%|██████████| 3/3 [01:13<00:00, 24.65s/it]
-- decode-and-export: phys 63.8/68.1GB, commit 70.9/115.3GB (load 93%)
[1/1] wrote C:\banyan-farm\ep2-b13-negcfg-0816\13-the-shade-NEG-full-cfg1p5.mp4 in 182s (97 frames, 704x1280, 8@352x640+3@704x1280 steps, peak torch 9.9GB, device 2.6/26GB)
THROUGHPUT 0.0222 s(video)/s(wall) (1 x 4.042s of video in 182s)
bench row -> C:\banyan-farm\ep2-b13-negcfg-0816\bench-b13-cfg15.jsonl
{"sample_s": 181.8, "peak_gb": 9.9, "peak_commit_gb": 78.7, "frames": 97, "size": "704x1280", "steps": "8@352x640+3@704x1280", "batch": 1, "mode": "production", "throughput_s_per_s": 0.0222, "two_stage": true, "image_crf": 33, "offload": "sequential", "quantisation": null}
{"peak_commit_gb": 78.7, "peak_phys_gb": 64.4, "last_stage": "decode-and-export"}
==== step render-cfg15 END rc=0 2026-08-15T21:02:29Z ====

==== step publish START 2026-08-15T21:02:29Z ====
argv: ["C:\\banyan-farm\\venv\\Scripts\\python.exe", "-c", "import glob, hashlib, os, shutil\ndst = \"C:/banyan-farm/courier-box/farm-out/ep2-b13-negcfg-0816\"\nos.makedirs(dst, exist_ok=True)\nsrc = sorted(glob.glob(\"C:/banyan-farm/ep2-b13-negcfg-0816/13-the-shade-NEG-*.mp4*\")\n             + glob.glob(\"C:/banyan-farm/ep2-b13-negcfg-0816/b13-init-704x1280.png\")\n             + glob.glob(\"C:/banyan-farm/ep2-b13-negcfg-0816/b13-embeds-verify.txt\")\n             + glob.glob(\"C:/banyan-farm/ep2-b13-negcfg-0816/bench-b13-*.jsonl\"))\nlines = []\nfor f in src:\n    shutil.copy2(f, dst)\n    c = os.path.join(dst, os.path.basename(f))\n    with open(c, \"rb\") as fh:\n        h = hashlib.sha256(fh.read()).hexdigest()\n    lines.append(h + \"  \" + os.path.basename(f))\nwith open(os.path.join(dst, \"ep2-b13-negcfg-0816.sha256\"), \"w\", newline=\"\\n\") as fh:\n    fh.write(\"\\n\".join(lines) + \"\\n\")\nprint(\"published\", len(src), \"file(s) + manifest ->\", dst)\nraise SystemExit(0 if len(src) >= 8 else 1)\n"]
published 11 file(s) + manifest -> C:/banyan-farm/courier-box/farm-out/ep2-b13-negcfg-0816
==== step publish END rc=0 2026-08-15T21:02:29Z ====
#### job ep2-b13-negcfg-0816-1786825194 finished rc=0 2026-08-15T21:02:29Z
