#### job ep2-b13-shademotion-0820-1787181681 attempt 1 start 2026-08-19T23:31:24Z

==== step fetch START 2026-08-19T23:31:24Z ====
argv: ["C:\\banyan-farm\\venv\\Scripts\\python.exe", "C:\\banyan-farm\\ep2-b13-shademotion-0820\\fetch_init.py"]
fetched b13-sapcomp-s20260820.png 1153369 bytes sha bb0ad70c4294aa1647a0db1567df30482c97780359adc799818ff1dd88e0f7b2 OK
fetched 13-the-shade-sapcomp-mask-0820.png 2861 bytes sha 702ce6b0cb0584ae6ac0080b85b317d9afd2333fdf0102bf17d6dfc9696d013e OK
==== step fetch END rc=0 2026-08-19T23:31:27Z ====

==== step crop START 2026-08-19T23:31:27Z ====
argv: ["C:\\banyan-farm\\venv\\Scripts\\python.exe", "C:\\banyan-farm\\ep2-b13-shademotion-0820\\cover_crop.py", "--src", "C:\\banyan-farm\\courier-box\\farm-out\\ep2-b13-sapcomp-0820\\b13-sapcomp-s20260820.png", "--sha256", "bb0ad70c4294aa1647a0db1567df30482c97780359adc799818ff1dd88e0f7b2", "--out", "C:\\banyan-farm\\ep2-b13-shademotion-0820-out\\b13-init-704x1280.png", "--size", "704x1280", "--anchor", "left"]
src 832x1216 sha bb0ad70c4294aa1647a0db1567df30482c97780359adc799818ff1dd88e0f7b2
cover-crop scale=1.0526 -> 876x1280, anchor=left box (0,0)
WROTE C:\banyan-farm\ep2-b13-shademotion-0820-out\b13-init-704x1280.png
==== step crop END rc=0 2026-08-19T23:31:27Z ====

==== step framing START 2026-08-19T23:31:27Z ====
argv: ["C:\\banyan-farm\\venv\\Scripts\\python.exe", "C:\\banyan-farm\\ep2-b13-shademotion-0820\\assert_framing.py", "C:\\banyan-farm\\ep2-b13-shademotion-0820-out\\b13-init-704x1280.png"]
mask bbox x 14..265 y 681..1236 (anchor=left, want x 14..265 y 681..1236)
FRAMING OK -- the composited sapling is wholly inside the cropped init. margins L14 R438 T681 B43
==== step framing END rc=0 2026-08-19T23:31:27Z ====

==== step encode START 2026-08-19T23:31:27Z ====
argv: ["C:\\banyan-video\\venv\\Scripts\\python.exe", "C:\\banyan-farm\\banyan-city\\pipeline\\ltx_i2v.py", "--stage", "encode", "--jobs", "C:\\banyan-farm\\ep2-b13-shademotion-0820\\b13-jobs-encode.json"]
-- begin-encode: phys 10.5/68.1GB, commit 12.5/115.3GB (load 15%)
loading text encoder from C:\Users\artvn\.cache\huggingface\hub\models--Lightricks--gemma-3-12b-it-qat-q4_0-unquantized\snapshots\d62fe4f1995ade703b49a0f3c0d0f161237ef437

Loading weights:   0%|          | 0/1065 [00:00<?, ?it/s]
Loading weights:  31%|███       | 326/1065 [00:00<00:00, 2951.34it/s]
Loading weights:  61%|██████    | 647/1065 [00:00<00:00, 2929.72it/s]
Loading weights:  98%|█████████▊| 1048/1065 [00:00<00:00, 3245.59it/s]
Loading weights: 100%|██████████| 1065/1065 [00:00<00:00, 3213.86it/s]
-- encode-beat-13: phys 11.7/68.1GB, commit 39.4/115.3GB (load 17%)
[1/1] encoded beat 13 to C:\banyan-farm\ep2-b13-shademotion-0820-out\b13-embeds.pt (1, 1024, 188160)
{"peak_commit_gb": 42.3, "peak_phys_gb": 37.6, "last_stage": "encode-beat-13"}
==== step encode END rc=0 2026-08-19T23:33:00Z ====

==== step render START 2026-08-19T23:33:00Z ====
argv: ["C:\\banyan-video\\venv\\Scripts\\python.exe", "C:\\banyan-farm\\banyan-city\\pipeline\\ltx_i2v.py", "--stage", "render", "--jobs", "C:\\banyan-farm\\ep2-b13-shademotion-0820\\b13-jobs-render.json", "--size", "704x1280", "--frames", "121", "--fps", "24", "--guidance", "2.0", "--distilled-sigmas", "--two-stage", "--image-crf", "10", "--offload", "sequential", "--mode", "production", "--task", "ep2-b13-shademotion-0820", "--worker", "rtx5090", "--bench-jsonl", "C:\\banyan-farm\\ep2-b13-shademotion-0820-out\\bench-b13-shademotion.jsonl", "--bench-label", "ep2-b13-shademotion-0820"]
recipe: offload=sequential quantisation=none (bf16)
-- begin-render: phys 10.5/68.1GB, commit 12.6/115.3GB (load 15%)
transformer  C:\Users\artvn\.cache\huggingface\hub\models--diffusers--LTX-2.3-Distilled-Diffusers\snapshots\432e0d3c2d1769aaa4d295f9243f7062bf6b47ee [subfolder=transformer, bf16]
scheduler    C:\Users\artvn\.cache\huggingface\hub\models--diffusers--LTX-2.3-Distilled-Diffusers\snapshots\432e0d3c2d1769aaa4d295f9243f7062bf6b47ee [subfolder=scheduler, distilled]
other parts  C:\Users\artvn\.cache\huggingface\hub\models--diffusers--LTX-2.3-Diffusers\snapshots\8eee8edcf067e838b843f926ec4d4cc9b2be1aaf
-- load-transformer-bf16-38GB: phys 11.3/68.1GB, commit 14.4/115.3GB (load 16%)

Loading checkpoint shards:   0%|          | 0/8 [00:00<?, ?it/s]
Loading checkpoint shards:  12%|█▎        | 1/8 [00:00<00:00,  9.38it/s]
Loading checkpoint shards:  25%|██▌       | 2/8 [00:00<00:00,  9.40it/s]
Loading checkpoint shards:  50%|█████     | 4/8 [00:00<00:00,  8.32it/s]
Loading checkpoint shards: 100%|██████████| 8/8 [00:00<00:00, 16.62it/s]
Loading checkpoint shards: 100%|██████████| 8/8 [00:00<00:00, 13.88it/s]
-- load-connectors-12.7GB-and-vae: phys 11.3/68.1GB, commit 52.8/115.3GB (load 16%)

Loading checkpoint shards:   0%|          | 0/2 [00:00<?, ?it/s]
Loading checkpoint shards: 100%|██████████| 2/2 [00:00<00:00, 72.02it/s]
-- offload-setup-sequential: phys 11.3/68.1GB, commit 62.4/115.3GB (load 16%)
C:\banyan-video\venv\Lib\site-packages\accelerate\utils\modeling.py:345: UserWarning: expandable_segments not supported on this platform (Triggered internally at C:\actions-runner\_work\pytorch\pytorch\pytorch\c10/cuda/CUDAAllocatorConfig.h:39.)
  new_value = old_value.to(device, non_blocking=non_blocking)
conditioning still round-tripped through libx264 crf=10 -> C:\banyan-farm\ep2-b13-shademotion-0820-out\cond-crf-13.png
-- stage1-denoise-352x640-8steps: phys 12.2/68.1GB, commit 62.7/115.3GB (load 17%)

  0%|          | 0/8 [00:00<?, ?it/s]
 12%|█▎        | 1/8 [01:09<08:06, 69.53s/it]
 25%|██▌       | 2/8 [01:22<03:39, 36.53s/it]
 38%|███▊      | 3/8 [01:32<02:02, 24.44s/it]
 50%|█████     | 4/8 [01:43<01:15, 18.87s/it]
 62%|██████▎   | 5/8 [01:53<00:47, 15.83s/it]
 75%|███████▌  | 6/8 [02:03<00:27, 13.84s/it]
 88%|████████▊ | 7/8 [02:13<00:12, 12.60s/it]
100%|██████████| 8/8 [02:23<00:00, 11.79s/it]
100%|██████████| 8/8 [02:23<00:00, 17.98s/it]
stage1 latents (1, 128, 16, 20, 11)
-- upsample-2x-latent: phys 58.8/68.1GB, commit 65.5/115.3GB (load 86%)
There are modules in LTX2LatentUpsamplerModel that should be kept in float32: []. Casting directly with `to()` can lead to inconsistent results; set `torch_dtype` in `from_pretrained()` instead to keep these modules in float32.
upsampled latents (1, 128, 16, 40, 22)
-- stage2-refine-704x1280-3steps: phys 60.5/68.1GB, commit 68.3/115.3GB (load 88%)

  0%|          | 0/3 [00:00<?, ?it/s]
 33%|███▎      | 1/3 [00:29<00:59, 29.91s/it]
 67%|██████▋   | 2/3 [01:01<00:31, 31.09s/it]
100%|██████████| 3/3 [01:34<00:00, 31.75s/it]
100%|██████████| 3/3 [01:34<00:00, 31.45s/it]
-- decode-and-export: phys 64.8/68.1GB, commit 72.5/115.3GB (load 95%)
[1/1] wrote C:\banyan-farm\ep2-b13-shademotion-0820-out\13-the-shade-LTX-sapcomp-0820.mp4 in 263s (121 frames, 704x1280, 8@352x640+3@704x1280 steps, peak torch 12.0GB, device 3.1/26GB)
THROUGHPUT 0.0192 s(video)/s(wall) (1 x 5.042s of video in 263s)
bench row -> C:\banyan-farm\ep2-b13-shademotion-0820-out\bench-b13-shademotion.jsonl
{"sample_s": 262.9, "peak_gb": 12.0, "peak_commit_gb": 81.7, "frames": 121, "size": "704x1280", "steps": "8@352x640+3@704x1280", "batch": 1, "mode": "production", "throughput_s_per_s": 0.0192, "two_stage": true, "image_crf": 10, "offload": "sequential", "quantisation": null}
{"peak_commit_gb": 81.7, "peak_phys_gb": 65.7, "last_stage": "decode-and-export"}
==== step render END rc=0 2026-08-19T23:37:39Z ====

==== step stamp START 2026-08-19T23:37:39Z ====
argv: ["C:\\banyan-farm\\venv\\Scripts\\python.exe", "C:\\banyan-farm\\ep2-b13-shademotion-0820\\stamp_sidecar.py", "C:\\banyan-farm\\ep2-b13-shademotion-0820-out\\13-the-shade-LTX-sapcomp-0820.mp4.meta.yaml"]
stamped C:\banyan-farm\ep2-b13-shademotion-0820-out\13-the-shade-LTX-sapcomp-0820.mp4.meta.yaml
==== step stamp END rc=0 2026-08-19T23:37:39Z ====

==== step publish START 2026-08-19T23:37:39Z ====
argv: ["C:\\banyan-farm\\venv\\Scripts\\python.exe", "-c", "# EVERY FILE IS NAMED IN FULL, not matched by a glob. A glob that misses\n# publishes nothing while returning a code that reads like a render\n# failure, and box_enqueue.output_path_problems refuses a spec whose\n# declared artifacts are never named by any step -- which a wildcard\n# defeats. Missing ONE file is a FAIL of the job. No allow_fail anywhere.\nimport hashlib, os, shutil\nout_dir = \"C:/banyan-farm/ep2-b13-shademotion-0820-out\"\npay_dir = \"C:/banyan-farm/ep2-b13-shademotion-0820\"\ndst = \"C:/banyan-farm/courier-box/farm-out/ep2-b13-shademotion-0820\"\nPAIRS = [\n    (out_dir, \"13-the-shade-LTX-sapcomp-0820.mp4\"),\n    (out_dir, \"13-the-shade-LTX-sapcomp-0820.mp4.meta.yaml\"),\n    (out_dir, \"b13-init-704x1280.png\"),\n    (out_dir, \"bench-b13-shademotion.jsonl\"),\n    (pay_dir, \"b13-motion-prompt.txt\"),\n    (pay_dir, \"b13-negative.txt\"),\n]\nos.makedirs(dst, exist_ok=True)\nlines = []\nfor d, name in PAIRS:\n    f = os.path.join(d, name)\n    if not os.path.isfile(f):\n        raise SystemExit(\"!! missing %s -- refusing to call the job clean.\" % f)\n    shutil.copy2(f, dst)\n    with open(os.path.join(dst, name), \"rb\") as fh:\n        lines.append(hashlib.sha256(fh.read()).hexdigest() + \"  \" + name)\nwith open(os.path.join(dst, \"ep2-b13-shademotion-0820.sha256\"), \"w\",\n          newline=\"\\n\") as fh:\n    fh.write(\"\\n\".join(sorted(lines)) + \"\\n\")\nprint(\"published\", len(lines), \"file(s) + manifest ->\", dst)\nraise SystemExit(0 if len(lines) == len(PAIRS) else 1)\n"]
published 6 file(s) + manifest -> C:/banyan-farm/courier-box/farm-out/ep2-b13-shademotion-0820
==== step publish END rc=0 2026-08-19T23:37:39Z ====
#### job ep2-b13-shademotion-0820-1787181681 finished rc=0 2026-08-19T23:37:39Z
