#### job ep2-b01-figmatte-0811-1786463261 attempt 1 start 2026-08-11T15:48:37Z

==== step s0-leaf START 2026-08-11T15:48:40Z ====
argv: ["C:\\banyan-farm\\venv\\Scripts\\python.exe", "C:\\banyan-farm\\fig-inpaint\\inpaint_fruit.py", "--init", "C:\\banyan-farm\\banyan-city\\genomes\\sapling\\nodes\\001-capability-inventory\\stills\\15-something-s-coming.png", "--init-sha256", "f60c1404f88d45720ca295dfc753e9eaabb815446710bcfffb3c7a07b7277f54", "--ellipse", "378,655,48,54", "--prompt-file", "C:\\banyan-farm\\fig-inpaint\\leaf-prompt-r2.txt", "--negative-file", "C:\\banyan-farm\\fig-inpaint\\leaf-negative-r2.txt", "--out", "C:\\banyan-farm\\fig-inpaint\\out-figmatte\\b01-figmatte-s0-leaf.png", "--steps", "40", "--cfg", "7.5", "--strength", "0.99", "--seed", "20260811", "--pad-crop", "64", "--blur", "8", "--note", "Pass 1 of 2, seed 20260811. THE LEAF FILL, RE-RUN WITH THE GLOW BANNED. Same init, same ellipse 378,655,48,54, same strength/steps/cfg/pad/blur and the same four seeds as ep2-b01-leafcount-inpaint-0811; ONLY the two prompt files change. That round removed the third blade correctly and filled the hole with a pale bulb and a small bright disc instead of grass -- looked at, not inferred. `warm low sunlight` is out of the fill prompt (in a 96x108 crop the model drew the light SOURCE) and eleven glow terms are in the negative. PROVISIONAL: not a pick, not canon, not published, not assembled."]

Loading pipeline components...:   0%|          | 0/7 [00:00<?, ?it/s]
Loading pipeline components...:  14%|█▍        | 1/7 [00:00<00:03,  1.96it/s]
Loading pipeline components...:  29%|██▊       | 2/7 [00:00<00:01,  3.20it/s]
Loading pipeline components...:  71%|███████▏  | 5/7 [00:02<00:01,  1.97it/s]
Loading pipeline components...: 100%|██████████| 7/7 [00:02<00:00,  3.05it/s]
Loading pipeline components...: 100%|██████████| 7/7 [00:02<00:00,  2.73it/s]
C:\banyan-farm\venv\Lib\site-packages\torch\nn\modules\module.py:1370: UserWarning: expandable_segments not supported on this platform (Triggered internally at C:\actions-runner\_work\pytorch\pytorch\pytorch\c10/cuda/CUDAAllocatorConfig.h:39.)
  return t.to(
MODEL_LOADED cagliostrolab/animagine-xl-3.1 cuda/bfloat16 unet.in_channels=4 in 6s
WROTE C:\banyan-farm\fig-inpaint\out-figmatte\b01-figmatte-s0-leaf.png
WROTE C:\banyan-farm\fig-inpaint\out-figmatte\b01-figmatte-s0-leaf-mask.png
WROTE C:\banyan-farm\fig-inpaint\out-figmatte\b01-figmatte-s0-leaf.png.meta.yaml
rc=0 render_s=9.8
==== step s0-leaf END rc=0 2026-08-11T15:49:00Z ====

==== step s0-fig START 2026-08-11T15:49:00Z ====
argv: ["C:\\banyan-farm\\venv\\Scripts\\python.exe", "-c", "import hashlib, subprocess, sys\nsrc = r\"C:\\banyan-farm\\fig-inpaint\\out-figmatte\\b01-figmatte-s0-leaf.png\"\nh = hashlib.sha256(open(src, \"rb\").read()).hexdigest()\nprint(\"chained init %s sha256 %s\" % (src, h), flush=True)\nsys.exit(subprocess.call([\n    r\"C:\\banyan-farm\\venv\\Scripts\\python.exe\", r\"C:\\banyan-farm\\fig-inpaint\\inpaint_fruit.py\",\n    \"--init\", src, \"--init-sha256\", h,\n    \"--ellipse\", \"462,848,34,36\",\n    \"--prompt-file\", r\"C:\\banyan-farm\\fig-inpaint\\prompt-r2.txt\",\n    \"--negative-file\", r\"C:\\banyan-farm\\fig-inpaint\\negative-r2.txt\",\n    \"--out\", r\"C:\\banyan-farm\\fig-inpaint\\out-figmatte\\b01-figmatte-s0.png\",\n    \"--steps\", \"40\", \"--cfg\", \"7.5\", \"--strength\", \"0.99\",\n    \"--seed\", \"20260811\", \"--pad-crop\", \"64\", \"--blur\", \"8\",\n    \"--note\", \"Pass 2 of 2, seed 20260811. THE FIG, MATTE. Ellipse 462,848,34,36 -- the same mask the 2026-08-10 fig inpaint used, on this seed's leaf-fixed frame instead of the raw plate. `matte green skin` in the positive and the glow/specular terms in the negative, because the 2026-08-10 frame's fruit is a green sphere wearing a blown-out white cap. Non-overlapping with pass 1's ellipse, so the two fixes read independently in one frame. PROVISIONAL: not a pick, not canon, not published.\",\n]))\n"]
chained init C:\banyan-farm\fig-inpaint\out-figmatte\b01-figmatte-s0-leaf.png sha256 fc2fb5ad36f3b4a657100be1aac6f8c0bc4a96c0329012a4f1930cd86fe7a4b2

Loading pipeline components...:   0%|          | 0/7 [00:00<?, ?it/s]
Loading pipeline components...:  14%|█▍        | 1/7 [00:00<00:00,  6.18it/s]
Loading pipeline components...:  57%|█████▋    | 4/7 [00:00<00:00, 16.40it/s]
Loading pipeline components...:  86%|████████▌ | 6/7 [00:01<00:00,  2.61it/s]
Loading pipeline components...: 100%|██████████| 7/7 [00:02<00:00,  2.94it/s]
C:\banyan-farm\venv\Lib\site-packages\torch\nn\modules\module.py:1370: UserWarning: expandable_segments not supported on this platform (Triggered internally at C:\actions-runner\_work\pytorch\pytorch\pytorch\c10/cuda/CUDAAllocatorConfig.h:39.)
  return t.to(
MODEL_LOADED cagliostrolab/animagine-xl-3.1 cuda/bfloat16 unet.in_channels=4 in 6s
WROTE C:\banyan-farm\fig-inpaint\out-figmatte\b01-figmatte-s0.png
WROTE C:\banyan-farm\fig-inpaint\out-figmatte\b01-figmatte-s0-mask.png
WROTE C:\banyan-farm\fig-inpaint\out-figmatte\b01-figmatte-s0.png.meta.yaml
rc=0 render_s=10.0
==== step s0-fig END rc=0 2026-08-11T15:49:19Z ====

==== step s1-leaf START 2026-08-11T15:49:19Z ====
argv: ["C:\\banyan-farm\\venv\\Scripts\\python.exe", "C:\\banyan-farm\\fig-inpaint\\inpaint_fruit.py", "--init", "C:\\banyan-farm\\banyan-city\\genomes\\sapling\\nodes\\001-capability-inventory\\stills\\15-something-s-coming.png", "--init-sha256", "f60c1404f88d45720ca295dfc753e9eaabb815446710bcfffb3c7a07b7277f54", "--ellipse", "378,655,48,54", "--prompt-file", "C:\\banyan-farm\\fig-inpaint\\leaf-prompt-r2.txt", "--negative-file", "C:\\banyan-farm\\fig-inpaint\\leaf-negative-r2.txt", "--out", "C:\\banyan-farm\\fig-inpaint\\out-figmatte\\b01-figmatte-s1-leaf.png", "--steps", "40", "--cfg", "7.5", "--strength", "0.99", "--seed", "20261811", "--pad-crop", "64", "--blur", "8", "--note", "Pass 1 of 2, seed 20261811. THE LEAF FILL, RE-RUN WITH THE GLOW BANNED. Same init, same ellipse 378,655,48,54, same strength/steps/cfg/pad/blur and the same four seeds as ep2-b01-leafcount-inpaint-0811; ONLY the two prompt files change. That round removed the third blade correctly and filled the hole with a pale bulb and a small bright disc instead of grass -- looked at, not inferred. `warm low sunlight` is out of the fill prompt (in a 96x108 crop the model drew the light SOURCE) and eleven glow terms are in the negative. PROVISIONAL: not a pick, not canon, not published, not assembled."]

Loading pipeline components...:   0%|          | 0/7 [00:00<?, ?it/s]
Loading pipeline components...:  14%|█▍        | 1/7 [00:01<00:10,  1.68s/it]
Loading pipeline components...:  29%|██▊       | 2/7 [00:02<00:04,  1.00it/s]
Loading pipeline components...:  71%|███████▏  | 5/7 [00:02<00:00,  3.15it/s]
Loading pipeline components...: 100%|██████████| 7/7 [00:02<00:00,  4.41it/s]
Loading pipeline components...: 100%|██████████| 7/7 [00:02<00:00,  2.76it/s]
C:\banyan-farm\venv\Lib\site-packages\torch\nn\modules\module.py:1370: UserWarning: expandable_segments not supported on this platform (Triggered internally at C:\actions-runner\_work\pytorch\pytorch\pytorch\c10/cuda/CUDAAllocatorConfig.h:39.)
  return t.to(
MODEL_LOADED cagliostrolab/animagine-xl-3.1 cuda/bfloat16 unet.in_channels=4 in 6s
WROTE C:\banyan-farm\fig-inpaint\out-figmatte\b01-figmatte-s1-leaf.png
WROTE C:\banyan-farm\fig-inpaint\out-figmatte\b01-figmatte-s1-leaf-mask.png
WROTE C:\banyan-farm\fig-inpaint\out-figmatte\b01-figmatte-s1-leaf.png.meta.yaml
rc=0 render_s=9.8
==== step s1-leaf END rc=0 2026-08-11T15:49:38Z ====

==== step s1-fig START 2026-08-11T15:49:38Z ====
argv: ["C:\\banyan-farm\\venv\\Scripts\\python.exe", "-c", "import hashlib, subprocess, sys\nsrc = r\"C:\\banyan-farm\\fig-inpaint\\out-figmatte\\b01-figmatte-s1-leaf.png\"\nh = hashlib.sha256(open(src, \"rb\").read()).hexdigest()\nprint(\"chained init %s sha256 %s\" % (src, h), flush=True)\nsys.exit(subprocess.call([\n    r\"C:\\banyan-farm\\venv\\Scripts\\python.exe\", r\"C:\\banyan-farm\\fig-inpaint\\inpaint_fruit.py\",\n    \"--init\", src, \"--init-sha256\", h,\n    \"--ellipse\", \"462,848,34,36\",\n    \"--prompt-file\", r\"C:\\banyan-farm\\fig-inpaint\\prompt-r2.txt\",\n    \"--negative-file\", r\"C:\\banyan-farm\\fig-inpaint\\negative-r2.txt\",\n    \"--out\", r\"C:\\banyan-farm\\fig-inpaint\\out-figmatte\\b01-figmatte-s1.png\",\n    \"--steps\", \"40\", \"--cfg\", \"7.5\", \"--strength\", \"0.99\",\n    \"--seed\", \"20261811\", \"--pad-crop\", \"64\", \"--blur\", \"8\",\n    \"--note\", \"Pass 2 of 2, seed 20261811. THE FIG, MATTE. Ellipse 462,848,34,36 -- the same mask the 2026-08-10 fig inpaint used, on this seed's leaf-fixed frame instead of the raw plate. `matte green skin` in the positive and the glow/specular terms in the negative, because the 2026-08-10 frame's fruit is a green sphere wearing a blown-out white cap. Non-overlapping with pass 1's ellipse, so the two fixes read independently in one frame. PROVISIONAL: not a pick, not canon, not published.\",\n]))\n"]
chained init C:\banyan-farm\fig-inpaint\out-figmatte\b01-figmatte-s1-leaf.png sha256 5243c4dd5dbae03be0a76ed46700efea4c87ba61f77a50eec82f006c6bf4994b

Loading pipeline components...:   0%|          | 0/7 [00:00<?, ?it/s]
Loading pipeline components...:  43%|████▎     | 3/7 [00:00<00:00, 20.31it/s]
Loading pipeline components...:  86%|████████▌ | 6/7 [00:00<00:00,  6.38it/s]
Loading pipeline components...: 100%|██████████| 7/7 [00:02<00:00,  2.90it/s]
C:\banyan-farm\venv\Lib\site-packages\torch\nn\modules\module.py:1370: UserWarning: expandable_segments not supported on this platform (Triggered internally at C:\actions-runner\_work\pytorch\pytorch\pytorch\c10/cuda/CUDAAllocatorConfig.h:39.)
  return t.to(
MODEL_LOADED cagliostrolab/animagine-xl-3.1 cuda/bfloat16 unet.in_channels=4 in 5s
WROTE C:\banyan-farm\fig-inpaint\out-figmatte\b01-figmatte-s1.png
WROTE C:\banyan-farm\fig-inpaint\out-figmatte\b01-figmatte-s1-mask.png
WROTE C:\banyan-farm\fig-inpaint\out-figmatte\b01-figmatte-s1.png.meta.yaml
rc=0 render_s=9.8
==== step s1-fig END rc=0 2026-08-11T15:49:57Z ====

==== step s2-leaf START 2026-08-11T15:49:57Z ====
argv: ["C:\\banyan-farm\\venv\\Scripts\\python.exe", "C:\\banyan-farm\\fig-inpaint\\inpaint_fruit.py", "--init", "C:\\banyan-farm\\banyan-city\\genomes\\sapling\\nodes\\001-capability-inventory\\stills\\15-something-s-coming.png", "--init-sha256", "f60c1404f88d45720ca295dfc753e9eaabb815446710bcfffb3c7a07b7277f54", "--ellipse", "378,655,48,54", "--prompt-file", "C:\\banyan-farm\\fig-inpaint\\leaf-prompt-r2.txt", "--negative-file", "C:\\banyan-farm\\fig-inpaint\\leaf-negative-r2.txt", "--out", "C:\\banyan-farm\\fig-inpaint\\out-figmatte\\b01-figmatte-s2-leaf.png", "--steps", "40", "--cfg", "7.5", "--strength", "0.99", "--seed", "20262811", "--pad-crop", "64", "--blur", "8", "--note", "Pass 1 of 2, seed 20262811. THE LEAF FILL, RE-RUN WITH THE GLOW BANNED. Same init, same ellipse 378,655,48,54, same strength/steps/cfg/pad/blur and the same four seeds as ep2-b01-leafcount-inpaint-0811; ONLY the two prompt files change. That round removed the third blade correctly and filled the hole with a pale bulb and a small bright disc instead of grass -- looked at, not inferred. `warm low sunlight` is out of the fill prompt (in a 96x108 crop the model drew the light SOURCE) and eleven glow terms are in the negative. PROVISIONAL: not a pick, not canon, not published, not assembled."]

Loading pipeline components...:   0%|          | 0/7 [00:00<?, ?it/s]
Loading pipeline components...:  14%|█▍        | 1/7 [00:01<00:10,  1.72s/it]
Loading pipeline components...:  57%|█████▋    | 4/7 [00:01<00:01,  2.56it/s]
Loading pipeline components...:  86%|████████▌ | 6/7 [00:02<00:00,  4.11it/s]
Loading pipeline components...: 100%|██████████| 7/7 [00:02<00:00,  2.75it/s]
C:\banyan-farm\venv\Lib\site-packages\torch\nn\modules\module.py:1370: UserWarning: expandable_segments not supported on this platform (Triggered internally at C:\actions-runner\_work\pytorch\pytorch\pytorch\c10/cuda/CUDAAllocatorConfig.h:39.)
  return t.to(
MODEL_LOADED cagliostrolab/animagine-xl-3.1 cuda/bfloat16 unet.in_channels=4 in 6s
WROTE C:\banyan-farm\fig-inpaint\out-figmatte\b01-figmatte-s2-leaf.png
WROTE C:\banyan-farm\fig-inpaint\out-figmatte\b01-figmatte-s2-leaf-mask.png
WROTE C:\banyan-farm\fig-inpaint\out-figmatte\b01-figmatte-s2-leaf.png.meta.yaml
rc=0 render_s=9.8
==== step s2-leaf END rc=0 2026-08-11T15:50:17Z ====

==== step s2-fig START 2026-08-11T15:50:17Z ====
argv: ["C:\\banyan-farm\\venv\\Scripts\\python.exe", "-c", "import hashlib, subprocess, sys\nsrc = r\"C:\\banyan-farm\\fig-inpaint\\out-figmatte\\b01-figmatte-s2-leaf.png\"\nh = hashlib.sha256(open(src, \"rb\").read()).hexdigest()\nprint(\"chained init %s sha256 %s\" % (src, h), flush=True)\nsys.exit(subprocess.call([\n    r\"C:\\banyan-farm\\venv\\Scripts\\python.exe\", r\"C:\\banyan-farm\\fig-inpaint\\inpaint_fruit.py\",\n    \"--init\", src, \"--init-sha256\", h,\n    \"--ellipse\", \"462,848,34,36\",\n    \"--prompt-file\", r\"C:\\banyan-farm\\fig-inpaint\\prompt-r2.txt\",\n    \"--negative-file\", r\"C:\\banyan-farm\\fig-inpaint\\negative-r2.txt\",\n    \"--out\", r\"C:\\banyan-farm\\fig-inpaint\\out-figmatte\\b01-figmatte-s2.png\",\n    \"--steps\", \"40\", \"--cfg\", \"7.5\", \"--strength\", \"0.99\",\n    \"--seed\", \"20262811\", \"--pad-crop\", \"64\", \"--blur\", \"8\",\n    \"--note\", \"Pass 2 of 2, seed 20262811. THE FIG, MATTE. Ellipse 462,848,34,36 -- the same mask the 2026-08-10 fig inpaint used, on this seed's leaf-fixed frame instead of the raw plate. `matte green skin` in the positive and the glow/specular terms in the negative, because the 2026-08-10 frame's fruit is a green sphere wearing a blown-out white cap. Non-overlapping with pass 1's ellipse, so the two fixes read independently in one frame. PROVISIONAL: not a pick, not canon, not published.\",\n]))\n"]
chained init C:\banyan-farm\fig-inpaint\out-figmatte\b01-figmatte-s2-leaf.png sha256 01273b8808a2d14d723078d0670734928a7520bf44b949987cb0d461e421ef21

Loading pipeline components...:   0%|          | 0/7 [00:00<?, ?it/s]
Loading pipeline components...:  14%|█▍        | 1/7 [00:01<00:10,  1.68s/it]
Loading pipeline components...:  71%|███████▏  | 5/7 [00:01<00:00,  3.50it/s]
Loading pipeline components...: 100%|██████████| 7/7 [00:02<00:00,  3.24it/s]
Loading pipeline components...: 100%|██████████| 7/7 [00:02<00:00,  2.76it/s]
C:\banyan-farm\venv\Lib\site-packages\torch\nn\modules\module.py:1370: UserWarning: expandable_segments not supported on this platform (Triggered internally at C:\actions-runner\_work\pytorch\pytorch\pytorch\c10/cuda/CUDAAllocatorConfig.h:39.)
  return t.to(
MODEL_LOADED cagliostrolab/animagine-xl-3.1 cuda/bfloat16 unet.in_channels=4 in 6s
WROTE C:\banyan-farm\fig-inpaint\out-figmatte\b01-figmatte-s2.png
WROTE C:\banyan-farm\fig-inpaint\out-figmatte\b01-figmatte-s2-mask.png
WROTE C:\banyan-farm\fig-inpaint\out-figmatte\b01-figmatte-s2.png.meta.yaml
rc=0 render_s=9.8
==== step s2-fig END rc=0 2026-08-11T15:50:36Z ====

==== step s3-leaf START 2026-08-11T15:50:36Z ====
argv: ["C:\\banyan-farm\\venv\\Scripts\\python.exe", "C:\\banyan-farm\\fig-inpaint\\inpaint_fruit.py", "--init", "C:\\banyan-farm\\banyan-city\\genomes\\sapling\\nodes\\001-capability-inventory\\stills\\15-something-s-coming.png", "--init-sha256", "f60c1404f88d45720ca295dfc753e9eaabb815446710bcfffb3c7a07b7277f54", "--ellipse", "378,655,48,54", "--prompt-file", "C:\\banyan-farm\\fig-inpaint\\leaf-prompt-r2.txt", "--negative-file", "C:\\banyan-farm\\fig-inpaint\\leaf-negative-r2.txt", "--out", "C:\\banyan-farm\\fig-inpaint\\out-figmatte\\b01-figmatte-s3-leaf.png", "--steps", "40", "--cfg", "7.5", "--strength", "0.99", "--seed", "20263811", "--pad-crop", "64", "--blur", "8", "--note", "Pass 1 of 2, seed 20263811. THE LEAF FILL, RE-RUN WITH THE GLOW BANNED. Same init, same ellipse 378,655,48,54, same strength/steps/cfg/pad/blur and the same four seeds as ep2-b01-leafcount-inpaint-0811; ONLY the two prompt files change. That round removed the third blade correctly and filled the hole with a pale bulb and a small bright disc instead of grass -- looked at, not inferred. `warm low sunlight` is out of the fill prompt (in a 96x108 crop the model drew the light SOURCE) and eleven glow terms are in the negative. PROVISIONAL: not a pick, not canon, not published, not assembled."]

Loading pipeline components...:   0%|          | 0/7 [00:00<?, ?it/s]
Loading pipeline components...:  14%|█▍        | 1/7 [00:01<00:10,  1.71s/it]
Loading pipeline components...:  43%|████▎     | 3/7 [00:01<00:01,  2.03it/s]
Loading pipeline components...:  71%|███████▏  | 5/7 [00:02<00:00,  2.61it/s]
Loading pipeline components...: 100%|██████████| 7/7 [00:02<00:00,  3.81it/s]
Loading pipeline components...: 100%|██████████| 7/7 [00:02<00:00,  2.70it/s]
C:\banyan-farm\venv\Lib\site-packages\torch\nn\modules\module.py:1370: UserWarning: expandable_segments not supported on this platform (Triggered internally at C:\actions-runner\_work\pytorch\pytorch\pytorch\c10/cuda/CUDAAllocatorConfig.h:39.)
  return t.to(
MODEL_LOADED cagliostrolab/animagine-xl-3.1 cuda/bfloat16 unet.in_channels=4 in 6s
WROTE C:\banyan-farm\fig-inpaint\out-figmatte\b01-figmatte-s3-leaf.png
WROTE C:\banyan-farm\fig-inpaint\out-figmatte\b01-figmatte-s3-leaf-mask.png
WROTE C:\banyan-farm\fig-inpaint\out-figmatte\b01-figmatte-s3-leaf.png.meta.yaml
rc=0 render_s=9.8
==== step s3-leaf END rc=0 2026-08-11T15:50:55Z ====

==== step s3-fig START 2026-08-11T15:50:55Z ====
argv: ["C:\\banyan-farm\\venv\\Scripts\\python.exe", "-c", "import hashlib, subprocess, sys\nsrc = r\"C:\\banyan-farm\\fig-inpaint\\out-figmatte\\b01-figmatte-s3-leaf.png\"\nh = hashlib.sha256(open(src, \"rb\").read()).hexdigest()\nprint(\"chained init %s sha256 %s\" % (src, h), flush=True)\nsys.exit(subprocess.call([\n    r\"C:\\banyan-farm\\venv\\Scripts\\python.exe\", r\"C:\\banyan-farm\\fig-inpaint\\inpaint_fruit.py\",\n    \"--init\", src, \"--init-sha256\", h,\n    \"--ellipse\", \"462,848,34,36\",\n    \"--prompt-file\", r\"C:\\banyan-farm\\fig-inpaint\\prompt-r2.txt\",\n    \"--negative-file\", r\"C:\\banyan-farm\\fig-inpaint\\negative-r2.txt\",\n    \"--out\", r\"C:\\banyan-farm\\fig-inpaint\\out-figmatte\\b01-figmatte-s3.png\",\n    \"--steps\", \"40\", \"--cfg\", \"7.5\", \"--strength\", \"0.99\",\n    \"--seed\", \"20263811\", \"--pad-crop\", \"64\", \"--blur\", \"8\",\n    \"--note\", \"Pass 2 of 2, seed 20263811. THE FIG, MATTE. Ellipse 462,848,34,36 -- the same mask the 2026-08-10 fig inpaint used, on this seed's leaf-fixed frame instead of the raw plate. `matte green skin` in the positive and the glow/specular terms in the negative, because the 2026-08-10 frame's fruit is a green sphere wearing a blown-out white cap. Non-overlapping with pass 1's ellipse, so the two fixes read independently in one frame. PROVISIONAL: not a pick, not canon, not published.\",\n]))\n"]
chained init C:\banyan-farm\fig-inpaint\out-figmatte\b01-figmatte-s3-leaf.png sha256 b17bbee36be9b696286907a2d093f3a07e37b7170c362298f4cb41c663625c41

Loading pipeline components...:   0%|          | 0/7 [00:00<?, ?it/s]
Loading pipeline components...:  29%|██▊       | 2/7 [00:00<00:00, 15.52it/s]
Loading pipeline components...:  57%|█████▋    | 4/7 [00:00<00:00, 12.60it/s]
Loading pipeline components...:  86%|████████▌ | 6/7 [00:01<00:00,  2.54it/s]
Loading pipeline components...: 100%|██████████| 7/7 [00:02<00:00,  2.35it/s]
Loading pipeline components...: 100%|██████████| 7/7 [00:02<00:00,  2.96it/s]
C:\banyan-farm\venv\Lib\site-packages\torch\nn\modules\module.py:1370: UserWarning: expandable_segments not supported on this platform (Triggered internally at C:\actions-runner\_work\pytorch\pytorch\pytorch\c10/cuda/CUDAAllocatorConfig.h:39.)
  return t.to(
MODEL_LOADED cagliostrolab/animagine-xl-3.1 cuda/bfloat16 unet.in_channels=4 in 6s
WROTE C:\banyan-farm\fig-inpaint\out-figmatte\b01-figmatte-s3.png
WROTE C:\banyan-farm\fig-inpaint\out-figmatte\b01-figmatte-s3-mask.png
WROTE C:\banyan-farm\fig-inpaint\out-figmatte\b01-figmatte-s3.png.meta.yaml
rc=0 render_s=9.8
==== step s3-fig END rc=0 2026-08-11T15:51:14Z ====

==== step publish START 2026-08-11T15:51:14Z ====
argv: ["C:\\banyan-farm\\venv\\Scripts\\python.exe", "-c", "import glob, hashlib, os, shutil\ndst = \"C:/banyan-farm/courier-box/farm-out/ep2-b01-figmatte\"\nos.makedirs(dst, exist_ok=True)\nsrc = sorted(glob.glob(\"C:/banyan-farm/fig-inpaint/out-figmatte/b01-figmatte-s*.*\"))\nlines = []\nfor f in src:\n    shutil.copy2(f, dst)\n    # Hash the COPY: what this records has to be the bytes that get committed.\n    c = os.path.join(dst, os.path.basename(f))\n    with open(c, \"rb\") as fh:\n        h = hashlib.sha256(fh.read()).hexdigest()\n    lines.append(h + \"  \" + os.path.basename(f))\n    print(\"   \", os.path.basename(f), h[:16])\n# newline=\"\\n\" is load-bearing: Windows text mode would leave a trailing \\r on\n# every filename and shasum -c could not open them.\nwith open(os.path.join(dst, \"ep2-b01-figmatte.sha256\"), \"w\", newline=\"\\n\") as fh:\n    fh.write(\"\\n\".join(lines) + \"\\n\")\nprint(\"published\", len(src), \"file(s) + manifest ->\", dst)\n# 4 seeds x 2 passes x (png + mask png + sidecar) = 24. Fewer means the round\n# wrote less than it promised.\nraise SystemExit(0 if len(src) == 24 else 1)\n"]
    b01-figmatte-s0-leaf-mask.png 334ada5ae341c82a
    b01-figmatte-s0-leaf.png fc2fb5ad36f3b4a6
    b01-figmatte-s0-leaf.png.meta.yaml a1352e13460638a9
    b01-figmatte-s0-mask.png 21606e4aedf5904b
    b01-figmatte-s0.png d21f3036de1f268e
    b01-figmatte-s0.png.meta.yaml 42acd2d9039a0bd7
    b01-figmatte-s1-leaf-mask.png 334ada5ae341c82a
    b01-figmatte-s1-leaf.png 5243c4dd5dbae03b
    b01-figmatte-s1-leaf.png.meta.yaml 5a3474cee980259d
    b01-figmatte-s1-mask.png 21606e4aedf5904b
    b01-figmatte-s1.png 798efd6c033dffbb
    b01-figmatte-s1.png.meta.yaml 86affedfac5cddbe
    b01-figmatte-s2-leaf-mask.png 334ada5ae341c82a
    b01-figmatte-s2-leaf.png 01273b8808a2d14d
    b01-figmatte-s2-leaf.png.meta.yaml 0db5ed9ed53524eb
    b01-figmatte-s2-mask.png 21606e4aedf5904b
    b01-figmatte-s2.png b0ba3a497016c771
    b01-figmatte-s2.png.meta.yaml 6ed006666bcc0c2d
    b01-figmatte-s3-leaf-mask.png 334ada5ae341c82a
    b01-figmatte-s3-leaf.png b17bbee36be9b696
    b01-figmatte-s3-leaf.png.meta.yaml 49ab86e47f819074
    b01-figmatte-s3-mask.png 21606e4aedf5904b
    b01-figmatte-s3.png 7124f0ed2e7512b7
    b01-figmatte-s3.png.meta.yaml 9437bce50394bda3
published 24 file(s) + manifest -> C:/banyan-farm/courier-box/farm-out/ep2-b01-figmatte
==== step publish END rc=0 2026-08-11T15:51:14Z ====
#### job ep2-b01-figmatte-0811-1786463261 finished rc=0 2026-08-11T15:51:14Z
