#### job ep2-b17-bigbody-s20260911-0817-1786921878 attempt 1 start 2026-08-16T23:11:29Z

==== step crop START 2026-08-16T23:11:32Z ====
argv: ["C:\\banyan-farm\\venv\\Scripts\\python.exe", "C:\\banyan-farm\\ep2-b17-bigbody-s20260911-0817\\cover_crop.py", "--src", "C:\\banyan-farm\\courier-box\\farm-out\\ep2-b17-bigbody-plate-0816\\17-goodbye-bigbody-mac-plate-r3s1.png", "--sha256", "412633e28a5003d5438d85a7d47bd6fcd6ea50d87e47cd4e027ea08e5c572cef", "--out", "C:\\banyan-farm\\ep2-b17-bigbody-s20260911-0817-out\\b17-bigbody-init-704x1280.png", "--size", "704x1280"]
src 832x1216 sha 412633e28a5003d5438d85a7d47bd6fcd6ea50d87e47cd4e027ea08e5c572cef
cover-crop scale=1.0526 -> 876x1280, centre box (86,0)
WROTE C:\banyan-farm\ep2-b17-bigbody-s20260911-0817-out\b17-bigbody-init-704x1280.png
==== step crop END rc=0 2026-08-16T23:11:32Z ====

==== step encode START 2026-08-16T23:11:32Z ====
argv: ["C:\\banyan-video\\venv\\Scripts\\python.exe", "C:\\banyan-farm\\banyan-city\\pipeline\\ltx_i2v.py", "--stage", "encode", "--jobs", "C:\\banyan-farm\\ep2-b17-bigbody-s20260911-0817\\b17-jobs-encode.json"]
-- begin-encode: phys 10.4/68.1GB, commit 12.3/115.3GB (load 15%)
loading text encoder from C:\Users\artvn\.cache\huggingface\hub\models--Lightricks--gemma-3-12b-it-qat-q4_0-unquantized\snapshots\d62fe4f1995ade703b49a0f3c0d0f161237ef437

Loading weights:   0%|          | 0/1065 [00:00<?, ?it/s]
Loading weights:  38%|███▊      | 409/1065 [00:00<00:00, 3666.52it/s]
Loading weights:  80%|███████▉  | 851/1065 [00:00<00:00, 3853.30it/s]
Loading weights: 100%|██████████| 1065/1065 [00:00<00:00, 3945.79it/s]
-- encode-beat-17: phys 11.6/68.1GB, commit 39.1/115.3GB (load 17%)
[1/1] encoded beat 17 to C:\banyan-farm\ep2-b17-bigbody-s20260911-0817-out\b17-embeds.pt (1, 1024, 188160)
{"peak_commit_gb": 41.2, "peak_phys_gb": 37.0, "last_stage": "encode-beat-17"}
==== step encode END rc=0 2026-08-16T23:13:05Z ====

==== step render START 2026-08-16T23:13:05Z ====
argv: ["C:\\banyan-video\\venv\\Scripts\\python.exe", "C:\\banyan-farm\\banyan-city\\pipeline\\ltx_i2v.py", "--stage", "render", "--jobs", "C:\\banyan-farm\\ep2-b17-bigbody-s20260911-0817\\b17-jobs-render.json", "--size", "704x1280", "--frames", "97", "--fps", "24", "--guidance", "2.0", "--distilled-sigmas", "--two-stage", "--image-crf", "33", "--offload", "sequential", "--mode", "production", "--task", "ep2-b17-bigbody-s20260911-0817", "--worker", "rtx5090", "--bench-jsonl", "C:\\banyan-farm\\ep2-b17-bigbody-s20260911-0817-out\\bench-bigbody-s20260911.jsonl", "--bench-label", "ep2-b17-bigbody-s20260911-0817"]
recipe: offload=sequential quantisation=none (bf16)
-- begin-render: phys 10.4/68.1GB, commit 12.3/115.3GB (load 15%)
transformer  C:\Users\artvn\.cache\huggingface\hub\models--diffusers--LTX-2.3-Distilled-Diffusers\snapshots\432e0d3c2d1769aaa4d295f9243f7062bf6b47ee [subfolder=transformer, bf16]
scheduler    C:\Users\artvn\.cache\huggingface\hub\models--diffusers--LTX-2.3-Distilled-Diffusers\snapshots\432e0d3c2d1769aaa4d295f9243f7062bf6b47ee [subfolder=scheduler, distilled]
other parts  C:\Users\artvn\.cache\huggingface\hub\models--diffusers--LTX-2.3-Diffusers\snapshots\8eee8edcf067e838b843f926ec4d4cc9b2be1aaf
-- load-transformer-bf16-38GB: phys 11.2/68.1GB, commit 14.1/115.3GB (load 16%)

Loading checkpoint shards:   0%|          | 0/8 [00:00<?, ?it/s]
Loading checkpoint shards:  12%|█▎        | 1/8 [00:00<00:00,  8.82it/s]
Loading checkpoint shards:  25%|██▌       | 2/8 [00:00<00:00,  9.10it/s]
Loading checkpoint shards:  50%|█████     | 4/8 [00:00<00:00,  8.53it/s]
Loading checkpoint shards: 100%|██████████| 8/8 [00:00<00:00, 16.72it/s]
Loading checkpoint shards: 100%|██████████| 8/8 [00:00<00:00, 13.91it/s]
-- load-connectors-12.7GB-and-vae: phys 11.2/68.1GB, commit 52.4/115.3GB (load 16%)

Loading checkpoint shards:   0%|          | 0/2 [00:00<?, ?it/s]
Loading checkpoint shards: 100%|██████████| 2/2 [00:00<00:00, 66.75it/s]
-- offload-setup-sequential: phys 11.2/68.1GB, commit 62.0/115.3GB (load 16%)
C:\banyan-video\venv\Lib\site-packages\accelerate\utils\modeling.py:345: UserWarning: expandable_segments not supported on this platform (Triggered internally at C:\actions-runner\_work\pytorch\pytorch\pytorch\c10/cuda/CUDAAllocatorConfig.h:39.)
  new_value = old_value.to(device, non_blocking=non_blocking)
conditioning still round-tripped through libx264 crf=33 -> C:\banyan-farm\ep2-b17-bigbody-s20260911-0817-out\cond-crf-17.png
-- stage1-denoise-352x640-8steps: phys 12.1/68.1GB, commit 62.4/115.3GB (load 17%)

  0%|          | 0/8 [00:00<?, ?it/s]
 12%|█▎        | 1/8 [01:11<08:23, 72.00s/it]
 25%|██▌       | 2/8 [01:25<03:45, 37.66s/it]
 38%|███▊      | 3/8 [01:34<02:02, 24.52s/it]
 50%|█████     | 4/8 [01:44<01:14, 18.60s/it]
 62%|██████▎   | 5/8 [01:53<00:45, 15.23s/it]
 75%|███████▌  | 6/8 [02:02<00:26, 13.10s/it]
 88%|████████▊ | 7/8 [02:11<00:11, 11.76s/it]
100%|██████████| 8/8 [02:20<00:00, 10.90s/it]
100%|██████████| 8/8 [02:20<00:00, 17.54s/it]
stage1 latents (1, 128, 13, 20, 11)
-- upsample-2x-latent: phys 55.7/68.1GB, commit 64.9/115.3GB (load 81%)
There are modules in LTX2LatentUpsamplerModel that should be kept in float32: []. Casting directly with `to()` can lead to inconsistent results; set `torch_dtype` in `from_pretrained()` instead to keep these modules in float32.
upsampled latents (1, 128, 13, 40, 22)
-- stage2-refine-704x1280-3steps: phys 58.8/68.1GB, commit 68.0/115.3GB (load 86%)

  0%|          | 0/3 [00:00<?, ?it/s]
 33%|███▎      | 1/3 [00:24<00:49, 24.99s/it]
 67%|██████▋   | 2/3 [00:50<00:25, 25.26s/it]
100%|██████████| 3/3 [01:16<00:00, 25.70s/it]
100%|██████████| 3/3 [01:16<00:00, 25.55s/it]
-- decode-and-export: phys 64.1/68.1GB, commit 71.1/115.3GB (load 94%)
[1/1] wrote C:\banyan-farm\ep2-b17-bigbody-s20260911-0817-out\17-goodbye-bigbody-s20260911-LTX-handbrush.mp4 in 241s (97 frames, 704x1280, 8@352x640+3@704x1280 steps, peak torch 9.9GB, device 2.6/26GB)
THROUGHPUT 0.0168 s(video)/s(wall) (1 x 4.042s of video in 241s)
bench row -> C:\banyan-farm\ep2-b17-bigbody-s20260911-0817-out\bench-bigbody-s20260911.jsonl
{"sample_s": 240.9, "peak_gb": 9.9, "peak_commit_gb": 79.0, "frames": 97, "size": "704x1280", "steps": "8@352x640+3@704x1280", "batch": 1, "mode": "production", "throughput_s_per_s": 0.0168, "two_stage": true, "image_crf": 33, "offload": "sequential", "quantisation": null}
{"peak_commit_gb": 79.0, "peak_phys_gb": 64.2, "last_stage": "decode-and-export"}
==== step render END rc=0 2026-08-16T23:17:22Z ====

==== step stamp START 2026-08-16T23:17:22Z ====
argv: ["C:\\banyan-farm\\venv\\Scripts\\python.exe", "C:\\banyan-farm\\ep2-b17-bigbody-s20260911-0817\\stamp_sidecar.py", "C:\\banyan-farm\\ep2-b17-bigbody-s20260911-0817-out\\17-goodbye-bigbody-s20260911-LTX-handbrush.mp4.meta.yaml"]
stamped C:\banyan-farm\ep2-b17-bigbody-s20260911-0817-out\17-goodbye-bigbody-s20260911-LTX-handbrush.mp4.meta.yaml
==== step stamp END rc=0 2026-08-16T23:17:22Z ====

==== step publish START 2026-08-16T23:17:22Z ====
argv: ["C:\\banyan-farm\\venv\\Scripts\\python.exe", "-c", "# THE GLOB CARRIES THE BEAT SLUG (17-goodbye). Without it the glob matches\n# nothing and the step publishes nothing while returning a code that reads\n# like a render failure.\nimport glob, hashlib, os, shutil\nout_dir = \"C:/banyan-farm/ep2-b17-bigbody-s20260911-0817-out\"\npay_dir = \"C:/banyan-farm/ep2-b17-bigbody-s20260911-0817\"\ndst = \"C:/banyan-farm/courier-box/farm-out/ep2-b17-bigbody-s20260911-0817\"\nos.makedirs(dst, exist_ok=True)\nsrc = sorted(glob.glob(out_dir + \"/17-goodbye-bigbody-s20260911-LTX-handbrush.mp4*\")\n             + glob.glob(out_dir + \"/b17-bigbody-init-704x1280.png\")\n             + glob.glob(out_dir + \"/bench-bigbody-s20260911.jsonl\")\n             + glob.glob(pay_dir + \"/b17-motion-prompt.txt\")\n             + glob.glob(pay_dir + \"/b17-negative.txt\"))\nlines = []\nfor f in src:\n    shutil.copy2(f, dst)\n    c = os.path.join(dst, os.path.basename(f))\n    with open(c, \"rb\") as fh:\n        h = hashlib.sha256(fh.read()).hexdigest()\n    lines.append(h + \"  \" + os.path.basename(f))\nwith open(os.path.join(dst, \"ep2-b17-bigbody-s20260911-0817.sha256\"), \"w\", newline=\"\\n\") as fh:\n    fh.write(\"\\n\".join(sorted(lines)) + \"\\n\")\nprint(\"published\", len(src), \"file(s) + manifest ->\", dst)\nraise SystemExit(0 if len(src) >= 3 else 1)"]
published 6 file(s) + manifest -> C:/banyan-farm/courier-box/farm-out/ep2-b17-bigbody-s20260911-0817
==== step publish END rc=0 2026-08-16T23:17:23Z ====
#### job ep2-b17-bigbody-s20260911-0817-1786921878 finished rc=0 2026-08-16T23:17:23Z
