 12%|█▎        | 5/40 [00:01<00:08,  4.19it/s]
 15%|█▌        | 6/40 [00:01<00:07,  4.39it/s]
 18%|█▊        | 7/40 [00:01<00:07,  4.45it/s]
 20%|██        | 8/40 [00:01<00:07,  4.27it/s]
 22%|██▎       | 9/40 [00:02<00:07,  4.18it/s]
 25%|██▌       | 10/40 [00:02<00:07,  4.28it/s]
 28%|██▊       | 11/40 [00:02<00:06,  4.34it/s]
 30%|███       | 12/40 [00:02<00:06,  4.39it/s]
 32%|███▎      | 13/40 [00:03<00:06,  4.19it/s]
 35%|███▌      | 14/40 [00:03<00:06,  4.28it/s]
 38%|███▊      | 15/40 [00:03<00:05,  4.35it/s]
 40%|████      | 16/40 [00:03<00:05,  4.33it/s]
 42%|████▎     | 17/40 [00:03<00:05,  4.29it/s]
 45%|████▌     | 18/40 [00:04<00:05,  4.25it/s]
 48%|████▊     | 19/40 [00:04<00:04,  4.33it/s]
 50%|█████     | 20/40 [00:04<00:04,  4.32it/s]
 52%|█████▎    | 21/40 [00:04<00:04,  4.29it/s]
 55%|█████▌    | 22/40 [00:05<00:04,  4.29it/s]
 57%|█████▊    | 23/40 [00:05<00:03,  4.27it/s]
 60%|██████    | 24/40 [00:05<00:03,  4.32it/s]
 62%|██████▎   | 25/40 [00:05<00:03,  4.33it/s]
 65%|██████▌   | 26/40 [00:06<00:03,  4.30it/s]
 68%|██████▊   | 27/40 [00:06<00:03,  4.30it/s]
 70%|███████   | 28/40 [00:06<00:02,  4.36it/s]
 72%|███████▎  | 29/40 [00:06<00:02,  4.32it/s]
 75%|███████▌  | 30/40 [00:06<00:02,  4.28it/s]
 78%|███████▊  | 31/40 [00:07<00:02,  4.34it/s]
 80%|████████  | 32/40 [00:07<00:01,  4.29it/s]
 82%|████████▎ | 33/40 [00:07<00:01,  4.38it/s]
 85%|████████▌ | 34/40 [00:07<00:01,  4.31it/s]
 88%|████████▊ | 35/40 [00:08<00:01,  4.28it/s]
 90%|█████████ | 36/40 [00:08<00:00,  4.27it/s]
 92%|█████████▎| 37/40 [00:08<00:00,  4.35it/s]
 95%|█████████▌| 38/40 [00:08<00:00,  4.33it/s]
 98%|█████████▊| 39/40 [00:09<00:00,  4.29it/s]
100%|██████████| 40/40 [00:09<00:00,  4.27it/s]
100%|██████████| 40/40 [00:09<00:00,  4.32it/s]
   04-the-footnote-ipa-r3-neg-s0.png seed=20260723 10s  (13/16)

  0%|          | 0/40 [00:00<?, ?it/s]
  2%|▎         | 1/40 [00:00<00:08,  4.79it/s]
  5%|▌         | 2/40 [00:00<00:08,  4.61it/s]
  8%|▊         | 3/40 [00:00<00:07,  4.72it/s]
 10%|█         | 4/40 [00:00<00:08,  4.36it/s]
 12%|█▎        | 5/40 [00:01<00:08,  4.20it/s]
 15%|█▌        | 6/40 [00:01<00:07,  4.32it/s]
 18%|█▊        | 7/40 [00:01<00:07,  4.38it/s]
 20%|██        | 8/40 [00:01<00:07,  4.36it/s]
 22%|██▎       | 9/40 [00:02<00:07,  4.22it/s]
 25%|██▌       | 10/40 [00:02<00:07,  4.25it/s]
 28%|██▊       | 11/40 [00:02<00:06,  4.32it/s]
 30%|███       | 12/40 [00:02<00:06,  4.38it/s]
 32%|███▎      | 13/40 [00:03<00:06,  4.24it/s]
 35%|███▌      | 14/40 [00:03<00:06,  4.23it/s]
 38%|███▊      | 15/40 [00:03<00:05,  4.30it/s]
 40%|████      | 16/40 [00:03<00:05,  4.36it/s]
 42%|████▎     | 17/40 [00:03<00:05,  4.26it/s]
 45%|████▌     | 18/40 [00:04<00:05,  4.25it/s]
 48%|████▊     | 19/40 [00:04<00:04,  4.31it/s]
 50%|█████     | 20/40 [00:04<00:04,  4.32it/s]
 52%|█████▎    | 21/40 [00:04<00:04,  4.28it/s]
 55%|█████▌    | 22/40 [00:05<00:04,  4.26it/s]
 57%|█████▊    | 23/40 [00:05<00:03,  4.33it/s]
 60%|██████    | 24/40 [00:05<00:03,  4.37it/s]
 62%|██████▎   | 25/40 [00:05<00:03,  4.33it/s]
 65%|██████▌   | 26/40 [00:06<00:03,  4.30it/s]
 68%|██████▊   | 27/40 [00:06<00:03,  4.23it/s]
 70%|███████   | 28/40 [00:06<00:02,  4.27it/s]
 72%|███████▎  | 29/40 [00:06<00:02,  4.36it/s]
 75%|███████▌  | 30/40 [00:06<00:02,  4.32it/s]
 78%|███████▊  | 31/40 [00:07<00:02,  4.23it/s]
 80%|████████  | 32/40 [00:07<00:01,  4.31it/s]
 82%|████████▎ | 33/40 [00:07<00:01,  4.30it/s]
 85%|████████▌ | 34/40 [00:07<00:01,  4.27it/s]
 88%|████████▊ | 35/40 [00:08<00:01,  4.26it/s]
 90%|█████████ | 36/40 [00:08<00:00,  4.33it/s]
 92%|█████████▎| 37/40 [00:08<00:00,  4.29it/s]
 95%|█████████▌| 38/40 [00:08<00:00,  4.28it/s]
 98%|█████████▊| 39/40 [00:09<00:00,  4.35it/s]
100%|██████████| 40/40 [00:09<00:00,  4.31it/s]
100%|██████████| 40/40 [00:09<00:00,  4.31it/s]
   04-the-footnote-ipa-r3-neg-s1.png seed=20261723 10s  (14/16)

  0%|          | 0/40 [00:00<?, ?it/s]
  2%|▎         | 1/40 [00:00<00:08,  4.70it/s]
  5%|▌         | 2/40 [00:00<00:08,  4.61it/s]
  8%|▊         | 3/40 [00:00<00:08,  4.61it/s]
 10%|█         | 4/40 [00:00<00:08,  4.31it/s]
 12%|█▎        | 5/40 [00:01<00:08,  4.19it/s]
 15%|█▌        | 6/40 [00:01<00:07,  4.40it/s]
 18%|█▊        | 7/40 [00:01<00:07,  4.39it/s]
 20%|██        | 8/40 [00:01<00:07,  4.31it/s]
 22%|██▎       | 9/40 [00:02<00:07,  4.19it/s]
 25%|██▌       | 10/40 [00:02<00:06,  4.32it/s]
 28%|██▊       | 11/40 [00:02<00:06,  4.38it/s]
 30%|███       | 12/40 [00:02<00:06,  4.35it/s]
 32%|███▎      | 13/40 [00:03<00:06,  4.23it/s]
 35%|███▌      | 14/40 [00:03<00:06,  4.25it/s]
 38%|███▊      | 15/40 [00:03<00:05,  4.33it/s]
 40%|████      | 16/40 [00:03<00:05,  4.34it/s]
 42%|████▎     | 17/40 [00:03<00:05,  4.28it/s]
 45%|████▌     | 18/40 [00:04<00:05,  4.26it/s]
 48%|████▊     | 19/40 [00:04<00:04,  4.28it/s]
 50%|█████     | 20/40 [00:04<00:04,  4.35it/s]
 52%|█████▎    | 21/40 [00:04<00:04,  4.33it/s]
 55%|█████▌    | 22/40 [00:05<00:04,  4.23it/s]
 57%|█████▊    | 23/40 [00:05<00:03,  4.31it/s]
 60%|██████    | 24/40 [00:05<00:03,  4.37it/s]
 62%|██████▎   | 25/40 [00:05<00:03,  4.32it/s]
 65%|██████▌   | 26/40 [00:06<00:03,  4.32it/s]
 68%|██████▊   | 27/40 [00:06<00:03,  4.29it/s]
 70%|███████   | 28/40 [00:06<00:02,  4.28it/s]
 72%|███████▎  | 29/40 [00:06<00:02,  4.35it/s]
 75%|███████▌  | 30/40 [00:06<00:02,  4.31it/s]
 78%|███████▊  | 31/40 [00:07<00:02,  4.28it/s]
 80%|████████  | 32/40 [00:07<00:01,  4.35it/s]
 82%|████████▎ | 33/40 [00:07<00:01,  4.40it/s]
 85%|████████▌ | 34/40 [00:07<00:01,  4.34it/s]
 88%|████████▊ | 35/40 [00:08<00:01,  4.34it/s]
 90%|█████████ | 36/40 [00:08<00:00,  4.28it/s]
 92%|█████████▎| 37/40 [00:08<00:00,  4.37it/s]
 95%|█████████▌| 38/40 [00:08<00:00,  4.32it/s]
 98%|█████████▊| 39/40 [00:09<00:00,  4.32it/s]
100%|██████████| 40/40 [00:09<00:00,  4.28it/s]
100%|██████████| 40/40 [00:09<00:00,  4.32it/s]
   04-the-footnote-ipa-r3-neg-s2.png seed=20262723 10s  (15/16)

  0%|          | 0/40 [00:00<?, ?it/s]
  2%|▎         | 1/40 [00:00<00:07,  4.88it/s]
  5%|▌         | 2/40 [00:00<00:08,  4.70it/s]
  8%|▊         | 3/40 [00:00<00:08,  4.58it/s]
 10%|█         | 4/40 [00:00<00:08,  4.29it/s]
 12%|█▎        | 5/40 [00:01<00:08,  4.24it/s]
 15%|█▌        | 6/40 [00:01<00:07,  4.33it/s]
 18%|█▊        | 7/40 [00:01<00:07,  4.43it/s]
 20%|██        | 8/40 [00:01<00:07,  4.35it/s]
 22%|██▎       | 9/40 [00:02<00:07,  4.24it/s]
 25%|██▌       | 10/40 [00:02<00:06,  4.32it/s]
 28%|██▊       | 11/40 [00:02<00:06,  4.31it/s]
 30%|███       | 12/40 [00:02<00:06,  4.37it/s]
 32%|███▎      | 13/40 [00:02<00:06,  4.24it/s]
 35%|███▌      | 14/40 [00:03<00:06,  4.25it/s]
 38%|███▊      | 15/40 [00:03<00:05,  4.33it/s]
 40%|████      | 16/40 [00:03<00:05,  4.38it/s]
 42%|████▎     | 17/40 [00:03<00:05,  4.31it/s]
 45%|████▌     | 18/40 [00:04<00:05,  4.23it/s]
 48%|████▊     | 19/40 [00:04<00:04,  4.28it/s]
 50%|█████     | 20/40 [00:04<00:04,  4.33it/s]
 52%|█████▎    | 21/40 [00:04<00:04,  4.30it/s]
 55%|█████▌    | 22/40 [00:05<00:04,  4.26it/s]
 57%|█████▊    | 23/40 [00:05<00:03,  4.34it/s]
 60%|██████    | 24/40 [00:05<00:03,  4.39it/s]
 62%|██████▎   | 25/40 [00:05<00:03,  4.36it/s]
 65%|██████▌   | 26/40 [00:06<00:03,  4.24it/s]
 68%|██████▊   | 27/40 [00:06<00:03,  4.32it/s]
 70%|███████   | 28/40 [00:06<00:02,  4.30it/s]
 72%|███████▎  | 29/40 [00:06<00:02,  4.36it/s]
 75%|███████▌  | 30/40 [00:06<00:02,  4.26it/s]
 78%|███████▊  | 31/40 [00:07<00:02,  4.33it/s]
 80%|████████  | 32/40 [00:07<00:01,  4.32it/s]
 82%|████████▎ | 33/40 [00:07<00:01,  4.29it/s]
 85%|████████▌ | 34/40 [00:07<00:01,  4.29it/s]
 88%|████████▊ | 35/40 [00:08<00:01,  4.24it/s]
 90%|█████████ | 36/40 [00:08<00:00,  4.29it/s]
 92%|█████████▎| 37/40 [00:08<00:00,  4.35it/s]
 95%|█████████▌| 38/40 [00:08<00:00,  4.31it/s]
 98%|█████████▊| 39/40 [00:09<00:00,  4.30it/s]
100%|██████████| 40/40 [00:09<00:00,  4.28it/s]
100%|██████████| 40/40 [00:09<00:00,  4.32it/s]
   04-the-footnote-ipa-r3-neg-s3.png seed=20263723 10s  (16/16)

DONE 16 stills — ONE beat. The other fourteen wait on his verdict.
==== step sample END rc=0 2026-08-10T11:21:07Z ====

==== step measure START 2026-08-10T11:21:07Z ====
argv: ["C:\\banyan-farm\\venv\\Scripts\\python.exe", "C:\\banyan-farm\\wave-goblin-prep\\identity_agreement.py", "--group", "wave1-baseline=C:\\banyan-farm\\wave-goblin-prep\\out\\04-the-footnote-wave1-s*.png", "--group", "arm1-ref0-scale060=C:\\banyan-farm\\goblin-ipa-0810\\out\\04-the-footnote-ipa-r0-c060-s*.png", "--group", "arm1-ref1-scale060=C:\\banyan-farm\\goblin-ipa-0810\\out\\04-the-footnote-ipa-r1-c060-s*.png", "--group", "arm1-ref2-scale060=C:\\banyan-farm\\goblin-ipa-0810\\out\\04-the-footnote-ipa-r2-c060-s*.png", "--group", "arm1-ref3-scale060=C:\\banyan-farm\\goblin-ipa-0810\\out\\04-the-footnote-ipa-r3-c060-s*.png", "--group", "arm4-ref0-negcolor=C:\\banyan-farm\\goblin-ipa-0810\\out4\\04-the-footnote-ipa-r0-neg-s*.png", "--group", "arm4-ref1-negcolor=C:\\banyan-farm\\goblin-ipa-0810\\out4\\04-the-footnote-ipa-r1-neg-s*.png", "--group", "arm4-ref2-negcolor=C:\\banyan-farm\\goblin-ipa-0810\\out4\\04-the-footnote-ipa-r2-neg-s*.png", "--group", "arm4-ref3-negcolor=C:\\banyan-farm\\goblin-ipa-0810\\out4\\04-the-footnote-ipa-r3-neg-s*.png", "--ref-for", "arm4-ref0-negcolor=C:\\banyan-farm\\wave-goblin-prep\\out\\04-the-footnote-wave1-s0.png", "--ref-for", "arm4-ref1-negcolor=C:\\banyan-farm\\wave-goblin-prep\\out\\04-the-footnote-wave1-s1.png", "--ref-for", "arm4-ref2-negcolor=C:\\banyan-farm\\wave-goblin-prep\\out\\04-the-footnote-wave1-s2.png", "--ref-for", "arm4-ref3-negcolor=C:\\banyan-farm\\wave-goblin-prep\\out\\04-the-footnote-wave1-s3.png", "--out", "C:\\banyan-farm\\goblin-ipa-0810\\out4\\identity-agreement-negcolor.yaml"]
C:\banyan-farm\venv\Lib\site-packages\torch\nn\modules\module.py:1370: UserWarning: expandable_segments not supported on this platform (Triggered internally at C:\actions-runner\_work\pytorch\pytorch\pytorch\c10/cuda/CUDAAllocatorConfig.h:39.)
  return t.to(
C:\banyan-farm\venv\Lib\site-packages\transformers\tokenization_utils_base.py:1601: FutureWarning: `clean_up_tokenization_spaces` was not set. It will be set to `True` by default. This behavior will be depracted in transformers v4.45, and will be then set to `False` by default. For more details check this issue: https://github.com/huggingface/transformers/issues/31884
  warnings.warn(

group               n  DINO mean  DINO min  CLIP-I mean  to-ref DINO
wave1-baseline      4     0.6967    0.6420       0.8931            —
arm1-ref0-scale060  4     0.8069    0.7496       0.9276            —
arm1-ref1-scale060  4     0.7974    0.7119       0.9261            —
arm1-ref2-scale060  4     0.8345    0.7913       0.9309            —
arm1-ref3-scale060  4     0.7828    0.7467       0.9172            —
arm4-ref0-negcolor  4     0.8343    0.7683       0.9299       0.8254
arm4-ref1-negcolor  4     0.8245    0.7801       0.9081       0.8275
arm4-ref2-negcolor  4     0.8536    0.8405       0.9500       0.7640
arm4-ref3-negcolor  4     0.8240    0.7889       0.9242       0.7867

wrote C:\banyan-farm\goblin-ipa-0810\out4\identity-agreement-negcolor.yaml
==== step measure END rc=0 2026-08-10T11:21:17Z ====

==== step publish START 2026-08-10T11:21:17Z ====
argv: ["C:\\banyan-farm\\venv\\Scripts\\python.exe", "-c", "import glob, hashlib, os, shutil\ndst = \"C:/banyan-farm/courier-box/farm-out/ep2-b04-goblin-ipa-negcolor\"\nos.makedirs(dst, exist_ok=True)\nsrc = sorted(glob.glob(\"C:/banyan-farm/goblin-ipa-0810/out4/*\"))\nlines = []\nfor f in src:\n    shutil.copy2(f, dst)\n    c = os.path.join(dst, os.path.basename(f))\n    with open(c, \"rb\") as fh:\n        h = hashlib.sha256(fh.read()).hexdigest()\n    lines.append(h + \"  \" + os.path.basename(f))\nwith open(os.path.join(dst, \"ep2-b04-goblin-ipa-negcolor.sha256\"), \"w\") as fh:\n    fh.write(\"\\n\".join(lines) + \"\\n\")\nprint(\"published\", len(src), \"file(s) + manifest ->\", dst)\n# 16 stills + 16 sidecars + identity-agreement-negcolor.yaml.\nraise SystemExit(0 if len(src) == 33 else 1)\n"]
published 33 file(s) + manifest -> C:/banyan-farm/courier-box/farm-out/ep2-b04-goblin-ipa-negcolor
==== step publish END rc=0 2026-08-10T11:21:17Z ====
#### job ep2-b04-goblin-ipa-negcolor-1786360680 finished rc=0 2026-08-10T11:21:17Z
