Loading pipeline components...:  29%|██▊       | 2/7 [00:01<00:04,  1.02it/s]
Loading pipeline components...:  57%|█████▋    | 4/7 [00:01<00:01,  2.50it/s]
Loading pipeline components...:  86%|████████▌ | 6/7 [00:02<00:00,  2.89it/s]
Loading pipeline components...: 100%|██████████| 7/7 [00:02<00:00,  2.84it/s]
C:\banyan-farm\venv\Lib\site-packages\torch\nn\modules\module.py:1370: UserWarning: expandable_segments not supported on this platform (Triggered internally at C:\actions-runner\_work\pytorch\pytorch\pytorch\c10/cuda/CUDAAllocatorConfig.h:39.)
  return t.to(
MODEL_LOADED cuda/bfloat16 in 6s

  0%|          | 0/40 [00:00<?, ?it/s]
  2%|▎         | 1/40 [00:00<00:17,  2.24it/s]
  5%|▌         | 2/40 [00:00<00:11,  3.28it/s]
  8%|▊         | 3/40 [00:00<00:09,  3.85it/s]
 10%|█         | 4/40 [00:01<00:08,  4.01it/s]
 12%|█▎        | 5/40 [00:01<00:08,  4.08it/s]
 15%|█▌        | 6/40 [00:01<00:08,  4.25it/s]
 18%|█▊        | 7/40 [00:01<00:07,  4.43it/s]
 20%|██        | 8/40 [00:01<00:07,  4.46it/s]
 22%|██▎       | 9/40 [00:02<00:07,  4.38it/s]
 25%|██▌       | 10/40 [00:02<00:06,  4.31it/s]
 28%|██▊       | 11/40 [00:02<00:06,  4.41it/s]
 30%|███       | 12/40 [00:02<00:06,  4.53it/s]
 32%|███▎      | 13/40 [00:03<00:06,  4.46it/s]
 35%|███▌      | 14/40 [00:03<00:05,  4.40it/s]
 38%|███▊      | 15/40 [00:03<00:05,  4.42it/s]
 40%|████      | 16/40 [00:03<00:05,  4.52it/s]
 42%|████▎     | 17/40 [00:03<00:05,  4.51it/s]
 45%|████▌     | 18/40 [00:04<00:04,  4.44it/s]
 48%|████▊     | 19/40 [00:04<00:04,  4.42it/s]
 50%|█████     | 20/40 [00:04<00:04,  4.47it/s]
 52%|█████▎    | 21/40 [00:04<00:04,  4.51it/s]
 55%|█████▌    | 22/40 [00:05<00:04,  4.47it/s]
 57%|█████▊    | 23/40 [00:05<00:03,  4.44it/s]
 60%|██████    | 24/40 [00:05<00:03,  4.45it/s]
 62%|██████▎   | 25/40 [00:05<00:03,  4.50it/s]
 65%|██████▌   | 26/40 [00:06<00:03,  4.50it/s]
 68%|██████▊   | 27/40 [00:06<00:02,  4.47it/s]
 70%|███████   | 28/40 [00:06<00:02,  4.48it/s]
 72%|███████▎  | 29/40 [00:06<00:02,  4.50it/s]
 75%|███████▌  | 30/40 [00:06<00:02,  4.50it/s]
 78%|███████▊  | 31/40 [00:07<00:02,  4.49it/s]
 80%|████████  | 32/40 [00:07<00:01,  4.51it/s]
 82%|████████▎ | 33/40 [00:07<00:01,  4.42it/s]
 85%|████████▌ | 34/40 [00:07<00:01,  4.54it/s]
 88%|████████▊ | 35/40 [00:08<00:01,  4.44it/s]
 90%|█████████ | 36/40 [00:08<00:00,  4.45it/s]
 92%|█████████▎| 37/40 [00:08<00:00,  4.47it/s]
 95%|█████████▌| 38/40 [00:08<00:00,  4.48it/s]
 98%|█████████▊| 39/40 [00:08<00:00,  4.50it/s]
100%|██████████| 40/40 [00:09<00:00,  4.48it/s]
100%|██████████| 40/40 [00:09<00:00,  4.38it/s]
   14-the-defense-wave1-s0.png seed=20260733 10s  (1/4)

  0%|          | 0/40 [00:00<?, ?it/s]
  2%|▎         | 1/40 [00:00<00:07,  5.03it/s]
  5%|▌         | 2/40 [00:00<00:07,  4.91it/s]
  8%|▊         | 3/40 [00:00<00:07,  4.72it/s]
 10%|█         | 4/40 [00:00<00:07,  4.63it/s]
 12%|█▎        | 5/40 [00:01<00:08,  4.36it/s]
 15%|█▌        | 6/40 [00:01<00:07,  4.52it/s]
 18%|█▊        | 7/40 [00:01<00:07,  4.52it/s]
 20%|██        | 8/40 [00:01<00:07,  4.51it/s]
 22%|██▎       | 9/40 [00:01<00:07,  4.43it/s]
 25%|██▌       | 10/40 [00:02<00:06,  4.46it/s]
 28%|██▊       | 11/40 [00:02<00:06,  4.47it/s]
 30%|███       | 12/40 [00:02<00:06,  4.57it/s]
 32%|███▎      | 13/40 [00:02<00:06,  4.47it/s]
 35%|███▌      | 14/40 [00:03<00:05,  4.39it/s]
 38%|███▊      | 15/40 [00:03<00:05,  4.42it/s]
 40%|████      | 16/40 [00:03<00:05,  4.54it/s]
 42%|████▎     | 17/40 [00:03<00:05,  4.43it/s]
 45%|████▌     | 18/40 [00:04<00:04,  4.45it/s]
 48%|████▊     | 19/40 [00:04<00:04,  4.46it/s]
 50%|█████     | 20/40 [00:04<00:04,  4.48it/s]
 52%|█████▎    | 21/40 [00:04<00:04,  4.46it/s]
 55%|█████▌    | 22/40 [00:04<00:04,  4.41it/s]
 57%|█████▊    | 23/40 [00:05<00:03,  4.44it/s]
 60%|██████    | 24/40 [00:05<00:03,  4.46it/s]
 62%|██████▎   | 25/40 [00:05<00:03,  4.48it/s]
 65%|██████▌   | 26/40 [00:05<00:03,  4.45it/s]
 68%|██████▊   | 27/40 [00:06<00:02,  4.42it/s]
 70%|███████   | 28/40 [00:06<00:02,  4.45it/s]
 72%|███████▎  | 29/40 [00:06<00:02,  4.47it/s]
 75%|███████▌  | 30/40 [00:06<00:02,  4.47it/s]
 78%|███████▊  | 31/40 [00:06<00:02,  4.49it/s]
 80%|████████  | 32/40 [00:07<00:01,  4.50it/s]
 82%|████████▎ | 33/40 [00:07<00:01,  4.50it/s]
 85%|████████▌ | 34/40 [00:07<00:01,  4.50it/s]
 88%|████████▊ | 35/40 [00:07<00:01,  4.39it/s]
 90%|█████████ | 36/40 [00:08<00:00,  4.45it/s]
 92%|█████████▎| 37/40 [00:08<00:00,  4.47it/s]
 95%|█████████▌| 38/40 [00:08<00:00,  4.49it/s]
 98%|█████████▊| 39/40 [00:08<00:00,  4.41it/s]
100%|██████████| 40/40 [00:08<00:00,  4.44it/s]
100%|██████████| 40/40 [00:08<00:00,  4.48it/s]
   14-the-defense-wave1-s1.png seed=20261733 9s  (2/4)

  0%|          | 0/40 [00:00<?, ?it/s]
  2%|▎         | 1/40 [00:00<00:07,  5.18it/s]
  5%|▌         | 2/40 [00:00<00:07,  4.77it/s]
  8%|▊         | 3/40 [00:00<00:07,  4.63it/s]
 10%|█         | 4/40 [00:00<00:08,  4.47it/s]
 12%|█▎        | 5/40 [00:01<00:07,  4.38it/s]
 15%|█▌        | 6/40 [00:01<00:07,  4.49it/s]
 18%|█▊        | 7/40 [00:01<00:07,  4.54it/s]
 20%|██        | 8/40 [00:01<00:07,  4.53it/s]
 22%|██▎       | 9/40 [00:02<00:07,  4.36it/s]
 25%|██▌       | 10/40 [00:02<00:06,  4.48it/s]
 28%|██▊       | 11/40 [00:02<00:06,  4.49it/s]
 30%|███       | 12/40 [00:02<00:06,  4.49it/s]
 32%|███▎      | 13/40 [00:02<00:06,  4.39it/s]
 35%|███▌      | 14/40 [00:03<00:05,  4.40it/s]
 38%|███▊      | 15/40 [00:03<00:05,  4.44it/s]
 40%|████      | 16/40 [00:03<00:05,  4.50it/s]
 42%|████▎     | 17/40 [00:03<00:05,  4.50it/s]
 45%|████▌     | 18/40 [00:04<00:05,  4.38it/s]
 48%|████▊     | 19/40 [00:04<00:04,  4.45it/s]
 50%|█████     | 20/40 [00:04<00:04,  4.46it/s]
 52%|█████▎    | 21/40 [00:04<00:04,  4.49it/s]
 55%|█████▌    | 22/40 [00:04<00:04,  4.40it/s]
 57%|█████▊    | 23/40 [00:05<00:03,  4.40it/s]
 60%|██████    | 24/40 [00:05<00:03,  4.45it/s]
 62%|██████▎   | 25/40 [00:05<00:03,  4.47it/s]
 65%|██████▌   | 26/40 [00:05<00:03,  4.43it/s]
 68%|██████▊   | 27/40 [00:06<00:02,  4.43it/s]
 70%|███████   | 28/40 [00:06<00:02,  4.47it/s]
 72%|███████▎  | 29/40 [00:06<00:02,  4.47it/s]
 75%|███████▌  | 30/40 [00:06<00:02,  4.49it/s]
 78%|███████▊  | 31/40 [00:06<00:02,  4.50it/s]
 80%|████████  | 32/40 [00:07<00:01,  4.40it/s]
 82%|████████▎ | 33/40 [00:07<00:01,  4.44it/s]
 85%|████████▌ | 34/40 [00:07<00:01,  4.47it/s]
 88%|████████▊ | 35/40 [00:07<00:01,  4.48it/s]
 90%|█████████ | 36/40 [00:08<00:00,  4.40it/s]
 92%|█████████▎| 37/40 [00:08<00:00,  4.43it/s]
 95%|█████████▌| 38/40 [00:08<00:00,  4.44it/s]
 98%|█████████▊| 39/40 [00:08<00:00,  4.48it/s]
100%|██████████| 40/40 [00:08<00:00,  4.41it/s]
100%|██████████| 40/40 [00:08<00:00,  4.46it/s]
   14-the-defense-wave1-s2.png seed=20262733 9s  (3/4)

  0%|          | 0/40 [00:00<?, ?it/s]
  2%|▎         | 1/40 [00:00<00:07,  5.04it/s]
  5%|▌         | 2/40 [00:00<00:07,  4.78it/s]
  8%|▊         | 3/40 [00:00<00:07,  4.78it/s]
 10%|█         | 4/40 [00:00<00:07,  4.54it/s]
 12%|█▎        | 5/40 [00:01<00:08,  4.34it/s]
 15%|█▌        | 6/40 [00:01<00:07,  4.48it/s]
 18%|█▊        | 7/40 [00:01<00:07,  4.60it/s]
 20%|██        | 8/40 [00:01<00:06,  4.58it/s]
 22%|██▎       | 9/40 [00:02<00:07,  4.31it/s]
 25%|██▌       | 10/40 [00:02<00:06,  4.43it/s]
 28%|██▊       | 11/40 [00:02<00:06,  4.45it/s]
 30%|███       | 12/40 [00:02<00:06,  4.46it/s]
 32%|███▎      | 13/40 [00:02<00:06,  4.39it/s]
 35%|███▌      | 14/40 [00:03<00:06,  4.33it/s]
 38%|███▊      | 15/40 [00:03<00:05,  4.49it/s]
 40%|████      | 16/40 [00:03<00:05,  4.50it/s]
 42%|████▎     | 17/40 [00:03<00:05,  4.50it/s]
 45%|████▌     | 18/40 [00:04<00:04,  4.41it/s]
 48%|████▊     | 19/40 [00:04<00:04,  4.35it/s]
 50%|█████     | 20/40 [00:04<00:04,  4.49it/s]
 52%|█████▎    | 21/40 [00:04<00:04,  4.43it/s]
 55%|█████▌    | 22/40 [00:04<00:04,  4.39it/s]
 57%|█████▊    | 23/40 [00:05<00:03,  4.37it/s]
 60%|██████    | 24/40 [00:05<00:03,  4.42it/s]
 62%|██████▎   | 25/40 [00:05<00:03,  4.55it/s]
 65%|██████▌   | 26/40 [00:05<00:03,  4.44it/s]
 68%|██████▊   | 27/40 [00:06<00:02,  4.37it/s]
 70%|███████   | 28/40 [00:06<00:02,  4.41it/s]
 72%|███████▎  | 29/40 [00:06<00:02,  4.45it/s]
 75%|███████▌  | 30/40 [00:06<00:02,  4.47it/s]
 78%|███████▊  | 31/40 [00:06<00:02,  4.48it/s]
 80%|████████  | 32/40 [00:07<00:01,  4.39it/s]
 82%|████████▎ | 33/40 [00:07<00:01,  4.43it/s]
 85%|████████▌ | 34/40 [00:07<00:01,  4.45it/s]
 88%|████████▊ | 35/40 [00:07<00:01,  4.47it/s]
 90%|█████████ | 36/40 [00:08<00:00,  4.38it/s]
 92%|█████████▎| 37/40 [00:08<00:00,  4.41it/s]
 95%|█████████▌| 38/40 [00:08<00:00,  4.43it/s]
 98%|█████████▊| 39/40 [00:08<00:00,  4.45it/s]
100%|██████████| 40/40 [00:08<00:00,  4.47it/s]
100%|██████████| 40/40 [00:08<00:00,  4.45it/s]
   14-the-defense-wave1-s3.png seed=20263733 9s  (4/4)

DONE 4 stills — ONE beat. The other fourteen wait on his verdict.
==== step sample END rc=0 2026-08-11T21:48:03Z ====

==== step publish START 2026-08-11T21:48:03Z ====
argv: ["C:\\banyan-farm\\venv\\Scripts\\python.exe", "-c", "import glob, hashlib, os, shutil\ndst = \"C:/banyan-farm/courier-box/farm-out/ep2-b14-idfix\"\nos.makedirs(dst, exist_ok=True)\nsrc = sorted(glob.glob(\"C:/banyan-farm/wave-goblin-prep/out-b14-idfix/14-the-defense-wave1-s*.*\"))\nlines = []\nfor f in src:\n    shutil.copy2(f, dst)\n    # Hash the COPY, not the original: what this records has to be the bytes\n    # that get committed, or the manifest attests to the wrong file.\n    c = os.path.join(dst, os.path.basename(f))\n    with open(c, \"rb\") as fh:\n        h = hashlib.sha256(fh.read()).hexdigest()\n    lines.append(h + \"  \" + os.path.basename(f))\n    print(\"   \", os.path.basename(f), h[:16])\n# newline=\"\\n\" is load-bearing: Windows text mode rewrites \\n to \\r\\n and\n# every filename then carries a trailing \\r that shasum -c cannot open.\nwith open(os.path.join(dst, \"14-the-defense-refresh.sha256\"), \"w\", newline=\"\\n\") as fh:\n    fh.write(\"\\n\".join(lines) + \"\\n\")\nprint(\"published\", len(src), \"file(s) + manifest ->\", dst)\n# 4 stills + 4 sidecars. Fewer means the render wrote less than it promised.\nraise SystemExit(0 if len(src) == 8 else 1)\n"]
    14-the-defense-wave1-s0.png 394c0ef2da21291f
    14-the-defense-wave1-s0.yaml af0a0f18731b29c5
    14-the-defense-wave1-s1.png ff61e146c941b186
    14-the-defense-wave1-s1.yaml aaed61977af3c73b
    14-the-defense-wave1-s2.png a91b2fdd926cfeed
    14-the-defense-wave1-s2.yaml bbe0cfc3fd8cfc57
    14-the-defense-wave1-s3.png d739c91b2554d7b9
    14-the-defense-wave1-s3.yaml e2f8cca42d3170f6
published 8 file(s) + manifest -> C:/banyan-farm/courier-box/farm-out/ep2-b14-idfix
==== step publish END rc=0 2026-08-11T21:48:04Z ====
#### job ep2-b14-idfix-0812-1786484813 finished rc=0 2026-08-11T21:48:04Z
