#### job ep2-b04-motion-0812-1786538104 attempt 1 start 2026-08-12T12:36:12Z

==== step crop START 2026-08-12T12:36:15Z ====
argv: ["C:\\banyan-farm\\venv\\Scripts\\python.exe", "C:\\banyan-farm\\ep2-b04-motion-0812\\cover_crop.py", "--src", "C:\\banyan-farm\\goblin-ipa-0812\\out-b04-frozen\\04-the-footnote-ipa-r0-w015-s1.png", "--sha256", "d7971ceb880b7b36a90996fd9b74ece345220b9fbef90bbb76c0f1581ec73c8d", "--out", "C:\\banyan-farm\\ep2-b04-motion-0812\\b04-init-704x1280.png", "--size", "704x1280"]
src 832x1216 sha d7971ceb880b7b36a90996fd9b74ece345220b9fbef90bbb76c0f1581ec73c8d
cover-crop scale=1.0526 -> 876x1280, centre box (86,0)
WROTE C:\banyan-farm\ep2-b04-motion-0812\b04-init-704x1280.png
==== step crop END rc=0 2026-08-12T12:36:15Z ====

==== step encode START 2026-08-12T12:36:15Z ====
argv: ["C:\\banyan-video\\venv\\Scripts\\python.exe", "C:\\banyan-farm\\banyan-city\\pipeline\\ltx_i2v.py", "--stage", "encode", "--jobs", "C:\\banyan-farm\\ep2-b04-motion-0812\\b04-jobs-encode.json"]
-- begin-encode: phys 10.6/68.1GB, commit 11.7/115.3GB (load 15%)
loading text encoder from C:\Users\artvn\.cache\huggingface\hub\models--Lightricks--gemma-3-12b-it-qat-q4_0-unquantized\snapshots\d62fe4f1995ade703b49a0f3c0d0f161237ef437

Loading weights:   0%|          | 0/1065 [00:00<?, ?it/s]
Loading weights:  26%|██▌       | 272/1065 [00:00<00:00, 2471.85it/s]
Loading weights:  52%|█████▏    | 558/1065 [00:00<00:00, 2543.64it/s]
Loading weights:  79%|███████▉  | 846/1065 [00:00<00:00, 2572.98it/s]
Loading weights: 100%|██████████| 1065/1065 [00:00<00:00, 2706.89it/s]
-- encode-beat-04: phys 11.8/68.1GB, commit 38.5/115.3GB (load 17%)
[1/1] encoded beat 4 to C:\banyan-farm\ep2-b04-motion-0812\b04-embeds.pt (1, 1024, 188160)
{"peak_commit_gb": 41.1, "peak_phys_gb": 37.7, "last_stage": "encode-beat-04"}
==== step encode END rc=0 2026-08-12T12:37:50Z ====

==== step render START 2026-08-12T12:37:50Z ====
argv: ["C:\\banyan-video\\venv\\Scripts\\python.exe", "C:\\banyan-farm\\banyan-city\\pipeline\\ltx_i2v.py", "--stage", "render", "--jobs", "C:\\banyan-farm\\ep2-b04-motion-0812\\b04-jobs-render.json", "--size", "704x1280", "--frames", "145", "--fps", "24", "--guidance", "2.0", "--distilled-sigmas", "--two-stage", "--image-crf", "33", "--offload", "sequential", "--mode", "production", "--task", "ep2-b04-motion-0812", "--worker", "rtx5090", "--bench-jsonl", "C:\\banyan-farm\\ep2-b04-motion-0812\\bench-b04-motion.jsonl", "--bench-label", "ep2-b04-motion-0812"]
recipe: offload=sequential quantisation=none (bf16)
-- begin-render: phys 10.7/68.1GB, commit 11.8/115.3GB (load 15%)
transformer  C:\Users\artvn\.cache\huggingface\hub\models--diffusers--LTX-2.3-Distilled-Diffusers\snapshots\432e0d3c2d1769aaa4d295f9243f7062bf6b47ee [subfolder=transformer, bf16]
scheduler    C:\Users\artvn\.cache\huggingface\hub\models--diffusers--LTX-2.3-Distilled-Diffusers\snapshots\432e0d3c2d1769aaa4d295f9243f7062bf6b47ee [subfolder=scheduler, distilled]
other parts  C:\Users\artvn\.cache\huggingface\hub\models--diffusers--LTX-2.3-Diffusers\snapshots\8eee8edcf067e838b843f926ec4d4cc9b2be1aaf
-- load-transformer-bf16-38GB: phys 11.4/68.1GB, commit 13.6/115.3GB (load 16%)

Loading checkpoint shards:   0%|          | 0/8 [00:00<?, ?it/s]
Loading checkpoint shards:  12%|█▎        | 1/8 [00:00<00:00,  9.44it/s]
Loading checkpoint shards:  25%|██▌       | 2/8 [00:00<00:00,  9.72it/s]
Loading checkpoint shards:  50%|█████     | 4/8 [00:00<00:00,  7.82it/s]
Loading checkpoint shards:  75%|███████▌  | 6/8 [00:00<00:00, 10.27it/s]
Loading checkpoint shards: 100%|██████████| 8/8 [00:00<00:00, 11.60it/s]
-- load-connectors-12.7GB-and-vae: phys 11.4/68.1GB, commit 52.0/115.3GB (load 16%)

Loading checkpoint shards:   0%|          | 0/2 [00:00<?, ?it/s]
Loading checkpoint shards: 100%|██████████| 2/2 [00:00<00:00, 48.47it/s]
-- offload-setup-sequential: phys 11.4/68.1GB, commit 61.6/115.3GB (load 16%)
C:\banyan-video\venv\Lib\site-packages\accelerate\utils\modeling.py:345: UserWarning: expandable_segments not supported on this platform (Triggered internally at C:\actions-runner\_work\pytorch\pytorch\pytorch\c10/cuda/CUDAAllocatorConfig.h:39.)
  new_value = old_value.to(device, non_blocking=non_blocking)
conditioning still round-tripped through libx264 crf=33 -> C:\banyan-farm\ep2-b04-motion-0812\cond-crf-04.png
-- stage1-denoise-352x640-8steps: phys 12.3/68.1GB, commit 62.0/115.3GB (load 18%)

  0%|          | 0/8 [00:00<?, ?it/s]
 12%|█▎        | 1/8 [01:09<08:07, 69.60s/it]
 25%|██▌       | 2/8 [01:24<03:45, 37.61s/it]
 38%|███▊      | 3/8 [01:36<02:09, 25.85s/it]
 50%|█████     | 4/8 [01:48<01:21, 20.39s/it]
 62%|██████▎   | 5/8 [01:59<00:50, 16.90s/it]
 75%|███████▌  | 6/8 [02:10<00:29, 14.92s/it]
 88%|████████▊ | 7/8 [02:21<00:13, 13.66s/it]
100%|██████████| 8/8 [02:33<00:00, 12.96s/it]
100%|██████████| 8/8 [02:33<00:00, 19.13s/it]
stage1 latents (1, 128, 19, 20, 11)
-- upsample-2x-latent: phys 54.8/68.1GB, commit 64.9/115.3GB (load 80%)
There are modules in LTX2LatentUpsamplerModel that should be kept in float32: []. Casting directly with `to()` can lead to inconsistent results; set `torch_dtype` in `from_pretrained()` instead to keep these modules in float32.
upsampled latents (1, 128, 19, 40, 22)
-- stage2-refine-704x1280-3steps: phys 57.8/68.1GB, commit 67.7/115.3GB (load 84%)

  0%|          | 0/3 [00:00<?, ?it/s]
 33%|███▎      | 1/3 [00:40<01:21, 40.96s/it]
 67%|██████▋   | 2/3 [01:24<00:42, 42.28s/it]
100%|██████████| 3/3 [02:03<00:00, 40.93s/it]
100%|██████████| 3/3 [02:03<00:00, 41.16s/it]
-- decode-and-export: phys 64.0/68.1GB, commit 71.0/115.3GB (load 93%)
[1/1] wrote C:\banyan-farm\ep2-b04-motion-0812\04-the-footnote-LTX-motion-0812.mp4 in 306s (145 frames, 704x1280, 8@352x640+3@704x1280 steps, peak torch 14.0GB, device 3.1/26GB)
THROUGHPUT 0.0197 s(video)/s(wall) (1 x 6.042s of video in 306s)
bench row -> C:\banyan-farm\ep2-b04-motion-0812\bench-b04-motion.jsonl
{"sample_s": 306.1, "peak_gb": 14.0, "peak_commit_gb": 82.5, "frames": 145, "size": "704x1280", "steps": "8@352x640+3@704x1280", "batch": 1, "mode": "production", "throughput_s_per_s": 0.0197, "two_stage": true, "image_crf": 33, "offload": "sequential", "quantisation": null}
{"peak_commit_gb": 82.5, "peak_phys_gb": 64.3, "last_stage": "decode-and-export"}
==== step render END rc=0 2026-08-12T12:43:13Z ====

==== step publish START 2026-08-12T12:43:13Z ====
argv: ["C:\\banyan-farm\\venv\\Scripts\\python.exe", "-c", "import glob, hashlib, os, shutil\ndst = \"C:/banyan-farm/courier-box/farm-out/ep2-b04-motion\"\nos.makedirs(dst, exist_ok=True)\nsrc = sorted(glob.glob(\"C:/banyan-farm/ep2-b04-motion-0812/04-the-footnote-LTX-motion-0812.mp4*\")\n             + glob.glob(\"C:/banyan-farm/ep2-b04-motion-0812/b04-init-704x1280.png\")\n             + glob.glob(\"C:/banyan-farm/ep2-b04-motion-0812/bench-b04-motion.jsonl\"))\nlines = []\nfor f in src:\n    shutil.copy2(f, dst)\n    c = os.path.join(dst, os.path.basename(f))\n    with open(c, \"rb\") as fh:\n        h = hashlib.sha256(fh.read()).hexdigest()\n    lines.append(h + \"  \" + os.path.basename(f))\nwith open(os.path.join(dst, \"ep2-b04-motion-0812.sha256\"), \"w\", newline=\"\\n\") as fh:\n    fh.write(\"\\n\".join(lines) + \"\\n\")\nprint(\"published\", len(src), \"file(s) + manifest ->\", dst)\nraise SystemExit(0 if len(src) >= 2 else 1)\n"]
published 4 file(s) + manifest -> C:/banyan-farm/courier-box/farm-out/ep2-b04-motion
==== step publish END rc=0 2026-08-12T12:43:13Z ====
#### job ep2-b04-motion-0812-1786538104 finished rc=0 2026-08-12T12:43:13Z
