#### job ep2-b13-unfreezeB-0814-1786734244 attempt 1 start 2026-08-14T19:37:33Z

==== step crop START 2026-08-14T19:37:36Z ====
argv: ["C:\\banyan-farm\\venv\\Scripts\\python.exe", "C:\\banyan-farm\\ep2-b13-unfreezeB-0814\\cover_crop.py", "--src", "C:\\banyan-farm\\courier-box\\farm-out\\ep2-b13-plate-0814\\13-the-shade-ipa-r0-w015-s0.png", "--sha256", "1745a491db3c95c7c6d1d6a601a18e7ff1f825ef90f6169140de35ed10a4e921", "--out", "C:\\banyan-farm\\ep2-b13-unfreezeB-0814\\b13-init-704x1280.png", "--size", "704x1280"]
src 832x1216 sha 1745a491db3c95c7c6d1d6a601a18e7ff1f825ef90f6169140de35ed10a4e921
cover-crop scale=1.0526 -> 876x1280, centre box (86,0)
WROTE C:\banyan-farm\ep2-b13-unfreezeB-0814\b13-init-704x1280.png
==== step crop END rc=0 2026-08-14T19:37:37Z ====

==== step encode START 2026-08-14T19:37:37Z ====
argv: ["C:\\banyan-video\\venv\\Scripts\\python.exe", "C:\\banyan-farm\\banyan-city\\pipeline\\ltx_i2v.py", "--stage", "encode", "--jobs", "C:\\banyan-farm\\ep2-b13-unfreezeB-0814\\b13-jobs-encode.json"]
-- begin-encode: phys 10.0/68.1GB, commit 12.0/115.3GB (load 14%)
loading text encoder from C:\Users\artvn\.cache\huggingface\hub\models--Lightricks--gemma-3-12b-it-qat-q4_0-unquantized\snapshots\d62fe4f1995ade703b49a0f3c0d0f161237ef437

Loading weights:   0%|          | 0/1065 [00:00<?, ?it/s]
Loading weights:  36%|███▌      | 380/1065 [00:00<00:00, 3421.35it/s]
Loading weights:  75%|███████▌  | 802/1065 [00:00<00:00, 3656.32it/s]
Loading weights: 100%|██████████| 1065/1065 [00:00<00:00, 3959.78it/s]
-- encode-beat-13: phys 11.2/68.1GB, commit 38.8/115.3GB (load 16%)
[1/1] encoded beat 13 to C:\banyan-farm\ep2-b13-unfreezeB-0814\b13-embeds.pt (1, 1024, 188160)
{"peak_commit_gb": 40.9, "peak_phys_gb": 36.7, "last_stage": "encode-beat-13"}
==== step encode END rc=0 2026-08-14T19:39:09Z ====

==== step render START 2026-08-14T19:39:09Z ====
argv: ["C:\\banyan-video\\venv\\Scripts\\python.exe", "C:\\banyan-farm\\banyan-city\\pipeline\\ltx_i2v.py", "--stage", "render", "--jobs", "C:\\banyan-farm\\ep2-b13-unfreezeB-0814\\b13-jobs-render.json", "--size", "704x1280", "--frames", "97", "--fps", "24", "--guidance", "2.0", "--distilled-sigmas", "--two-stage", "--image-crf", "33", "--offload", "sequential", "--mode", "production", "--task", "ep2-b13-unfreezeB-0814", "--worker", "rtx5090", "--bench-jsonl", "C:\\banyan-farm\\ep2-b13-unfreezeB-0814\\bench-b13-remake.jsonl", "--bench-label", "ep2-b13-unfreezeB-0814"]
recipe: offload=sequential quantisation=none (bf16)
-- begin-render: phys 10.1/68.1GB, commit 12.0/115.3GB (load 14%)
transformer  C:\Users\artvn\.cache\huggingface\hub\models--diffusers--LTX-2.3-Distilled-Diffusers\snapshots\432e0d3c2d1769aaa4d295f9243f7062bf6b47ee [subfolder=transformer, bf16]
scheduler    C:\Users\artvn\.cache\huggingface\hub\models--diffusers--LTX-2.3-Distilled-Diffusers\snapshots\432e0d3c2d1769aaa4d295f9243f7062bf6b47ee [subfolder=scheduler, distilled]
other parts  C:\Users\artvn\.cache\huggingface\hub\models--diffusers--LTX-2.3-Diffusers\snapshots\8eee8edcf067e838b843f926ec4d4cc9b2be1aaf
-- load-transformer-bf16-38GB: phys 10.8/68.1GB, commit 13.8/115.3GB (load 15%)

Loading checkpoint shards:   0%|          | 0/8 [00:00<?, ?it/s]
Loading checkpoint shards:  12%|█▎        | 1/8 [00:00<00:00,  8.41it/s]
Loading checkpoint shards:  25%|██▌       | 2/8 [00:00<00:00,  9.23it/s]
Loading checkpoint shards:  50%|█████     | 4/8 [00:00<00:00,  8.27it/s]
Loading checkpoint shards: 100%|██████████| 8/8 [00:00<00:00, 16.46it/s]
Loading checkpoint shards: 100%|██████████| 8/8 [00:00<00:00, 13.67it/s]
-- load-connectors-12.7GB-and-vae: phys 10.9/68.1GB, commit 52.2/115.3GB (load 16%)

Loading checkpoint shards:   0%|          | 0/2 [00:00<?, ?it/s]
Loading checkpoint shards: 100%|██████████| 2/2 [00:00<00:00, 258.01it/s]
-- offload-setup-sequential: phys 10.9/68.1GB, commit 61.8/115.3GB (load 16%)
C:\banyan-video\venv\Lib\site-packages\accelerate\utils\modeling.py:345: UserWarning: expandable_segments not supported on this platform (Triggered internally at C:\actions-runner\_work\pytorch\pytorch\pytorch\c10/cuda/CUDAAllocatorConfig.h:39.)
  new_value = old_value.to(device, non_blocking=non_blocking)
conditioning still round-tripped through libx264 crf=33 -> C:\banyan-farm\ep2-b13-unfreezeB-0814\cond-crf-13.png
-- stage1-denoise-352x640-8steps: phys 11.8/68.1GB, commit 62.1/115.3GB (load 17%)

  0%|          | 0/8 [00:00<?, ?it/s]
 12%|█▎        | 1/8 [01:08<07:58, 68.42s/it]
 25%|██▌       | 2/8 [01:24<03:45, 37.55s/it]
 38%|███▊      | 3/8 [01:33<02:01, 24.39s/it]
 50%|█████     | 4/8 [01:41<01:12, 18.16s/it]
 62%|██████▎   | 5/8 [01:50<00:44, 14.94s/it]
 75%|███████▌  | 6/8 [01:59<00:25, 12.88s/it]
 88%|████████▊ | 7/8 [02:08<00:11, 11.46s/it]
100%|██████████| 8/8 [02:17<00:00, 10.69s/it]
100%|██████████| 8/8 [02:17<00:00, 17.17s/it]
stage1 latents (1, 128, 13, 20, 11)
-- upsample-2x-latent: phys 58.5/68.1GB, commit 64.9/115.3GB (load 85%)
There are modules in LTX2LatentUpsamplerModel that should be kept in float32: []. Casting directly with `to()` can lead to inconsistent results; set `torch_dtype` in `from_pretrained()` instead to keep these modules in float32.
upsampled latents (1, 128, 13, 40, 22)
-- stage2-refine-704x1280-3steps: phys 60.4/68.1GB, commit 68.0/115.3GB (load 88%)

  0%|          | 0/3 [00:00<?, ?it/s]
 33%|███▎      | 1/3 [00:24<00:48, 24.10s/it]
 67%|██████▋   | 2/3 [00:50<00:25, 25.24s/it]
100%|██████████| 3/3 [01:16<00:00, 25.61s/it]
100%|██████████| 3/3 [01:16<00:00, 25.39s/it]
-- decode-and-export: phys 64.1/68.1GB, commit 71.2/115.3GB (load 94%)
[1/1] wrote C:\banyan-farm\ep2-b13-unfreezeB-0814\13-remake-LTX-0813.mp4 in 236s (97 frames, 704x1280, 8@352x640+3@704x1280 steps, peak torch 9.9GB, device 2.6/26GB)
THROUGHPUT 0.0171 s(video)/s(wall) (1 x 4.042s of video in 236s)
bench row -> C:\banyan-farm\ep2-b13-unfreezeB-0814\bench-b13-remake.jsonl
{"sample_s": 236.2, "peak_gb": 9.9, "peak_commit_gb": 79.0, "frames": 97, "size": "704x1280", "steps": "8@352x640+3@704x1280", "batch": 1, "mode": "production", "throughput_s_per_s": 0.0171, "two_stage": true, "image_crf": 33, "offload": "sequential", "quantisation": null}
{"peak_commit_gb": 79.0, "peak_phys_gb": 64.5, "last_stage": "decode-and-export"}
==== step render END rc=0 2026-08-14T19:43:21Z ====

==== step publish START 2026-08-14T19:43:21Z ====
argv: ["C:\\banyan-farm\\venv\\Scripts\\python.exe", "-c", "import glob, hashlib, os, shutil\ndst = \"C:/banyan-farm/courier-box/farm-out/ep2-b13-unfreezeB\"\nos.makedirs(dst, exist_ok=True)\nsrc = sorted(glob.glob(\"C:/banyan-farm/ep2-b13-unfreezeB-0814/13-remake-LTX-0813.mp4*\")\n             + glob.glob(\"C:/banyan-farm/ep2-b13-unfreezeB-0814/b13-init-704x1280.png\")\n             + glob.glob(\"C:/banyan-farm/ep2-b13-unfreezeB-0814/bench-b13-remake.jsonl\"))\nlines = []\nfor f in src:\n    shutil.copy2(f, dst)\n    c = os.path.join(dst, os.path.basename(f))\n    with open(c, \"rb\") as fh:\n        h = hashlib.sha256(fh.read()).hexdigest()\n    lines.append(h + \"  \" + os.path.basename(f))\nwith open(os.path.join(dst, \"ep2-b13-unfreezeB-0814.sha256\"), \"w\", newline=\"\\n\") as fh:\n    fh.write(\"\\n\".join(lines) + \"\\n\")\nprint(\"published\", len(src), \"file(s) + manifest ->\", dst)\nraise SystemExit(0 if len(src) >= 2 else 1)\n"]
published 4 file(s) + manifest -> C:/banyan-farm/courier-box/farm-out/ep2-b13-unfreezeB
==== step publish END rc=0 2026-08-14T19:43:21Z ====
#### job ep2-b13-unfreezeB-0814-1786734244 finished rc=0 2026-08-14T19:43:21Z
