#### job ep2-b18-motion-0812-1786479750 attempt 1 start 2026-08-12T21:13:21Z

==== step crop START 2026-08-12T21:13:24Z ====
argv: ["C:\\banyan-farm\\venv\\Scripts\\python.exe", "C:\\banyan-farm\\ep2-b18-motion-0812\\cover_crop.py", "--src", "C:\\banyan-farm\\courier-box\\farm-out\\ep2-b18-plantneg-0812\\18-the-decision-wave1-s3.png", "--sha256", "ef48879d61fa93e4102b2d73714a9524b087f5ed72789657658e42a5303aef61", "--out", "C:\\banyan-farm\\ep2-b18-motion-0812\\b13-init-704x1280.png", "--size", "704x1280"]
src 832x1216 sha ef48879d61fa93e4102b2d73714a9524b087f5ed72789657658e42a5303aef61
cover-crop scale=1.0526 -> 876x1280, centre box (86,0)
WROTE C:\banyan-farm\ep2-b18-motion-0812\b13-init-704x1280.png
==== step crop END rc=0 2026-08-12T21:13:24Z ====

==== step encode START 2026-08-12T21:13:24Z ====
argv: ["C:\\banyan-video\\venv\\Scripts\\python.exe", "C:\\banyan-farm\\banyan-city\\pipeline\\ltx_i2v.py", "--stage", "encode", "--jobs", "C:\\banyan-farm\\ep2-b18-motion-0812\\b13-jobs-encode.json"]
-- begin-encode: phys 10.0/68.1GB, commit 11.5/115.3GB (load 14%)
loading text encoder from C:\Users\artvn\.cache\huggingface\hub\models--Lightricks--gemma-3-12b-it-qat-q4_0-unquantized\snapshots\d62fe4f1995ade703b49a0f3c0d0f161237ef437

Loading weights:   0%|          | 0/1065 [00:00<?, ?it/s]
Loading weights:  30%|██▉       | 316/1065 [00:00<00:00, 2861.63it/s]
Loading weights:  65%|██████▌   | 694/1065 [00:00<00:00, 3184.86it/s]
Loading weights: 100%|██████████| 1065/1065 [00:00<00:00, 3545.08it/s]
-- encode-beat-18: phys 11.2/68.1GB, commit 38.3/115.3GB (load 16%)
[1/1] encoded beat 18 to C:\banyan-farm\ep2-b18-motion-0812\b13-embeds.pt (1, 1024, 188160)
{"peak_commit_gb": 40.8, "peak_phys_gb": 37.0, "last_stage": "encode-beat-18"}
==== step encode END rc=0 2026-08-12T21:14:57Z ====

==== step render START 2026-08-12T21:14:57Z ====
argv: ["C:\\banyan-video\\venv\\Scripts\\python.exe", "C:\\banyan-farm\\banyan-city\\pipeline\\ltx_i2v.py", "--stage", "render", "--jobs", "C:\\banyan-farm\\ep2-b18-motion-0812\\b13-jobs-render.json", "--size", "704x1280", "--frames", "121", "--fps", "24", "--guidance", "2.0", "--distilled-sigmas", "--two-stage", "--image-crf", "33", "--offload", "sequential", "--mode", "production", "--task", "ep2-b18-motion-0812", "--worker", "rtx5090", "--bench-jsonl", "C:\\banyan-farm\\ep2-b18-motion-0812\\bench-b18-motion.jsonl", "--bench-label", "ep2-b18-motion-0812"]
recipe: offload=sequential quantisation=none (bf16)
-- begin-render: phys 10.0/68.1GB, commit 11.5/115.3GB (load 14%)
transformer  C:\Users\artvn\.cache\huggingface\hub\models--diffusers--LTX-2.3-Distilled-Diffusers\snapshots\432e0d3c2d1769aaa4d295f9243f7062bf6b47ee [subfolder=transformer, bf16]
scheduler    C:\Users\artvn\.cache\huggingface\hub\models--diffusers--LTX-2.3-Distilled-Diffusers\snapshots\432e0d3c2d1769aaa4d295f9243f7062bf6b47ee [subfolder=scheduler, distilled]
other parts  C:\Users\artvn\.cache\huggingface\hub\models--diffusers--LTX-2.3-Diffusers\snapshots\8eee8edcf067e838b843f926ec4d4cc9b2be1aaf
-- load-transformer-bf16-38GB: phys 10.8/68.1GB, commit 13.4/115.3GB (load 15%)

Loading checkpoint shards:   0%|          | 0/8 [00:00<?, ?it/s]
Loading checkpoint shards:  12%|█▎        | 1/8 [00:00<00:00,  9.23it/s]
Loading checkpoint shards:  25%|██▌       | 2/8 [00:00<00:00,  9.54it/s]
Loading checkpoint shards:  50%|█████     | 4/8 [00:00<00:00,  8.56it/s]
Loading checkpoint shards: 100%|██████████| 8/8 [00:00<00:00, 16.42it/s]
Loading checkpoint shards: 100%|██████████| 8/8 [00:00<00:00, 13.85it/s]
-- load-connectors-12.7GB-and-vae: phys 10.8/68.1GB, commit 51.7/115.3GB (load 15%)

Loading checkpoint shards:   0%|          | 0/2 [00:00<?, ?it/s]
Loading checkpoint shards: 100%|██████████| 2/2 [00:00<00:00, 249.74it/s]
-- offload-setup-sequential: phys 10.8/68.1GB, commit 61.3/115.3GB (load 15%)
C:\banyan-video\venv\Lib\site-packages\accelerate\utils\modeling.py:345: UserWarning: expandable_segments not supported on this platform (Triggered internally at C:\actions-runner\_work\pytorch\pytorch\pytorch\c10/cuda/CUDAAllocatorConfig.h:39.)
  new_value = old_value.to(device, non_blocking=non_blocking)
conditioning still round-tripped through libx264 crf=33 -> C:\banyan-farm\ep2-b18-motion-0812\cond-crf-18.png
-- stage1-denoise-352x640-8steps: phys 11.7/68.1GB, commit 61.7/115.3GB (load 17%)

  0%|          | 0/8 [00:00<?, ?it/s]
 12%|█▎        | 1/8 [01:08<07:59, 68.51s/it]
 25%|██▌       | 2/8 [01:21<03:36, 36.13s/it]
 38%|███▊      | 3/8 [01:31<02:00, 24.15s/it]
 50%|█████     | 4/8 [01:41<01:13, 18.44s/it]
 62%|██████▎   | 5/8 [01:51<00:46, 15.55s/it]
 75%|███████▌  | 6/8 [02:03<00:28, 14.01s/it]
 88%|████████▊ | 7/8 [02:12<00:12, 12.65s/it]
100%|██████████| 8/8 [02:22<00:00, 11.73s/it]
100%|██████████| 8/8 [02:22<00:00, 17.83s/it]
stage1 latents (1, 128, 16, 20, 11)
-- upsample-2x-latent: phys 55.8/68.1GB, commit 64.6/115.3GB (load 81%)
There are modules in LTX2LatentUpsamplerModel that should be kept in float32: []. Casting directly with `to()` can lead to inconsistent results; set `torch_dtype` in `from_pretrained()` instead to keep these modules in float32.
upsampled latents (1, 128, 16, 40, 22)
-- stage2-refine-704x1280-3steps: phys 57.7/68.1GB, commit 67.3/115.3GB (load 84%)

  0%|          | 0/3 [00:00<?, ?it/s]
 33%|███▎      | 1/3 [00:30<01:01, 30.84s/it]
 67%|██████▋   | 2/3 [01:04<00:32, 32.65s/it]
100%|██████████| 3/3 [01:38<00:00, 33.21s/it]
100%|██████████| 3/3 [01:38<00:00, 32.88s/it]
-- decode-and-export: phys 64.2/68.1GB, commit 71.4/115.3GB (load 94%)
[1/1] wrote C:\banyan-farm\ep2-b18-motion-0812\18-the-decision-LTX-motion-0812.mp4 in 264s (121 frames, 704x1280, 8@352x640+3@704x1280 steps, peak torch 12.0GB, device 3.1/26GB)
THROUGHPUT 0.0191 s(video)/s(wall) (1 x 5.042s of video in 264s)
bench row -> C:\banyan-farm\ep2-b18-motion-0812\bench-b18-motion.jsonl
{"sample_s": 264.4, "peak_gb": 12.0, "peak_commit_gb": 80.6, "frames": 121, "size": "704x1280", "steps": "8@352x640+3@704x1280", "batch": 1, "mode": "production", "throughput_s_per_s": 0.0191, "two_stage": true, "image_crf": 33, "offload": "sequential", "quantisation": null}
{"peak_commit_gb": 80.6, "peak_phys_gb": 64.4, "last_stage": "decode-and-export"}
==== step render END rc=0 2026-08-12T21:19:38Z ====

==== step publish START 2026-08-12T21:19:38Z ====
argv: ["C:\\banyan-farm\\venv\\Scripts\\python.exe", "-c", "import glob, hashlib, os, shutil\ndst = \"C:/banyan-farm/courier-box/farm-out/ep2-b18-motion\"\nos.makedirs(dst, exist_ok=True)\nsrc = sorted(glob.glob(\"C:/banyan-farm/ep2-b18-motion-0812/18-the-decision-LTX-motion-0812.mp4*\")\n             + glob.glob(\"C:/banyan-farm/ep2-b18-motion-0812/b13-init-704x1280.png\")\n             + glob.glob(\"C:/banyan-farm/ep2-b18-motion-0812/bench-b18-motion.jsonl\"))\nlines = []\nfor f in src:\n    shutil.copy2(f, dst)\n    c = os.path.join(dst, os.path.basename(f))\n    with open(c, \"rb\") as fh:\n        h = hashlib.sha256(fh.read()).hexdigest()\n    lines.append(h + \"  \" + os.path.basename(f))\nwith open(os.path.join(dst, \"ep2-b18-motion-0812.sha256\"), \"w\", newline=\"\\n\") as fh:\n    fh.write(\"\\n\".join(lines) + \"\\n\")\nprint(\"published\", len(src), \"file(s) + manifest ->\", dst)\nraise SystemExit(0 if len(src) >= 2 else 1)\n"]
published 4 file(s) + manifest -> C:/banyan-farm/courier-box/farm-out/ep2-b18-motion
==== step publish END rc=0 2026-08-12T21:19:38Z ====
#### job ep2-b18-motion-0812-1786479750 finished rc=0 2026-08-12T21:19:38Z
