Loading pipeline components...:  29%|██▊       | 2/7 [00:01<00:04,  1.07it/s]
Loading pipeline components...:  43%|████▎     | 3/7 [00:01<00:02,  1.70it/s]
Loading pipeline components...:  71%|███████▏  | 5/7 [00:02<00:00,  2.49it/s]
Loading pipeline components...: 100%|██████████| 7/7 [00:02<00:00,  2.90it/s]
C:\banyan-farm\venv\Lib\site-packages\torch\nn\modules\module.py:1370: UserWarning: expandable_segments not supported on this platform (Triggered internally at C:\actions-runner\_work\pytorch\pytorch\pytorch\c10/cuda/CUDAAllocatorConfig.h:39.)
  return t.to(
MODEL_LOADED cuda/bfloat16 in 5s

  0%|          | 0/40 [00:00<?, ?it/s]
  2%|▎         | 1/40 [00:00<00:18,  2.16it/s]
  5%|▌         | 2/40 [00:00<00:11,  3.21it/s]
  8%|▊         | 3/40 [00:00<00:09,  3.80it/s]
 10%|█         | 4/40 [00:01<00:09,  3.95it/s]
 12%|█▎        | 5/40 [00:01<00:08,  4.03it/s]
 15%|█▌        | 6/40 [00:01<00:08,  4.19it/s]
 18%|█▊        | 7/40 [00:01<00:07,  4.33it/s]
 20%|██        | 8/40 [00:02<00:07,  4.41it/s]
 22%|██▎       | 9/40 [00:02<00:07,  4.39it/s]
 25%|██▌       | 10/40 [00:02<00:06,  4.33it/s]
 28%|██▊       | 11/40 [00:02<00:06,  4.41it/s]
 30%|███       | 12/40 [00:02<00:06,  4.50it/s]
 32%|███▎      | 13/40 [00:03<00:06,  4.50it/s]
 35%|███▌      | 14/40 [00:03<00:05,  4.44it/s]
 38%|███▊      | 15/40 [00:03<00:05,  4.42it/s]
 40%|████      | 16/40 [00:03<00:05,  4.49it/s]
 42%|████▎     | 17/40 [00:04<00:05,  4.51it/s]
 45%|████▌     | 18/40 [00:04<00:04,  4.51it/s]
 48%|████▊     | 19/40 [00:04<00:04,  4.41it/s]
 50%|█████     | 20/40 [00:04<00:04,  4.54it/s]
 52%|█████▎    | 21/40 [00:04<00:04,  4.53it/s]
 55%|█████▌    | 22/40 [00:05<00:03,  4.53it/s]
 57%|█████▊    | 23/40 [00:05<00:03,  4.39it/s]
 60%|██████    | 24/40 [00:05<00:03,  4.42it/s]
 62%|██████▎   | 25/40 [00:05<00:03,  4.47it/s]
 65%|██████▌   | 26/40 [00:06<00:03,  4.51it/s]
 68%|██████▊   | 27/40 [00:06<00:02,  4.52it/s]
 70%|███████   | 28/40 [00:06<00:02,  4.42it/s]
 72%|███████▎  | 29/40 [00:06<00:02,  4.45it/s]
 75%|███████▌  | 30/40 [00:06<00:02,  4.57it/s]
 78%|███████▊  | 31/40 [00:07<00:02,  4.45it/s]
 80%|████████  | 32/40 [00:07<00:01,  4.48it/s]
 82%|████████▎ | 33/40 [00:07<00:01,  4.49it/s]
 85%|████████▌ | 34/40 [00:07<00:01,  4.49it/s]
 88%|████████▊ | 35/40 [00:08<00:01,  4.49it/s]
 90%|█████████ | 36/40 [00:08<00:00,  4.50it/s]
 92%|█████████▎| 37/40 [00:08<00:00,  4.41it/s]
 95%|█████████▌| 38/40 [00:08<00:00,  4.53it/s]
 98%|█████████▊| 39/40 [00:08<00:00,  4.53it/s]
100%|██████████| 40/40 [00:09<00:00,  4.43it/s]
100%|██████████| 40/40 [00:09<00:00,  4.37it/s]
   04-the-footnote-wave1-s0.png seed=20260723 10s  (1/4)

  0%|          | 0/40 [00:00<?, ?it/s]
  2%|▎         | 1/40 [00:00<00:07,  4.90it/s]
  5%|▌         | 2/40 [00:00<00:07,  4.88it/s]
  8%|▊         | 3/40 [00:00<00:07,  4.69it/s]
 10%|█         | 4/40 [00:00<00:08,  4.48it/s]
 12%|█▎        | 5/40 [00:01<00:07,  4.48it/s]
 15%|█▌        | 6/40 [00:01<00:07,  4.49it/s]
 18%|█▊        | 7/40 [00:01<00:07,  4.59it/s]
 20%|██        | 8/40 [00:01<00:07,  4.47it/s]
 22%|██▎       | 9/40 [00:01<00:07,  4.38it/s]
 25%|██▌       | 10/40 [00:02<00:06,  4.43it/s]
 28%|██▊       | 11/40 [00:02<00:06,  4.49it/s]
 30%|███       | 12/40 [00:02<00:06,  4.56it/s]
 32%|███▎      | 13/40 [00:02<00:06,  4.45it/s]
 35%|███▌      | 14/40 [00:03<00:05,  4.47it/s]
 38%|███▊      | 15/40 [00:03<00:05,  4.47it/s]
 40%|████      | 16/40 [00:03<00:05,  4.48it/s]
 42%|████▎     | 17/40 [00:03<00:05,  4.49it/s]
 45%|████▌     | 18/40 [00:04<00:05,  4.40it/s]
 48%|████▊     | 19/40 [00:04<00:04,  4.43it/s]
 50%|█████     | 20/40 [00:04<00:04,  4.55it/s]
 52%|█████▎    | 21/40 [00:04<00:04,  4.45it/s]
 55%|█████▌    | 22/40 [00:04<00:04,  4.47it/s]
 57%|█████▊    | 23/40 [00:05<00:03,  4.48it/s]
 60%|██████    | 24/40 [00:05<00:03,  4.48it/s]
 62%|██████▎   | 25/40 [00:05<00:03,  4.49it/s]
 65%|██████▌   | 26/40 [00:05<00:03,  4.50it/s]
 68%|██████▊   | 27/40 [00:06<00:02,  4.41it/s]
 70%|███████   | 28/40 [00:06<00:02,  4.43it/s]
 72%|███████▎  | 29/40 [00:06<00:02,  4.44it/s]
 75%|███████▌  | 30/40 [00:06<00:02,  4.47it/s]
 78%|███████▊  | 31/40 [00:06<00:02,  4.49it/s]
 80%|████████  | 32/40 [00:07<00:01,  4.50it/s]
 82%|████████▎ | 33/40 [00:07<00:01,  4.50it/s]
 85%|████████▌ | 34/40 [00:07<00:01,  4.40it/s]
 88%|████████▊ | 35/40 [00:07<00:01,  4.41it/s]
 90%|█████████ | 36/40 [00:08<00:00,  4.47it/s]
 92%|█████████▎| 37/40 [00:08<00:00,  4.45it/s]
 95%|█████████▌| 38/40 [00:08<00:00,  4.50it/s]
 98%|█████████▊| 39/40 [00:08<00:00,  4.51it/s]
100%|██████████| 40/40 [00:08<00:00,  4.42it/s]
100%|██████████| 40/40 [00:08<00:00,  4.48it/s]
   04-the-footnote-wave1-s1.png seed=20261723 9s  (2/4)

  0%|          | 0/40 [00:00<?, ?it/s]
  2%|▎         | 1/40 [00:00<00:07,  4.92it/s]
  5%|▌         | 2/40 [00:00<00:07,  4.88it/s]
  8%|▊         | 3/40 [00:00<00:07,  4.70it/s]
 10%|█         | 4/40 [00:00<00:08,  4.45it/s]
 12%|█▎        | 5/40 [00:01<00:07,  4.41it/s]
 15%|█▌        | 6/40 [00:01<00:07,  4.56it/s]
 18%|█▊        | 7/40 [00:01<00:07,  4.55it/s]
 20%|██        | 8/40 [00:01<00:07,  4.54it/s]
 22%|██▎       | 9/40 [00:02<00:07,  4.34it/s]
 25%|██▌       | 10/40 [00:02<00:06,  4.49it/s]
 28%|██▊       | 11/40 [00:02<00:06,  4.44it/s]
 30%|███       | 12/40 [00:02<00:06,  4.51it/s]
 32%|███▎      | 13/40 [00:02<00:06,  4.42it/s]
 35%|███▌      | 14/40 [00:03<00:05,  4.45it/s]
 38%|███▊      | 15/40 [00:03<00:05,  4.47it/s]
 40%|████      | 16/40 [00:03<00:05,  4.45it/s]
 42%|████▎     | 17/40 [00:03<00:05,  4.51it/s]
 45%|████▌     | 18/40 [00:04<00:04,  4.41it/s]
 48%|████▊     | 19/40 [00:04<00:04,  4.44it/s]
 50%|█████     | 20/40 [00:04<00:04,  4.46it/s]
 52%|█████▎    | 21/40 [00:04<00:04,  4.48it/s]
 55%|█████▌    | 22/40 [00:04<00:04,  4.39it/s]
 57%|█████▊    | 23/40 [00:05<00:03,  4.43it/s]
 60%|██████    | 24/40 [00:05<00:03,  4.45it/s]
 62%|██████▎   | 25/40 [00:05<00:03,  4.47it/s]
 65%|██████▌   | 26/40 [00:05<00:03,  4.49it/s]
 68%|██████▊   | 27/40 [00:06<00:02,  4.40it/s]
 70%|███████   | 28/40 [00:06<00:02,  4.43it/s]
 72%|███████▎  | 29/40 [00:06<00:02,  4.45it/s]
 75%|███████▌  | 30/40 [00:06<00:02,  4.48it/s]
 78%|███████▊  | 31/40 [00:06<00:02,  4.39it/s]
 80%|████████  | 32/40 [00:07<00:01,  4.42it/s]
 82%|████████▎ | 33/40 [00:07<00:01,  4.45it/s]
 85%|████████▌ | 34/40 [00:07<00:01,  4.47it/s]
 88%|████████▊ | 35/40 [00:07<00:01,  4.49it/s]
 90%|█████████ | 36/40 [00:08<00:00,  4.40it/s]
 92%|█████████▎| 37/40 [00:08<00:00,  4.44it/s]
 95%|█████████▌| 38/40 [00:08<00:00,  4.46it/s]
 98%|█████████▊| 39/40 [00:08<00:00,  4.48it/s]
100%|██████████| 40/40 [00:08<00:00,  4.49it/s]
100%|██████████| 40/40 [00:08<00:00,  4.47it/s]
   04-the-footnote-wave1-s2.png seed=20262723 9s  (3/4)

  0%|          | 0/40 [00:00<?, ?it/s]
  2%|▎         | 1/40 [00:00<00:07,  5.00it/s]
  5%|▌         | 2/40 [00:00<00:07,  4.90it/s]
  8%|▊         | 3/40 [00:00<00:07,  4.70it/s]
 10%|█         | 4/40 [00:00<00:08,  4.49it/s]
 12%|█▎        | 5/40 [00:01<00:07,  4.38it/s]
 15%|█▌        | 6/40 [00:01<00:07,  4.53it/s]
 18%|█▊        | 7/40 [00:01<00:07,  4.52it/s]
 20%|██        | 8/40 [00:01<00:07,  4.52it/s]
 22%|██▎       | 9/40 [00:02<00:07,  4.33it/s]
 25%|██▌       | 10/40 [00:02<00:06,  4.38it/s]
 28%|██▊       | 11/40 [00:02<00:06,  4.52it/s]
 30%|███       | 12/40 [00:02<00:06,  4.52it/s]
 32%|███▎      | 13/40 [00:02<00:06,  4.42it/s]
 35%|███▌      | 14/40 [00:03<00:05,  4.35it/s]
 38%|███▊      | 15/40 [00:03<00:05,  4.41it/s]
 40%|████      | 16/40 [00:03<00:05,  4.53it/s]
 42%|████▎     | 17/40 [00:03<00:05,  4.43it/s]
 45%|████▌     | 18/40 [00:04<00:05,  4.36it/s]
 48%|████▊     | 19/40 [00:04<00:04,  4.40it/s]
 50%|█████     | 20/40 [00:04<00:04,  4.53it/s]
 52%|█████▎    | 21/40 [00:04<00:04,  4.43it/s]
 55%|█████▌    | 22/40 [00:04<00:04,  4.45it/s]
 57%|█████▊    | 23/40 [00:05<00:03,  4.46it/s]
 60%|██████    | 24/40 [00:05<00:03,  4.41it/s]
 62%|██████▎   | 25/40 [00:05<00:03,  4.51it/s]
 65%|██████▌   | 26/40 [00:05<00:03,  4.39it/s]
 68%|██████▊   | 27/40 [00:06<00:02,  4.46it/s]
 70%|███████   | 28/40 [00:06<00:02,  4.48it/s]
 72%|███████▎  | 29/40 [00:06<00:02,  4.49it/s]
 75%|███████▌  | 30/40 [00:06<00:02,  4.41it/s]
 78%|███████▊  | 31/40 [00:06<00:02,  4.44it/s]
 80%|████████  | 32/40 [00:07<00:01,  4.45it/s]
 82%|████████▎ | 33/40 [00:07<00:01,  4.48it/s]
 85%|████████▌ | 34/40 [00:07<00:01,  4.40it/s]
 88%|████████▊ | 35/40 [00:07<00:01,  4.43it/s]
 90%|█████████ | 36/40 [00:08<00:00,  4.46it/s]
 92%|█████████▎| 37/40 [00:08<00:00,  4.38it/s]
 95%|█████████▌| 38/40 [00:08<00:00,  4.43it/s]
 98%|█████████▊| 39/40 [00:08<00:00,  4.45it/s]
100%|██████████| 40/40 [00:08<00:00,  4.47it/s]
100%|██████████| 40/40 [00:08<00:00,  4.46it/s]
   04-the-footnote-wave1-s3.png seed=20263723 9s  (4/4)

DONE 4 stills — ONE beat. The other fourteen wait on his verdict.
==== step sample END rc=0 2026-08-15T01:36:39Z ====

==== step publish START 2026-08-15T01:36:39Z ====
argv: ["C:\\banyan-farm\\venv\\Scripts\\python.exe", "-c", "import glob, hashlib, os, shutil\ndst = \"C:/banyan-farm/courier-box/farm-out/ep2-goblin-design-d6-0814\"\nos.makedirs(dst, exist_ok=True)\nsrc = sorted(glob.glob(\"C:/banyan-farm/wave-goblin-prep/out-goblin-design-d6/04-the-footnote-wave1-s*.*\"))\nlines = []\nfor f in src:\n    shutil.copy2(f, dst)\n    # Hash the COPY, not the original: what this records has to be the bytes\n    # that get committed, or the manifest attests to the wrong file.\n    c = os.path.join(dst, os.path.basename(f))\n    with open(c, \"rb\") as fh:\n        h = hashlib.sha256(fh.read()).hexdigest()\n    lines.append(h + \"  \" + os.path.basename(f))\n    print(\"   \", os.path.basename(f), h[:16])\nwith open(os.path.join(dst, \"ep2-goblin-design-d6-0814.sha256\"), \"w\", newline=\"\\n\") as fh:\n    fh.write(\"\\n\".join(lines) + \"\\n\")\nprint(\"published\", len(src), \"file(s) + manifest ->\", dst)\nraise SystemExit(0 if len(src) == 8 else 1)\n"]
    04-the-footnote-wave1-s0.png 70b35dbb6b18db06
    04-the-footnote-wave1-s0.yaml 383c5b94fc7582ab
    04-the-footnote-wave1-s1.png d59afeeee119a50d
    04-the-footnote-wave1-s1.yaml c2cd1c24754e7547
    04-the-footnote-wave1-s2.png a9161b2c03d80101
    04-the-footnote-wave1-s2.yaml 8c06f5fd8c83fd16
    04-the-footnote-wave1-s3.png 92e135645a3deb23
    04-the-footnote-wave1-s3.yaml b1f9e1f226b1a5a8
published 8 file(s) + manifest -> C:/banyan-farm/courier-box/farm-out/ep2-goblin-design-d6-0814
==== step publish END rc=0 2026-08-15T01:36:39Z ====
#### job ep2-goblin-design-d6-0814-1786757409 finished rc=0 2026-08-15T01:36:39Z
