#### job ep2-b17-amp2-point-0816-1786871305 attempt 1 start 2026-08-16T09:36:36Z

==== step crop START 2026-08-16T09:36:39Z ====
argv: ["C:\\banyan-farm\\venv\\Scripts\\python.exe", "C:\\banyan-farm\\ep2-b17-amp2-point-0816\\cover_crop.py", "--src", "C:\\banyan-farm\\courier-box\\farm-out\\ep2-b17-full-s1-0815\\b17-init-704x1280.png", "--sha256", "74e8eccf9653edadd9cdd70b419b9a325932bede3238ace06a2308fb95452a6a", "--out", "C:\\banyan-farm\\ep2-b17-amp2-point-0816\\b17-init-704x1280.png", "--size", "704x1280"]
src 704x1280 sha 74e8eccf9653edadd9cdd70b419b9a325932bede3238ace06a2308fb95452a6a
cover-crop scale=1.0000 -> 704x1280, centre box (0,0)
WROTE C:\banyan-farm\ep2-b17-amp2-point-0816\b17-init-704x1280.png
==== step crop END rc=0 2026-08-16T09:36:39Z ====

==== step encode START 2026-08-16T09:36:39Z ====
argv: ["C:\\banyan-video\\venv\\Scripts\\python.exe", "C:\\banyan-farm\\banyan-city\\pipeline\\ltx_i2v.py", "--stage", "encode", "--jobs", "C:\\banyan-farm\\ep2-b17-amp2-point-0816\\b17-jobs-encode.json"]
-- begin-encode: phys 9.9/68.1GB, commit 12.0/115.3GB (load 14%)
loading text encoder from C:\Users\artvn\.cache\huggingface\hub\models--Lightricks--gemma-3-12b-it-qat-q4_0-unquantized\snapshots\d62fe4f1995ade703b49a0f3c0d0f161237ef437

Loading weights:   0%|          | 0/1065 [00:00<?, ?it/s]
Loading weights:  30%|███       | 320/1065 [00:00<00:00, 2912.70it/s]
Loading weights:  62%|██████▏   | 657/1065 [00:00<00:00, 3007.74it/s]
Loading weights: 100%|██████████| 1065/1065 [00:00<00:00, 3391.80it/s]
-- encode-beat-17: phys 11.0/68.1GB, commit 38.8/115.3GB (load 16%)
[1/1] encoded beat 17 to C:\\banyan-farm\\ep2-b17-amp2-point-0816\\b17-embeds.pt (1, 1024, 188160)
{"peak_commit_gb": 41.2, "peak_phys_gb": 36.7, "last_stage": "encode-beat-17"}
==== step encode END rc=0 2026-08-16T09:38:10Z ====

==== step render START 2026-08-16T09:38:10Z ====
argv: ["C:\\banyan-video\\venv\\Scripts\\python.exe", "C:\\banyan-farm\\banyan-city\\pipeline\\ltx_i2v.py", "--stage", "render", "--jobs", "C:\\banyan-farm\\ep2-b17-amp2-point-0816\\b17-jobs-render.json", "--size", "704x1280", "--frames", "97", "--fps", "24", "--guidance", "2.0", "--distilled-sigmas", "--two-stage", "--image-crf", "33", "--offload", "sequential", "--mode", "production", "--task", "ep2-b17-amp2-point-0816", "--worker", "rtx5090", "--bench-jsonl", "C:\\banyan-farm\\ep2-b17-amp2-point-0816\\bench-amp2-point.jsonl", "--bench-label", "ep2-b17-amp2-point-0816"]
recipe: offload=sequential quantisation=none (bf16)
-- begin-render: phys 10.0/68.1GB, commit 12.1/115.3GB (load 14%)
transformer  C:\Users\artvn\.cache\huggingface\hub\models--diffusers--LTX-2.3-Distilled-Diffusers\snapshots\432e0d3c2d1769aaa4d295f9243f7062bf6b47ee [subfolder=transformer, bf16]
scheduler    C:\Users\artvn\.cache\huggingface\hub\models--diffusers--LTX-2.3-Distilled-Diffusers\snapshots\432e0d3c2d1769aaa4d295f9243f7062bf6b47ee [subfolder=scheduler, distilled]
other parts  C:\Users\artvn\.cache\huggingface\hub\models--diffusers--LTX-2.3-Diffusers\snapshots\8eee8edcf067e838b843f926ec4d4cc9b2be1aaf
-- load-transformer-bf16-38GB: phys 10.7/68.1GB, commit 14.0/115.3GB (load 15%)

Loading checkpoint shards:   0%|          | 0/8 [00:00<?, ?it/s]
Loading checkpoint shards:  12%|█▎        | 1/8 [00:00<00:00,  8.76it/s]
Loading checkpoint shards:  25%|██▌       | 2/8 [00:00<00:00,  9.31it/s]
Loading checkpoint shards:  50%|█████     | 4/8 [00:00<00:00,  8.86it/s]
Loading checkpoint shards: 100%|██████████| 8/8 [00:00<00:00, 16.84it/s]
Loading checkpoint shards: 100%|██████████| 8/8 [00:00<00:00, 14.11it/s]
-- load-connectors-12.7GB-and-vae: phys 10.7/68.1GB, commit 52.3/115.3GB (load 15%)

Loading checkpoint shards:   0%|          | 0/2 [00:00<?, ?it/s]
Loading checkpoint shards: 100%|██████████| 2/2 [00:00<00:00, 67.77it/s]
-- offload-setup-sequential: phys 10.7/68.1GB, commit 61.9/115.3GB (load 15%)
C:\banyan-video\venv\Lib\site-packages\accelerate\utils\modeling.py:345: UserWarning: expandable_segments not supported on this platform (Triggered internally at C:\actions-runner\_work\pytorch\pytorch\pytorch\c10/cuda/CUDAAllocatorConfig.h:39.)
  new_value = old_value.to(device, non_blocking=non_blocking)
conditioning still round-tripped through libx264 crf=33 -> C:\banyan-farm\ep2-b17-amp2-point-0816\cond-crf-17.png
-- stage1-denoise-352x640-8steps: phys 11.6/68.1GB, commit 62.2/115.3GB (load 17%)

  0%|          | 0/8 [00:00<?, ?it/s]
 12%|█▎        | 1/8 [01:09<08:08, 69.73s/it]
 25%|██▌       | 2/8 [01:23<03:39, 36.55s/it]
 38%|███▊      | 3/8 [01:31<01:59, 23.89s/it]
 50%|█████     | 4/8 [01:40<01:12, 18.01s/it]
 62%|██████▎   | 5/8 [01:49<00:44, 14.71s/it]
 75%|███████▌  | 6/8 [01:58<00:25, 12.52s/it]
 88%|████████▊ | 7/8 [02:06<00:11, 11.17s/it]
100%|██████████| 8/8 [02:15<00:00, 10.37s/it]
100%|██████████| 8/8 [02:15<00:00, 16.88s/it]
stage1 latents (1, 128, 13, 20, 11)
-- upsample-2x-latent: phys 54.5/68.1GB, commit 64.7/115.3GB (load 79%)
There are modules in LTX2LatentUpsamplerModel that should be kept in float32: []. Casting directly with `to()` can lead to inconsistent results; set `torch_dtype` in `from_pretrained()` instead to keep these modules in float32.
upsampled latents (1, 128, 13, 40, 22)
-- stage2-refine-704x1280-3steps: phys 57.1/68.1GB, commit 67.8/115.3GB (load 83%)

  0%|          | 0/3 [00:00<?, ?it/s]
 33%|███▎      | 1/3 [00:24<00:49, 24.55s/it]
 67%|██████▋   | 2/3 [00:50<00:25, 25.54s/it]
100%|██████████| 3/3 [01:18<00:00, 26.74s/it]
100%|██████████| 3/3 [01:18<00:00, 26.32s/it]
-- decode-and-export: phys 63.9/68.1GB, commit 71.0/115.3GB (load 93%)
[1/1] wrote C:\\banyan-farm\\ep2-b17-amp2-point-0816\\17-goodbye-LTX-amp2-point.mp4 in 237s (97 frames, 704x1280, 8@352x640+3@704x1280 steps, peak torch 9.9GB, device 2.6/26GB)
THROUGHPUT 0.0170 s(video)/s(wall) (1 x 4.042s of video in 237s)
bench row -> C:\banyan-farm\ep2-b17-amp2-point-0816\bench-amp2-point.jsonl
{"sample_s": 237.2, "peak_gb": 9.9, "peak_commit_gb": 78.8, "frames": 97, "size": "704x1280", "steps": "8@352x640+3@704x1280", "batch": 1, "mode": "production", "throughput_s_per_s": 0.017, "two_stage": true, "image_crf": 33, "offload": "sequential", "quantisation": null}
{"peak_commit_gb": 78.8, "peak_phys_gb": 63.7, "last_stage": "decode-and-export"}
==== step render END rc=0 2026-08-16T09:42:24Z ====

==== step publish START 2026-08-16T09:42:24Z ====
argv: ["C:\\banyan-farm\\venv\\Scripts\\python.exe", "-c", "# THE GLOB CARRIES THE BEAT SLUG (17-goodbye). Without it the glob matches\n# nothing and the step publishes nothing while returning a code that reads\n# like a render failure.\nimport glob, hashlib, os, shutil\nsrc_dir = \"C:/banyan-farm/ep2-b17-amp2-point-0816\"\ndst = \"C:/banyan-farm/courier-box/farm-out/ep2-b17-amp2-point-0816\"\nos.makedirs(dst, exist_ok=True)\nsrc = sorted(glob.glob(src_dir + \"/17-goodbye-LTX-amp2-point.mp4*\")\n             + glob.glob(src_dir + \"/b17-init-704x1280.png\")\n             + glob.glob(src_dir + \"/bench-amp2-point.jsonl\"))\nlines = []\nfor f in src:\n    shutil.copy2(f, dst)\n    c = os.path.join(dst, os.path.basename(f))\n    with open(c, \"rb\") as fh:\n        h = hashlib.sha256(fh.read()).hexdigest()\n    lines.append(h + \"  \" + os.path.basename(f))\nwith open(os.path.join(dst, \"ep2-b17-amp2-point-0816.sha256\"), \"w\", newline=\"\\n\") as fh:\n    fh.write(\"\\n\".join(lines) + \"\\n\")\nprint(\"published\", len(src), \"file(s) + manifest ->\", dst)\nraise SystemExit(0 if len(src) >= 2 else 1)\n"]
published 4 file(s) + manifest -> C:/banyan-farm/courier-box/farm-out/ep2-b17-amp2-point-0816
==== step publish END rc=0 2026-08-16T09:42:24Z ====
#### job ep2-b17-amp2-point-0816-1786871305 finished rc=0 2026-08-16T09:42:24Z
