#### job ep2-b13-leafB-0813-1786627788 attempt 1 start 2026-08-13T15:30:52Z

==== step crop START 2026-08-13T15:30:56Z ====
argv: ["C:\\banyan-farm\\venv\\Scripts\\python.exe", "C:\\banyan-farm\\ep2-b13-leafB-0813\\cover_crop.py", "--src", "C:\\banyan-farm\\goblin-ipa-0812\\out-b13-frozen\\13-the-shade-ipa-r0-w015-s1.png", "--sha256", "5065fb22b54d845ba215bca0bc99d7e82d550231e4778eadd855433d080bd8b6", "--out", "C:\\banyan-farm\\ep2-b13-leafB-0813\\b13-init-704x1280.png", "--size", "704x1280"]
src 832x1216 sha 5065fb22b54d845ba215bca0bc99d7e82d550231e4778eadd855433d080bd8b6
cover-crop scale=1.0526 -> 876x1280, centre box (86,0)
WROTE C:\banyan-farm\ep2-b13-leafB-0813\b13-init-704x1280.png
==== step crop END rc=0 2026-08-13T15:30:56Z ====

==== step encode START 2026-08-13T15:30:56Z ====
argv: ["C:\\banyan-video\\venv\\Scripts\\python.exe", "C:\\banyan-farm\\banyan-city\\pipeline\\ltx_i2v.py", "--stage", "encode", "--jobs", "C:\\banyan-farm\\ep2-b13-leafB-0813\\b13-jobs-encode.json"]
-- begin-encode: phys 9.8/68.1GB, commit 11.8/115.3GB (load 14%)
loading text encoder from C:\Users\artvn\.cache\huggingface\hub\models--Lightricks--gemma-3-12b-it-qat-q4_0-unquantized\snapshots\d62fe4f1995ade703b49a0f3c0d0f161237ef437

Loading weights:   0%|          | 0/1065 [00:00<?, ?it/s]
Loading weights:  28%|██▊       | 303/1065 [00:00<00:00, 2738.57it/s]
Loading weights:  61%|██████    | 652/1065 [00:00<00:00, 2981.58it/s]
Loading weights: 100%|██████████| 1065/1065 [00:00<00:00, 4215.08it/s]
-- encode-beat-13: phys 11.0/68.1GB, commit 38.5/115.3GB (load 16%)
[1/1] encoded beat 13 to C:\banyan-farm\ep2-b13-leafB-0813\b13-embeds.pt (1, 1024, 188160)
{"peak_commit_gb": 40.7, "peak_phys_gb": 36.5, "last_stage": "encode-beat-13"}
==== step encode END rc=0 2026-08-13T15:32:27Z ====

==== step render START 2026-08-13T15:32:27Z ====
argv: ["C:\\banyan-video\\venv\\Scripts\\python.exe", "C:\\banyan-farm\\banyan-city\\pipeline\\ltx_i2v.py", "--stage", "render", "--jobs", "C:\\banyan-farm\\ep2-b13-leafB-0813\\b13-jobs-render.json", "--size", "704x1280", "--frames", "97", "--fps", "24", "--guidance", "2.0", "--distilled-sigmas", "--two-stage", "--image-crf", "33", "--offload", "sequential", "--mode", "production", "--task", "ep2-b13-leafB-0813", "--worker", "rtx5090", "--bench-jsonl", "C:\\banyan-farm\\ep2-b13-leafB-0813\\bench-b13-leafB.jsonl", "--bench-label", "ep2-b13-leafB-0813"]
recipe: offload=sequential quantisation=none (bf16)
-- begin-render: phys 9.9/68.1GB, commit 11.8/115.3GB (load 14%)
transformer  C:\Users\artvn\.cache\huggingface\hub\models--diffusers--LTX-2.3-Distilled-Diffusers\snapshots\432e0d3c2d1769aaa4d295f9243f7062bf6b47ee [subfolder=transformer, bf16]
scheduler    C:\Users\artvn\.cache\huggingface\hub\models--diffusers--LTX-2.3-Distilled-Diffusers\snapshots\432e0d3c2d1769aaa4d295f9243f7062bf6b47ee [subfolder=scheduler, distilled]
other parts  C:\Users\artvn\.cache\huggingface\hub\models--diffusers--LTX-2.3-Diffusers\snapshots\8eee8edcf067e838b843f926ec4d4cc9b2be1aaf
-- load-transformer-bf16-38GB: phys 10.6/68.1GB, commit 13.6/115.3GB (load 15%)

Loading checkpoint shards:   0%|          | 0/8 [00:00<?, ?it/s]
Loading checkpoint shards:  12%|█▎        | 1/8 [00:00<00:00,  8.54it/s]
Loading checkpoint shards:  25%|██▌       | 2/8 [00:00<00:00,  8.93it/s]
Loading checkpoint shards:  50%|█████     | 4/8 [00:00<00:00,  9.23it/s]
Loading checkpoint shards: 100%|██████████| 8/8 [00:00<00:00, 17.55it/s]
Loading checkpoint shards: 100%|██████████| 8/8 [00:00<00:00, 14.52it/s]
-- load-connectors-12.7GB-and-vae: phys 10.6/68.1GB, commit 51.9/115.3GB (load 15%)

Loading checkpoint shards:   0%|          | 0/2 [00:00<?, ?it/s]
Loading checkpoint shards: 100%|██████████| 2/2 [00:00<00:00, 64.04it/s]
-- offload-setup-sequential: phys 10.7/68.1GB, commit 61.6/115.3GB (load 15%)
C:\banyan-video\venv\Lib\site-packages\accelerate\utils\modeling.py:345: UserWarning: expandable_segments not supported on this platform (Triggered internally at C:\actions-runner\_work\pytorch\pytorch\pytorch\c10/cuda/CUDAAllocatorConfig.h:39.)
  new_value = old_value.to(device, non_blocking=non_blocking)
conditioning still round-tripped through libx264 crf=33 -> C:\banyan-farm\ep2-b13-leafB-0813\cond-crf-13.png
-- stage1-denoise-352x640-8steps: phys 11.5/68.1GB, commit 61.9/115.3GB (load 16%)

  0%|          | 0/8 [00:00<?, ?it/s]
 12%|█▎        | 1/8 [01:08<07:57, 68.18s/it]
 25%|██▌       | 2/8 [01:21<03:34, 35.67s/it]
 38%|███▊      | 3/8 [01:29<01:57, 23.41s/it]
 50%|█████     | 4/8 [01:38<01:10, 17.66s/it]
 62%|██████▎   | 5/8 [01:49<00:45, 15.00s/it]
 75%|███████▌  | 6/8 [01:57<00:25, 12.88s/it]
 88%|████████▊ | 7/8 [02:06<00:11, 11.48s/it]
100%|██████████| 8/8 [02:15<00:00, 10.63s/it]
100%|██████████| 8/8 [02:15<00:00, 16.90s/it]
stage1 latents (1, 128, 13, 20, 11)
-- upsample-2x-latent: phys 55.4/68.1GB, commit 64.5/115.3GB (load 81%)
There are modules in LTX2LatentUpsamplerModel that should be kept in float32: []. Casting directly with `to()` can lead to inconsistent results; set `torch_dtype` in `from_pretrained()` instead to keep these modules in float32.
upsampled latents (1, 128, 13, 40, 22)
-- stage2-refine-704x1280-3steps: phys 58.5/68.1GB, commit 67.5/115.3GB (load 85%)

  0%|          | 0/3 [00:00<?, ?it/s]
 33%|███▎      | 1/3 [00:24<00:48, 24.37s/it]
 67%|██████▋   | 2/3 [00:50<00:25, 25.63s/it]
100%|██████████| 3/3 [01:17<00:00, 25.99s/it]
100%|██████████| 3/3 [01:17<00:00, 25.77s/it]
-- decode-and-export: phys 63.8/68.1GB, commit 70.7/115.3GB (load 93%)
[1/1] wrote C:\banyan-farm\ep2-b13-leafB-0813\13-the-shade-LTX-leafB-0813.mp4 in 235s (97 frames, 704x1280, 8@352x640+3@704x1280 steps, peak torch 9.9GB, device 2.6/26GB)
THROUGHPUT 0.0172 s(video)/s(wall) (1 x 4.042s of video in 235s)
bench row -> C:\banyan-farm\ep2-b13-leafB-0813\bench-b13-leafB.jsonl
{"sample_s": 234.9, "peak_gb": 9.9, "peak_commit_gb": 78.5, "frames": 97, "size": "704x1280", "steps": "8@352x640+3@704x1280", "batch": 1, "mode": "production", "throughput_s_per_s": 0.0172, "two_stage": true, "image_crf": 33, "offload": "sequential", "quantisation": null}
{"peak_commit_gb": 78.5, "peak_phys_gb": 64.1, "last_stage": "decode-and-export"}
==== step render END rc=0 2026-08-13T15:36:38Z ====

==== step publish START 2026-08-13T15:36:38Z ====
argv: ["C:\\banyan-farm\\venv\\Scripts\\python.exe", "-c", "import glob, hashlib, os, shutil\ndst = \"C:/banyan-farm/courier-box/farm-out/ep2-b13-leafB\"\nos.makedirs(dst, exist_ok=True)\nsrc = sorted(glob.glob(\"C:/banyan-farm/ep2-b13-leafB-0813/13-the-shade-LTX-leafB-0813.mp4*\")\n             + glob.glob(\"C:/banyan-farm/ep2-b13-leafB-0813/b13-init-704x1280.png\")\n             + glob.glob(\"C:/banyan-farm/ep2-b13-leafB-0813/bench-b13-leafB.jsonl\"))\nlines = []\nfor f in src:\n    shutil.copy2(f, dst)\n    c = os.path.join(dst, os.path.basename(f))\n    with open(c, \"rb\") as fh:\n        h = hashlib.sha256(fh.read()).hexdigest()\n    lines.append(h + \"  \" + os.path.basename(f))\nwith open(os.path.join(dst, \"ep2-b13-leafB-0813.sha256\"), \"w\", newline=\"\\n\") as fh:\n    fh.write(\"\\n\".join(lines) + \"\\n\")\nprint(\"published\", len(src), \"file(s) + manifest ->\", dst)\nraise SystemExit(0 if len(src) >= 2 else 1)\n"]
published 4 file(s) + manifest -> C:/banyan-farm/courier-box/farm-out/ep2-b13-leafB
==== step publish END rc=0 2026-08-13T15:36:38Z ====
#### job ep2-b13-leafB-0813-1786627788 finished rc=0 2026-08-13T15:36:38Z
