#### job ep2-b09-pause-49fC-0815-1786795475 attempt 1 start 2026-08-15T12:05:50Z

==== step crop START 2026-08-15T12:06:11Z ====
argv: ["C:\\banyan-farm\\venv\\Scripts\\python.exe", "C:\\banyan-farm\\ep2-b09-pause-49fC-0815\\cover_crop.py", "--src", "C:\\banyan-farm\\courier-box\\farm-out\\ep2-b09-scene4-0815\\09-the-pause-ipa-r1-w015-s0.png", "--sha256", "5933634674cc603b89f86ea728ba78235f3a97265b1f08d7e5debb8d22bdbbc7", "--out", "C:\\banyan-farm\\ep2-b09-pause-49fC-0815\\b09-init-704x1280.png", "--size", "704x1280"]
src 832x1216 sha 5933634674cc603b89f86ea728ba78235f3a97265b1f08d7e5debb8d22bdbbc7
cover-crop scale=1.0526 -> 876x1280, centre box (86,0)
WROTE C:\banyan-farm\ep2-b09-pause-49fC-0815\b09-init-704x1280.png
==== step crop END rc=0 2026-08-15T12:06:12Z ====

==== step encode START 2026-08-15T12:06:12Z ====
argv: ["C:\\banyan-video\\venv\\Scripts\\python.exe", "C:\\banyan-farm\\banyan-city\\pipeline\\ltx_i2v.py", "--stage", "encode", "--jobs", "C:\\banyan-farm\\ep2-b09-pause-49fC-0815\\b09-jobs-encode.json"]
-- begin-encode: phys 10.2/68.1GB, commit 12.0/115.3GB (load 14%)
loading text encoder from C:\Users\artvn\.cache\huggingface\hub\models--Lightricks--gemma-3-12b-it-qat-q4_0-unquantized\snapshots\d62fe4f1995ade703b49a0f3c0d0f161237ef437

Loading weights:   0%|          | 0/1065 [00:00<?, ?it/s]
Loading weights:  36%|███▋      | 387/1065 [00:00<00:00, 3496.30it/s]
Loading weights:  73%|███████▎  | 776/1065 [00:00<00:00, 3505.59it/s]
Loading weights: 100%|██████████| 1065/1065 [00:00<00:00, 3739.58it/s]
-- encode-beat-09: phys 11.4/68.1GB, commit 38.8/115.3GB (load 16%)
[1/1] encoded beat 9 to C:\banyan-farm\ep2-b09-pause-49fC-0815\b09-embeds.pt (1, 1024, 188160)
{"peak_commit_gb": 41.3, "peak_phys_gb": 37.2, "last_stage": "encode-beat-09"}
==== step encode END rc=0 2026-08-15T12:07:43Z ====

==== step render START 2026-08-15T12:07:43Z ====
argv: ["C:\\banyan-video\\venv\\Scripts\\python.exe", "C:\\banyan-farm\\banyan-city\\pipeline\\ltx_i2v.py", "--stage", "render", "--jobs", "C:\\banyan-farm\\ep2-b09-pause-49fC-0815\\b09-jobs-render.json", "--size", "704x1280", "--frames", "49", "--fps", "24", "--guidance", "2.0", "--distilled-sigmas", "--two-stage", "--image-crf", "33", "--offload", "sequential", "--mode", "production", "--task", "ep2-b09-pause-49fC-0815", "--worker", "rtx5090", "--bench-jsonl", "C:\\banyan-farm\\ep2-b09-pause-49fC-0815\\bench-b09-pause-c.jsonl", "--bench-label", "ep2-b09-pause-49fC-0815"]
recipe: offload=sequential quantisation=none (bf16)
-- begin-render: phys 10.2/68.1GB, commit 12.0/115.3GB (load 15%)
transformer  C:\Users\artvn\.cache\huggingface\hub\models--diffusers--LTX-2.3-Distilled-Diffusers\snapshots\432e0d3c2d1769aaa4d295f9243f7062bf6b47ee [subfolder=transformer, bf16]
scheduler    C:\Users\artvn\.cache\huggingface\hub\models--diffusers--LTX-2.3-Distilled-Diffusers\snapshots\432e0d3c2d1769aaa4d295f9243f7062bf6b47ee [subfolder=scheduler, distilled]
other parts  C:\Users\artvn\.cache\huggingface\hub\models--diffusers--LTX-2.3-Diffusers\snapshots\8eee8edcf067e838b843f926ec4d4cc9b2be1aaf
-- load-transformer-bf16-38GB: phys 10.9/68.1GB, commit 13.8/115.3GB (load 16%)

Loading checkpoint shards:   0%|          | 0/8 [00:00<?, ?it/s]
Loading checkpoint shards:  12%|█▎        | 1/8 [00:00<00:00,  9.23it/s]
Loading checkpoint shards:  25%|██▌       | 2/8 [00:00<00:00,  9.44it/s]
Loading checkpoint shards:  50%|█████     | 4/8 [00:00<00:00,  8.93it/s]
Loading checkpoint shards:  88%|████████▊ | 7/8 [00:00<00:00, 14.94it/s]
Loading checkpoint shards: 100%|██████████| 8/8 [00:00<00:00, 13.94it/s]
-- load-connectors-12.7GB-and-vae: phys 11.0/68.1GB, commit 52.2/115.3GB (load 16%)

Loading checkpoint shards:   0%|          | 0/2 [00:00<?, ?it/s]
Loading checkpoint shards: 100%|██████████| 2/2 [00:00<00:00, 63.46it/s]
-- offload-setup-sequential: phys 11.0/68.1GB, commit 61.8/115.3GB (load 16%)
C:\banyan-video\venv\Lib\site-packages\accelerate\utils\modeling.py:345: UserWarning: expandable_segments not supported on this platform (Triggered internally at C:\actions-runner\_work\pytorch\pytorch\pytorch\c10/cuda/CUDAAllocatorConfig.h:39.)
  new_value = old_value.to(device, non_blocking=non_blocking)
conditioning still round-tripped through libx264 crf=33 -> C:\banyan-farm\ep2-b09-pause-49fC-0815\cond-crf-09.png
-- stage1-denoise-352x640-8steps: phys 11.9/68.1GB, commit 62.1/115.3GB (load 17%)

  0%|          | 0/8 [00:00<?, ?it/s]
 12%|█▎        | 1/8 [01:16<08:57, 76.74s/it]
 25%|██▌       | 2/8 [01:27<03:46, 37.81s/it]
 38%|███▊      | 3/8 [01:33<01:57, 23.54s/it]
 50%|█████     | 4/8 [01:41<01:08, 17.12s/it]
 62%|██████▎   | 5/8 [01:48<00:40, 13.65s/it]
 75%|███████▌  | 6/8 [01:55<00:22, 11.49s/it]
 88%|████████▊ | 7/8 [02:02<00:09,  9.99s/it]
100%|██████████| 8/8 [02:09<00:00,  8.99s/it]
100%|██████████| 8/8 [02:09<00:00, 16.21s/it]
stage1 latents (1, 128, 7, 20, 11)
-- upsample-2x-latent: phys 58.4/68.1GB, commit 64.2/115.3GB (load 85%)
There are modules in LTX2LatentUpsamplerModel that should be kept in float32: []. Casting directly with `to()` can lead to inconsistent results; set `torch_dtype` in `from_pretrained()` instead to keep these modules in float32.
upsampled latents (1, 128, 7, 40, 22)
-- stage2-refine-704x1280-3steps: phys 59.9/68.1GB, commit 67.7/115.3GB (load 87%)

  0%|          | 0/3 [00:00<?, ?it/s]
 33%|███▎      | 1/3 [00:14<00:28, 14.26s/it]
 67%|██████▋   | 2/3 [00:29<00:15, 15.05s/it]
100%|██████████| 3/3 [00:46<00:00, 15.66s/it]
100%|██████████| 3/3 [00:46<00:00, 15.42s/it]
-- decode-and-export: phys 63.4/68.1GB, commit 70.3/115.3GB (load 93%)
[1/1] wrote C:\banyan-farm\ep2-b09-pause-49fC-0815\09-the-pause-LTX-pause-c.mp4 in 196s (49 frames, 704x1280, 8@352x640+3@704x1280 steps, peak torch 5.8GB, device 2.6/26GB)
THROUGHPUT 0.0104 s(video)/s(wall) (1 x 2.042s of video in 196s)
bench row -> C:\banyan-farm\ep2-b09-pause-49fC-0815\bench-b09-pause-c.jsonl
{"sample_s": 195.6, "peak_gb": 5.8, "peak_commit_gb": 74.7, "frames": 49, "size": "704x1280", "steps": "8@352x640+3@704x1280", "batch": 1, "mode": "production", "throughput_s_per_s": 0.0104, "two_stage": true, "image_crf": 33, "offload": "sequential", "quantisation": null}
{"peak_commit_gb": 74.7, "peak_phys_gb": 63.4, "last_stage": "decode-and-export"}
==== step render END rc=0 2026-08-15T12:11:14Z ====

==== step publish START 2026-08-15T12:11:14Z ====
argv: ["C:\\banyan-farm\\venv\\Scripts\\python.exe", "-c", "# THE GLOB CARRIES THE BEAT SLUG (09-the-pause). Without it the glob matches\n# nothing and the step publishes nothing while returning a code that reads like\n# a render failure.\nimport glob, hashlib, os, shutil\nsrc_dir = \"C:/banyan-farm/ep2-b09-pause-49fC-0815\"\ndst = \"C:/banyan-farm/courier-box/farm-out/ep2-b09-pause-49fC-0815\"\nos.makedirs(dst, exist_ok=True)\nsrc = sorted(glob.glob(src_dir + \"/09-the-pause-LTX-pause-c.mp4*\")\n             + glob.glob(src_dir + \"/b09-init-704x1280.png\")\n             + glob.glob(src_dir + \"/bench-b09-pause-c.jsonl\"))\nlines = []\nfor f in src:\n    shutil.copy2(f, dst)\n    c = os.path.join(dst, os.path.basename(f))\n    with open(c, \"rb\") as fh:\n        h = hashlib.sha256(fh.read()).hexdigest()\n    lines.append(h + \"  \" + os.path.basename(f))\nwith open(os.path.join(dst, \"ep2-b09-pause-49fC-0815.sha256\"), \"w\", newline=\"\\n\") as fh:\n    fh.write(\"\\n\".join(lines) + \"\\n\")\nprint(\"published\", len(src), \"file(s) + manifest ->\", dst)\nraise SystemExit(0 if len(src) >= 2 else 1)\n"]
published 4 file(s) + manifest -> C:/banyan-farm/courier-box/farm-out/ep2-b09-pause-49fC-0815
==== step publish END rc=0 2026-08-15T12:11:14Z ====
#### job ep2-b09-pause-49fC-0815-1786795475 finished rc=0 2026-08-15T12:11:14Z
