#### job ep2-guardcast5-i-0822-1787394023 attempt 1 start 2026-08-22T10:25:18Z

==== step stage START 2026-08-22T10:25:18Z ====
argv: ["C:\\banyan-farm\\venv\\Scripts\\python.exe", "-c", "import hashlib, os, urllib.request\nbase = \"https://raw.githubusercontent.com/olegmalk/banyan-city/main/\"\nroot = r\"C:\\banyan-farm\\ep2-guardcast5-i-0822\\src\"\nwant = [(\"controlnet_plate.py\", os.path.join(root, \"pipeline\"),\n         \"70bacd45515b16c016bb423dfcc805782b5fef6687129e899ff48fda7394311e\")]\nfor name, dst, sha in want:\n    os.makedirs(dst, exist_ok=True)\n    with urllib.request.urlopen(base + \"pipeline/\" + name, timeout=120) as r:\n        blob = r.read()\n    got = hashlib.sha256(blob).hexdigest()\n    if got != sha:\n        raise SystemExit(\"!! %s sha %s, wanted %s\" % (name, got, sha))\n    with open(os.path.join(dst, name), \"wb\") as fh:\n        fh.write(blob)\n    print(\"staged\", name, got[:12])\n"]
staged controlnet_plate.py 70bacd45515b
==== step stage END rc=0 2026-08-22T10:25:19Z ====

==== step cast START 2026-08-22T10:25:19Z ====
argv: ["C:\\banyan-farm\\venv\\Scripts\\python.exe", "C:\\banyan-farm\\ep2-guardcast5-i-0822\\src\\pipeline\\controlnet_plate.py", "--root", "C:\\banyan-farm\\ep2-guardcast5-i-0822\\src", "--task", "ep2-guardcast5-i-0822", "--arm", "nocontrol", "--seed", "20268725", "--steps", "40", "--cfg", "7.5", "--width", "832", "--height", "1216", "--prompt-file", "C:\\banyan-farm\\ep2-guardcast5-i-0822\\prompt.txt", "--negative-file", "C:\\banyan-farm\\ep2-guardcast5-i-0822\\negative.txt", "--out", "C:\\banyan-farm\\ep2-guardcast5-i-0822\\out"]
  prompt tokens: 76 (limit 77)
  negative tokens: 75 (limit 77)
C:\banyan-farm\venv\Lib\site-packages\diffusers\models\vq_model.py:20: FutureWarning: `VQEncoderOutput` is deprecated and will be removed in version 0.31. Importing `VQEncoderOutput` from `diffusers.models.vq_model` is deprecated and this will be removed in a future version. Please use `from diffusers.models.autoencoders.vq_model import VQEncoderOutput`, instead.
  deprecate("VQEncoderOutput", "0.31", deprecation_message)
C:\banyan-farm\venv\Lib\site-packages\diffusers\models\vq_model.py:25: FutureWarning: `VQModel` is deprecated and will be removed in version 0.31. Importing `VQModel` from `diffusers.models.vq_model` is deprecated and this will be removed in a future version. Please use `from diffusers.models.autoencoders.vq_model import VQModel`, instead.
  deprecate("VQModel", "0.31", deprecation_message)
Couldn't connect to the Hub: Cannot reach https://huggingface.co/api/models/cagliostrolab/animagine-xl-3.1: offline mode is enabled. To disable it, please unset the `HF_HUB_OFFLINE` environment variable..
Will try to load from local cache.

Loading pipeline components...:   0%|          | 0/7 [00:00<?, ?it/s]
Loading pipeline components...:  14%|█▍        | 1/7 [00:00<00:00,  6.18it/s]
Loading pipeline components...:  29%|██▊       | 2/7 [00:01<00:04,  1.03it/s]
Loading pipeline components...:  71%|███████▏  | 5/7 [00:02<00:00,  2.38it/s]
Loading pipeline components...: 100%|██████████| 7/7 [00:02<00:00,  2.92it/s]
C:\banyan-farm\venv\Lib\site-packages\torch\nn\modules\module.py:1370: UserWarning: expandable_segments not supported on this platform (Triggered internally at C:\actions-runner\_work\pytorch\pytorch\pytorch\c10/cuda/CUDAAllocatorConfig.h:39.)
  return t.to(
OK ep2-guardcast5-i-0822-nocontrol.png load=4.8s render=9.6s
rc=0
==== step cast END rc=0 2026-08-22T10:25:36Z ====

==== step publish START 2026-08-22T10:25:36Z ====
argv: ["C:\\banyan-farm\\venv\\Scripts\\python.exe", "-c", "# The courier pushes from farm-out and from nowhere else.\n# The CONDITIONS travel with the frame: prompt and negative go too, so\n# the sheet can be re-read months from now without this spec in hand.\nimport glob, hashlib, os, shutil\ndst = \"C:/banyan-farm/courier-box/farm-out/ep2-guardcast5-i-0822\"\nos.makedirs(dst, exist_ok=True)\nfiles = sorted(glob.glob(\"C:/banyan-farm/ep2-guardcast5-i-0822/out/ep2-guardcast5-i-0822-nocontrol.png*\")\n               + glob.glob(\"C:/banyan-farm/ep2-guardcast5-i-0822/prompt.txt\")\n               + glob.glob(\"C:/banyan-farm/ep2-guardcast5-i-0822/negative.txt\"))\nlines = []\nfor f in files:\n    shutil.copy2(f, dst)\n    c = os.path.join(dst, os.path.basename(f))\n    with open(c, \"rb\") as fh:\n        lines.append(hashlib.sha256(fh.read()).hexdigest() + \"  \"\n                     + os.path.basename(f))\nwith open(os.path.join(dst, \"ep2-guardcast5-i-0822.sha256\"), \"w\", newline=\"\\n\") as fh:\n    fh.write(\"\\n\".join(sorted(lines)) + \"\\n\")\nprint(\"published\", len(files), \"file(s) + manifest ->\", dst)\nraise SystemExit(0 if len(files) >= 3 else 1)\n"]
published 4 file(s) + manifest -> C:/banyan-farm/courier-box/farm-out/ep2-guardcast5-i-0822
==== step publish END rc=0 2026-08-22T10:25:36Z ====
#### job ep2-guardcast5-i-0822-1787394023 finished rc=0 2026-08-22T10:25:36Z
