Loading pipeline components...:  43%|████▎     | 3/7 [00:01<00:02,  1.82it/s]
Loading pipeline components...:  57%|█████▋    | 4/7 [00:01<00:01,  2.49it/s]
Loading pipeline components...:  86%|████████▌ | 6/7 [00:05<00:01,  1.21s/it]
Loading pipeline components...: 100%|██████████| 7/7 [00:05<00:00,  1.22it/s]
C:\banyan-farm\venv\Lib\site-packages\torch\nn\modules\module.py:1370: UserWarning: expandable_segments not supported on this platform (Triggered internally at C:\actions-runner\_work\pytorch\pytorch\pytorch\c10/cuda/CUDAAllocatorConfig.h:39.)
  return t.to(
MODEL_LOADED cuda/bfloat16 in 11s

  0%|          | 0/40 [00:00<?, ?it/s]
  2%|▎         | 1/40 [00:00<00:37,  1.04it/s]
  5%|▌         | 2/40 [00:01<00:19,  1.94it/s]
  8%|▊         | 3/40 [00:01<00:13,  2.67it/s]
 10%|█         | 4/40 [00:01<00:11,  3.25it/s]
 12%|█▎        | 5/40 [00:01<00:10,  3.48it/s]
 15%|█▌        | 6/40 [00:02<00:09,  3.69it/s]
 18%|█▊        | 7/40 [00:02<00:08,  4.01it/s]
 20%|██        | 8/40 [00:02<00:07,  4.24it/s]
 22%|██▎       | 9/40 [00:02<00:07,  4.33it/s]
 25%|██▌       | 10/40 [00:02<00:06,  4.29it/s]
 28%|██▊       | 11/40 [00:03<00:06,  4.36it/s]
 30%|███       | 12/40 [00:03<00:06,  4.50it/s]
 32%|███▎      | 13/40 [00:03<00:05,  4.51it/s]
 35%|███▌      | 14/40 [00:03<00:05,  4.44it/s]
 38%|███▊      | 15/40 [00:04<00:05,  4.44it/s]
 40%|████      | 16/40 [00:04<00:05,  4.46it/s]
 42%|████▎     | 17/40 [00:04<00:05,  4.57it/s]
 45%|████▌     | 18/40 [00:04<00:04,  4.55it/s]
 48%|████▊     | 19/40 [00:04<00:04,  4.45it/s]
 50%|█████     | 20/40 [00:05<00:04,  4.55it/s]
 52%|█████▎    | 21/40 [00:05<00:04,  4.53it/s]
 55%|█████▌    | 22/40 [00:05<00:03,  4.62it/s]
 57%|█████▊    | 23/40 [00:05<00:03,  4.48it/s]
 60%|██████    | 24/40 [00:06<00:03,  4.49it/s]
 62%|██████▎   | 25/40 [00:06<00:03,  4.50it/s]
 65%|██████▌   | 26/40 [00:06<00:03,  4.60it/s]
 68%|██████▊   | 27/40 [00:06<00:02,  4.52it/s]
 70%|███████   | 28/40 [00:06<00:02,  4.48it/s]
 72%|███████▎  | 29/40 [00:07<00:02,  4.49it/s]
 75%|███████▌  | 30/40 [00:07<00:02,  4.59it/s]
 78%|███████▊  | 31/40 [00:07<00:01,  4.57it/s]
 80%|████████  | 32/40 [00:07<00:01,  4.55it/s]
 82%|████████▎ | 33/40 [00:08<00:01,  4.53it/s]
 85%|████████▌ | 34/40 [00:08<00:01,  4.53it/s]
 88%|████████▊ | 35/40 [00:08<00:01,  4.52it/s]
 90%|█████████ | 36/40 [00:08<00:00,  4.52it/s]
 92%|█████████▎| 37/40 [00:08<00:00,  4.47it/s]
 95%|█████████▌| 38/40 [00:09<00:00,  4.52it/s]
 98%|█████████▊| 39/40 [00:09<00:00,  4.52it/s]
100%|██████████| 40/40 [00:09<00:00,  4.50it/s]
100%|██████████| 40/40 [00:09<00:00,  4.18it/s]
   08-inside-him-wave1-s0.png seed=20260727 11s  (1/4)

  0%|          | 0/40 [00:00<?, ?it/s]
  2%|▎         | 1/40 [00:00<00:07,  4.88it/s]
  5%|▌         | 2/40 [00:00<00:07,  5.10it/s]
  8%|▊         | 3/40 [00:00<00:07,  4.81it/s]
 10%|█         | 4/40 [00:00<00:07,  4.68it/s]
 12%|█▎        | 5/40 [00:01<00:07,  4.38it/s]
 15%|█▌        | 6/40 [00:01<00:07,  4.53it/s]
 18%|█▊        | 7/40 [00:01<00:07,  4.63it/s]
 20%|██        | 8/40 [00:01<00:06,  4.59it/s]
 22%|██▎       | 9/40 [00:01<00:07,  4.39it/s]
 25%|██▌       | 10/40 [00:02<00:06,  4.51it/s]
 28%|██▊       | 11/40 [00:02<00:06,  4.51it/s]
 30%|███       | 12/40 [00:02<00:06,  4.55it/s]
 32%|███▎      | 13/40 [00:02<00:06,  4.48it/s]
 35%|███▌      | 14/40 [00:03<00:05,  4.42it/s]
 38%|███▊      | 15/40 [00:03<00:05,  4.54it/s]
 40%|████      | 16/40 [00:03<00:05,  4.53it/s]
 42%|████▎     | 17/40 [00:03<00:05,  4.52it/s]
 45%|████▌     | 18/40 [00:03<00:04,  4.51it/s]
 48%|████▊     | 19/40 [00:04<00:04,  4.45it/s]
 50%|█████     | 20/40 [00:04<00:04,  4.53it/s]
 52%|█████▎    | 21/40 [00:04<00:04,  4.63it/s]
 55%|█████▌    | 22/40 [00:04<00:04,  4.50it/s]
 57%|█████▊    | 23/40 [00:05<00:03,  4.50it/s]
 60%|██████    | 24/40 [00:05<00:03,  4.51it/s]
 62%|██████▎   | 25/40 [00:05<00:03,  4.51it/s]
 65%|██████▌   | 26/40 [00:05<00:03,  4.51it/s]
 68%|██████▊   | 27/40 [00:05<00:02,  4.48it/s]
 70%|███████   | 28/40 [00:06<00:02,  4.47it/s]
 72%|███████▎  | 29/40 [00:06<00:02,  4.51it/s]
 75%|███████▌  | 30/40 [00:06<00:02,  4.55it/s]
 78%|███████▊  | 31/40 [00:06<00:01,  4.54it/s]
 80%|████████  | 32/40 [00:07<00:01,  4.53it/s]
 82%|████████▎ | 33/40 [00:07<00:01,  4.52it/s]
 85%|████████▌ | 34/40 [00:07<00:01,  4.49it/s]
 88%|████████▊ | 35/40 [00:07<00:01,  4.50it/s]
 90%|█████████ | 36/40 [00:07<00:00,  4.48it/s]
 92%|█████████▎| 37/40 [00:08<00:00,  4.54it/s]
 95%|█████████▌| 38/40 [00:08<00:00,  4.54it/s]
 98%|█████████▊| 39/40 [00:08<00:00,  4.53it/s]
100%|██████████| 40/40 [00:08<00:00,  4.52it/s]
100%|██████████| 40/40 [00:08<00:00,  4.53it/s]
   08-inside-him-wave1-s1.png seed=20261727 9s  (2/4)

  0%|          | 0/40 [00:00<?, ?it/s]
  2%|▎         | 1/40 [00:00<00:07,  5.27it/s]
  5%|▌         | 2/40 [00:00<00:07,  5.02it/s]
  8%|▊         | 3/40 [00:00<00:07,  4.78it/s]
 10%|█         | 4/40 [00:00<00:07,  4.54it/s]
 12%|█▎        | 5/40 [00:01<00:07,  4.41it/s]
 15%|█▌        | 6/40 [00:01<00:07,  4.56it/s]
 18%|█▊        | 7/40 [00:01<00:07,  4.53it/s]
 20%|██        | 8/40 [00:01<00:07,  4.54it/s]
 22%|██▎       | 9/40 [00:01<00:06,  4.43it/s]
 25%|██▌       | 10/40 [00:02<00:06,  4.44it/s]
 28%|██▊       | 11/40 [00:02<00:06,  4.58it/s]
 30%|███       | 12/40 [00:02<00:06,  4.56it/s]
 32%|███▎      | 13/40 [00:02<00:06,  4.45it/s]
 35%|███▌      | 14/40 [00:03<00:05,  4.46it/s]
 38%|███▊      | 15/40 [00:03<00:05,  4.48it/s]
 40%|████      | 16/40 [00:03<00:05,  4.59it/s]
 42%|████▎     | 17/40 [00:03<00:05,  4.56it/s]
 45%|████▌     | 18/40 [00:03<00:04,  4.45it/s]
 48%|████▊     | 19/40 [00:04<00:04,  4.47it/s]
 50%|█████     | 20/40 [00:04<00:04,  4.46it/s]
 52%|█████▎    | 21/40 [00:04<00:04,  4.50it/s]
 55%|█████▌    | 22/40 [00:04<00:03,  4.50it/s]
 57%|█████▊    | 23/40 [00:05<00:03,  4.51it/s]
 60%|██████    | 24/40 [00:05<00:03,  4.51it/s]
 62%|██████▎   | 25/40 [00:05<00:03,  4.49it/s]
 65%|██████▌   | 26/40 [00:05<00:03,  4.52it/s]
 68%|██████▊   | 27/40 [00:05<00:02,  4.52it/s]
 70%|███████   | 28/40 [00:06<00:02,  4.52it/s]
 72%|███████▎  | 29/40 [00:06<00:02,  4.51it/s]
 75%|███████▌  | 30/40 [00:06<00:02,  4.51it/s]
 78%|███████▊  | 31/40 [00:06<00:02,  4.44it/s]
 80%|████████  | 32/40 [00:07<00:01,  4.44it/s]
 82%|████████▎ | 33/40 [00:07<00:01,  4.56it/s]
 85%|████████▌ | 34/40 [00:07<00:01,  4.55it/s]
 88%|████████▊ | 35/40 [00:07<00:01,  4.44it/s]
 90%|█████████ | 36/40 [00:07<00:00,  4.44it/s]
 92%|█████████▎| 37/40 [00:08<00:00,  4.49it/s]
 95%|█████████▌| 38/40 [00:08<00:00,  4.50it/s]
 98%|█████████▊| 39/40 [00:08<00:00,  4.51it/s]
100%|██████████| 40/40 [00:08<00:00,  4.51it/s]
100%|██████████| 40/40 [00:08<00:00,  4.51it/s]
   08-inside-him-wave1-s2.png seed=20262727 9s  (3/4)

  0%|          | 0/40 [00:00<?, ?it/s]
  2%|▎         | 1/40 [00:00<00:07,  5.07it/s]
  5%|▌         | 2/40 [00:00<00:07,  4.94it/s]
  8%|▊         | 3/40 [00:00<00:07,  4.90it/s]
 10%|█         | 4/40 [00:00<00:07,  4.56it/s]
 12%|█▎        | 5/40 [00:01<00:08,  4.36it/s]
 15%|█▌        | 6/40 [00:01<00:07,  4.47it/s]
 18%|█▊        | 7/40 [00:01<00:07,  4.65it/s]
 20%|██        | 8/40 [00:01<00:06,  4.61it/s]
 22%|██▎       | 9/40 [00:01<00:07,  4.38it/s]
 25%|██▌       | 10/40 [00:02<00:06,  4.43it/s]
 28%|██▊       | 11/40 [00:02<00:06,  4.55it/s]
 30%|███       | 12/40 [00:02<00:06,  4.54it/s]
 32%|███▎      | 13/40 [00:02<00:06,  4.45it/s]
 35%|███▌      | 14/40 [00:03<00:05,  4.46it/s]
 38%|███▊      | 15/40 [00:03<00:05,  4.48it/s]
 40%|████      | 16/40 [00:03<00:05,  4.58it/s]
 42%|████▎     | 17/40 [00:03<00:05,  4.56it/s]
 45%|████▌     | 18/40 [00:03<00:05,  4.38it/s]
 48%|████▊     | 19/40 [00:04<00:04,  4.40it/s]
 50%|█████     | 20/40 [00:04<00:04,  4.48it/s]
 52%|█████▎    | 21/40 [00:04<00:04,  4.54it/s]
 55%|█████▌    | 22/40 [00:04<00:03,  4.53it/s]
 57%|█████▊    | 23/40 [00:05<00:03,  4.43it/s]
 60%|██████    | 24/40 [00:05<00:03,  4.45it/s]
 62%|██████▎   | 25/40 [00:05<00:03,  4.56it/s]
 65%|██████▌   | 26/40 [00:05<00:03,  4.54it/s]
 68%|██████▊   | 27/40 [00:05<00:02,  4.43it/s]
 70%|███████   | 28/40 [00:06<00:02,  4.46it/s]
 72%|███████▎  | 29/40 [00:06<00:02,  4.56it/s]
 75%|███████▌  | 30/40 [00:06<00:02,  4.54it/s]
 78%|███████▊  | 31/40 [00:06<00:02,  4.44it/s]
 80%|████████  | 32/40 [00:07<00:01,  4.44it/s]
 82%|████████▎ | 33/40 [00:07<00:01,  4.49it/s]
 85%|████████▌ | 34/40 [00:07<00:01,  4.50it/s]
 88%|████████▊ | 35/40 [00:07<00:01,  4.50it/s]
 90%|█████████ | 36/40 [00:07<00:00,  4.51it/s]
 92%|█████████▎| 37/40 [00:08<00:00,  4.51it/s]
 95%|█████████▌| 38/40 [00:08<00:00,  4.51it/s]
 98%|█████████▊| 39/40 [00:08<00:00,  4.51it/s]
100%|██████████| 40/40 [00:08<00:00,  4.51it/s]
100%|██████████| 40/40 [00:08<00:00,  4.51it/s]
   08-inside-him-wave1-s3.png seed=20263727 9s  (4/4)

DONE 4 stills — ONE beat. The other fourteen wait on his verdict.
==== step sample END rc=0 2026-08-11T18:13:47Z ====

==== step publish START 2026-08-11T18:13:47Z ====
argv: ["C:\\banyan-farm\\venv\\Scripts\\python.exe", "-c", "import glob, hashlib, os, shutil\ndst = \"C:/banyan-farm/courier-box/farm-out/ep2-b08-refresh\"\nos.makedirs(dst, exist_ok=True)\nsrc = sorted(glob.glob(\"C:/banyan-farm/wave-goblin-prep/out-b08-refresh-r2/08-inside-him-wave1-s*.*\"))\nlines = []\nfor f in src:\n    shutil.copy2(f, dst)\n    # Hash the COPY, not the original: what this records has to be the bytes\n    # that get committed, or the manifest attests to the wrong file.\n    c = os.path.join(dst, os.path.basename(f))\n    with open(c, \"rb\") as fh:\n        h = hashlib.sha256(fh.read()).hexdigest()\n    lines.append(h + \"  \" + os.path.basename(f))\n    print(\"   \", os.path.basename(f), h[:16])\n# newline=\"\\n\" is load-bearing: Windows text mode rewrites \\n to \\r\\n and\n# every filename then carries a trailing \\r that shasum -c cannot open.\nwith open(os.path.join(dst, \"08-inside-him-occlbright.sha256\"), \"w\", newline=\"\\n\") as fh:\n    fh.write(\"\\n\".join(lines) + \"\\n\")\nprint(\"published\", len(src), \"file(s) + manifest ->\", dst)\n# 4 stills + 4 sidecars. Fewer means the render wrote less than it promised.\nraise SystemExit(0 if len(src) == 8 else 1)\n"]
    08-inside-him-wave1-s0.png cb60b180ca59fb56
    08-inside-him-wave1-s0.yaml 88aea6bff715497b
    08-inside-him-wave1-s1.png 95ba0980458457f3
    08-inside-him-wave1-s1.yaml 1d8ac7cde2cb178d
    08-inside-him-wave1-s2.png b5f0e02a17c34823
    08-inside-him-wave1-s2.yaml 153e8dd362ea53e5
    08-inside-him-wave1-s3.png c5474c3cdb90238c
    08-inside-him-wave1-s3.yaml 58c2ff89dc7f1e3e
published 8 file(s) + manifest -> C:/banyan-farm/courier-box/farm-out/ep2-b08-refresh
==== step publish END rc=0 2026-08-11T18:13:47Z ====
#### job ep2-b08-refresh-r2-0811-1786471961 finished rc=0 2026-08-11T18:13:47Z
