#### job ep2-b17-shake-navy-0819-1787084425 attempt 1 start 2026-08-18T20:20:39Z

==== step crop START 2026-08-18T20:20:43Z ====
argv: ["C:\\banyan-farm\\venv\\Scripts\\python.exe", "C:\\banyan-farm\\ep2-b17-shake-navy-0819\\cover_crop.py", "--src", "C:\\banyan-farm\\courier-box\\farm-out\\ep2-b17-full-s1-0815\\b17-init-704x1280.png", "--sha256", "74e8eccf9653edadd9cdd70b419b9a325932bede3238ace06a2308fb95452a6a", "--out", "C:\\banyan-farm\\ep2-b17-shake-navy-0819\\b17-init-704x1280.png", "--size", "704x1280"]
src 704x1280 sha 74e8eccf9653edadd9cdd70b419b9a325932bede3238ace06a2308fb95452a6a
cover-crop scale=1.0000 -> 704x1280, centre box (0,0)
WROTE C:\banyan-farm\ep2-b17-shake-navy-0819\b17-init-704x1280.png
==== step crop END rc=0 2026-08-18T20:20:43Z ====

==== step encode START 2026-08-18T20:20:43Z ====
argv: ["C:\\banyan-video\\venv\\Scripts\\python.exe", "C:\\banyan-farm\\banyan-city\\pipeline\\ltx_i2v.py", "--stage", "encode", "--jobs", "C:\\banyan-farm\\ep2-b17-shake-navy-0819\\b17-jobs-encode.json"]
-- begin-encode: phys 10.5/68.1GB, commit 12.6/115.3GB (load 15%)
loading text encoder from C:\Users\artvn\.cache\huggingface\hub\models--Lightricks--gemma-3-12b-it-qat-q4_0-unquantized\snapshots\d62fe4f1995ade703b49a0f3c0d0f161237ef437

Loading weights:   0%|          | 0/1065 [00:00<?, ?it/s]
Loading weights:  28%|██▊       | 294/1065 [00:00<00:00, 2654.52it/s]
Loading weights:  53%|█████▎    | 567/1065 [00:00<00:00, 2548.70it/s]
Loading weights:  91%|█████████▏| 974/1065 [00:00<00:00, 3059.91it/s]
Loading weights: 100%|██████████| 1065/1065 [00:00<00:00, 3043.55it/s]
-- encode-beat-17: phys 11.7/68.1GB, commit 39.4/115.3GB (load 17%)
[1/1] encoded beat 17 to C:\\banyan-farm\\ep2-b17-shake-navy-0819\\b17-embeds.pt (1, 1024, 188160)
{"peak_commit_gb": 41.9, "peak_phys_gb": 37.6, "last_stage": "encode-beat-17"}
==== step encode END rc=0 2026-08-18T20:22:15Z ====

==== step render START 2026-08-18T20:22:15Z ====
argv: ["C:\\banyan-video\\venv\\Scripts\\python.exe", "C:\\banyan-farm\\banyan-city\\pipeline\\ltx_i2v.py", "--stage", "render", "--jobs", "C:\\banyan-farm\\ep2-b17-shake-navy-0819\\b17-jobs-render.json", "--size", "704x1280", "--frames", "97", "--fps", "24", "--guidance", "2.0", "--distilled-sigmas", "--two-stage", "--image-crf", "33", "--offload", "sequential", "--mode", "production", "--task", "ep2-b17-shake-navy-0819", "--worker", "rtx5090", "--bench-jsonl", "C:\\banyan-farm\\ep2-b17-shake-navy-0819\\bench-shake-navy-0819.jsonl", "--bench-label", "ep2-b17-shake-navy-0819"]
recipe: offload=sequential quantisation=none (bf16)
-- begin-render: phys 10.6/68.1GB, commit 12.6/115.3GB (load 15%)
transformer  C:\Users\artvn\.cache\huggingface\hub\models--diffusers--LTX-2.3-Distilled-Diffusers\snapshots\432e0d3c2d1769aaa4d295f9243f7062bf6b47ee [subfolder=transformer, bf16]
scheduler    C:\Users\artvn\.cache\huggingface\hub\models--diffusers--LTX-2.3-Distilled-Diffusers\snapshots\432e0d3c2d1769aaa4d295f9243f7062bf6b47ee [subfolder=scheduler, distilled]
other parts  C:\Users\artvn\.cache\huggingface\hub\models--diffusers--LTX-2.3-Diffusers\snapshots\8eee8edcf067e838b843f926ec4d4cc9b2be1aaf
-- load-transformer-bf16-38GB: phys 11.3/68.1GB, commit 14.4/115.3GB (load 16%)

Loading checkpoint shards:   0%|          | 0/8 [00:00<?, ?it/s]
Loading checkpoint shards:  12%|█▎        | 1/8 [00:00<00:00,  9.35it/s]
Loading checkpoint shards:  25%|██▌       | 2/8 [00:00<00:00,  9.34it/s]
Loading checkpoint shards:  50%|█████     | 4/8 [00:00<00:00,  8.72it/s]
Loading checkpoint shards: 100%|██████████| 8/8 [00:00<00:00, 16.80it/s]
Loading checkpoint shards: 100%|██████████| 8/8 [00:00<00:00, 14.09it/s]
-- load-connectors-12.7GB-and-vae: phys 11.3/68.1GB, commit 52.8/115.3GB (load 16%)

Loading checkpoint shards:   0%|          | 0/2 [00:00<?, ?it/s]
Loading checkpoint shards: 100%|██████████| 2/2 [00:00<00:00, 63.77it/s]
-- offload-setup-sequential: phys 11.4/68.1GB, commit 62.4/115.3GB (load 16%)
C:\banyan-video\venv\Lib\site-packages\accelerate\utils\modeling.py:345: UserWarning: expandable_segments not supported on this platform (Triggered internally at C:\actions-runner\_work\pytorch\pytorch\pytorch\c10/cuda/CUDAAllocatorConfig.h:39.)
  new_value = old_value.to(device, non_blocking=non_blocking)
conditioning still round-tripped through libx264 crf=33 -> C:\banyan-farm\ep2-b17-shake-navy-0819\cond-crf-17.png
-- stage1-denoise-352x640-8steps: phys 12.2/68.1GB, commit 62.7/115.3GB (load 17%)

  0%|          | 0/8 [00:00<?, ?it/s]
 12%|█▎        | 1/8 [01:08<07:58, 68.32s/it]
 25%|██▌       | 2/8 [01:23<03:44, 37.35s/it]
 38%|███▊      | 3/8 [01:32<02:01, 24.37s/it]
 50%|█████     | 4/8 [01:42<01:13, 18.41s/it]
 62%|██████▎   | 5/8 [01:51<00:45, 15.11s/it]
 75%|███████▌  | 6/8 [02:00<00:25, 12.92s/it]
 88%|████████▊ | 7/8 [02:08<00:11, 11.55s/it]
100%|██████████| 8/8 [02:17<00:00, 10.68s/it]
100%|██████████| 8/8 [02:17<00:00, 17.21s/it]
stage1 latents (1, 128, 13, 20, 11)
-- upsample-2x-latent: phys 55.9/68.1GB, commit 65.2/115.3GB (load 82%)
There are modules in LTX2LatentUpsamplerModel that should be kept in float32: []. Casting directly with `to()` can lead to inconsistent results; set `torch_dtype` in `from_pretrained()` instead to keep these modules in float32.
upsampled latents (1, 128, 13, 40, 22)
-- stage2-refine-704x1280-3steps: phys 59.0/68.1GB, commit 68.3/115.3GB (load 86%)

  0%|          | 0/3 [00:00<?, ?it/s]
 33%|███▎      | 1/3 [00:24<00:49, 24.89s/it]
 67%|██████▋   | 2/3 [00:54<00:27, 27.81s/it]
100%|██████████| 3/3 [01:20<00:00, 26.88s/it]
100%|██████████| 3/3 [01:20<00:00, 26.84s/it]
-- decode-and-export: phys 64.2/68.1GB, commit 71.5/115.3GB (load 94%)
[1/1] wrote C:\\banyan-farm\\ep2-b17-shake-navy-0819\\17-goodbye-LTX-shake-navy-0819.mp4 in 242s (97 frames, 704x1280, 8@352x640+3@704x1280 steps, peak torch 9.9GB, device 2.6/26GB)
THROUGHPUT 0.0167 s(video)/s(wall) (1 x 4.042s of video in 242s)
bench row -> C:\banyan-farm\ep2-b17-shake-navy-0819\bench-shake-navy-0819.jsonl
{"sample_s": 241.7, "peak_gb": 9.9, "peak_commit_gb": 79.4, "frames": 97, "size": "704x1280", "steps": "8@352x640+3@704x1280", "batch": 1, "mode": "production", "throughput_s_per_s": 0.0167, "two_stage": true, "image_crf": 33, "offload": "sequential", "quantisation": null}
{"peak_commit_gb": 79.4, "peak_phys_gb": 64.6, "last_stage": "decode-and-export"}
==== step render END rc=0 2026-08-18T20:26:33Z ====

==== step publish START 2026-08-18T20:26:33Z ====
argv: ["C:\\banyan-farm\\venv\\Scripts\\python.exe", "-c", "# THE GLOB CARRIES THE BEAT SLUG (17-goodbye). Without it the glob matches\n# nothing and the step publishes nothing while returning a code that reads\n# like a render failure.\nimport glob, hashlib, os, shutil\nsrc_dir = \"C:/banyan-farm/ep2-b17-shake-navy-0819\"\ndst = \"C:/banyan-farm/courier-box/farm-out/ep2-b17-shake-navy-0819\"\nos.makedirs(dst, exist_ok=True)\nsrc = sorted(glob.glob(src_dir + \"/17-goodbye-LTX-shake-navy-0819.mp4*\")\n             + glob.glob(src_dir + \"/b17-init-704x1280.png\")\n             + glob.glob(src_dir + \"/bench-shake-navy-0819.jsonl\"))\nlines = []\nfor f in src:\n    shutil.copy2(f, dst)\n    c = os.path.join(dst, os.path.basename(f))\n    with open(c, \"rb\") as fh:\n        h = hashlib.sha256(fh.read()).hexdigest()\n    lines.append(h + \"  \" + os.path.basename(f))\nwith open(os.path.join(dst, \"ep2-b17-shake-navy-0819.sha256\"), \"w\", newline=\"\\n\") as fh:\n    fh.write(\"\\n\".join(lines) + \"\\n\")\nprint(\"published\", len(src), \"file(s) + manifest ->\", dst)\nraise SystemExit(0 if len(src) >= 2 else 1)\n"]
published 4 file(s) + manifest -> C:/banyan-farm/courier-box/farm-out/ep2-b17-shake-navy-0819
==== step publish END rc=0 2026-08-18T20:26:33Z ====
#### job ep2-b17-shake-navy-0819-1787084425 finished rc=0 2026-08-18T20:26:33Z
