#### job ep2-b07-twofig-turn-0817-1786961665 attempt 1 start 2026-08-17T10:28:29Z

==== step crop START 2026-08-17T10:28:35Z ====
argv: ["C:\\banyan-farm\\venv\\Scripts\\python.exe", "C:\\banyan-farm\\ep2-b07-twofig-turn-0817\\cover_crop.py", "--src", "C:\\banyan-farm\\courier-box\\farm-out\\ep2-b0708-twofig-pub-0817\\08-inside-him-twofig-mac-r3-s0.png", "--sha256", "d9cd8b1a4642a60a3362d07feef30b47999bbe988e4ef52d047d1f4d06113238", "--out", "C:\\banyan-farm\\ep2-b07-twofig-turn-0817-out\\b07-init-704x1280.png", "--size", "704x1280"]
src 832x1216 sha d9cd8b1a4642a60a3362d07feef30b47999bbe988e4ef52d047d1f4d06113238
cover-crop scale=1.0526 -> 876x1280, centre box (86,0)
WROTE C:\banyan-farm\ep2-b07-twofig-turn-0817-out\b07-init-704x1280.png
==== step crop END rc=0 2026-08-17T10:28:35Z ====

==== step encode START 2026-08-17T10:28:35Z ====
argv: ["C:\\banyan-video\\venv\\Scripts\\python.exe", "C:\\banyan-farm\\banyan-city\\pipeline\\ltx_i2v.py", "--stage", "encode", "--jobs", "C:\\banyan-farm\\ep2-b07-twofig-turn-0817\\b07-jobs-encode.json"]
-- begin-encode: phys 10.3/68.1GB, commit 12.3/115.3GB (load 15%)
loading text encoder from C:\Users\artvn\.cache\huggingface\hub\models--Lightricks--gemma-3-12b-it-qat-q4_0-unquantized\snapshots\d62fe4f1995ade703b49a0f3c0d0f161237ef437

Loading weights:   0%|          | 0/1065 [00:00<?, ?it/s]
Loading weights:  29%|██▉       | 310/1065 [00:00<00:00, 2783.81it/s]
Loading weights:  60%|█████▉    | 637/1065 [00:00<00:00, 2893.23it/s]
Loading weights:  92%|█████████▏| 976/1065 [00:00<00:00, 2973.56it/s]
Loading weights: 100%|██████████| 1065/1065 [00:00<00:00, 3064.07it/s]
-- encode-beat-07: phys 11.4/68.1GB, commit 39.1/115.3GB (load 16%)
[1/1] encoded beat 7 to C:\banyan-farm\ep2-b07-twofig-turn-0817-out\b07-embeds.pt (1, 1024, 188160)
{"peak_commit_gb": 41.2, "peak_phys_gb": 36.9, "last_stage": "encode-beat-07"}
==== step encode END rc=0 2026-08-17T10:30:06Z ====

==== step render START 2026-08-17T10:30:06Z ====
argv: ["C:\\banyan-video\\venv\\Scripts\\python.exe", "C:\\banyan-farm\\banyan-city\\pipeline\\ltx_i2v.py", "--stage", "render", "--jobs", "C:\\banyan-farm\\ep2-b07-twofig-turn-0817\\b07-jobs-render.json", "--size", "704x1280", "--frames", "97", "--fps", "24", "--guidance", "2.0", "--distilled-sigmas", "--two-stage", "--image-crf", "33", "--offload", "sequential", "--mode", "production", "--task", "ep2-b07-twofig-turn-0817", "--worker", "rtx5090", "--bench-jsonl", "C:\\banyan-farm\\ep2-b07-twofig-turn-0817-out\\bench-twofig-turn.jsonl", "--bench-label", "ep2-b07-twofig-turn-0817"]
recipe: offload=sequential quantisation=none (bf16)
-- begin-render: phys 10.3/68.1GB, commit 12.3/115.3GB (load 15%)
transformer  C:\Users\artvn\.cache\huggingface\hub\models--diffusers--LTX-2.3-Distilled-Diffusers\snapshots\432e0d3c2d1769aaa4d295f9243f7062bf6b47ee [subfolder=transformer, bf16]
scheduler    C:\Users\artvn\.cache\huggingface\hub\models--diffusers--LTX-2.3-Distilled-Diffusers\snapshots\432e0d3c2d1769aaa4d295f9243f7062bf6b47ee [subfolder=scheduler, distilled]
other parts  C:\Users\artvn\.cache\huggingface\hub\models--diffusers--LTX-2.3-Diffusers\snapshots\8eee8edcf067e838b843f926ec4d4cc9b2be1aaf
-- load-transformer-bf16-38GB: phys 11.0/68.1GB, commit 14.1/115.3GB (load 16%)

Loading checkpoint shards:   0%|          | 0/8 [00:00<?, ?it/s]
Loading checkpoint shards:  12%|█▎        | 1/8 [00:00<00:00,  8.55it/s]
Loading checkpoint shards:  25%|██▌       | 2/8 [00:00<00:00,  9.27it/s]
Loading checkpoint shards:  50%|█████     | 4/8 [00:00<00:00,  7.46it/s]
Loading checkpoint shards:  62%|██████▎   | 5/8 [00:00<00:00,  8.04it/s]
Loading checkpoint shards: 100%|██████████| 8/8 [00:00<00:00, 13.58it/s]
Loading checkpoint shards: 100%|██████████| 8/8 [00:00<00:00, 11.01it/s]
-- load-connectors-12.7GB-and-vae: phys 11.1/68.1GB, commit 52.5/115.3GB (load 16%)

Loading checkpoint shards:   0%|          | 0/2 [00:00<?, ?it/s]
Loading checkpoint shards: 100%|██████████| 2/2 [00:00<00:00, 67.77it/s]
-- offload-setup-sequential: phys 11.1/68.1GB, commit 62.1/115.3GB (load 16%)
C:\banyan-video\venv\Lib\site-packages\accelerate\utils\modeling.py:345: UserWarning: expandable_segments not supported on this platform (Triggered internally at C:\actions-runner\_work\pytorch\pytorch\pytorch\c10/cuda/CUDAAllocatorConfig.h:39.)
  new_value = old_value.to(device, non_blocking=non_blocking)
conditioning still round-tripped through libx264 crf=33 -> C:\banyan-farm\ep2-b07-twofig-turn-0817-out\cond-crf-07.png
-- stage1-denoise-352x640-8steps: phys 11.9/68.1GB, commit 62.4/115.3GB (load 17%)

  0%|          | 0/8 [00:00<?, ?it/s]
 12%|█▎        | 1/8 [01:09<08:05, 69.42s/it]
 25%|██▌       | 2/8 [01:22<03:35, 35.99s/it]
 38%|███▊      | 3/8 [01:30<01:56, 23.36s/it]
 50%|█████     | 4/8 [01:38<01:10, 17.55s/it]
 62%|██████▎   | 5/8 [01:47<00:43, 14.46s/it]
 75%|███████▌  | 6/8 [01:56<00:24, 12.47s/it]
 88%|████████▊ | 7/8 [02:04<00:11, 11.15s/it]
100%|██████████| 8/8 [02:13<00:00, 10.29s/it]
100%|██████████| 8/8 [02:13<00:00, 16.68s/it]
stage1 latents (1, 128, 13, 20, 11)
-- upsample-2x-latent: phys 55.7/68.1GB, commit 64.9/115.3GB (load 81%)
There are modules in LTX2LatentUpsamplerModel that should be kept in float32: []. Casting directly with `to()` can lead to inconsistent results; set `torch_dtype` in `from_pretrained()` instead to keep these modules in float32.
upsampled latents (1, 128, 13, 40, 22)
-- stage2-refine-704x1280-3steps: phys 58.7/68.1GB, commit 68.0/115.3GB (load 86%)

  0%|          | 0/3 [00:00<?, ?it/s]
 33%|███▎      | 1/3 [00:25<00:50, 25.36s/it]
 67%|██████▋   | 2/3 [00:50<00:25, 25.35s/it]
100%|██████████| 3/3 [01:17<00:00, 25.99s/it]
100%|██████████| 3/3 [01:17<00:00, 25.82s/it]
-- decode-and-export: phys 64.1/68.1GB, commit 71.2/115.3GB (load 94%)
[1/1] wrote C:\banyan-farm\ep2-b07-twofig-turn-0817-out\07-confiscate-LTX-twofig-turn.mp4 in 234s (97 frames, 704x1280, 8@352x640+3@704x1280 steps, peak torch 9.9GB, device 2.6/26GB)
THROUGHPUT 0.0173 s(video)/s(wall) (1 x 4.042s of video in 234s)
bench row -> C:\banyan-farm\ep2-b07-twofig-turn-0817-out\bench-twofig-turn.jsonl
{"sample_s": 234.0, "peak_gb": 9.9, "peak_commit_gb": 79.0, "frames": 97, "size": "704x1280", "steps": "8@352x640+3@704x1280", "batch": 1, "mode": "production", "throughput_s_per_s": 0.0173, "two_stage": true, "image_crf": 33, "offload": "sequential", "quantisation": null}
{"peak_commit_gb": 79.0, "peak_phys_gb": 64.4, "last_stage": "decode-and-export"}
==== step render END rc=0 2026-08-17T10:34:16Z ====

==== step stamp START 2026-08-17T10:34:16Z ====
argv: ["C:\\banyan-farm\\venv\\Scripts\\python.exe", "C:\\banyan-farm\\ep2-b07-twofig-turn-0817\\stamp_sidecar.py", "C:\\banyan-farm\\ep2-b07-twofig-turn-0817-out\\07-confiscate-LTX-twofig-turn.mp4.meta.yaml"]
stamped C:\banyan-farm\ep2-b07-twofig-turn-0817-out\07-confiscate-LTX-twofig-turn.mp4.meta.yaml
==== step stamp END rc=0 2026-08-17T10:34:16Z ====

==== step publish START 2026-08-17T10:34:16Z ====
argv: ["C:\\banyan-farm\\venv\\Scripts\\python.exe", "-c", "# THE GLOB CARRIES THE BEAT SLUG (07-confiscate). Without it the glob matches\n# nothing and the step publishes nothing while returning a code that reads\n# like a render failure. farm-out is NOT gitignored, so the runner pushes\n# these itself.\nimport glob, hashlib, os, shutil\nout_dir = \"C:/banyan-farm/ep2-b07-twofig-turn-0817-out\"\npay_dir = \"C:/banyan-farm/ep2-b07-twofig-turn-0817\"\ndst = \"C:/banyan-farm/courier-box/farm-out/ep2-b07-twofig-turn-0817\"\nos.makedirs(dst, exist_ok=True)\nsrc = sorted(glob.glob(out_dir + \"/07-confiscate-LTX-twofig-turn.mp4*\")\n             + glob.glob(out_dir + \"/b07-init-704x1280.png\")\n             + glob.glob(out_dir + \"/bench-twofig-turn.jsonl\")\n             + glob.glob(pay_dir + \"/b07-motion-prompt.txt\")\n             + glob.glob(pay_dir + \"/b07-negative.txt\"))\nlines = []\nfor f in src:\n    shutil.copy2(f, dst)\n    c = os.path.join(dst, os.path.basename(f))\n    with open(c, \"rb\") as fh:\n        h = hashlib.sha256(fh.read()).hexdigest()\n    lines.append(h + \"  \" + os.path.basename(f))\nwith open(os.path.join(dst, \"ep2-b07-twofig-turn-0817.sha256\"), \"w\", newline=\"\\n\") as fh:\n    fh.write(\"\\n\".join(sorted(lines)) + \"\\n\")\nprint(\"published\", len(src), \"file(s) + manifest ->\", dst)\nraise SystemExit(0 if len(src) >= 3 else 1)\n"]
published 6 file(s) + manifest -> C:/banyan-farm/courier-box/farm-out/ep2-b07-twofig-turn-0817
==== step publish END rc=0 2026-08-17T10:34:16Z ====
#### job ep2-b07-twofig-turn-0817-1786961665 finished rc=0 2026-08-17T10:34:16Z
