#### job ep2-b01-figgrow-plate-0811-1786449211 attempt 1 start 2026-08-11T11:53:49Z

==== step crop START 2026-08-11T11:53:52Z ====
argv: ["C:\\banyan-farm\\venv\\Scripts\\python.exe", "C:\\banyan-farm\\ep2-b01-figgrow-0811\\cover_crop.py", "--src", "C:\\banyan-farm\\banyan-city\\genomes\\sapling\\nodes\\001-capability-inventory\\stills\\15-something-s-coming.png", "--sha256", "f60c1404f88d45720ca295dfc753e9eaabb815446710bcfffb3c7a07b7277f54", "--out", "C:\\banyan-farm\\ep2-b01-figgrow-0811\\b01-plate-704x1280.png", "--size", "704x1280"]
src 832x1216 sha f60c1404f88d45720ca295dfc753e9eaabb815446710bcfffb3c7a07b7277f54
cover-crop scale=1.0526 -> 876x1280, centre box (86,0)
WROTE C:\banyan-farm\ep2-b01-figgrow-0811\b01-plate-704x1280.png
==== step crop END rc=0 2026-08-11T11:53:53Z ====

==== step encode START 2026-08-11T11:53:53Z ====
argv: ["C:\\banyan-video\\venv\\Scripts\\python.exe", "C:\\banyan-farm\\banyan-city\\pipeline\\ltx_i2v.py", "--stage", "encode", "--jobs", "C:\\banyan-farm\\ep2-b01-figgrow-0811\\b01-plate-jobs-encode.json"]
-- begin-encode: phys 11.6/68.1GB, commit 14.6/128.2GB (load 17%)
loading text encoder from C:\Users\artvn\.cache\huggingface\hub\models--Lightricks--gemma-3-12b-it-qat-q4_0-unquantized\snapshots\d62fe4f1995ade703b49a0f3c0d0f161237ef437

Loading weights:   0%|          | 0/1065 [00:00<?, ?it/s]
Loading weights:  28%|██▊       | 303/1065 [00:00<00:00, 2748.10it/s]
Loading weights:  54%|█████▍    | 578/1065 [00:00<00:00, 2599.45it/s]
Loading weights:  81%|████████  | 859/1065 [00:00<00:00, 2580.27it/s]
Loading weights: 100%|██████████| 1065/1065 [00:00<00:00, 2708.99it/s]
-- encode-beat-01: phys 12.8/68.1GB, commit 41.4/128.2GB (load 18%)
[1/1] encoded beat 1 to C:\banyan-farm\ep2-b01-figgrow-0811\b01-plate-embeds.pt (1, 1024, 188160)
{"peak_commit_gb": 43.9, "peak_phys_gb": 38.6, "last_stage": "encode-beat-01"}
==== step encode END rc=0 2026-08-11T11:55:27Z ====

==== step render START 2026-08-11T11:55:27Z ====
argv: ["C:\\banyan-video\\venv\\Scripts\\python.exe", "C:\\banyan-farm\\banyan-city\\pipeline\\ltx_i2v.py", "--stage", "render", "--jobs", "C:\\banyan-farm\\ep2-b01-figgrow-0811\\b01-plate-jobs-render.json", "--size", "704x1280", "--frames", "233", "--fps", "24", "--guidance", "1.0", "--distilled-sigmas", "--two-stage", "--image-crf", "33", "--offload", "sequential", "--mode", "production", "--task", "ep2-b01-figgrow-plate-0811", "--worker", "rtx5090", "--bench-jsonl", "C:\\banyan-farm\\ep2-b01-figgrow-0811\\bench-b01-figgrow.jsonl", "--bench-label", "ep2-b01-figgrow-plate"]
recipe: offload=sequential quantisation=none (bf16)
-- begin-render: phys 11.6/68.1GB, commit 14.6/128.2GB (load 17%)
transformer  C:\Users\artvn\.cache\huggingface\hub\models--diffusers--LTX-2.3-Distilled-Diffusers\snapshots\432e0d3c2d1769aaa4d295f9243f7062bf6b47ee [subfolder=transformer, bf16]
scheduler    C:\Users\artvn\.cache\huggingface\hub\models--diffusers--LTX-2.3-Distilled-Diffusers\snapshots\432e0d3c2d1769aaa4d295f9243f7062bf6b47ee [subfolder=scheduler, distilled]
other parts  C:\Users\artvn\.cache\huggingface\hub\models--diffusers--LTX-2.3-Diffusers\snapshots\8eee8edcf067e838b843f926ec4d4cc9b2be1aaf
-- load-transformer-bf16-38GB: phys 12.3/68.1GB, commit 16.5/128.2GB (load 18%)

Loading checkpoint shards:   0%|          | 0/8 [00:00<?, ?it/s]
Loading checkpoint shards:  12%|█▎        | 1/8 [00:00<00:00,  9.48it/s]
Loading checkpoint shards:  25%|██▌       | 2/8 [00:00<00:00,  9.64it/s]
Loading checkpoint shards:  38%|███▊      | 3/8 [00:00<00:00,  9.76it/s]
Loading checkpoint shards:  50%|█████     | 4/8 [00:00<00:00,  7.35it/s]
Loading checkpoint shards:  62%|██████▎   | 5/8 [00:00<00:00,  8.11it/s]
Loading checkpoint shards: 100%|██████████| 8/8 [00:00<00:00, 11.82it/s]
-- load-connectors-12.7GB-and-vae: phys 12.4/68.1GB, commit 54.8/128.2GB (load 18%)

Loading checkpoint shards:   0%|          | 0/2 [00:00<?, ?it/s]
Loading checkpoint shards: 100%|██████████| 2/2 [00:00<00:00, 253.50it/s]
-- offload-setup-sequential: phys 12.4/68.1GB, commit 64.4/128.2GB (load 18%)
C:\banyan-video\venv\Lib\site-packages\accelerate\utils\modeling.py:345: UserWarning: expandable_segments not supported on this platform (Triggered internally at C:\actions-runner\_work\pytorch\pytorch\pytorch\c10/cuda/CUDAAllocatorConfig.h:39.)
  new_value = old_value.to(device, non_blocking=non_blocking)
conditioning still round-tripped through libx264 crf=33 -> C:\banyan-farm\ep2-b01-figgrow-0811\cond-crf-01.png
-- stage1-denoise-352x640-8steps: phys 13.3/68.1GB, commit 64.8/128.2GB (load 19%)

  0%|          | 0/8 [00:00<?, ?it/s]
 12%|█▎        | 1/8 [01:07<07:50, 67.28s/it]
 25%|██▌       | 2/8 [01:19<03:30, 35.04s/it]
 38%|███▊      | 3/8 [01:30<01:58, 23.78s/it]
 50%|█████     | 4/8 [01:40<01:13, 18.37s/it]
 62%|██████▎   | 5/8 [01:50<00:46, 15.55s/it]
 75%|███████▌  | 6/8 [02:01<00:27, 13.78s/it]
 88%|████████▊ | 7/8 [02:10<00:12, 12.51s/it]
100%|██████████| 8/8 [02:20<00:00, 11.67s/it]
100%|██████████| 8/8 [02:20<00:00, 17.61s/it]
stage1 latents (1, 128, 30, 20, 11)
-- upsample-2x-latent: phys 56.7/68.1GB, commit 67.4/128.2GB (load 83%)
There are modules in LTX2LatentUpsamplerModel that should be kept in float32: []. Casting directly with `to()` can lead to inconsistent results; set `torch_dtype` in `from_pretrained()` instead to keep these modules in float32.
upsampled latents (1, 128, 30, 40, 22)
-- stage2-refine-704x1280-3steps: phys 59.1/68.1GB, commit 70.6/128.2GB (load 86%)

  0%|          | 0/3 [00:00<?, ?it/s]
 33%|███▎      | 1/3 [00:37<01:14, 37.02s/it]
 67%|██████▋   | 2/3 [01:16<00:38, 38.23s/it]
100%|██████████| 3/3 [01:54<00:00, 38.14s/it]
100%|██████████| 3/3 [01:54<00:00, 38.04s/it]
-- decode-and-export: phys 63.9/68.1GB, commit 72.8/128.2GB (load 93%)
[1/1] wrote C:\banyan-farm\ep2-b01-figgrow-0811\01-cold-open-LTX-figgrow-plate.mp4 in 283s (233 frames, 704x1280, 8@352x640+3@704x1280 steps, peak torch 11.3GB, device 2.7/26GB)
THROUGHPUT 0.0343 s(video)/s(wall) (1 x 9.708s of video in 283s)
bench row -> C:\banyan-farm\ep2-b01-figgrow-0811\bench-b01-figgrow.jsonl
{"sample_s": 283.0, "peak_gb": 11.3, "peak_commit_gb": 82.3, "frames": 233, "size": "704x1280", "steps": "8@352x640+3@704x1280", "batch": 1, "mode": "production", "throughput_s_per_s": 0.0343, "two_stage": true, "image_crf": 33, "offload": "sequential", "quantisation": null}
{"peak_commit_gb": 82.3, "peak_phys_gb": 65.3, "last_stage": "decode-and-export"}
==== step render END rc=0 2026-08-11T12:00:26Z ====
#### job ep2-b01-figgrow-plate-0811-1786449211 finished rc=0 2026-08-11T12:00:26Z
