#### job ep2-b05-jog-uniform-a-0812-1786519971 attempt 1 start 2026-08-13T07:39:34Z

==== step crop START 2026-08-13T07:39:37Z ====
argv: ["C:\\banyan-farm\\venv\\Scripts\\python.exe", "C:\\banyan-farm\\ep2-b05-jog-uniform-a-0812\\cover_crop.py", "--src", "C:\\banyan-farm\\goblin-ipa-0812\\out-b05-register-pose\\05-the-patrol-ipa-r2-w015-s2.png", "--sha256", "85f84a201eac433c582b5f60a7a9eee8a1a472f1da61ac145360fa5bcde722de", "--out", "C:\\banyan-farm\\ep2-b05-jog-uniform-a-0812\\b05-init-704x1280.png", "--size", "704x1280"]
src 832x1216 sha 85f84a201eac433c582b5f60a7a9eee8a1a472f1da61ac145360fa5bcde722de
cover-crop scale=1.0526 -> 876x1280, centre box (86,0)
WROTE C:\banyan-farm\ep2-b05-jog-uniform-a-0812\b05-init-704x1280.png
==== step crop END rc=0 2026-08-13T07:39:38Z ====

==== step encode START 2026-08-13T07:39:38Z ====
argv: ["C:\\banyan-video\\venv\\Scripts\\python.exe", "C:\\banyan-farm\\banyan-city\\pipeline\\ltx_i2v.py", "--stage", "encode", "--jobs", "C:\\banyan-farm\\ep2-b05-jog-uniform-a-0812\\b05-jobs-encode.json"]
-- begin-encode: phys 9.9/68.1GB, commit 11.6/115.3GB (load 14%)
loading text encoder from C:\Users\artvn\.cache\huggingface\hub\models--Lightricks--gemma-3-12b-it-qat-q4_0-unquantized\snapshots\d62fe4f1995ade703b49a0f3c0d0f161237ef437

Loading weights:   0%|          | 0/1065 [00:00<?, ?it/s]
Loading weights:  17%|█▋        | 181/1065 [00:00<00:00, 1614.04it/s]
Loading weights:  35%|███▍      | 369/1065 [00:00<00:00, 1649.17it/s]
Loading weights:  51%|█████     | 538/1065 [00:00<00:00, 1591.82it/s]
Loading weights: 100%|██████████| 1065/1065 [00:00<00:00, 2477.17it/s]
-- encode-beat-05: phys 11.1/68.1GB, commit 38.4/115.3GB (load 16%)
[1/1] encoded beat 5 to C:\banyan-farm\ep2-b05-jog-uniform-a-0812\b05-embeds.pt (1, 1024, 188160)
{"peak_commit_gb": 40.9, "peak_phys_gb": 36.8, "last_stage": "encode-beat-05"}
==== step encode END rc=0 2026-08-13T07:43:01Z ====

==== step render START 2026-08-13T07:43:01Z ====
argv: ["C:\\banyan-video\\venv\\Scripts\\python.exe", "C:\\banyan-farm\\banyan-city\\pipeline\\ltx_i2v.py", "--stage", "render", "--jobs", "C:\\banyan-farm\\ep2-b05-jog-uniform-a-0812\\b05-jobs-render.json", "--size", "704x1280", "--frames", "121", "--fps", "24", "--guidance", "2.0", "--distilled-sigmas", "--two-stage", "--image-crf", "33", "--offload", "sequential", "--mode", "production", "--task", "ep2-b05-jog-uniform-a-0812", "--worker", "rtx5090", "--bench-jsonl", "C:\\banyan-farm\\ep2-b05-jog-uniform-a-0812\\bench-b05-register.jsonl", "--bench-label", "ep2-b05-jog-uniform-a-0812"]
recipe: offload=sequential quantisation=none (bf16)
-- begin-render: phys 9.9/68.1GB, commit 11.6/115.3GB (load 14%)
transformer  C:\Users\artvn\.cache\huggingface\hub\models--diffusers--LTX-2.3-Distilled-Diffusers\snapshots\432e0d3c2d1769aaa4d295f9243f7062bf6b47ee [subfolder=transformer, bf16]
scheduler    C:\Users\artvn\.cache\huggingface\hub\models--diffusers--LTX-2.3-Distilled-Diffusers\snapshots\432e0d3c2d1769aaa4d295f9243f7062bf6b47ee [subfolder=scheduler, distilled]
other parts  C:\Users\artvn\.cache\huggingface\hub\models--diffusers--LTX-2.3-Diffusers\snapshots\8eee8edcf067e838b843f926ec4d4cc9b2be1aaf
-- load-transformer-bf16-38GB: phys 10.6/68.1GB, commit 13.4/115.3GB (load 15%)

Loading checkpoint shards:   0%|          | 0/8 [00:00<?, ?it/s]
Loading checkpoint shards:  12%|█▎        | 1/8 [00:00<00:01,  4.19it/s]
Loading checkpoint shards:  25%|██▌       | 2/8 [00:00<00:01,  4.37it/s]
Loading checkpoint shards:  38%|███▊      | 3/8 [00:00<00:01,  4.41it/s]
Loading checkpoint shards:  50%|█████     | 4/8 [00:01<00:01,  3.26it/s]
Loading checkpoint shards:  62%|██████▎   | 5/8 [00:01<00:00,  3.77it/s]
Loading checkpoint shards:  75%|███████▌  | 6/8 [00:01<00:00,  4.59it/s]
Loading checkpoint shards:  88%|████████▊ | 7/8 [00:01<00:00,  5.46it/s]
Loading checkpoint shards: 100%|██████████| 8/8 [00:01<00:00,  4.88it/s]
-- load-connectors-12.7GB-and-vae: phys 10.7/68.1GB, commit 51.8/115.3GB (load 15%)

Loading checkpoint shards:   0%|          | 0/2 [00:00<?, ?it/s]
Loading checkpoint shards: 100%|██████████| 2/2 [00:00<00:00, 31.49it/s]
-- offload-setup-sequential: phys 10.7/68.1GB, commit 61.4/115.3GB (load 15%)
C:\banyan-video\venv\Lib\site-packages\accelerate\utils\modeling.py:345: UserWarning: expandable_segments not supported on this platform (Triggered internally at C:\actions-runner\_work\pytorch\pytorch\pytorch\c10/cuda/CUDAAllocatorConfig.h:39.)
  new_value = old_value.to(device, non_blocking=non_blocking)
conditioning still round-tripped through libx264 crf=33 -> C:\banyan-farm\ep2-b05-jog-uniform-a-0812\cond-crf-05.png
-- stage1-denoise-352x640-8steps: phys 11.6/68.1GB, commit 61.7/115.3GB (load 17%)

  0%|          | 0/8 [00:00<?, ?it/s]
 12%|█▎        | 1/8 [02:35<18:08, 155.57s/it]
 25%|██▌       | 2/8 [04:34<13:23, 133.87s/it]
 38%|███▊      | 3/8 [06:28<10:25, 125.09s/it]
 50%|█████     | 4/8 [08:23<08:03, 120.93s/it]
 62%|██████▎   | 5/8 [10:18<05:56, 118.82s/it]
 75%|███████▌  | 6/8 [12:14<03:55, 117.91s/it]
 88%|████████▊ | 7/8 [14:10<01:57, 117.12s/it]
100%|██████████| 8/8 [16:07<00:00, 117.12s/it]
100%|██████████| 8/8 [16:07<00:00, 120.91s/it]
stage1 latents (1, 128, 16, 20, 11)
-- upsample-2x-latent: phys 47.5/68.1GB, commit 64.8/115.3GB (load 69%)
There are modules in LTX2LatentUpsamplerModel that should be kept in float32: []. Casting directly with `to()` can lead to inconsistent results; set `torch_dtype` in `from_pretrained()` instead to keep these modules in float32.
upsampled latents (1, 128, 16, 40, 22)
-- stage2-refine-704x1280-3steps: phys 47.9/68.1GB, commit 67.2/115.3GB (load 70%)

  0%|          | 0/3 [00:00<?, ?it/s]
 33%|███▎      | 1/3 [07:16<14:32, 436.15s/it]
 67%|██████▋   | 2/3 [14:30<07:14, 434.83s/it]
100%|██████████| 3/3 [21:43<00:00, 434.06s/it]
100%|██████████| 3/3 [21:43<00:00, 434.40s/it]
-- decode-and-export: phys 27.0/68.1GB, commit 71.7/115.3GB (load 39%)
[1/1] wrote C:\banyan-farm\ep2-b05-jog-uniform-a-0812\05-the-patrol-LTX-jog-a-0812.mp4 in 2411s (121 frames, 704x1280, 8@352x640+3@704x1280 steps, peak torch 12.0GB, device 3.1/26GB)
THROUGHPUT 0.0021 s(video)/s(wall) (1 x 5.042s of video in 2411s)
bench row -> C:\banyan-farm\ep2-b05-jog-uniform-a-0812\bench-b05-register.jsonl
{"sample_s": 2411.3, "peak_gb": 12.0, "peak_commit_gb": 81.0, "frames": 121, "size": "704x1280", "steps": "8@352x640+3@704x1280", "batch": 1, "mode": "production", "throughput_s_per_s": 0.0021, "two_stage": true, "image_crf": 33, "offload": "sequential", "quantisation": null}
{"peak_commit_gb": 81.0, "peak_phys_gb": 57.1, "last_stage": "decode-and-export"}
==== step render END rc=0 2026-08-13T08:23:37Z ====

==== step publish START 2026-08-13T08:23:37Z ====
argv: ["C:\\banyan-farm\\venv\\Scripts\\python.exe", "-c", "import glob, hashlib, os, shutil\ndst = \"C:/banyan-farm/courier-box/farm-out/ep2-b05-jog-uniform-a-0812\"\nos.makedirs(dst, exist_ok=True)\nsrc = sorted(glob.glob(\"C:/banyan-farm/ep2-b05-jog-uniform-a-0812/05-the-patrol-LTX-jog-a-0812.mp4*\")\n             + glob.glob(\"C:/banyan-farm/ep2-b05-jog-uniform-a-0812/b05-init-704x1280.png\")\n             + glob.glob(\"C:/banyan-farm/ep2-b05-jog-uniform-a-0812/bench-b05-register.jsonl\"))\nlines = []\nfor f in src:\n    shutil.copy2(f, dst)\n    c = os.path.join(dst, os.path.basename(f))\n    with open(c, \"rb\") as fh:\n        h = hashlib.sha256(fh.read()).hexdigest()\n    lines.append(h + \"  \" + os.path.basename(f))\nwith open(os.path.join(dst, \"ep2-b05-jog-uniform-a-0812.sha256\"), \"w\", newline=\"\\n\") as fh:\n    fh.write(\"\\n\".join(lines) + \"\\n\")\nprint(\"published\", len(src), \"file(s) + manifest ->\", dst)\nraise SystemExit(0 if len(src) >= 2 else 1)\n"]
published 4 file(s) + manifest -> C:/banyan-farm/courier-box/farm-out/ep2-b05-jog-uniform-a-0812
==== step publish END rc=0 2026-08-13T08:23:37Z ====
#### job ep2-b05-jog-uniform-a-0812-1786519971 finished rc=0 2026-08-13T08:23:37Z
