 40%|████      | 16/40 [00:03<00:05,  4.51it/s]
 42%|████▎     | 17/40 [00:03<00:05,  4.35it/s]
 45%|████▌     | 18/40 [00:04<00:05,  4.38it/s]
 48%|████▊     | 19/40 [00:04<00:04,  4.36it/s]
 50%|█████     | 20/40 [00:04<00:04,  4.41it/s]
 52%|█████▎    | 21/40 [00:04<00:04,  4.39it/s]
 55%|█████▌    | 22/40 [00:05<00:04,  4.36it/s]
 57%|█████▊    | 23/40 [00:05<00:03,  4.41it/s]
 60%|██████    | 24/40 [00:05<00:03,  4.44it/s]
 62%|██████▎   | 25/40 [00:05<00:03,  4.46it/s]
 65%|██████▌   | 26/40 [00:05<00:03,  4.35it/s]
 68%|██████▊   | 27/40 [00:06<00:02,  4.34it/s]
 70%|███████   | 28/40 [00:06<00:02,  4.39it/s]
 72%|███████▎  | 29/40 [00:06<00:02,  4.43it/s]
 75%|███████▌  | 30/40 [00:06<00:02,  4.45it/s]
 78%|███████▊  | 31/40 [00:07<00:02,  4.38it/s]
 80%|████████  | 32/40 [00:07<00:01,  4.42it/s]
 82%|████████▎ | 33/40 [00:07<00:01,  4.37it/s]
 85%|████████▌ | 34/40 [00:07<00:01,  4.40it/s]
 88%|████████▊ | 35/40 [00:07<00:01,  4.43it/s]
 90%|█████████ | 36/40 [00:08<00:00,  4.36it/s]
 92%|█████████▎| 37/40 [00:08<00:00,  4.37it/s]
 95%|█████████▌| 38/40 [00:08<00:00,  4.45it/s]
 98%|█████████▊| 39/40 [00:08<00:00,  4.37it/s]
100%|██████████| 40/40 [00:09<00:00,  4.42it/s]
100%|██████████| 40/40 [00:09<00:00,  4.39it/s]
   14-the-defense-ipa-r3-w015-s0.png seed=20260733 10s  (13/16)

  0%|          | 0/40 [00:00<?, ?it/s]
  2%|▎         | 1/40 [00:00<00:08,  4.70it/s]
  5%|▌         | 2/40 [00:00<00:08,  4.59it/s]
  8%|▊         | 3/40 [00:00<00:08,  4.55it/s]
 10%|█         | 4/40 [00:00<00:08,  4.25it/s]
 12%|█▎        | 5/40 [00:01<00:08,  4.22it/s]
 15%|█▌        | 6/40 [00:01<00:07,  4.28it/s]
 18%|█▊        | 7/40 [00:01<00:07,  4.46it/s]
 20%|██        | 8/40 [00:01<00:07,  4.38it/s]
 22%|██▎       | 9/40 [00:02<00:07,  4.32it/s]
 25%|██▌       | 10/40 [00:02<00:06,  4.38it/s]
 28%|██▊       | 11/40 [00:02<00:06,  4.42it/s]
 30%|███       | 12/40 [00:02<00:06,  4.45it/s]
 32%|███▎      | 13/40 [00:02<00:06,  4.31it/s]
 35%|███▌      | 14/40 [00:03<00:05,  4.34it/s]
 38%|███▊      | 15/40 [00:03<00:05,  4.39it/s]
 40%|████      | 16/40 [00:03<00:05,  4.44it/s]
 42%|████▎     | 17/40 [00:03<00:05,  4.46it/s]
 45%|████▌     | 18/40 [00:04<00:05,  4.38it/s]
 48%|████▊     | 19/40 [00:04<00:04,  4.42it/s]
 50%|█████     | 20/40 [00:04<00:04,  4.45it/s]
 52%|█████▎    | 21/40 [00:04<00:04,  4.46it/s]
 55%|█████▌    | 22/40 [00:05<00:04,  4.38it/s]
 57%|█████▊    | 23/40 [00:05<00:03,  4.42it/s]
 60%|██████    | 24/40 [00:05<00:03,  4.45it/s]
 62%|██████▎   | 25/40 [00:05<00:03,  4.46it/s]
 65%|██████▌   | 26/40 [00:05<00:03,  4.39it/s]
 68%|██████▊   | 27/40 [00:06<00:02,  4.33it/s]
 70%|███████   | 28/40 [00:06<00:02,  4.39it/s]
 72%|███████▎  | 29/40 [00:06<00:02,  4.39it/s]
 75%|███████▌  | 30/40 [00:06<00:02,  4.46it/s]
 78%|███████▊  | 31/40 [00:07<00:02,  4.34it/s]
 80%|████████  | 32/40 [00:07<00:01,  4.44it/s]
 82%|████████▎ | 33/40 [00:07<00:01,  4.37it/s]
 85%|████████▌ | 34/40 [00:07<00:01,  4.38it/s]
 88%|████████▊ | 35/40 [00:07<00:01,  4.37it/s]
 90%|█████████ | 36/40 [00:08<00:00,  4.41it/s]
 92%|█████████▎| 37/40 [00:08<00:00,  4.38it/s]
 95%|█████████▌| 38/40 [00:08<00:00,  4.48it/s]
 98%|█████████▊| 39/40 [00:08<00:00,  4.39it/s]
100%|██████████| 40/40 [00:09<00:00,  4.38it/s]
100%|██████████| 40/40 [00:09<00:00,  4.40it/s]
   14-the-defense-ipa-r3-w015-s1.png seed=20261733 9s  (14/16)

  0%|          | 0/40 [00:00<?, ?it/s]
  2%|▎         | 1/40 [00:00<00:08,  4.65it/s]
  5%|▌         | 2/40 [00:00<00:08,  4.63it/s]
  8%|▊         | 3/40 [00:00<00:07,  4.67it/s]
 10%|█         | 4/40 [00:02<00:35,  1.02it/s]
 12%|█▎        | 5/40 [00:03<00:25,  1.39it/s]
 15%|█▌        | 6/40 [00:03<00:18,  1.82it/s]
 18%|█▊        | 7/40 [00:03<00:14,  2.28it/s]
 20%|██        | 8/40 [00:03<00:11,  2.67it/s]
 22%|██▎       | 9/40 [00:03<00:10,  3.01it/s]
 25%|██▌       | 10/40 [00:04<00:09,  3.31it/s]
 28%|██▊       | 11/40 [00:04<00:08,  3.62it/s]
 30%|███       | 12/40 [00:04<00:07,  3.90it/s]
 32%|███▎      | 13/40 [00:04<00:06,  3.92it/s]
 35%|███▌      | 14/40 [00:05<00:06,  4.08it/s]
 38%|███▊      | 15/40 [00:05<00:05,  4.19it/s]
 40%|████      | 16/40 [00:05<00:05,  4.28it/s]
 42%|████▎     | 17/40 [00:05<00:05,  4.35it/s]
 45%|████▌     | 18/40 [00:06<00:05,  4.30it/s]
 48%|████▊     | 19/40 [00:06<00:04,  4.36it/s]
 50%|█████     | 20/40 [00:06<00:04,  4.40it/s]
 52%|█████▎    | 21/40 [00:06<00:04,  4.43it/s]
 55%|█████▌    | 22/40 [00:06<00:04,  4.31it/s]
 57%|█████▊    | 23/40 [00:07<00:03,  4.33it/s]
 60%|██████    | 24/40 [00:07<00:03,  4.38it/s]
 62%|██████▎   | 25/40 [00:07<00:03,  4.41it/s]
 65%|██████▌   | 26/40 [00:07<00:03,  4.37it/s]
 68%|██████▊   | 27/40 [00:08<00:02,  4.42it/s]
 70%|███████   | 28/40 [00:08<00:02,  4.45it/s]
 72%|███████▎  | 29/40 [00:08<00:02,  4.47it/s]
 75%|███████▌  | 30/40 [00:08<00:02,  4.38it/s]
 78%|███████▊  | 31/40 [00:08<00:02,  4.42it/s]
 80%|████████  | 32/40 [00:09<00:01,  4.35it/s]
 82%|████████▎ | 33/40 [00:09<00:01,  4.40it/s]
 85%|████████▌ | 34/40 [00:09<00:01,  4.44it/s]
 88%|████████▊ | 35/40 [00:09<00:01,  4.36it/s]
 90%|█████████ | 36/40 [00:10<00:00,  4.40it/s]
 92%|█████████▎| 37/40 [00:10<00:00,  4.43it/s]
 95%|█████████▌| 38/40 [00:10<00:00,  4.45it/s]
 98%|█████████▊| 39/40 [00:10<00:00,  4.34it/s]
100%|██████████| 40/40 [00:10<00:00,  4.43it/s]
100%|██████████| 40/40 [00:10<00:00,  3.64it/s]
   14-the-defense-ipa-r3-w015-s2.png seed=20262733 11s  (15/16)

  0%|          | 0/40 [00:00<?, ?it/s]
  2%|▎         | 1/40 [00:00<00:07,  4.92it/s]
  5%|▌         | 2/40 [00:00<00:08,  4.68it/s]
  8%|▊         | 3/40 [00:00<00:08,  4.52it/s]
 10%|█         | 4/40 [00:00<00:08,  4.34it/s]
 12%|█▎        | 5/40 [00:01<00:08,  4.19it/s]
 15%|█▌        | 6/40 [00:01<00:07,  4.26it/s]
 18%|█▊        | 7/40 [00:01<00:07,  4.40it/s]
 20%|██        | 8/40 [00:01<00:07,  4.35it/s]
 22%|██▎       | 9/40 [00:02<00:07,  4.26it/s]
 25%|██▌       | 10/40 [00:02<00:06,  4.34it/s]
 28%|██▊       | 11/40 [00:02<00:06,  4.43it/s]
 30%|███       | 12/40 [00:02<00:06,  4.45it/s]
 32%|███▎      | 13/40 [00:02<00:06,  4.34it/s]
 35%|███▌      | 14/40 [00:03<00:05,  4.42it/s]
 38%|███▊      | 15/40 [00:03<00:05,  4.38it/s]
 40%|████      | 16/40 [00:03<00:05,  4.49it/s]
 42%|████▎     | 17/40 [00:03<00:05,  4.37it/s]
 45%|████▌     | 18/40 [00:04<00:05,  4.36it/s]
 48%|████▊     | 19/40 [00:04<00:04,  4.37it/s]
 50%|█████     | 20/40 [00:04<00:04,  4.43it/s]
 52%|█████▎    | 21/40 [00:04<00:04,  4.48it/s]
 55%|█████▌    | 22/40 [00:05<00:04,  4.39it/s]
 57%|█████▊    | 23/40 [00:05<00:03,  4.33it/s]
 60%|██████    | 24/40 [00:05<00:03,  4.38it/s]
 62%|██████▎   | 25/40 [00:05<00:03,  4.43it/s]
 65%|██████▌   | 26/40 [00:05<00:03,  4.36it/s]
 68%|██████▊   | 27/40 [00:06<00:02,  4.40it/s]
 70%|███████   | 28/40 [00:06<00:02,  4.43it/s]
 72%|███████▎  | 29/40 [00:06<00:02,  4.45it/s]
 75%|███████▌  | 30/40 [00:06<00:02,  4.38it/s]
 78%|███████▊  | 31/40 [00:07<00:02,  4.33it/s]
 80%|████████  | 32/40 [00:07<00:01,  4.37it/s]
 82%|████████▎ | 33/40 [00:07<00:01,  4.41it/s]
 85%|████████▌ | 34/40 [00:07<00:01,  4.36it/s]
 88%|████████▊ | 35/40 [00:07<00:01,  4.35it/s]
 90%|█████████ | 36/40 [00:08<00:00,  4.45it/s]
 92%|█████████▎| 37/40 [00:08<00:00,  4.37it/s]
 95%|█████████▌| 38/40 [00:08<00:00,  4.41it/s]
 98%|█████████▊| 39/40 [00:08<00:00,  4.35it/s]
100%|██████████| 40/40 [00:09<00:00,  4.40it/s]
100%|██████████| 40/40 [00:09<00:00,  4.39it/s]
   14-the-defense-ipa-r3-w015-s3.png seed=20263733 10s  (16/16)

DONE 16 stills — ONE beat. The other fourteen wait on his verdict.
==== step sample END rc=0 2026-08-10T20:28:40Z ====

==== step publish START 2026-08-10T20:28:40Z ====
argv: ["C:\\banyan-farm\\venv\\Scripts\\python.exe", "-c", "import glob, hashlib, os, shutil\ndst = \"C:/banyan-farm/courier-box/farm-out/ep2-b14-goblin-facepick-sample\"\nos.makedirs(dst, exist_ok=True)\nsrc = sorted(glob.glob(\"C:/banyan-farm/goblin-ipa-0810/out-b14-facepick/*\"))\nlines = []\nfor f in src:\n    shutil.copy2(f, dst)\n    # Hash the COPY: the manifest must attest to the bytes that get committed.\n    c = os.path.join(dst, os.path.basename(f))\n    with open(c, \"rb\") as fh:\n        h = hashlib.sha256(fh.read()).hexdigest()\n    lines.append(h + \"  \" + os.path.basename(f))\n    print(\"   \", os.path.basename(f), h[:16])\n# newline=\"\\n\" is load-bearing on Windows: text mode would append \\r to every\n# filename and shasum -c on the Mac could not open one of them.\nwith open(os.path.join(dst, \"ep2-b14-goblin-facepick-sample.sha256\"),\n          \"w\", newline=\"\\n\") as fh:\n    fh.write(\"\\n\".join(lines) + \"\\n\")\nprint(\"published\", len(src), \"file(s) + manifest ->\", dst)\n"]
    14-the-defense-ipa-r0-w015-s0.png 2e58f14fb7f4f341
    14-the-defense-ipa-r0-w015-s0.yaml 371112d92c3f4102
    14-the-defense-ipa-r0-w015-s1.png f05936db261c03da
    14-the-defense-ipa-r0-w015-s1.yaml 86137ea2b996f1ac
    14-the-defense-ipa-r0-w015-s2.png d2981892a70fefdb
    14-the-defense-ipa-r0-w015-s2.yaml 957dd0e1c22cc5eb
    14-the-defense-ipa-r0-w015-s3.png 99c7aeed35fd18e6
    14-the-defense-ipa-r0-w015-s3.yaml 54cf86f0bc5b38ac
    14-the-defense-ipa-r1-w015-s0.png 2e58f14fb7f4f341
    14-the-defense-ipa-r1-w015-s0.yaml 9b806d748ade3f40
    14-the-defense-ipa-r1-w015-s1.png f05936db261c03da
    14-the-defense-ipa-r1-w015-s1.yaml 41b1e40ea56c119a
    14-the-defense-ipa-r1-w015-s2.png d2981892a70fefdb
    14-the-defense-ipa-r1-w015-s2.yaml e660308e5538620e
    14-the-defense-ipa-r1-w015-s3.png 99c7aeed35fd18e6
    14-the-defense-ipa-r1-w015-s3.yaml a357c94d4046ad32
    14-the-defense-ipa-r2-w015-s0.png 2e58f14fb7f4f341
    14-the-defense-ipa-r2-w015-s0.yaml 1070b5f59dd58c82
    14-the-defense-ipa-r2-w015-s1.png f05936db261c03da
    14-the-defense-ipa-r2-w015-s1.yaml 9603ebc7ed46bb13
    14-the-defense-ipa-r2-w015-s2.png d2981892a70fefdb
    14-the-defense-ipa-r2-w015-s2.yaml 2a268f94915a830c
    14-the-defense-ipa-r2-w015-s3.png 99c7aeed35fd18e6
    14-the-defense-ipa-r2-w015-s3.yaml 1c811eb68184f9ba
    14-the-defense-ipa-r3-w015-s0.png 2e58f14fb7f4f341
    14-the-defense-ipa-r3-w015-s0.yaml b6ad6fc54e568416
    14-the-defense-ipa-r3-w015-s1.png f05936db261c03da
    14-the-defense-ipa-r3-w015-s1.yaml b8c7ca9bc5ef13b2
    14-the-defense-ipa-r3-w015-s2.png d2981892a70fefdb
    14-the-defense-ipa-r3-w015-s2.yaml d1c8e85e27427186
    14-the-defense-ipa-r3-w015-s3.png 99c7aeed35fd18e6
    14-the-defense-ipa-r3-w015-s3.yaml ed792791622bec2d
published 32 file(s) + manifest -> C:/banyan-farm/courier-box/farm-out/ep2-b14-goblin-facepick-sample
==== step publish END rc=0 2026-08-10T20:28:40Z ====
#### job ep2-b14-goblin-facepick-sample-1786393541 finished rc=0 2026-08-10T20:28:40Z
