#### job ep2-b07-point-crf10-0819-1787090167 attempt 1 start 2026-08-18T21:56:19Z

==== step crop START 2026-08-18T21:56:22Z ====
argv: ["C:\\banyan-farm\\venv\\Scripts\\python.exe", "C:\\banyan-farm\\ep2-b07-point-crf10-0819\\cover_crop.py", "--src", "C:\\banyan-farm\\courier-box\\farm-out\\ep2-b07-twofig-0817\\07-confiscate-ipa-r1-w015-s3.png", "--sha256", "95e63800a585d0cf87ba9a1e7b499e8145db65600766cacf966be3ffcd2253fd", "--out", "C:\\banyan-farm\\ep2-b07-point-crf10-0819-out\\b07-twofig-init-704x1280.png", "--size", "704x1280"]
src 832x1216 sha 95e63800a585d0cf87ba9a1e7b499e8145db65600766cacf966be3ffcd2253fd
cover-crop scale=1.0526 -> 876x1280, centre box (86,0)
WROTE C:\banyan-farm\ep2-b07-point-crf10-0819-out\b07-twofig-init-704x1280.png
==== step crop END rc=0 2026-08-18T21:56:22Z ====

==== step encode START 2026-08-18T21:56:22Z ====
argv: ["C:\\banyan-video\\venv\\Scripts\\python.exe", "C:\\banyan-farm\\banyan-city\\pipeline\\ltx_i2v.py", "--stage", "encode", "--jobs", "C:\\banyan-farm\\ep2-b07-point-crf10-0819\\b07-jobs-encode.json"]
-- begin-encode: phys 10.4/68.1GB, commit 12.5/115.3GB (load 15%)
loading text encoder from C:\Users\artvn\.cache\huggingface\hub\models--Lightricks--gemma-3-12b-it-qat-q4_0-unquantized\snapshots\d62fe4f1995ade703b49a0f3c0d0f161237ef437

Loading weights:   0%|          | 0/1065 [00:00<?, ?it/s]
Loading weights:  36%|███▌      | 379/1065 [00:00<00:00, 3416.64it/s]
Loading weights:  72%|███████▏  | 769/1065 [00:00<00:00, 3468.17it/s]
Loading weights: 100%|██████████| 1065/1065 [00:00<00:00, 3734.83it/s]
-- encode-beat-07: phys 11.6/68.1GB, commit 39.3/115.3GB (load 16%)
[1/1] encoded beat 7 to C:\banyan-farm\ep2-b07-point-crf10-0819-out\b07-embeds.pt (1, 1024, 188160)
{"peak_commit_gb": 41.8, "peak_phys_gb": 37.1, "last_stage": "encode-beat-07"}
==== step encode END rc=0 2026-08-18T21:57:54Z ====

==== step render START 2026-08-18T21:57:54Z ====
argv: ["C:\\banyan-video\\venv\\Scripts\\python.exe", "C:\\banyan-farm\\banyan-city\\pipeline\\ltx_i2v.py", "--stage", "render", "--jobs", "C:\\banyan-farm\\ep2-b07-point-crf10-0819\\b07-jobs-render.json", "--size", "704x1280", "--frames", "97", "--fps", "24", "--guidance", "2.0", "--distilled-sigmas", "--two-stage", "--image-crf", "10", "--offload", "sequential", "--mode", "production", "--task", "ep2-b07-point-crf10-0819", "--worker", "rtx5090", "--bench-jsonl", "C:\\banyan-farm\\ep2-b07-point-crf10-0819-out\\bench-b07-twofig.jsonl", "--bench-label", "ep2-b07-point-crf10-0819"]
recipe: offload=sequential quantisation=none (bf16)
-- begin-render: phys 10.4/68.1GB, commit 12.5/115.3GB (load 15%)
transformer  C:\Users\artvn\.cache\huggingface\hub\models--diffusers--LTX-2.3-Distilled-Diffusers\snapshots\432e0d3c2d1769aaa4d295f9243f7062bf6b47ee [subfolder=transformer, bf16]
scheduler    C:\Users\artvn\.cache\huggingface\hub\models--diffusers--LTX-2.3-Distilled-Diffusers\snapshots\432e0d3c2d1769aaa4d295f9243f7062bf6b47ee [subfolder=scheduler, distilled]
other parts  C:\Users\artvn\.cache\huggingface\hub\models--diffusers--LTX-2.3-Diffusers\snapshots\8eee8edcf067e838b843f926ec4d4cc9b2be1aaf
-- load-transformer-bf16-38GB: phys 11.2/68.1GB, commit 14.4/115.3GB (load 16%)

Loading checkpoint shards:   0%|          | 0/8 [00:00<?, ?it/s]
Loading checkpoint shards:  12%|█▎        | 1/8 [00:00<00:00,  9.95it/s]
Loading checkpoint shards:  25%|██▌       | 2/8 [00:00<00:00,  9.84it/s]
Loading checkpoint shards:  50%|█████     | 4/8 [00:00<00:00,  8.60it/s]
Loading checkpoint shards: 100%|██████████| 8/8 [00:00<00:00, 16.66it/s]
Loading checkpoint shards: 100%|██████████| 8/8 [00:00<00:00, 14.10it/s]
-- load-connectors-12.7GB-and-vae: phys 11.2/68.1GB, commit 52.7/115.3GB (load 16%)

Loading checkpoint shards:   0%|          | 0/2 [00:00<?, ?it/s]
Loading checkpoint shards: 100%|██████████| 2/2 [00:00<00:00, 205.13it/s]
-- offload-setup-sequential: phys 11.2/68.1GB, commit 62.3/115.3GB (load 16%)
C:\banyan-video\venv\Lib\site-packages\accelerate\utils\modeling.py:345: UserWarning: expandable_segments not supported on this platform (Triggered internally at C:\actions-runner\_work\pytorch\pytorch\pytorch\c10/cuda/CUDAAllocatorConfig.h:39.)
  new_value = old_value.to(device, non_blocking=non_blocking)
conditioning still round-tripped through libx264 crf=10 -> C:\banyan-farm\ep2-b07-point-crf10-0819-out\cond-crf-07.png
-- stage1-denoise-352x640-8steps: phys 12.1/68.1GB, commit 62.7/115.3GB (load 17%)

  0%|          | 0/8 [00:00<?, ?it/s]
 12%|█▎        | 1/8 [01:08<07:58, 68.33s/it]
 25%|██▌       | 2/8 [01:24<03:44, 37.35s/it]
 38%|███▊      | 3/8 [01:32<02:01, 24.28s/it]
 50%|█████     | 4/8 [01:41<01:12, 18.23s/it]
 62%|██████▎   | 5/8 [01:50<00:45, 15.02s/it]
 75%|███████▌  | 6/8 [01:59<00:25, 12.89s/it]
 88%|████████▊ | 7/8 [02:08<00:11, 11.66s/it]
100%|██████████| 8/8 [02:17<00:00, 10.74s/it]
100%|██████████| 8/8 [02:17<00:00, 17.21s/it]
stage1 latents (1, 128, 13, 20, 11)
-- upsample-2x-latent: phys 54.9/68.1GB, commit 65.2/115.3GB (load 80%)
There are modules in LTX2LatentUpsamplerModel that should be kept in float32: []. Casting directly with `to()` can lead to inconsistent results; set `torch_dtype` in `from_pretrained()` instead to keep these modules in float32.
upsampled latents (1, 128, 13, 40, 22)
-- stage2-refine-704x1280-3steps: phys 58.0/68.1GB, commit 68.4/115.3GB (load 85%)

  0%|          | 0/3 [00:00<?, ?it/s]
 33%|███▎      | 1/3 [00:24<00:49, 24.78s/it]
 67%|██████▋   | 2/3 [00:50<00:25, 25.45s/it]
100%|██████████| 3/3 [01:17<00:00, 25.95s/it]
100%|██████████| 3/3 [01:17<00:00, 25.75s/it]
-- decode-and-export: phys 64.5/68.1GB, commit 71.6/115.3GB (load 94%)
[1/1] wrote C:\banyan-farm\ep2-b07-point-crf10-0819-out\07-confiscate-LTX-twofig-r1s3.mp4 in 237s (97 frames, 704x1280, 8@352x640+3@704x1280 steps, peak torch 9.9GB, device 2.6/26GB)
THROUGHPUT 0.0170 s(video)/s(wall) (1 x 4.042s of video in 237s)
bench row -> C:\banyan-farm\ep2-b07-point-crf10-0819-out\bench-b07-twofig.jsonl
{"sample_s": 237.2, "peak_gb": 9.9, "peak_commit_gb": 79.4, "frames": 97, "size": "704x1280", "steps": "8@352x640+3@704x1280", "batch": 1, "mode": "production", "throughput_s_per_s": 0.017, "two_stage": true, "image_crf": 10, "offload": "sequential", "quantisation": null}
{"peak_commit_gb": 79.4, "peak_phys_gb": 64.5, "last_stage": "decode-and-export"}
==== step render END rc=0 2026-08-18T22:02:07Z ====

==== step stamp START 2026-08-18T22:02:07Z ====
argv: ["C:\\banyan-farm\\venv\\Scripts\\python.exe", "C:\\banyan-farm\\ep2-b07-point-crf10-0819\\stamp_sidecar.py", "C:\\banyan-farm\\ep2-b07-point-crf10-0819-out\\07-confiscate-LTX-twofig-r1s3.mp4.meta.yaml"]
stamped C:\banyan-farm\ep2-b07-point-crf10-0819-out\07-confiscate-LTX-twofig-r1s3.mp4.meta.yaml
==== step stamp END rc=0 2026-08-18T22:02:08Z ====

==== step publish START 2026-08-18T22:02:08Z ====
argv: ["C:\\banyan-farm\\venv\\Scripts\\python.exe", "-c", "# THE GLOB CARRIES THE BEAT SLUG (07-confiscate). Without it the glob\n# matches nothing and the step publishes nothing while returning a code\n# that reads like a render failure -- that is what made six rendered\n# plates read as six failures on 2026-08-14. No allow_fail: a publish\n# that cannot find its files is a FAIL of the job, not a footnote.\nimport glob, hashlib, os, shutil\nout_dir = \"C:/banyan-farm/ep2-b07-point-crf10-0819-out\"\npay_dir = \"C:/banyan-farm/ep2-b07-point-crf10-0819\"\ndst = \"C:/banyan-farm/courier-box/farm-out/ep2-b07-point-crf10-0819\"\nos.makedirs(dst, exist_ok=True)\nfiles = sorted(glob.glob(out_dir + \"/07-confiscate-LTX-twofig-r1s3.mp4*\")\n               + glob.glob(out_dir + \"/b07-twofig-init-704x1280.png\")\n               + glob.glob(out_dir + \"/bench-b07-twofig.jsonl\")\n               + glob.glob(pay_dir + \"/b07-motion-prompt.txt\")\n               + glob.glob(pay_dir + \"/b07-negative.txt\"))\nlines = []\nfor f in files:\n    shutil.copy2(f, dst)\n    c = os.path.join(dst, os.path.basename(f))\n    with open(c, \"rb\") as fh:\n        h = hashlib.sha256(fh.read()).hexdigest()\n    lines.append(h + \"  \" + os.path.basename(f))\nwith open(os.path.join(dst, \"ep2-b07-point-crf10-0819.sha256\"), \"w\", newline=\"\\n\") as fh:\n    fh.write(\"\\n\".join(sorted(lines)) + \"\\n\")\nprint(\"published\", len(files), \"file(s) + manifest ->\", dst)\nraise SystemExit(0 if len(files) >= 6 else 1)"]
published 6 file(s) + manifest -> C:/banyan-farm/courier-box/farm-out/ep2-b07-point-crf10-0819
==== step publish END rc=0 2026-08-18T22:02:08Z ====
#### job ep2-b07-point-crf10-0819-1787090167 finished rc=0 2026-08-18T22:02:08Z
