 95%|█████████▌| 38/40 [00:08<00:00,  4.43it/s]
 98%|█████████▊| 39/40 [00:08<00:00,  4.46it/s]
100%|██████████| 40/40 [00:09<00:00,  4.38it/s]
100%|██████████| 40/40 [00:09<00:00,  4.40it/s]
   20-evidence-ipa-r2-w015-s3.png seed=20263739 10s  (12/16)

  0%|          | 0/40 [00:00<?, ?it/s]
  2%|▎         | 1/40 [00:00<00:07,  4.92it/s]
  5%|▌         | 2/40 [00:00<00:08,  4.67it/s]
  8%|▊         | 3/40 [00:00<00:08,  4.61it/s]
 10%|█         | 4/40 [00:00<00:08,  4.32it/s]
 12%|█▎        | 5/40 [00:01<00:08,  4.28it/s]
 15%|█▌        | 6/40 [00:01<00:07,  4.26it/s]
 18%|█▊        | 7/40 [00:01<00:07,  4.36it/s]
 20%|██        | 8/40 [00:01<00:07,  4.35it/s]
 22%|██▎       | 9/40 [00:02<00:07,  4.34it/s]
 25%|██▌       | 10/40 [00:02<00:06,  4.30it/s]
 28%|██▊       | 11/40 [00:02<00:06,  4.46it/s]
 30%|███       | 12/40 [00:02<00:06,  4.47it/s]
 32%|███▎      | 13/40 [00:02<00:06,  4.39it/s]
 35%|███▌      | 14/40 [00:03<00:05,  4.34it/s]
 38%|███▊      | 15/40 [00:03<00:05,  4.39it/s]
 40%|████      | 16/40 [00:03<00:05,  4.43it/s]
 42%|████▎     | 17/40 [00:03<00:05,  4.36it/s]
 45%|████▌     | 18/40 [00:04<00:04,  4.41it/s]
 48%|████▊     | 19/40 [00:04<00:04,  4.44it/s]
 50%|█████     | 20/40 [00:04<00:04,  4.46it/s]
 52%|█████▎    | 21/40 [00:04<00:04,  4.39it/s]
 55%|█████▌    | 22/40 [00:04<00:04,  4.43it/s]
 57%|█████▊    | 23/40 [00:05<00:03,  4.35it/s]
 60%|██████    | 24/40 [00:05<00:03,  4.41it/s]
 62%|██████▎   | 25/40 [00:05<00:03,  4.43it/s]
 65%|██████▌   | 26/40 [00:05<00:03,  4.46it/s]
 68%|██████▊   | 27/40 [00:06<00:02,  4.38it/s]
 70%|███████   | 28/40 [00:06<00:02,  4.37it/s]
 72%|███████▎  | 29/40 [00:06<00:02,  4.46it/s]
 75%|███████▌  | 30/40 [00:06<00:02,  4.38it/s]
 78%|███████▊  | 31/40 [00:07<00:02,  4.39it/s]
 80%|████████  | 32/40 [00:07<00:01,  4.46it/s]
 82%|████████▎ | 33/40 [00:07<00:01,  4.38it/s]
 85%|████████▌ | 34/40 [00:07<00:01,  4.42it/s]
 88%|████████▊ | 35/40 [00:07<00:01,  4.45it/s]
 90%|█████████ | 36/40 [00:08<00:00,  4.36it/s]
 92%|█████████▎| 37/40 [00:08<00:00,  4.36it/s]
 95%|█████████▌| 38/40 [00:08<00:00,  4.46it/s]
 98%|█████████▊| 39/40 [00:08<00:00,  4.38it/s]
100%|██████████| 40/40 [00:09<00:00,  4.39it/s]
100%|██████████| 40/40 [00:09<00:00,  4.40it/s]
   20-evidence-ipa-r3-w015-s0.png seed=20260739 9s  (13/16)

  0%|          | 0/40 [00:00<?, ?it/s]
  2%|▎         | 1/40 [00:00<00:08,  4.66it/s]
  5%|▌         | 2/40 [00:00<00:08,  4.74it/s]
  8%|▊         | 3/40 [00:00<00:07,  4.63it/s]
 10%|█         | 4/40 [00:00<00:08,  4.32it/s]
 12%|█▎        | 5/40 [00:01<00:08,  4.27it/s]
 15%|█▌        | 6/40 [00:01<00:07,  4.25it/s]
 18%|█▊        | 7/40 [00:01<00:07,  4.44it/s]
 20%|██        | 8/40 [00:01<00:07,  4.37it/s]
 22%|██▎       | 9/40 [00:02<00:07,  4.32it/s]
 25%|██▌       | 10/40 [00:02<00:07,  4.29it/s]
 28%|██▊       | 11/40 [00:02<00:06,  4.37it/s]
 30%|███       | 12/40 [00:02<00:06,  4.40it/s]
 32%|███▎      | 13/40 [00:02<00:06,  4.34it/s]
 35%|███▌      | 14/40 [00:03<00:05,  4.39it/s]
 38%|███▊      | 15/40 [00:03<00:05,  4.38it/s]
 40%|████      | 16/40 [00:03<00:05,  4.43it/s]
 42%|████▎     | 17/40 [00:03<00:05,  4.38it/s]
 45%|████▌     | 18/40 [00:04<00:04,  4.44it/s]
 48%|████▊     | 19/40 [00:04<00:04,  4.37it/s]
 50%|█████     | 20/40 [00:04<00:04,  4.50it/s]
 52%|█████▎    | 21/40 [00:04<00:04,  4.41it/s]
 55%|█████▌    | 22/40 [00:05<00:04,  4.35it/s]
 57%|█████▊    | 23/40 [00:05<00:03,  4.39it/s]
 60%|██████    | 24/40 [00:05<00:03,  4.43it/s]
 62%|██████▎   | 25/40 [00:05<00:03,  4.45it/s]
 65%|██████▌   | 26/40 [00:05<00:03,  4.37it/s]
 68%|██████▊   | 27/40 [00:06<00:02,  4.41it/s]
 70%|███████   | 28/40 [00:06<00:02,  4.45it/s]
 72%|███████▎  | 29/40 [00:06<00:02,  4.46it/s]
 75%|███████▌  | 30/40 [00:06<00:02,  4.38it/s]
 78%|███████▊  | 31/40 [00:07<00:02,  4.42it/s]
 80%|████████  | 32/40 [00:07<00:01,  4.45it/s]
 82%|████████▎ | 33/40 [00:07<00:01,  4.37it/s]
 85%|████████▌ | 34/40 [00:07<00:01,  4.42it/s]
 88%|████████▊ | 35/40 [00:07<00:01,  4.38it/s]
 90%|█████████ | 36/40 [00:08<00:00,  4.39it/s]
 92%|█████████▎| 37/40 [00:08<00:00,  4.43it/s]
 95%|█████████▌| 38/40 [00:08<00:00,  4.40it/s]
 98%|█████████▊| 39/40 [00:08<00:00,  4.39it/s]
100%|██████████| 40/40 [00:09<00:00,  4.40it/s]
100%|██████████| 40/40 [00:09<00:00,  4.40it/s]
   20-evidence-ipa-r3-w015-s1.png seed=20261739 9s  (14/16)

  0%|          | 0/40 [00:00<?, ?it/s]
  2%|▎         | 1/40 [00:00<00:08,  4.70it/s]
  5%|▌         | 2/40 [00:00<00:07,  4.79it/s]
  8%|▊         | 3/40 [00:00<00:07,  4.65it/s]
 10%|█         | 4/40 [00:00<00:08,  4.35it/s]
 12%|█▎        | 5/40 [00:01<00:08,  4.20it/s]
 15%|█▌        | 6/40 [00:01<00:07,  4.30it/s]
 18%|█▊        | 7/40 [00:01<00:07,  4.37it/s]
 20%|██        | 8/40 [00:01<00:07,  4.41it/s]
 22%|██▎       | 9/40 [00:02<00:07,  4.22it/s]
 25%|██▌       | 10/40 [00:02<00:06,  4.34it/s]
 28%|██▊       | 11/40 [00:02<00:06,  4.38it/s]
 30%|███       | 12/40 [00:02<00:06,  4.43it/s]
 32%|███▎      | 13/40 [00:02<00:06,  4.36it/s]
 35%|███▌      | 14/40 [00:03<00:05,  4.40it/s]
 38%|███▊      | 15/40 [00:03<00:05,  4.37it/s]
 40%|████      | 16/40 [00:03<00:05,  4.48it/s]
 42%|████▎     | 17/40 [00:03<00:05,  4.40it/s]
 45%|████▌     | 18/40 [00:04<00:05,  4.34it/s]
 48%|████▊     | 19/40 [00:04<00:04,  4.37it/s]
 50%|█████     | 20/40 [00:04<00:04,  4.43it/s]
 52%|█████▎    | 21/40 [00:04<00:04,  4.45it/s]
 55%|█████▌    | 22/40 [00:05<00:04,  4.38it/s]
 57%|█████▊    | 23/40 [00:05<00:03,  4.39it/s]
 60%|██████    | 24/40 [00:05<00:03,  4.45it/s]
 62%|██████▎   | 25/40 [00:05<00:03,  4.47it/s]
 65%|██████▌   | 26/40 [00:05<00:03,  4.34it/s]
 68%|██████▊   | 27/40 [00:06<00:02,  4.44it/s]
 70%|███████   | 28/40 [00:06<00:02,  4.37it/s]
 72%|███████▎  | 29/40 [00:06<00:02,  4.41it/s]
 75%|███████▌  | 30/40 [00:06<00:02,  4.44it/s]
 78%|███████▊  | 31/40 [00:07<00:02,  4.36it/s]
 80%|████████  | 32/40 [00:07<00:01,  4.41it/s]
 82%|████████▎ | 33/40 [00:07<00:01,  4.43it/s]
 85%|████████▌ | 34/40 [00:07<00:01,  4.46it/s]
 88%|████████▊ | 35/40 [00:07<00:01,  4.38it/s]
 90%|█████████ | 36/40 [00:08<00:00,  4.37it/s]
 92%|█████████▎| 37/40 [00:08<00:00,  4.46it/s]
 95%|█████████▌| 38/40 [00:08<00:00,  4.38it/s]
 98%|█████████▊| 39/40 [00:08<00:00,  4.39it/s]
100%|██████████| 40/40 [00:09<00:00,  4.46it/s]
100%|██████████| 40/40 [00:09<00:00,  4.40it/s]
   20-evidence-ipa-r3-w015-s2.png seed=20262739 10s  (15/16)

  0%|          | 0/40 [00:00<?, ?it/s]
  2%|▎         | 1/40 [00:00<00:08,  4.67it/s]
  5%|▌         | 2/40 [00:00<00:07,  4.82it/s]
  8%|▊         | 3/40 [00:00<00:07,  4.67it/s]
 10%|█         | 4/40 [00:00<00:08,  4.36it/s]
 12%|█▎        | 5/40 [00:01<00:08,  4.17it/s]
 15%|█▌        | 6/40 [00:01<00:07,  4.32it/s]
 18%|█▊        | 7/40 [00:01<00:07,  4.39it/s]
 20%|██        | 8/40 [00:01<00:07,  4.33it/s]
 22%|██▎       | 9/40 [00:02<00:07,  4.29it/s]
 25%|██▌       | 10/40 [00:02<00:06,  4.35it/s]
 28%|██▊       | 11/40 [00:02<00:06,  4.38it/s]
 30%|███       | 12/40 [00:02<00:06,  4.44it/s]
 32%|███▎      | 13/40 [00:02<00:06,  4.37it/s]
 35%|███▌      | 14/40 [00:03<00:06,  4.32it/s]
 38%|███▊      | 15/40 [00:03<00:05,  4.47it/s]
 40%|████      | 16/40 [00:03<00:05,  4.41it/s]
 42%|████▎     | 17/40 [00:03<00:05,  4.42it/s]
 45%|████▌     | 18/40 [00:04<00:05,  4.34it/s]
 48%|████▊     | 19/40 [00:04<00:04,  4.41it/s]
 50%|█████     | 20/40 [00:04<00:04,  4.42it/s]
 52%|█████▎    | 21/40 [00:04<00:04,  4.47it/s]
 55%|█████▌    | 22/40 [00:05<00:04,  4.39it/s]
 57%|█████▊    | 23/40 [00:05<00:03,  4.33it/s]
 60%|██████    | 24/40 [00:05<00:03,  4.39it/s]
 62%|██████▎   | 25/40 [00:05<00:03,  4.42it/s]
 65%|██████▌   | 26/40 [00:05<00:03,  4.36it/s]
 68%|██████▊   | 27/40 [00:06<00:02,  4.36it/s]
 70%|███████   | 28/40 [00:06<00:02,  4.45it/s]
 72%|███████▎  | 29/40 [00:06<00:02,  4.47it/s]
 75%|███████▌  | 30/40 [00:06<00:02,  4.39it/s]
 78%|███████▊  | 31/40 [00:07<00:02,  4.42it/s]
 80%|████████  | 32/40 [00:07<00:01,  4.44it/s]
 82%|████████▎ | 33/40 [00:07<00:01,  4.37it/s]
 85%|████████▌ | 34/40 [00:07<00:01,  4.41it/s]
 88%|████████▊ | 35/40 [00:07<00:01,  4.44it/s]
 90%|█████████ | 36/40 [00:08<00:00,  4.37it/s]
 92%|█████████▎| 37/40 [00:08<00:00,  4.41it/s]
 95%|█████████▌| 38/40 [00:08<00:00,  4.44it/s]
 98%|█████████▊| 39/40 [00:08<00:00,  4.37it/s]
100%|██████████| 40/40 [00:09<00:00,  4.41it/s]
100%|██████████| 40/40 [00:09<00:00,  4.40it/s]
   20-evidence-ipa-r3-w015-s3.png seed=20263739 10s  (16/16)

DONE 16 stills — ONE beat. The other fourteen wait on his verdict.
==== step sample END rc=0 2026-08-10T16:04:46Z ====

==== step green START 2026-08-10T16:04:46Z ====
argv: ["C:\\banyan-farm\\venv\\Scripts\\python.exe", "C:\\banyan-farm\\wave-goblin-prep\\green_share.py", "baseline-tags-only-b04|C:\\banyan-farm\\wave-goblin-prep\\out\\04-the-footnote-wave1-s*.png|sq", "b04-w015-r0|C:\\banyan-farm\\goblin-ipa-0810\\out5\\04-the-footnote-ipa-r0-w015-s*.png|sq", "b20-w015-r0|C:\\banyan-farm\\goblin-ipa-0810\\out-b20\\20-evidence-ipa-r0-w015-s*.png|sq", "b20-w015-r1|C:\\banyan-farm\\goblin-ipa-0810\\out-b20\\20-evidence-ipa-r1-w015-s*.png|sq", "b20-w015-r2|C:\\banyan-farm\\goblin-ipa-0810\\out-b20\\20-evidence-ipa-r2-w015-s*.png|sq", "b20-w015-r3|C:\\banyan-farm\\goblin-ipa-0810\\out-b20\\20-evidence-ipa-r3-w015-s*.png|sq"]
baseline-tags-only-b04             n=4  green_share=0.4918  narrow=0.3341  sat_green=0.283  hue=160.1  sat_all=0.254
b04-w015-r0                        n=4  green_share=0.4548  narrow=0.2018  sat_green=0.358  hue=167.2  sat_all=0.313
b20-w015-r0                        n=4  green_share=0.1918  narrow=0.0716  sat_green=0.408  hue=167.9  sat_all=0.416
b20-w015-r1                        n=4  green_share=0.1166  narrow=0.0456  sat_green=0.246  hue=167.4  sat_all=0.285
b20-w015-r2                        n=4  green_share=0.3910  narrow=0.1882  sat_green=0.246  hue=139.7  sat_all=0.272
b20-w015-r3                        n=4  green_share=0.2740  narrow=0.0639  sat_green=0.184  hue=154.0  sat_all=0.190
==== step green END rc=0 2026-08-10T16:04:47Z ====

==== step publish START 2026-08-10T16:04:47Z ====
argv: ["C:\\banyan-farm\\venv\\Scripts\\python.exe", "-c", "import glob, hashlib, os, shutil\ndst = \"C:/banyan-farm/courier-box/farm-out/ep2-b20-goblin-ipa-crossbeat\"\nos.makedirs(dst, exist_ok=True)\nsrc = sorted(glob.glob(\"C:/banyan-farm/goblin-ipa-0810/out-b20/*\"))\nlines = []\nfor f in src:\n    shutil.copy2(f, dst)\n    c = os.path.join(dst, os.path.basename(f))\n    with open(c, \"rb\") as fh:\n        h = hashlib.sha256(fh.read()).hexdigest()\n    lines.append(h + \"  \" + os.path.basename(f))\nwith open(os.path.join(dst, \"ep2-b20-goblin-ipa-crossbeat.sha256\"), \"w\") as fh:\n    fh.write(\"\\n\".join(lines) + \"\\n\")\nprint(\"published\", len(src), \"file(s) + manifest ->\", dst)\n# 16 stills + 16 sidecars.\nraise SystemExit(0 if len(src) == 32 else 1)\n"]
published 32 file(s) + manifest -> C:/banyan-farm/courier-box/farm-out/ep2-b20-goblin-ipa-crossbeat
==== step publish END rc=0 2026-08-10T16:04:47Z ====
#### job ep2-b20-goblin-ipa-crossbeat-1786369556 finished rc=0 2026-08-10T16:04:47Z
