#### job ep2-b17-turn-s2-0815-1786807221 attempt 1 start 2026-08-15T16:26:40Z

==== step crop START 2026-08-15T16:26:43Z ====
argv: ["C:\\banyan-farm\\venv\\Scripts\\python.exe", "C:\\banyan-farm\\ep2-b17-turn-s2-0815\\cover_crop.py", "--src", "C:\\banyan-farm\\ep2-b17-plates-0815\\17-goodbye-mac-seated-r1.png", "--sha256", "9429a76fc36efc4981864ee131c45e2d56292ff90335587c28e449ba8b810a94", "--out", "C:\\banyan-farm\\ep2-b17-turn-s2-0815\\b17-init-704x1280.png", "--size", "704x1280"]
src 832x1216 sha 9429a76fc36efc4981864ee131c45e2d56292ff90335587c28e449ba8b810a94
cover-crop scale=1.0526 -> 876x1280, centre box (86,0)
WROTE C:\banyan-farm\ep2-b17-turn-s2-0815\b17-init-704x1280.png
==== step crop END rc=0 2026-08-15T16:26:43Z ====

==== step encode START 2026-08-15T16:26:43Z ====
argv: ["C:\\banyan-video\\venv\\Scripts\\python.exe", "C:\\banyan-farm\\banyan-city\\pipeline\\ltx_i2v.py", "--stage", "encode", "--jobs", "C:\\banyan-farm\\ep2-b17-turn-s2-0815\\b17-jobs-encode.json"]
-- begin-encode: phys 9.7/68.1GB, commit 11.9/115.3GB (load 14%)
loading text encoder from C:\Users\artvn\.cache\huggingface\hub\models--Lightricks--gemma-3-12b-it-qat-q4_0-unquantized\snapshots\d62fe4f1995ade703b49a0f3c0d0f161237ef437

Loading weights:   0%|          | 0/1065 [00:00<?, ?it/s]
Loading weights:  31%|███▏      | 334/1065 [00:00<00:00, 3028.77it/s]
Loading weights:  60%|█████▉    | 637/1065 [00:00<00:00, 2864.08it/s]
Loading weights:  87%|████████▋ | 924/1065 [00:00<00:00, 2747.64it/s]
Loading weights: 100%|██████████| 1065/1065 [00:00<00:00, 2820.61it/s]
-- encode-beat-17: phys 10.9/68.1GB, commit 38.7/115.3GB (load 16%)
[1/1] encoded beat 17 to C:\\banyan-farm\\ep2-b17-turn-s2-0815\\b17-embeds.pt (1, 1024, 188160)
{"peak_commit_gb": 40.8, "peak_phys_gb": 36.3, "last_stage": "encode-beat-17"}
==== step encode END rc=0 2026-08-15T16:28:19Z ====

==== step render START 2026-08-15T16:28:19Z ====
argv: ["C:\\banyan-video\\venv\\Scripts\\python.exe", "C:\\banyan-farm\\banyan-city\\pipeline\\ltx_i2v.py", "--stage", "render", "--jobs", "C:\\banyan-farm\\ep2-b17-turn-s2-0815\\b17-jobs-render.json", "--size", "704x1280", "--frames", "97", "--fps", "24", "--guidance", "2.0", "--distilled-sigmas", "--two-stage", "--image-crf", "33", "--offload", "sequential", "--mode", "production", "--task", "ep2-b17-turn-s2-0815", "--worker", "rtx5090", "--bench-jsonl", "C:\\banyan-farm\\ep2-b17-turn-s2-0815\\bench-gb-turn-s2.jsonl", "--bench-label", "ep2-b17-turn-s2-0815"]
recipe: offload=sequential quantisation=none (bf16)
-- begin-render: phys 9.8/68.1GB, commit 11.9/115.3GB (load 14%)
transformer  C:\Users\artvn\.cache\huggingface\hub\models--diffusers--LTX-2.3-Distilled-Diffusers\snapshots\432e0d3c2d1769aaa4d295f9243f7062bf6b47ee [subfolder=transformer, bf16]
scheduler    C:\Users\artvn\.cache\huggingface\hub\models--diffusers--LTX-2.3-Distilled-Diffusers\snapshots\432e0d3c2d1769aaa4d295f9243f7062bf6b47ee [subfolder=scheduler, distilled]
other parts  C:\Users\artvn\.cache\huggingface\hub\models--diffusers--LTX-2.3-Diffusers\snapshots\8eee8edcf067e838b843f926ec4d4cc9b2be1aaf
-- load-transformer-bf16-38GB: phys 10.5/68.1GB, commit 13.8/115.3GB (load 15%)

Loading checkpoint shards:   0%|          | 0/8 [00:00<?, ?it/s]
Loading checkpoint shards:  12%|█▎        | 1/8 [00:00<00:00,  8.31it/s]
Loading checkpoint shards:  25%|██▌       | 2/8 [00:00<00:00,  9.10it/s]
Loading checkpoint shards:  50%|█████     | 4/8 [00:00<00:00,  8.42it/s]
Loading checkpoint shards:  88%|████████▊ | 7/8 [00:00<00:00, 14.31it/s]
Loading checkpoint shards: 100%|██████████| 8/8 [00:00<00:00, 13.53it/s]
-- load-connectors-12.7GB-and-vae: phys 10.6/68.1GB, commit 52.1/115.3GB (load 15%)

Loading checkpoint shards:   0%|          | 0/2 [00:00<?, ?it/s]
Loading checkpoint shards: 100%|██████████| 2/2 [00:00<00:00, 67.77it/s]
-- offload-setup-sequential: phys 10.6/68.1GB, commit 61.7/115.3GB (load 15%)
C:\banyan-video\venv\Lib\site-packages\accelerate\utils\modeling.py:345: UserWarning: expandable_segments not supported on this platform (Triggered internally at C:\actions-runner\_work\pytorch\pytorch\pytorch\c10/cuda/CUDAAllocatorConfig.h:39.)
  new_value = old_value.to(device, non_blocking=non_blocking)
conditioning still round-tripped through libx264 crf=33 -> C:\banyan-farm\ep2-b17-turn-s2-0815\cond-crf-17.png
-- stage1-denoise-352x640-8steps: phys 11.4/68.1GB, commit 62.1/115.3GB (load 16%)

  0%|          | 0/8 [00:00<?, ?it/s]
 12%|█▎        | 1/8 [01:09<08:08, 69.77s/it]
 25%|██▌       | 2/8 [01:24<03:44, 37.35s/it]
 38%|███▊      | 3/8 [01:32<02:01, 24.21s/it]
 50%|█████     | 4/8 [01:42<01:12, 18.24s/it]
 62%|██████▎   | 5/8 [01:51<00:45, 15.16s/it]
 75%|███████▌  | 6/8 [02:00<00:25, 12.99s/it]
 88%|████████▊ | 7/8 [02:09<00:11, 11.60s/it]
100%|██████████| 8/8 [02:17<00:00, 10.61s/it]
100%|██████████| 8/8 [02:17<00:00, 17.23s/it]
stage1 latents (1, 128, 13, 20, 11)
-- upsample-2x-latent: phys 55.2/68.1GB, commit 64.6/115.3GB (load 81%)
There are modules in LTX2LatentUpsamplerModel that should be kept in float32: []. Casting directly with `to()` can lead to inconsistent results; set `torch_dtype` in `from_pretrained()` instead to keep these modules in float32.
upsampled latents (1, 128, 13, 40, 22)
-- stage2-refine-704x1280-3steps: phys 58.2/68.1GB, commit 67.6/115.3GB (load 85%)

  0%|          | 0/3 [00:00<?, ?it/s]
 33%|███▎      | 1/3 [00:24<00:49, 24.51s/it]
 67%|██████▋   | 2/3 [00:52<00:26, 26.80s/it]
100%|██████████| 3/3 [01:18<00:00, 26.26s/it]
100%|██████████| 3/3 [01:18<00:00, 26.18s/it]
-- decode-and-export: phys 63.7/68.1GB, commit 70.8/115.3GB (load 93%)
[1/1] wrote C:\\banyan-farm\\ep2-b17-turn-s2-0815\\17-goodbye-LTX-gb-turn-s2.mp4 in 240s (97 frames, 704x1280, 8@352x640+3@704x1280 steps, peak torch 9.9GB, device 2.6/26GB)
THROUGHPUT 0.0169 s(video)/s(wall) (1 x 4.042s of video in 240s)
bench row -> C:\banyan-farm\ep2-b17-turn-s2-0815\bench-gb-turn-s2.jsonl
{"sample_s": 239.6, "peak_gb": 9.9, "peak_commit_gb": 78.6, "frames": 97, "size": "704x1280", "steps": "8@352x640+3@704x1280", "batch": 1, "mode": "production", "throughput_s_per_s": 0.0169, "two_stage": true, "image_crf": 33, "offload": "sequential", "quantisation": null}
{"peak_commit_gb": 78.6, "peak_phys_gb": 63.9, "last_stage": "decode-and-export"}
==== step render END rc=0 2026-08-15T16:32:34Z ====

==== step publish START 2026-08-15T16:32:34Z ====
argv: ["C:\\banyan-farm\\venv\\Scripts\\python.exe", "-c", "# THE GLOB CARRIES THE BEAT SLUG (17-goodbye). Without it the glob matches\n# nothing and the step publishes nothing while returning a code that reads\n# like a render failure.\nimport glob, hashlib, os, shutil\nsrc_dir = \"C:/banyan-farm/ep2-b17-turn-s2-0815\"\ndst = \"C:/banyan-farm/courier-box/farm-out/ep2-b17-turn-s2-0815\"\nos.makedirs(dst, exist_ok=True)\nsrc = sorted(glob.glob(src_dir + \"/17-goodbye-LTX-gb-turn-s2.mp4*\")\n             + glob.glob(src_dir + \"/b17-init-704x1280.png\")\n             + glob.glob(src_dir + \"/bench-gb-turn-s2.jsonl\"))\nlines = []\nfor f in src:\n    shutil.copy2(f, dst)\n    c = os.path.join(dst, os.path.basename(f))\n    with open(c, \"rb\") as fh:\n        h = hashlib.sha256(fh.read()).hexdigest()\n    lines.append(h + \"  \" + os.path.basename(f))\nwith open(os.path.join(dst, \"ep2-b17-turn-s2-0815.sha256\"), \"w\", newline=\"\\n\") as fh:\n    fh.write(\"\\n\".join(lines) + \"\\n\")\nprint(\"published\", len(src), \"file(s) + manifest ->\", dst)\nraise SystemExit(0 if len(src) >= 2 else 1)\n"]
published 4 file(s) + manifest -> C:/banyan-farm/courier-box/farm-out/ep2-b17-turn-s2-0815
==== step publish END rc=0 2026-08-15T16:32:34Z ====
#### job ep2-b17-turn-s2-0815-1786807221 finished rc=0 2026-08-15T16:32:34Z
