#### job ep2-b16-anim-0814-1786717600 attempt 1 start 2026-08-14T14:26:51Z

==== step crop START 2026-08-14T14:26:55Z ====
argv: ["C:\\banyan-farm\\venv\\Scripts\\python.exe", "C:\\banyan-farm\\ep2-b16-anim-0814\\cover_crop.py", "--src", "C:\\banyan-farm\\courier-box\\farm-out\\ep2-b16-plate-0814\\16-why-ipa-r0-w015-s0.png", "--sha256", "13006885497ab9dd63f8bbc9d1a3edcdc6a4c491bb5ecb2945f395f131011d5d", "--out", "C:\\banyan-farm\\ep2-b16-anim-0814\\b13-init-704x1280.png", "--size", "704x1280"]
src 832x1216 sha 13006885497ab9dd63f8bbc9d1a3edcdc6a4c491bb5ecb2945f395f131011d5d
cover-crop scale=1.0526 -> 876x1280, centre box (86,0)
WROTE C:\banyan-farm\ep2-b16-anim-0814\b13-init-704x1280.png
==== step crop END rc=0 2026-08-14T14:26:56Z ====

==== step encode START 2026-08-14T14:26:56Z ====
argv: ["C:\\banyan-video\\venv\\Scripts\\python.exe", "C:\\banyan-farm\\banyan-city\\pipeline\\ltx_i2v.py", "--stage", "encode", "--jobs", "C:\\banyan-farm\\ep2-b16-anim-0814\\b13-jobs-encode.json"]
-- begin-encode: phys 9.9/68.1GB, commit 11.9/115.3GB (load 14%)
loading text encoder from C:\Users\artvn\.cache\huggingface\hub\models--Lightricks--gemma-3-12b-it-qat-q4_0-unquantized\snapshots\d62fe4f1995ade703b49a0f3c0d0f161237ef437

Loading weights:   0%|          | 0/1065 [00:00<?, ?it/s]
Loading weights:  29%|██▉       | 307/1065 [00:00<00:00, 3038.69it/s]
Loading weights:  65%|██████▍   | 690/1065 [00:00<00:00, 3390.24it/s]
Loading weights: 100%|██████████| 1065/1065 [00:00<00:00, 3724.29it/s]
-- encode-beat-16: phys 11.1/68.1GB, commit 38.7/115.3GB (load 16%)
[1/1] encoded beat 16 to C:\banyan-farm\ep2-b16-anim-0814\b13-embeds.pt (1, 1024, 188160)
{"peak_commit_gb": 41.2, "peak_phys_gb": 37.0, "last_stage": "encode-beat-16"}
==== step encode END rc=0 2026-08-14T14:28:29Z ====

==== step render START 2026-08-14T14:28:29Z ====
argv: ["C:\\banyan-video\\venv\\Scripts\\python.exe", "C:\\banyan-farm\\banyan-city\\pipeline\\ltx_i2v.py", "--stage", "render", "--jobs", "C:\\banyan-farm\\ep2-b16-anim-0814\\b13-jobs-render.json", "--size", "704x1280", "--frames", "97", "--fps", "24", "--guidance", "2.0", "--distilled-sigmas", "--two-stage", "--image-crf", "33", "--offload", "sequential", "--mode", "production", "--task", "ep2-b16-anim-0814", "--worker", "rtx5090", "--bench-jsonl", "C:\\banyan-farm\\ep2-b16-anim-0814\\bench-b13-remake.jsonl", "--bench-label", "ep2-b16-anim-0814"]
recipe: offload=sequential quantisation=none (bf16)
-- begin-render: phys 10.0/68.1GB, commit 11.9/115.3GB (load 14%)
transformer  C:\Users\artvn\.cache\huggingface\hub\models--diffusers--LTX-2.3-Distilled-Diffusers\snapshots\432e0d3c2d1769aaa4d295f9243f7062bf6b47ee [subfolder=transformer, bf16]
scheduler    C:\Users\artvn\.cache\huggingface\hub\models--diffusers--LTX-2.3-Distilled-Diffusers\snapshots\432e0d3c2d1769aaa4d295f9243f7062bf6b47ee [subfolder=scheduler, distilled]
other parts  C:\Users\artvn\.cache\huggingface\hub\models--diffusers--LTX-2.3-Diffusers\snapshots\8eee8edcf067e838b843f926ec4d4cc9b2be1aaf
-- load-transformer-bf16-38GB: phys 10.7/68.1GB, commit 13.7/115.3GB (load 15%)

Loading checkpoint shards:   0%|          | 0/8 [00:00<?, ?it/s]
Loading checkpoint shards:  12%|█▎        | 1/8 [00:00<00:00,  9.09it/s]
Loading checkpoint shards:  25%|██▌       | 2/8 [00:00<00:00,  9.41it/s]
Loading checkpoint shards:  50%|█████     | 4/8 [00:00<00:00,  8.90it/s]
Loading checkpoint shards: 100%|██████████| 8/8 [00:00<00:00, 17.09it/s]
Loading checkpoint shards: 100%|██████████| 8/8 [00:00<00:00, 14.30it/s]
-- load-connectors-12.7GB-and-vae: phys 10.8/68.1GB, commit 52.1/115.3GB (load 15%)

Loading checkpoint shards:   0%|          | 0/2 [00:00<?, ?it/s]
Loading checkpoint shards: 100%|██████████| 2/2 [00:00<00:00, 66.56it/s]
-- offload-setup-sequential: phys 10.8/68.1GB, commit 61.7/115.3GB (load 15%)
C:\banyan-video\venv\Lib\site-packages\accelerate\utils\modeling.py:345: UserWarning: expandable_segments not supported on this platform (Triggered internally at C:\actions-runner\_work\pytorch\pytorch\pytorch\c10/cuda/CUDAAllocatorConfig.h:39.)
  new_value = old_value.to(device, non_blocking=non_blocking)
conditioning still round-tripped through libx264 crf=33 -> C:\banyan-farm\ep2-b16-anim-0814\cond-crf-16.png
-- stage1-denoise-352x640-8steps: phys 11.7/68.1GB, commit 62.0/115.3GB (load 17%)

  0%|          | 0/8 [00:00<?, ?it/s]
 12%|█▎        | 1/8 [01:07<07:54, 67.80s/it]
 25%|██▌       | 2/8 [01:21<03:34, 35.72s/it]
 38%|███▊      | 3/8 [01:30<01:57, 23.54s/it]
 50%|█████     | 4/8 [01:38<01:10, 17.69s/it]
 62%|██████▎   | 5/8 [01:49<00:45, 15.00s/it]
 75%|███████▌  | 6/8 [01:57<00:25, 12.81s/it]
 88%|████████▊ | 7/8 [02:06<00:11, 11.56s/it]
100%|██████████| 8/8 [02:15<00:00, 10.69s/it]
100%|██████████| 8/8 [02:15<00:00, 16.93s/it]
stage1 latents (1, 128, 13, 20, 11)
-- upsample-2x-latent: phys 54.6/68.1GB, commit 64.5/115.3GB (load 80%)
There are modules in LTX2LatentUpsamplerModel that should be kept in float32: []. Casting directly with `to()` can lead to inconsistent results; set `torch_dtype` in `from_pretrained()` instead to keep these modules in float32.
upsampled latents (1, 128, 13, 40, 22)
-- stage2-refine-704x1280-3steps: phys 57.3/68.1GB, commit 67.6/115.3GB (load 84%)

  0%|          | 0/3 [00:00<?, ?it/s]
 33%|███▎      | 1/3 [00:24<00:49, 24.52s/it]
 67%|██████▋   | 2/3 [00:51<00:25, 25.93s/it]
100%|██████████| 3/3 [01:17<00:00, 26.00s/it]
100%|██████████| 3/3 [01:17<00:00, 25.84s/it]
-- decode-and-export: phys 63.9/68.1GB, commit 70.7/115.3GB (load 93%)
[1/1] wrote C:\banyan-farm\ep2-b16-anim-0814\13-remake-LTX-0813.mp4 in 236s (97 frames, 704x1280, 8@352x640+3@704x1280 steps, peak torch 9.9GB, device 2.6/26GB)
THROUGHPUT 0.0171 s(video)/s(wall) (1 x 4.042s of video in 236s)
bench row -> C:\banyan-farm\ep2-b16-anim-0814\bench-b13-remake.jsonl
{"sample_s": 236.4, "peak_gb": 9.9, "peak_commit_gb": 78.6, "frames": 97, "size": "704x1280", "steps": "8@352x640+3@704x1280", "batch": 1, "mode": "production", "throughput_s_per_s": 0.0171, "two_stage": true, "image_crf": 33, "offload": "sequential", "quantisation": null}
{"peak_commit_gb": 78.6, "peak_phys_gb": 64.1, "last_stage": "decode-and-export"}
==== step render END rc=0 2026-08-14T14:32:41Z ====

==== step publish START 2026-08-14T14:32:41Z ====
argv: ["C:\\banyan-farm\\venv\\Scripts\\python.exe", "-c", "import glob, hashlib, os, shutil\ndst = \"C:/banyan-farm/courier-box/farm-out/ep2-b16-anim\"\nos.makedirs(dst, exist_ok=True)\nsrc = sorted(glob.glob(\"C:/banyan-farm/ep2-b16-anim-0814/13-remake-LTX-0813.mp4*\")\n             + glob.glob(\"C:/banyan-farm/ep2-b16-anim-0814/b13-init-704x1280.png\")\n             + glob.glob(\"C:/banyan-farm/ep2-b16-anim-0814/bench-b13-remake.jsonl\"))\nlines = []\nfor f in src:\n    shutil.copy2(f, dst)\n    c = os.path.join(dst, os.path.basename(f))\n    with open(c, \"rb\") as fh:\n        h = hashlib.sha256(fh.read()).hexdigest()\n    lines.append(h + \"  \" + os.path.basename(f))\nwith open(os.path.join(dst, \"ep2-b16-anim-0814.sha256\"), \"w\", newline=\"\\n\") as fh:\n    fh.write(\"\\n\".join(lines) + \"\\n\")\nprint(\"published\", len(src), \"file(s) + manifest ->\", dst)\nraise SystemExit(0 if len(src) >= 2 else 1)\n"]
published 4 file(s) + manifest -> C:/banyan-farm/courier-box/farm-out/ep2-b16-anim
==== step publish END rc=0 2026-08-14T14:32:41Z ====
#### job ep2-b16-anim-0814-1786717600 finished rc=0 2026-08-14T14:32:41Z
