#### job ep2-b17-shake-0818-1787082745 attempt 1 start 2026-08-18T19:54:12Z

==== step crop START 2026-08-18T19:54:15Z ====
argv: ["C:\\banyan-farm\\venv\\Scripts\\python.exe", "C:\\banyan-farm\\ep2-b17-shake-0818\\cover_crop.py", "--src", "C:\\banyan-farm\\courier-box\\farm-out\\ep2-b17-full-s1-0815\\b17-init-704x1280.png", "--sha256", "74e8eccf9653edadd9cdd70b419b9a325932bede3238ace06a2308fb95452a6a", "--out", "C:\\banyan-farm\\ep2-b17-shake-0818\\b17-init-704x1280.png", "--size", "704x1280"]
src 704x1280 sha 74e8eccf9653edadd9cdd70b419b9a325932bede3238ace06a2308fb95452a6a
cover-crop scale=1.0000 -> 704x1280, centre box (0,0)
WROTE C:\banyan-farm\ep2-b17-shake-0818\b17-init-704x1280.png
==== step crop END rc=0 2026-08-18T19:54:15Z ====

==== step encode START 2026-08-18T19:54:15Z ====
argv: ["C:\\banyan-video\\venv\\Scripts\\python.exe", "C:\\banyan-farm\\banyan-city\\pipeline\\ltx_i2v.py", "--stage", "encode", "--jobs", "C:\\banyan-farm\\ep2-b17-shake-0818\\b17-jobs-encode.json"]
-- begin-encode: phys 10.5/68.1GB, commit 12.5/115.3GB (load 15%)
loading text encoder from C:\Users\artvn\.cache\huggingface\hub\models--Lightricks--gemma-3-12b-it-qat-q4_0-unquantized\snapshots\d62fe4f1995ade703b49a0f3c0d0f161237ef437

Loading weights:   0%|          | 0/1065 [00:00<?, ?it/s]
Loading weights:  32%|███▏      | 336/1065 [00:00<00:00, 3044.60it/s]
Loading weights:  67%|██████▋   | 715/1065 [00:00<00:00, 3282.09it/s]
Loading weights: 100%|██████████| 1065/1065 [00:00<00:00, 3389.31it/s]
-- encode-beat-17: phys 11.7/68.1GB, commit 39.4/115.3GB (load 17%)
[1/1] encoded beat 17 to C:\\banyan-farm\\ep2-b17-shake-0818\\b17-embeds.pt (1, 1024, 188160)
{"peak_commit_gb": 41.6, "peak_phys_gb": 37.1, "last_stage": "encode-beat-17"}
==== step encode END rc=0 2026-08-18T19:55:47Z ====

==== step render START 2026-08-18T19:55:47Z ====
argv: ["C:\\banyan-video\\venv\\Scripts\\python.exe", "C:\\banyan-farm\\banyan-city\\pipeline\\ltx_i2v.py", "--stage", "render", "--jobs", "C:\\banyan-farm\\ep2-b17-shake-0818\\b17-jobs-render.json", "--size", "704x1280", "--frames", "97", "--fps", "24", "--guidance", "2.0", "--distilled-sigmas", "--two-stage", "--image-crf", "33", "--offload", "sequential", "--mode", "production", "--task", "ep2-b17-shake-0818", "--worker", "rtx5090", "--bench-jsonl", "C:\\banyan-farm\\ep2-b17-shake-0818\\bench-shake-0818.jsonl", "--bench-label", "ep2-b17-shake-0818"]
recipe: offload=sequential quantisation=none (bf16)
-- begin-render: phys 10.6/68.1GB, commit 12.9/115.3GB (load 15%)
transformer  C:\Users\artvn\.cache\huggingface\hub\models--diffusers--LTX-2.3-Distilled-Diffusers\snapshots\432e0d3c2d1769aaa4d295f9243f7062bf6b47ee [subfolder=transformer, bf16]
scheduler    C:\Users\artvn\.cache\huggingface\hub\models--diffusers--LTX-2.3-Distilled-Diffusers\snapshots\432e0d3c2d1769aaa4d295f9243f7062bf6b47ee [subfolder=scheduler, distilled]
other parts  C:\Users\artvn\.cache\huggingface\hub\models--diffusers--LTX-2.3-Diffusers\snapshots\8eee8edcf067e838b843f926ec4d4cc9b2be1aaf
-- load-transformer-bf16-38GB: phys 11.8/68.1GB, commit 16.3/115.3GB (load 17%)

Loading checkpoint shards:   0%|          | 0/8 [00:00<?, ?it/s]
Loading checkpoint shards:  12%|█▎        | 1/8 [00:00<00:00,  9.78it/s]
Loading checkpoint shards:  25%|██▌       | 2/8 [00:00<00:00,  9.76it/s]
Loading checkpoint shards:  50%|█████     | 4/8 [00:00<00:00,  8.99it/s]
Loading checkpoint shards: 100%|██████████| 8/8 [00:00<00:00, 17.18it/s]
Loading checkpoint shards: 100%|██████████| 8/8 [00:00<00:00, 14.49it/s]
-- load-connectors-12.7GB-and-vae: phys 11.8/68.1GB, commit 53.7/115.3GB (load 17%)

Loading checkpoint shards:   0%|          | 0/2 [00:00<?, ?it/s]
Loading checkpoint shards: 100%|██████████| 2/2 [00:00<00:00, 205.12it/s]
-- offload-setup-sequential: phys 11.8/68.1GB, commit 63.3/115.3GB (load 17%)
C:\banyan-video\venv\Lib\site-packages\accelerate\utils\modeling.py:345: UserWarning: expandable_segments not supported on this platform (Triggered internally at C:\actions-runner\_work\pytorch\pytorch\pytorch\c10/cuda/CUDAAllocatorConfig.h:39.)
  new_value = old_value.to(device, non_blocking=non_blocking)
conditioning still round-tripped through libx264 crf=33 -> C:\banyan-farm\ep2-b17-shake-0818\cond-crf-17.png
-- stage1-denoise-352x640-8steps: phys 12.2/68.1GB, commit 62.7/115.3GB (load 17%)

  0%|          | 0/8 [00:00<?, ?it/s]
 12%|█▎        | 1/8 [01:07<07:51, 67.38s/it]
 25%|██▌       | 2/8 [01:20<03:31, 35.28s/it]
 38%|███▊      | 3/8 [01:29<01:56, 23.29s/it]
 50%|█████     | 4/8 [01:37<01:10, 17.54s/it]
 62%|██████▎   | 5/8 [01:46<00:42, 14.33s/it]
 75%|███████▌  | 6/8 [01:56<00:25, 12.69s/it]
 88%|████████▊ | 7/8 [02:05<00:11, 11.49s/it]
100%|██████████| 8/8 [02:13<00:00, 10.60s/it]
100%|██████████| 8/8 [02:13<00:00, 16.73s/it]
stage1 latents (1, 128, 13, 20, 11)
-- upsample-2x-latent: phys 58.6/68.1GB, commit 65.2/115.3GB (load 86%)
There are modules in LTX2LatentUpsamplerModel that should be kept in float32: []. Casting directly with `to()` can lead to inconsistent results; set `torch_dtype` in `from_pretrained()` instead to keep these modules in float32.
upsampled latents (1, 128, 13, 40, 22)
-- stage2-refine-704x1280-3steps: phys 60.2/68.1GB, commit 68.3/115.3GB (load 88%)

  0%|          | 0/3 [00:00<?, ?it/s]
 33%|███▎      | 1/3 [00:23<00:47, 23.98s/it]
 67%|██████▋   | 2/3 [00:49<00:24, 24.82s/it]
100%|██████████| 3/3 [01:15<00:00, 25.61s/it]
100%|██████████| 3/3 [01:15<00:00, 25.31s/it]
-- decode-and-export: phys 63.9/68.1GB, commit 71.5/115.3GB (load 93%)
[1/1] wrote C:\\banyan-farm\\ep2-b17-shake-0818\\17-goodbye-LTX-shake-0818.mp4 in 231s (97 frames, 704x1280, 8@352x640+3@704x1280 steps, peak torch 9.9GB, device 2.6/26GB)
THROUGHPUT 0.0175 s(video)/s(wall) (1 x 4.042s of video in 231s)
bench row -> C:\banyan-farm\ep2-b17-shake-0818\bench-shake-0818.jsonl
{"sample_s": 230.9, "peak_gb": 9.9, "peak_commit_gb": 79.3, "frames": 97, "size": "704x1280", "steps": "8@352x640+3@704x1280", "batch": 1, "mode": "production", "throughput_s_per_s": 0.0175, "two_stage": true, "image_crf": 33, "offload": "sequential", "quantisation": null}
{"peak_commit_gb": 79.3, "peak_phys_gb": 64.1, "last_stage": "decode-and-export"}
==== step render END rc=0 2026-08-18T19:59:53Z ====

==== step publish START 2026-08-18T19:59:53Z ====
argv: ["C:\\banyan-farm\\venv\\Scripts\\python.exe", "-c", "# THE GLOB CARRIES THE BEAT SLUG (17-goodbye). Without it the glob matches\n# nothing and the step publishes nothing while returning a code that reads\n# like a render failure.\nimport glob, hashlib, os, shutil\nsrc_dir = \"C:/banyan-farm/ep2-b17-shake-0818\"\ndst = \"C:/banyan-farm/courier-box/farm-out/ep2-b17-shake-0818\"\nos.makedirs(dst, exist_ok=True)\nsrc = sorted(glob.glob(src_dir + \"/17-goodbye-LTX-shake-0818.mp4*\")\n             + glob.glob(src_dir + \"/b17-init-704x1280.png\")\n             + glob.glob(src_dir + \"/bench-shake-0818.jsonl\"))\nlines = []\nfor f in src:\n    shutil.copy2(f, dst)\n    c = os.path.join(dst, os.path.basename(f))\n    with open(c, \"rb\") as fh:\n        h = hashlib.sha256(fh.read()).hexdigest()\n    lines.append(h + \"  \" + os.path.basename(f))\nwith open(os.path.join(dst, \"ep2-b17-shake-0818.sha256\"), \"w\", newline=\"\\n\") as fh:\n    fh.write(\"\\n\".join(lines) + \"\\n\")\nprint(\"published\", len(src), \"file(s) + manifest ->\", dst)\nraise SystemExit(0 if len(src) >= 2 else 1)\n"]
published 4 file(s) + manifest -> C:/banyan-farm/courier-box/farm-out/ep2-b17-shake-0818
==== step publish END rc=0 2026-08-18T19:59:53Z ====
#### job ep2-b17-shake-0818-1787082745 finished rc=0 2026-08-18T19:59:53Z
