#### job ep2-b01-leafcount-inpaint-0811-1786460130 attempt 1 start 2026-08-11T14:55:43Z

==== step s0 START 2026-08-11T14:55:46Z ====
argv: ["C:\\banyan-farm\\venv\\Scripts\\python.exe", "C:\\banyan-farm\\fig-inpaint\\inpaint_fruit.py", "--init", "C:\\banyan-farm\\banyan-city\\genomes\\sapling\\nodes\\001-capability-inventory\\stills\\15-something-s-coming.png", "--init-sha256", "f60c1404f88d45720ca295dfc753e9eaabb815446710bcfffb3c7a07b7277f54", "--ellipse", "378,655,48,54", "--prompt-file", "C:\\banyan-farm\\fig-inpaint\\leaf-prompt.txt", "--negative-file", "C:\\banyan-farm\\fig-inpaint\\leaf-negative.txt", "--out", "C:\\banyan-farm\\fig-inpaint\\out-leafcount\\b01-leafcount-s0.png", "--steps", "40", "--cfg", "7.5", "--strength", "0.99", "--seed", "20260811", "--pad-crop", "64", "--blur", "8", "--note", "ONE ROUND, 4 seeds, on his 2026-08-11 ~16:15 sentence: 'none of them have figs and all of them have too many leafs'. The ellipse sits on the THIRD leaf of the founder-approved plate (measured: 3 blades), filled with the grass around it, so the count comes from geometry and the model is never asked to count. The fig half is already solved by the 2026-08-10 inpaint on the same plate and composes on top. MASK GEOMETRY IS THE STEWARD'S \u2014 he approved a method, not a position. PROVISIONAL: not a pick, not canon, not published, not assembled."]

Loading pipeline components...:   0%|          | 0/7 [00:00<?, ?it/s]
Loading pipeline components...:  29%|██▊       | 2/7 [00:00<00:00, 19.93it/s]
Loading pipeline components...:  57%|█████▋    | 4/7 [00:00<00:00,  5.12it/s]
Loading pipeline components...:  86%|████████▌ | 6/7 [00:00<00:00,  6.48it/s]
Loading pipeline components...: 100%|██████████| 7/7 [00:02<00:00,  1.90it/s]
Loading pipeline components...: 100%|██████████| 7/7 [00:02<00:00,  2.72it/s]
C:\banyan-farm\venv\Lib\site-packages\torch\nn\modules\module.py:1370: UserWarning: expandable_segments not supported on this platform (Triggered internally at C:\actions-runner\_work\pytorch\pytorch\pytorch\c10/cuda/CUDAAllocatorConfig.h:39.)
  return t.to(
MODEL_LOADED cagliostrolab/animagine-xl-3.1 cuda/bfloat16 unet.in_channels=4 in 6s
WROTE C:\banyan-farm\fig-inpaint\out-leafcount\b01-leafcount-s0.png
WROTE C:\banyan-farm\fig-inpaint\out-leafcount\b01-leafcount-s0-mask.png
WROTE C:\banyan-farm\fig-inpaint\out-leafcount\b01-leafcount-s0.png.meta.yaml
rc=0 render_s=9.8
==== step s0 END rc=0 2026-08-11T14:56:05Z ====

==== step s1 START 2026-08-11T14:56:05Z ====
argv: ["C:\\banyan-farm\\venv\\Scripts\\python.exe", "C:\\banyan-farm\\fig-inpaint\\inpaint_fruit.py", "--init", "C:\\banyan-farm\\banyan-city\\genomes\\sapling\\nodes\\001-capability-inventory\\stills\\15-something-s-coming.png", "--init-sha256", "f60c1404f88d45720ca295dfc753e9eaabb815446710bcfffb3c7a07b7277f54", "--ellipse", "378,655,48,54", "--prompt-file", "C:\\banyan-farm\\fig-inpaint\\leaf-prompt.txt", "--negative-file", "C:\\banyan-farm\\fig-inpaint\\leaf-negative.txt", "--out", "C:\\banyan-farm\\fig-inpaint\\out-leafcount\\b01-leafcount-s1.png", "--steps", "40", "--cfg", "7.5", "--strength", "0.99", "--seed", "20261811", "--pad-crop", "64", "--blur", "8", "--note", "Seed 2 of 4. Same init, same ellipse, same strength \u2014 only the seed moves. See s0's note for what this round is."]

Loading pipeline components...:   0%|          | 0/7 [00:00<?, ?it/s]
Loading pipeline components...:  29%|██▊       | 2/7 [00:00<00:00, 14.89it/s]
Loading pipeline components...:  57%|█████▋    | 4/7 [00:01<00:01,  1.98it/s]
Loading pipeline components...:  86%|████████▌ | 6/7 [00:01<00:00,  3.12it/s]
Loading pipeline components...: 100%|██████████| 7/7 [00:02<00:00,  2.70it/s]
Loading pipeline components...: 100%|██████████| 7/7 [00:02<00:00,  2.82it/s]
C:\banyan-farm\venv\Lib\site-packages\torch\nn\modules\module.py:1370: UserWarning: expandable_segments not supported on this platform (Triggered internally at C:\actions-runner\_work\pytorch\pytorch\pytorch\c10/cuda/CUDAAllocatorConfig.h:39.)
  return t.to(
MODEL_LOADED cagliostrolab/animagine-xl-3.1 cuda/bfloat16 unet.in_channels=4 in 6s
WROTE C:\banyan-farm\fig-inpaint\out-leafcount\b01-leafcount-s1.png
WROTE C:\banyan-farm\fig-inpaint\out-leafcount\b01-leafcount-s1-mask.png
WROTE C:\banyan-farm\fig-inpaint\out-leafcount\b01-leafcount-s1.png.meta.yaml
rc=0 render_s=9.7
==== step s1 END rc=0 2026-08-11T14:56:24Z ====

==== step s2 START 2026-08-11T14:56:24Z ====
argv: ["C:\\banyan-farm\\venv\\Scripts\\python.exe", "C:\\banyan-farm\\fig-inpaint\\inpaint_fruit.py", "--init", "C:\\banyan-farm\\banyan-city\\genomes\\sapling\\nodes\\001-capability-inventory\\stills\\15-something-s-coming.png", "--init-sha256", "f60c1404f88d45720ca295dfc753e9eaabb815446710bcfffb3c7a07b7277f54", "--ellipse", "378,655,48,54", "--prompt-file", "C:\\banyan-farm\\fig-inpaint\\leaf-prompt.txt", "--negative-file", "C:\\banyan-farm\\fig-inpaint\\leaf-negative.txt", "--out", "C:\\banyan-farm\\fig-inpaint\\out-leafcount\\b01-leafcount-s2.png", "--steps", "40", "--cfg", "7.5", "--strength", "0.99", "--seed", "20262811", "--pad-crop", "64", "--blur", "8", "--note", "Seed 3 of 4. Same init, same ellipse, same strength \u2014 only the seed moves. See s0's note for what this round is."]

Loading pipeline components...:   0%|          | 0/7 [00:00<?, ?it/s]
Loading pipeline components...:  14%|█▍        | 1/7 [00:00<00:03,  1.98it/s]
Loading pipeline components...:  43%|████▎     | 3/7 [00:00<00:00,  4.57it/s]
Loading pipeline components...:  57%|█████▋    | 4/7 [00:02<00:02,  1.45it/s]
Loading pipeline components...: 100%|██████████| 7/7 [00:02<00:00,  3.30it/s]
Loading pipeline components...: 100%|██████████| 7/7 [00:02<00:00,  2.86it/s]
C:\banyan-farm\venv\Lib\site-packages\torch\nn\modules\module.py:1370: UserWarning: expandable_segments not supported on this platform (Triggered internally at C:\actions-runner\_work\pytorch\pytorch\pytorch\c10/cuda/CUDAAllocatorConfig.h:39.)
  return t.to(
MODEL_LOADED cagliostrolab/animagine-xl-3.1 cuda/bfloat16 unet.in_channels=4 in 6s
WROTE C:\banyan-farm\fig-inpaint\out-leafcount\b01-leafcount-s2.png
WROTE C:\banyan-farm\fig-inpaint\out-leafcount\b01-leafcount-s2-mask.png
WROTE C:\banyan-farm\fig-inpaint\out-leafcount\b01-leafcount-s2.png.meta.yaml
rc=0 render_s=9.8
==== step s2 END rc=0 2026-08-11T14:56:43Z ====

==== step s3 START 2026-08-11T14:56:43Z ====
argv: ["C:\\banyan-farm\\venv\\Scripts\\python.exe", "C:\\banyan-farm\\fig-inpaint\\inpaint_fruit.py", "--init", "C:\\banyan-farm\\banyan-city\\genomes\\sapling\\nodes\\001-capability-inventory\\stills\\15-something-s-coming.png", "--init-sha256", "f60c1404f88d45720ca295dfc753e9eaabb815446710bcfffb3c7a07b7277f54", "--ellipse", "378,655,48,54", "--prompt-file", "C:\\banyan-farm\\fig-inpaint\\leaf-prompt.txt", "--negative-file", "C:\\banyan-farm\\fig-inpaint\\leaf-negative.txt", "--out", "C:\\banyan-farm\\fig-inpaint\\out-leafcount\\b01-leafcount-s3.png", "--steps", "40", "--cfg", "7.5", "--strength", "0.99", "--seed", "20263811", "--pad-crop", "64", "--blur", "8", "--note", "Seed 4 of 4. Same init, same ellipse, same strength \u2014 only the seed moves. See s0's note for what this round is."]

Loading pipeline components...:   0%|          | 0/7 [00:00<?, ?it/s]
Loading pipeline components...:  29%|██▊       | 2/7 [00:00<00:00,  8.91it/s]
Loading pipeline components...:  57%|█████▋    | 4/7 [00:01<00:01,  1.98it/s]
Loading pipeline components...:  86%|████████▌ | 6/7 [00:01<00:00,  3.29it/s]
Loading pipeline components...: 100%|██████████| 7/7 [00:02<00:00,  2.84it/s]
Loading pipeline components...: 100%|██████████| 7/7 [00:02<00:00,  2.90it/s]
C:\banyan-farm\venv\Lib\site-packages\torch\nn\modules\module.py:1370: UserWarning: expandable_segments not supported on this platform (Triggered internally at C:\actions-runner\_work\pytorch\pytorch\pytorch\c10/cuda/CUDAAllocatorConfig.h:39.)
  return t.to(
MODEL_LOADED cagliostrolab/animagine-xl-3.1 cuda/bfloat16 unet.in_channels=4 in 6s
WROTE C:\banyan-farm\fig-inpaint\out-leafcount\b01-leafcount-s3.png
WROTE C:\banyan-farm\fig-inpaint\out-leafcount\b01-leafcount-s3-mask.png
WROTE C:\banyan-farm\fig-inpaint\out-leafcount\b01-leafcount-s3.png.meta.yaml
rc=0 render_s=9.8
==== step s3 END rc=0 2026-08-11T14:57:02Z ====

==== step publish START 2026-08-11T14:57:02Z ====
argv: ["C:\\banyan-farm\\venv\\Scripts\\python.exe", "-c", "import glob, hashlib, os, shutil\ndst = \"C:/banyan-farm/courier-box/farm-out/ep2-b01-leafcount\"\nos.makedirs(dst, exist_ok=True)\nsrc = sorted(glob.glob(\"C:/banyan-farm/fig-inpaint/out-leafcount/b01-leafcount-s*.*\"))\nlines = []\nfor f in src:\n    shutil.copy2(f, dst)\n    # Hash the COPY: what this records has to be the bytes that get committed.\n    c = os.path.join(dst, os.path.basename(f))\n    with open(c, \"rb\") as fh:\n        h = hashlib.sha256(fh.read()).hexdigest()\n    lines.append(h + \"  \" + os.path.basename(f))\n    print(\"   \", os.path.basename(f), h[:16])\n# newline=\"\\n\" is load-bearing: Windows text mode would leave a trailing \\r\n# on every filename and shasum -c could not open them.\nwith open(os.path.join(dst, \"ep2-b01-leafcount.sha256\"), \"w\", newline=\"\\n\") as fh:\n    fh.write(\"\\n\".join(lines) + \"\\n\")\nprint(\"published\", len(src), \"file(s) + manifest ->\", dst)\n# 4 stills + 4 sidecars. Fewer means the round wrote less than it promised.\nraise SystemExit(0 if len(src) == 8 else 1)\n"]
    b01-leafcount-s0-mask.png 334ada5ae341c82a
    b01-leafcount-s0.png 58309e259ccea247
    b01-leafcount-s0.png.meta.yaml 82edb7606eed0be7
    b01-leafcount-s1-mask.png 334ada5ae341c82a
    b01-leafcount-s1.png bf07a5ef08b6f5a6
    b01-leafcount-s1.png.meta.yaml ee3efc320fe12502
    b01-leafcount-s2-mask.png 334ada5ae341c82a
    b01-leafcount-s2.png 44280e5da088a3d3
    b01-leafcount-s2.png.meta.yaml c6059382b81d1fd3
    b01-leafcount-s3-mask.png 334ada5ae341c82a
    b01-leafcount-s3.png 3f2bfa8efd11f915
    b01-leafcount-s3.png.meta.yaml 967d546fd59b492b
published 12 file(s) + manifest -> C:/banyan-farm/courier-box/farm-out/ep2-b01-leafcount
==== step publish END rc=1 2026-08-11T14:57:02Z ====
#### job ep2-b01-leafcount-inpaint-0811-1786460130 finished rc=0 2026-08-11T14:57:02Z
