#### job ep2-b01-final055-r2-0812-1786524481 attempt 1 start 2026-08-12T08:48:08Z

==== step dry START 2026-08-12T08:50:32Z ====
argv: ["C:\\banyan-farm\\venv\\Scripts\\python.exe", "-c", "import hashlib, os, sys\nfrom pathlib import Path\nCLONE = r\"C:\\banyan-farm\\banyan-city\"\nsys.path.insert(0, CLONE + r\"\\pipeline\")\n\nfails = []\ndef check(ok, label):\n    print((\"  ok   \" if ok else \"  FAIL \") + label, flush=True)\n    if not ok:\n        fails.append(label)\n\n# 1. per-step env. First use of box_runner.py:720 from a spec, so prove it.\ncheck(os.environ.get(\"STRENGTH\") == \"0.00\",\n      \"per-step env arrives (STRENGTH=%r)\" % os.environ.get(\"STRENGTH\"))\ninit = os.environ.get(\"INIT\", \"\")\ncheck(bool(init), \"per-step env carries INIT (%s)\" % init)\n\n# 2. the init is the frame he called good, by hash and not by filename.\nINIT_SHA = \"874d36f566cf251753a6835144eed76fbbef558df65a30f3efa913c75d942454\"\nif init and os.path.isfile(init):\n    h = hashlib.sha256(open(init, \"rb\").read()).hexdigest()\n    print(\"  init sha256 %s\" % h, flush=True)\n    check(h == INIT_SHA, \"init is ep2-b01-t2i-fig-0811 s2 (expected %s)\" % INIT_SHA[:16])\nelse:\n    check(False, \"init file exists at %s\" % init)\n\n# 3. the harness is the reviewed bytes.\nSC = CLONE + r\"\\pipeline\\runpod_render.py\"\nHARNESS_SHA = \"dd834f57f987a090fcb6cebd8cbd5ff5fdcf306125bbef43739f71f1517ebd9c\"\nhh = hashlib.sha256(open(SC, \"rb\").read()).hexdigest()\nprint(\"  harness sha256 %s\" % hh, flush=True)\ncheck(hh == HARNESS_SHA, \"runpod_render.py is the reviewed copy\")\n\n# 4. the fence on disk. A stale checkout must not start.\nimport runpod_render as rr\nfrom generate_shots import parse_shots\nshots = Path(CLONE) / \"genomes/sapling/nodes/002b-first-citizen/shots.md\"\nraw = [s for s in parse_shots(shots.read_text(encoding=\"utf-8\")) if s[\"num\"] == 1]\ncheck(len(raw) == 1, \"exactly one beat 1 in shots.md\")\ns = raw[0]\nFENCE = (\"A tiny 40cm seedling standing in short grass, its sturdy curved stem \"\n         \"no taller than the grass around it, two oversized cotyledon leaves, \"\n         \"one small round green fruit hanging from the stem, whole plant in \"\n         \"frame, wide shot, peach and gold sunrise sky, no girl, no boy, no \"\n         \"child, no person, no chibi, no mascot, no creature, no face, no \"\n         \"branches, no night sky, cinematic lighting, detailed, newest, \"\n         \"masterpiece, best quality, very aesthetic No photorealism, no 3D \"\n         \"render look. 9:16 vertical, no text.\")\ncheck(s[\"prompt\"] == FENCE, \"beat-01 fence is byte-for-byte the measured one\")\ncheck(s[\"slug\"] == \"cold-open\", \"slug is cold-open (output filenames depend on it)\")\n\n# 5. the sent strings, through the harness's OWN constant and functions.\npos, dropped = rr.compress(s[\"prompt\"])\nneg = rr.beat_negative(rr.NEG, s[\"prompt\"])\nprint(\"\\n  POS: %s\\n\\n  NEG: %s\\n\" % (pos, neg), flush=True)\ncheck(not dropped, \"nothing dropped from the positive for budget (%r)\" % (dropped,))\ncheck(\"one small round green fruit hanging from the stem\" in pos, \"FIG term in the positive\")\ncheck(\"two oversized cotyledon leaves\" in pos, \"LEAF term in the positive\")\ncheck(\"cinematic lighting, detailed, newest, masterpiece, best quality, very aesthetic\"\n      in pos, \"detailed-cinematic-anime tail in the positive\")\n\n# 6. the delta against r8's SENT positive is the height predicate, exactly.\n# Imported, not copied: a copy of this string can drift out of step with r8.\nfrom render_b01r9 import R8_POS_SENT\nPREDICATE = \" no taller than the grass around it\"\ncheck(pos != R8_POS_SENT, \"this round is NOT sending r8's positive (it cannot)\")\ncheck(pos.replace(PREDICATE, \"\", 1) == R8_POS_SENT,\n      \"the ONLY delta vs r8's sent positive is %r\" % PREDICATE)\ncheck(pos.count(PREDICATE) == 1, \"the predicate appears exactly once\")\n\n# 7. seeds, stated so the sidecars can be read against r8's.\nprint(\"  seeds: %s\" % [rr.SEED + 1 + k * 1000 for k in range(2)], flush=True)\ncheck(rr.SEED + 1 == 20260720, \"seed rule matches the b01 family (SEED+beat)\")\n\nprint(\"\\nDRY: %d check(s) failed\" % len(fails), flush=True)\nraise SystemExit(1 if fails else 0)\n"]
  ok   per-step env arrives (STRENGTH='0.00')
  ok   per-step env carries INIT (C:\banyan-farm\wave-goblin-prep\out-b01-t2i\01-cold-open-wave1-s2.png)
  init sha256 874d36f566cf251753a6835144eed76fbbef558df65a30f3efa913c75d942454
  ok   init is ep2-b01-t2i-fig-0811 s2 (expected 874d36f566cf2517)
  harness sha256 dd834f57f987a090fcb6cebd8cbd5ff5fdcf306125bbef43739f71f1517ebd9c
  ok   runpod_render.py is the reviewed copy
  ok   exactly one beat 1 in shots.md
  ok   beat-01 fence is byte-for-byte the measured one
  ok   slug is cold-open (output filenames depend on it)
C:\banyan-farm\venv\Lib\site-packages\transformers\tokenization_utils_base.py:1601: FutureWarning: `clean_up_tokenization_spaces` was not set. It will be set to `True` by default. This behavior will be depracted in transformers v4.45, and will be then set to `False` by default. For more details check this issue: https://github.com/huggingface/transformers/issues/31884
  warnings.warn(
Token indices sequence length is longer than the specified maximum sequence length for this model (85 > 77). Running this sequence through the model will result in indexing errors
!! negative prompt over CLIP's 77-token budget; deduplicated: text; DROPPED: realistic skin texture, jpeg artifacts

  POS: A tiny 40cm seedling standing in short grass, its sturdy curved stem no taller than the grass around it, two oversized cotyledon leaves, one small round green fruit hanging from the stem, whole plant in frame, wide shot, peach and gold sunrise sky, cinematic lighting, detailed, newest, masterpiece, best quality, very aesthetic

  NEG: photorealistic, 3d render, abstract, text, watermark, signature, low quality, blurry, extra limbs, deformed, mature tree, large tree, tall tree, thick trunk, full canopy, forest, bush, shrubbery, girl, boy, child, person, chibi, mascot, creature, face, branches, night sky, photorealism

  ok   nothing dropped from the positive for budget ([])
  ok   FIG term in the positive
  ok   LEAF term in the positive
  ok   detailed-cinematic-anime tail in the positive
  ok   this round is NOT sending r8's positive (it cannot)
  ok   the ONLY delta vs r8's sent positive is ' no taller than the grass around it'
  ok   the predicate appears exactly once
  seeds: [20260720, 20261720]
  ok   seed rule matches the b01 family (SEED+beat)

DRY: 0 check(s) failed
==== step dry END rc=0 2026-08-12T08:50:34Z ====

==== step i55 START 2026-08-12T08:50:34Z ====
argv: ["C:\\banyan-farm\\venv\\Scripts\\python.exe", "-c", "import hashlib, json, os, shutil, subprocess, sys\nfrom pathlib import Path\nARM   = \"i55\"\nCLONE = r\"C:\\banyan-farm\\banyan-city\"\nSC    = CLONE + r\"\\pipeline\\runpod_render.py\"\nRAW   = os.path.join(CLONE, \"runpod-out\")\nOUT   = r\"C:\\banyan-farm\\out-b01-styleprobe\"\nsys.path.insert(0, CLONE + r\"\\pipeline\")\n\nstrength = os.environ[\"STRENGTH\"]\ninit     = os.environ[\"INIT\"]\ninit_sha = hashlib.sha256(open(init, \"rb\").read()).hexdigest()\nprint(\"arm %s strength %s init %s sha256 %s\" % (ARM, strength, init, init_sha), flush=True)\n\nrc = subprocess.call([sys.executable, SC])\nif rc:\n    sys.exit(rc)\n\nimport runpod_render as rr\nfrom generate_shots import parse_shots\nshots = Path(CLONE) / \"genomes/sapling/nodes/002b-first-citizen/shots.md\"\ns = [x for x in parse_shots(shots.read_text(encoding=\"utf-8\")) if x[\"num\"] == 1][0]\npos, _ = rr.compress(s[\"prompt\"])\nneg = rr.beat_negative(rr.NEG, s[\"prompt\"])\nshots_sha = hashlib.sha256(shots.read_bytes()).hexdigest()\nharness_sha = hashlib.sha256(open(SC, \"rb\").read()).hexdigest()\ntry:\n    commit = subprocess.run([\"git\", \"-C\", CLONE, \"rev-parse\", \"HEAD\"],\n                            capture_output=True, text=True).stdout.strip() or \"unknown\"\nexcept OSError:\n    commit = \"unknown\"\n\nos.makedirs(OUT, exist_ok=True)\nmoved = 0\nfor k in range(4):\n    src = os.path.join(RAW, \"01-%s-s%d.png\" % (s[\"slug\"], k))\n    if not os.path.isfile(src):\n        print(\"   !! missing %s\" % src, flush=True)\n        continue\n    dst = os.path.join(OUT, \"b01-final055-%s-s%d.png\" % (ARM, k))\n    shutil.move(src, dst)\n    moved += 1\n    sha = hashlib.sha256(open(dst, \"rb\").read()).hexdigest()\n    seed = rr.SEED + 1 + k * 1000\n    with open(dst + \".meta.yaml\", \"w\", encoding=\"utf-8\", newline=\"\\n\") as fh:\n        fh.write(\"\\n\".join([\n            \"task: ep2-b01-final055-r2-0812\",\n            \"node: 002b-first-citizen\",\n            \"beat: 1\",\n            \"arm: \" + ARM,\n            \"strength: \" + strength,\n            \"model: \" + rr.BASE,\n            \"dtype: bfloat16\",\n            \"pipeline: StableDiffusionXLImg2ImgPipeline\",\n            \"harness: pipeline/runpod_render.py\",\n            \"harness_sha256: \" + harness_sha,\n            \"harness_modified_for_this_round: false\",\n            \"init_image: \" + json.dumps(init),\n            \"init_sha256: \" + init_sha,\n            \"init_provenance: >-\",\n            \"  ep2-b01-t2i-fig-0811 seed s2, the frame the founder called \\\"really\",\n            \"  good\\\" at ~23:45 on 2026-08-11. Also committed on farm-results-rtx5090\",\n            \"  at farm-out/ep2-b01-t2i-fig/01-cold-open-wave1-s2.png.\",\n            \"size: 832x1216\",\n            \"steps: 40\",\n            \"guidance: 7.5\",\n            \"seed: %d\" % seed,\n            \"seed_rule: SEED(%d) + BEAT(1) + k*1000\" % rr.SEED,\n            \"prompt_source: genomes/sapling/nodes/002b-first-citizen/shots.md beat 1\",\n            \"prompt_source_sha256: \" + shots_sha,\n            \"positive: \" + json.dumps(pos),\n            \"negative: \" + json.dumps(neg),\n            \"positive_recomputed_not_captured: true\",\n            \"positive_delta_vs_r8_sent: >-\",\n            \"  this positive is r8's SENT positive plus the height predicate\",\n            \"  ` no taller than the grass around it`, which runpod_render.py cannot\",\n            \"  strip and r8 deletes script-side. Asserted exact by the dry step.\",\n            \"negative_carries_lighting_block: false\",\n            \"repo_commit: \" + commit,\n            \"cost_usd: 0\",\n            \"sha256: \" + sha,\n            \"provisional: >-\",\n            \"  Not a pick, not canon, not published, not assembled. A three-arm\",\n            \"  strength probe; the verdict on it is R4's.\",\n            \"\",\n        ]))\n    print(\"   %s  %s\" % (os.path.basename(dst), sha[:16]), flush=True)\nshutil.rmtree(RAW, ignore_errors=True)\nprint(\"arm %s wrote %d frame(s)\" % (ARM, moved), flush=True)\nraise SystemExit(0 if moved == 2 else 1)\n"]
arm i55 strength 0.55 init C:\banyan-farm\wave-goblin-prep\out-b01-t2i\01-cold-open-wave1-s2.png sha256 874d36f566cf251753a6835144eed76fbbef558df65a30f3efa913c75d942454

Loading pipeline components...:   0%|          | 0/7 [00:00<?, ?it/s]
Loading pipeline components...:  29%|██▊       | 2/7 [00:00<00:00,  8.93it/s]
Loading pipeline components...:  43%|████▎     | 3/7 [00:00<00:01,  3.87it/s]
Loading pipeline components...:  57%|█████▋    | 4/7 [00:02<00:02,  1.49it/s]
Loading pipeline components...: 100%|██████████| 7/7 [00:02<00:00,  3.53it/s]
Loading pipeline components...: 100%|██████████| 7/7 [00:02<00:00,  3.22it/s]
C:\banyan-farm\venv\Lib\site-packages\torch\nn\modules\module.py:1370: UserWarning: expandable_segments not supported on this platform (Triggered internally at C:\actions-runner\_work\pytorch\pytorch\pytorch\c10/cuda/CUDAAllocatorConfig.h:39.)
  return t.to(
pipeline ready (torch.bfloat16)
C:\banyan-farm\venv\Lib\site-packages\transformers\tokenization_utils_base.py:1601: FutureWarning: `clean_up_tokenization_spaces` was not set. It will be set to `True` by default. This behavior will be depracted in transformers v4.45, and will be then set to `False` by default. For more details check this issue: https://github.com/huggingface/transformers/issues/31884
  warnings.warn(
Token indices sequence length is longer than the specified maximum sequence length for this model (85 > 77). Running this sequence through the model will result in indexing errors
!! negative prompt over CLIP's 77-token budget; deduplicated: text; DROPPED: realistic skin texture, jpeg artifacts

  0%|          | 0/22 [00:00<?, ?it/s]
  5%|▍         | 1/22 [00:00<00:04,  4.54it/s]
  9%|▉         | 2/22 [00:00<00:04,  4.73it/s]
 14%|█▎        | 3/22 [00:00<00:04,  4.66it/s]
 18%|█▊        | 4/22 [00:00<00:04,  4.44it/s]
 23%|██▎       | 5/22 [00:01<00:03,  4.37it/s]
 27%|██▋       | 6/22 [00:01<00:03,  4.49it/s]
 32%|███▏      | 7/22 [00:01<00:03,  4.59it/s]
 36%|███▋      | 8/22 [00:01<00:03,  4.62it/s]
 41%|████      | 9/22 [00:02<00:02,  4.39it/s]
 45%|████▌     | 10/22 [00:02<00:02,  4.44it/s]
 50%|█████     | 11/22 [00:02<00:02,  4.54it/s]
 55%|█████▍    | 12/22 [00:02<00:02,  4.65it/s]
 59%|█████▉    | 13/22 [00:02<00:01,  4.51it/s]
 64%|██████▎   | 14/22 [00:03<00:01,  4.41it/s]
 68%|██████▊   | 15/22 [00:03<00:01,  4.48it/s]
 73%|███████▎  | 16/22 [00:03<00:01,  4.55it/s]
 77%|███████▋  | 17/22 [00:03<00:01,  4.49it/s]
 82%|████████▏ | 18/22 [00:03<00:00,  4.45it/s]
 86%|████████▋ | 19/22 [00:04<00:00,  4.47it/s]
 91%|█████████ | 20/22 [00:04<00:00,  4.59it/s]
 95%|█████████▌| 21/22 [00:04<00:00,  4.52it/s]
100%|██████████| 22/22 [00:04<00:00,  4.48it/s]
100%|██████████| 22/22 [00:04<00:00,  4.51it/s]
  01-cold-open-s0.png in 6s

  0%|          | 0/22 [00:00<?, ?it/s]
  5%|▍         | 1/22 [00:00<00:04,  4.83it/s]
  9%|▉         | 2/22 [00:00<00:04,  4.85it/s]
 14%|█▎        | 3/22 [00:00<00:03,  4.87it/s]
 18%|█▊        | 4/22 [00:00<00:04,  4.35it/s]
 23%|██▎       | 5/22 [00:01<00:03,  4.41it/s]
 27%|██▋       | 6/22 [00:01<00:03,  4.56it/s]
 32%|███▏      | 7/22 [00:01<00:03,  4.65it/s]
 36%|███▋      | 8/22 [00:01<00:03,  4.46it/s]
 41%|████      | 9/22 [00:01<00:02,  4.42it/s]
 45%|████▌     | 10/22 [00:02<00:02,  4.54it/s]
 50%|█████     | 11/22 [00:02<00:02,  4.51it/s]
 55%|█████▍    | 12/22 [00:02<00:02,  4.54it/s]
 59%|█████▉    | 13/22 [00:02<00:02,  4.44it/s]
 64%|██████▎   | 14/22 [00:03<00:01,  4.41it/s]
 68%|██████▊   | 15/22 [00:03<00:01,  4.49it/s]
 73%|███████▎  | 16/22 [00:03<00:01,  4.60it/s]
 77%|███████▋  | 17/22 [00:03<00:01,  4.47it/s]
 82%|████████▏ | 18/22 [00:03<00:00,  4.42it/s]
 86%|████████▋ | 19/22 [00:04<00:00,  4.52it/s]
 91%|█████████ | 20/22 [00:04<00:00,  4.51it/s]
 95%|█████████▌| 21/22 [00:04<00:00,  4.50it/s]
100%|██████████| 22/22 [00:04<00:00,  4.54it/s]
100%|██████████| 22/22 [00:04<00:00,  4.52it/s]
  01-cold-open-s1.png in 5s
RENDER_COMPLETE
C:\banyan-farm\venv\Lib\site-packages\transformers\tokenization_utils_base.py:1601: FutureWarning: `clean_up_tokenization_spaces` was not set. It will be set to `True` by default. This behavior will be depracted in transformers v4.45, and will be then set to `False` by default. For more details check this issue: https://github.com/huggingface/transformers/issues/31884
  warnings.warn(
Token indices sequence length is longer than the specified maximum sequence length for this model (85 > 77). Running this sequence through the model will result in indexing errors
!! negative prompt over CLIP's 77-token budget; deduplicated: text; DROPPED: realistic skin texture, jpeg artifacts
   b01-final055-i55-s0.png  61f311b8b971002b
   b01-final055-i55-s1.png  8caad7862dc62351
   !! missing C:\banyan-farm\banyan-city\runpod-out\01-cold-open-s2.png
   !! missing C:\banyan-farm\banyan-city\runpod-out\01-cold-open-s3.png
arm i55 wrote 2 frame(s)
==== step i55 END rc=0 2026-08-12T08:50:57Z ====

==== step publish START 2026-08-12T08:50:57Z ====
argv: ["C:\\banyan-farm\\venv\\Scripts\\python.exe", "-c", "import glob, hashlib, os, shutil\ndst = \"C:/banyan-farm/courier-box/farm-out/ep2-b01-final055-r2\"\nos.makedirs(dst, exist_ok=True)\nsrc = sorted(glob.glob(\"C:/banyan-farm/out-b01-final055r2/b01-styleprobe-*\"))\nlines = []\nfor f in src:\n    shutil.copy2(f, dst)\n    # Hash the COPY: what this records has to be the bytes that get committed,\n    # or the manifest attests to a file nobody will ever read.\n    c = os.path.join(dst, os.path.basename(f))\n    with open(c, \"rb\") as fh:\n        h = hashlib.sha256(fh.read()).hexdigest()\n    lines.append(h + \"  \" + os.path.basename(f))\n    print(\"   \", os.path.basename(f), h[:16])\n# newline=\"\\n\" is load-bearing: Windows text mode rewrites \\n to \\r\\n and every\n# filename then carries a trailing \\r that shasum -c cannot open.\nwith open(os.path.join(dst, \"ep2-b01-final055.sha256\"), \"w\", newline=\"\\n\") as fh:\n    fh.write(\"\\n\".join(lines) + \"\\n\")\nprint(\"published\", len(src), \"file(s) + manifest ->\", dst)\n# 3 arms x 2 seeds x (png + sidecar) = 12. Fewer means the round wrote less\n# than it promised.\nraise SystemExit(0 if len(src) >= 8 else 1)\n"]
published 0 file(s) + manifest -> C:/banyan-farm/courier-box/farm-out/ep2-b01-final055-r2
==== step publish END rc=1 2026-08-12T08:50:57Z ====
!! declared artifacts missing: ["C:\\banyan-farm\\out-b01-final055r2\\b01-final055-i55-s0.png", "C:\\banyan-farm\\out-b01-final055r2\\b01-final055-i55-s1.png", "C:\\banyan-farm\\out-b01-final055r2\\b01-final055-i55-s0.png.meta.yaml", "C:\\banyan-farm\\out-b01-final055r2\\b01-final055-i55-s1.png.meta.yaml"]
#### job ep2-b01-final055-r2-0812-1786524481 finished rc=92 2026-08-12T08:50:57Z
