 95%|█████████▌| 38/40 [00:08<00:00,  4.45it/s]
 98%|█████████▊| 39/40 [00:08<00:00,  4.47it/s]
100%|██████████| 40/40 [00:09<00:00,  4.43it/s]
100%|██████████| 40/40 [00:09<00:00,  4.43it/s]
   04-the-footnote-ipa-r0-w010-s3.png seed=20263723 9s  (4/8)

  0%|          | 0/40 [00:00<?, ?it/s]
  2%|▎         | 1/40 [00:00<00:07,  5.07it/s]
  5%|▌         | 2/40 [00:00<00:08,  4.72it/s]
  8%|▊         | 3/40 [00:00<00:07,  4.64it/s]
 10%|█         | 4/40 [00:00<00:08,  4.31it/s]
 12%|█▎        | 5/40 [00:01<00:08,  4.23it/s]
 15%|█▌        | 6/40 [00:01<00:07,  4.42it/s]
 18%|█▊        | 7/40 [00:01<00:07,  4.45it/s]
 20%|██        | 8/40 [00:01<00:07,  4.30it/s]
 22%|██▎       | 9/40 [00:02<00:07,  4.21it/s]
 25%|██▌       | 10/40 [00:02<00:06,  4.37it/s]
 28%|██▊       | 11/40 [00:02<00:06,  4.42it/s]
 30%|███       | 12/40 [00:02<00:06,  4.40it/s]
 32%|███▎      | 13/40 [00:02<00:06,  4.30it/s]
 35%|███▌      | 14/40 [00:03<00:05,  4.36it/s]
 38%|███▊      | 15/40 [00:03<00:05,  4.42it/s]
 40%|████      | 16/40 [00:03<00:05,  4.54it/s]
 42%|████▎     | 17/40 [00:03<00:05,  4.45it/s]
 45%|████▌     | 18/40 [00:04<00:05,  4.37it/s]
 48%|████▊     | 19/40 [00:04<00:04,  4.35it/s]
 50%|█████     | 20/40 [00:04<00:04,  4.42it/s]
 52%|█████▎    | 21/40 [00:04<00:04,  4.42it/s]
 55%|█████▌    | 22/40 [00:05<00:04,  4.38it/s]
 57%|█████▊    | 23/40 [00:05<00:03,  4.43it/s]
 60%|██████    | 24/40 [00:05<00:03,  4.48it/s]
 62%|██████▎   | 25/40 [00:05<00:03,  4.48it/s]
 65%|██████▌   | 26/40 [00:05<00:03,  4.37it/s]
 68%|██████▊   | 27/40 [00:06<00:02,  4.37it/s]
 70%|███████   | 28/40 [00:06<00:02,  4.41it/s]
 72%|███████▎  | 29/40 [00:06<00:02,  4.47it/s]
 75%|███████▌  | 30/40 [00:06<00:02,  4.48it/s]
 78%|███████▊  | 31/40 [00:07<00:02,  4.42it/s]
 80%|████████  | 32/40 [00:07<00:01,  4.36it/s]
 82%|████████▎ | 33/40 [00:07<00:01,  4.40it/s]
 85%|████████▌ | 34/40 [00:07<00:01,  4.46it/s]
 88%|████████▊ | 35/40 [00:07<00:01,  4.38it/s]
 90%|█████████ | 36/40 [00:08<00:00,  4.43it/s]
 92%|█████████▎| 37/40 [00:08<00:00,  4.43it/s]
 95%|█████████▌| 38/40 [00:08<00:00,  4.42it/s]
 98%|█████████▊| 39/40 [00:08<00:00,  4.45it/s]
100%|██████████| 40/40 [00:09<00:00,  4.39it/s]
100%|██████████| 40/40 [00:09<00:00,  4.41it/s]
   04-the-footnote-ipa-r0-w020-s0.png seed=20260723 9s  (5/8)

  0%|          | 0/40 [00:00<?, ?it/s]
  2%|▎         | 1/40 [00:00<00:07,  4.97it/s]
  5%|▌         | 2/40 [00:00<00:08,  4.67it/s]
  8%|▊         | 3/40 [00:00<00:08,  4.46it/s]
 10%|█         | 4/40 [00:00<00:08,  4.26it/s]
 12%|█▎        | 5/40 [00:01<00:08,  4.24it/s]
 15%|█▌        | 6/40 [00:01<00:07,  4.34it/s]
 18%|█▊        | 7/40 [00:01<00:07,  4.39it/s]
 20%|██        | 8/40 [00:01<00:07,  4.27it/s]
 22%|██▎       | 9/40 [00:02<00:07,  4.25it/s]
 25%|██▌       | 10/40 [00:02<00:06,  4.36it/s]
 28%|██▊       | 11/40 [00:02<00:06,  4.50it/s]
 30%|███       | 12/40 [00:02<00:06,  4.39it/s]
 32%|███▎      | 13/40 [00:02<00:06,  4.38it/s]
 35%|███▌      | 14/40 [00:03<00:06,  4.33it/s]
 38%|███▊      | 15/40 [00:03<00:05,  4.41it/s]
 40%|████      | 16/40 [00:03<00:05,  4.44it/s]
 42%|████▎     | 17/40 [00:03<00:05,  4.40it/s]
 45%|████▌     | 18/40 [00:04<00:04,  4.44it/s]
 48%|████▊     | 19/40 [00:04<00:04,  4.46it/s]
 50%|█████     | 20/40 [00:04<00:04,  4.41it/s]
 52%|█████▎    | 21/40 [00:04<00:04,  4.43it/s]
 55%|█████▌    | 22/40 [00:05<00:04,  4.39it/s]
 57%|█████▊    | 23/40 [00:05<00:03,  4.43it/s]
 60%|██████    | 24/40 [00:05<00:03,  4.46it/s]
 62%|██████▎   | 25/40 [00:05<00:03,  4.40it/s]
 65%|██████▌   | 26/40 [00:05<00:03,  4.37it/s]
 68%|██████▊   | 27/40 [00:06<00:02,  4.38it/s]
 70%|███████   | 28/40 [00:06<00:02,  4.42it/s]
 72%|███████▎  | 29/40 [00:06<00:02,  4.48it/s]
 75%|███████▌  | 30/40 [00:06<00:02,  4.40it/s]
 78%|███████▊  | 31/40 [00:07<00:02,  4.43it/s]
 80%|████████  | 32/40 [00:07<00:01,  4.47it/s]
 82%|████████▎ | 33/40 [00:07<00:01,  4.41it/s]
 85%|████████▌ | 34/40 [00:07<00:01,  4.46it/s]
 88%|████████▊ | 35/40 [00:07<00:01,  4.37it/s]
 90%|█████████ | 36/40 [00:08<00:00,  4.45it/s]
 92%|█████████▎| 37/40 [00:08<00:00,  4.41it/s]
 95%|█████████▌| 38/40 [00:08<00:00,  4.50it/s]
 98%|█████████▊| 39/40 [00:08<00:00,  4.37it/s]
100%|██████████| 40/40 [00:09<00:00,  4.38it/s]
100%|██████████| 40/40 [00:09<00:00,  4.40it/s]
   04-the-footnote-ipa-r0-w020-s1.png seed=20261723 9s  (6/8)

  0%|          | 0/40 [00:00<?, ?it/s]
  2%|▎         | 1/40 [00:00<00:08,  4.58it/s]
  5%|▌         | 2/40 [00:00<00:08,  4.58it/s]
  8%|▊         | 3/40 [00:00<00:08,  4.56it/s]
 10%|█         | 4/40 [00:00<00:08,  4.33it/s]
 12%|█▎        | 5/40 [00:01<00:08,  4.29it/s]
 15%|█▌        | 6/40 [00:01<00:07,  4.39it/s]
 18%|█▊        | 7/40 [00:01<00:07,  4.43it/s]
 20%|██        | 8/40 [00:01<00:07,  4.23it/s]
 22%|██▎       | 9/40 [00:02<00:07,  4.29it/s]
 25%|██▌       | 10/40 [00:02<00:06,  4.35it/s]
 28%|██▊       | 11/40 [00:02<00:06,  4.40it/s]
 30%|███       | 12/40 [00:02<00:06,  4.43it/s]
 32%|███▎      | 13/40 [00:02<00:06,  4.29it/s]
 35%|███▌      | 14/40 [00:03<00:05,  4.35it/s]
 38%|███▊      | 15/40 [00:03<00:05,  4.39it/s]
 40%|████      | 16/40 [00:03<00:05,  4.46it/s]
 42%|████▎     | 17/40 [00:03<00:05,  4.38it/s]
 45%|████▌     | 18/40 [00:04<00:04,  4.41it/s]
 48%|████▊     | 19/40 [00:04<00:04,  4.44it/s]
 50%|█████     | 20/40 [00:04<00:04,  4.49it/s]
 52%|█████▎    | 21/40 [00:04<00:04,  4.41it/s]
 55%|█████▌    | 22/40 [00:05<00:04,  4.35it/s]
 57%|█████▊    | 23/40 [00:05<00:03,  4.42it/s]
 60%|██████    | 24/40 [00:05<00:03,  4.39it/s]
 62%|██████▎   | 25/40 [00:05<00:03,  4.42it/s]
 65%|██████▌   | 26/40 [00:05<00:03,  4.38it/s]
 68%|██████▊   | 27/40 [00:06<00:02,  4.42it/s]
 70%|███████   | 28/40 [00:06<00:02,  4.45it/s]
 72%|███████▎  | 29/40 [00:06<00:02,  4.46it/s]
 75%|███████▌  | 30/40 [00:06<00:02,  4.39it/s]
 78%|███████▊  | 31/40 [00:07<00:02,  4.38it/s]
 80%|████████  | 32/40 [00:07<00:01,  4.41it/s]
 82%|████████▎ | 33/40 [00:07<00:01,  4.44it/s]
 85%|████████▌ | 34/40 [00:07<00:01,  4.46it/s]
 88%|████████▊ | 35/40 [00:07<00:01,  4.38it/s]
 90%|█████████ | 36/40 [00:08<00:00,  4.42it/s]
 92%|█████████▎| 37/40 [00:08<00:00,  4.43it/s]
 95%|█████████▌| 38/40 [00:08<00:00,  4.44it/s]
 98%|█████████▊| 39/40 [00:08<00:00,  4.39it/s]
100%|██████████| 40/40 [00:09<00:00,  4.43it/s]
100%|██████████| 40/40 [00:09<00:00,  4.40it/s]
   04-the-footnote-ipa-r0-w020-s2.png seed=20262723 9s  (7/8)

  0%|          | 0/40 [00:00<?, ?it/s]
  2%|▎         | 1/40 [00:00<00:08,  4.85it/s]
  5%|▌         | 2/40 [00:00<00:08,  4.66it/s]
  8%|▊         | 3/40 [00:00<00:08,  4.58it/s]
 10%|█         | 4/40 [00:00<00:08,  4.32it/s]
 12%|█▎        | 5/40 [00:01<00:08,  4.28it/s]
 15%|█▌        | 6/40 [00:01<00:07,  4.37it/s]
 18%|█▊        | 7/40 [00:01<00:07,  4.44it/s]
 20%|██        | 8/40 [00:01<00:07,  4.27it/s]
 22%|██▎       | 9/40 [00:02<00:07,  4.27it/s]
 25%|██▌       | 10/40 [00:02<00:06,  4.34it/s]
 28%|██▊       | 11/40 [00:02<00:06,  4.40it/s]
 30%|███       | 12/40 [00:02<00:06,  4.43it/s]
 32%|███▎      | 13/40 [00:02<00:06,  4.31it/s]
 35%|███▌      | 14/40 [00:03<00:05,  4.38it/s]
 38%|███▊      | 15/40 [00:03<00:05,  4.41it/s]
 40%|████      | 16/40 [00:03<00:05,  4.47it/s]
 42%|████▎     | 17/40 [00:03<00:05,  4.32it/s]
 45%|████▌     | 18/40 [00:04<00:05,  4.38it/s]
 48%|████▊     | 19/40 [00:04<00:04,  4.42it/s]
 50%|█████     | 20/40 [00:04<00:04,  4.40it/s]
 52%|█████▎    | 21/40 [00:04<00:04,  4.41it/s]
 55%|█████▌    | 22/40 [00:05<00:04,  4.34it/s]
 57%|█████▊    | 23/40 [00:05<00:03,  4.43it/s]
 60%|██████    | 24/40 [00:05<00:03,  4.45it/s]
 62%|██████▎   | 25/40 [00:05<00:03,  4.46it/s]
 65%|██████▌   | 26/40 [00:05<00:03,  4.38it/s]
 68%|██████▊   | 27/40 [00:06<00:02,  4.36it/s]
 70%|███████   | 28/40 [00:06<00:02,  4.40it/s]
 72%|███████▎  | 29/40 [00:06<00:02,  4.44it/s]
 75%|███████▌  | 30/40 [00:06<00:02,  4.39it/s]
 78%|███████▊  | 31/40 [00:07<00:02,  4.34it/s]
 80%|████████  | 32/40 [00:07<00:01,  4.42it/s]
 82%|████████▎ | 33/40 [00:07<00:01,  4.45it/s]
 85%|████████▌ | 34/40 [00:07<00:01,  4.36it/s]
 88%|████████▊ | 35/40 [00:07<00:01,  4.35it/s]
 90%|█████████ | 36/40 [00:08<00:00,  4.40it/s]
 92%|█████████▎| 37/40 [00:08<00:00,  4.42it/s]
 95%|█████████▌| 38/40 [00:08<00:00,  4.45it/s]
 98%|█████████▊| 39/40 [00:08<00:00,  4.40it/s]
100%|██████████| 40/40 [00:09<00:00,  4.43it/s]
100%|██████████| 40/40 [00:09<00:00,  4.40it/s]
   04-the-footnote-ipa-r0-w020-s3.png seed=20263723 9s  (8/8)

DONE 8 stills — ONE beat. The other fourteen wait on his verdict.
==== step sample END rc=0 2026-08-10T12:09:41Z ====

==== step green START 2026-08-10T12:09:41Z ====
argv: ["C:\\banyan-farm\\venv\\Scripts\\python.exe", "C:\\banyan-farm\\wave-goblin-prep\\green_share.py", "baseline-tags-only|C:\\banyan-farm\\wave-goblin-prep\\out\\04-the-footnote-wave1-s*.png|sq", "arm1-r0-all40steps|C:\\banyan-farm\\goblin-ipa-0810\\out\\04-the-footnote-ipa-r0-c060-s*.png|sq", "arm3-r0-w015|C:\\banyan-farm\\goblin-ipa-0810\\out3\\04-the-footnote-ipa-r0-w015-s*.png|sq", "arm3-r0-w025|C:\\banyan-farm\\goblin-ipa-0810\\out3\\04-the-footnote-ipa-r0-w025-s*.png|sq", "arm6-r0-w010|C:\\banyan-farm\\goblin-ipa-0810\\out6\\04-the-footnote-ipa-r0-w010-s*.png|sq", "arm6-r0-w020|C:\\banyan-farm\\goblin-ipa-0810\\out6\\04-the-footnote-ipa-r0-w020-s*.png|sq"]
baseline-tags-only                 n=4  green_share=0.4918  narrow=0.3341  sat_green=0.283  hue=160.1  sat_all=0.254
arm1-r0-all40steps                 n=4  green_share=0.0117  narrow=0.0021  sat_green=0.324  hue=169.7  sat_all=0.253
arm3-r0-w015                       n=4  green_share=0.4548  narrow=0.2018  sat_green=0.358  hue=167.2  sat_all=0.313
arm3-r0-w025                       n=4  green_share=0.2556  narrow=0.0668  sat_green=0.305  hue=173.5  sat_all=0.299
arm6-r0-w010                       n=4  green_share=0.4745  narrow=0.2969  sat_green=0.361  hue=165.9  sat_all=0.324
arm6-r0-w020                       n=4  green_share=0.4205  narrow=0.1766  sat_green=0.312  hue=170.5  sat_all=0.298
==== step green END rc=0 2026-08-10T12:09:42Z ====

==== step publish START 2026-08-10T12:09:42Z ====
argv: ["C:\\banyan-farm\\venv\\Scripts\\python.exe", "-c", "import glob, hashlib, os, shutil\ndst = \"C:/banyan-farm/courier-box/farm-out/ep2-b04-goblin-ipa-wedge\"\nos.makedirs(dst, exist_ok=True)\nsrc = sorted(glob.glob(\"C:/banyan-farm/goblin-ipa-0810/out6/*\"))\nlines = []\nfor f in src:\n    shutil.copy2(f, dst)\n    c = os.path.join(dst, os.path.basename(f))\n    with open(c, \"rb\") as fh:\n        h = hashlib.sha256(fh.read()).hexdigest()\n    lines.append(h + \"  \" + os.path.basename(f))\nwith open(os.path.join(dst, \"ep2-b04-goblin-ipa-wedge.sha256\"), \"w\") as fh:\n    fh.write(\"\\n\".join(lines) + \"\\n\")\nprint(\"published\", len(src), \"file(s) + manifest ->\", dst)\n# 8 stills + 8 sidecars.\nraise SystemExit(0 if len(src) == 16 else 1)\n"]
published 16 file(s) + manifest -> C:/banyan-farm/courier-box/farm-out/ep2-b04-goblin-ipa-wedge
==== step publish END rc=0 2026-08-10T12:09:42Z ====
#### job ep2-b04-goblin-ipa-wedge-1786362617 finished rc=0 2026-08-10T12:09:42Z
