#### job ep2-b06-pose-r2-0822-1787358082 attempt 1 start 2026-08-22T00:27:18Z

==== step stage START 2026-08-22T00:27:18Z ====
argv: ["C:\\banyan-farm\\venv\\Scripts\\python.exe", "-c", "import hashlib, os, urllib.request\nbase = \"https://raw.githubusercontent.com/olegmalk/banyan-city/main/\"\nroot = r\"C:\\banyan-farm\\ep2-b06-pose-r2-0822\"\nwant = [\n    (\"pipeline/controlnet_plate.py\", os.path.join(root, \"src\", \"pipeline\"),\n     \"ece54f687d892d1fb1df17211331919bfcb04faac4fe0ee6aa9b0bb231adcc32\"),\n    (\"pipeline/hints/b06-guard-pose-0822.png\", root, \"1f04f73fd754d6aa72f4f3d1ae535412c35a2c1f643a5a45a6536ed10a2aebb2\"),\n    (\"pipeline/hints/b06-board-0822.png\", root, \"cfe656564c6a98efefa4c849d1dd6c6881cf92461354ce8544cf04023b7fce99\"),\n]\nfor path, dst, sha in want:\n    os.makedirs(dst, exist_ok=True)\n    with urllib.request.urlopen(base + path, timeout=120) as r:\n        blob = r.read()\n    got = hashlib.sha256(blob).hexdigest()\n    if got != sha:\n        raise SystemExit(\"!! %s sha %s, wanted %s\" % (path, got, sha))\n    name = path.rsplit(\"/\", 1)[-1]\n    with open(os.path.join(dst, name), \"wb\") as fh:\n        fh.write(blob)\n    print(\"staged\", name, got[:12])\n"]
staged controlnet_plate.py ece54f687d89
staged b06-guard-pose-0822.png 1f04f73fd754
staged b06-board-0822.png cfe656564c6a
==== step stage END rc=0 2026-08-22T00:27:19Z ====

==== step plate START 2026-08-22T00:27:19Z ====
argv: ["C:\\banyan-farm\\venv\\Scripts\\python.exe", "C:\\banyan-farm\\ep2-b06-pose-r2-0822\\src\\pipeline\\controlnet_plate.py", "--root", "C:\\banyan-farm\\ep2-b06-pose-r2-0822\\src", "--task", "ep2-b06-pose-r2-0822", "--arm", "posebooth", "--controlnet", "xinsir/controlnet-openpose-sdxl-1.0", "--control", "C:\\banyan-farm\\ep2-b06-pose-r2-0822\\b06-guard-pose-0822.png", "--control-sha256", "1f04f73fd754d6aa72f4f3d1ae535412c35a2c1f643a5a45a6536ed10a2aebb2", "--scale", "0.8", "--controlnet2", "xinsir/controlnet-scribble-sdxl-1.0", "--control2", "C:\\banyan-farm\\ep2-b06-pose-r2-0822\\b06-board-0822.png", "--control2-sha256", "cfe656564c6a98efefa4c849d1dd6c6881cf92461354ce8544cf04023b7fce99", "--scale2", "0.85", "--seed", "20260725", "--steps", "40", "--cfg", "7.5", "--width", "832", "--height", "1216", "--prompt-file", "C:\\banyan-farm\\ep2-b06-pose-r2-0822\\prompt.txt", "--negative-file", "C:\\banyan-farm\\ep2-b06-pose-r2-0822\\negative.txt", "--out", "C:\\banyan-farm\\ep2-b06-pose-r2-0822\\out"]
  prompt tokens: 75 (limit 77)
  negative tokens: 74 (limit 77)
C:\banyan-farm\venv\Lib\site-packages\diffusers\models\vq_model.py:20: FutureWarning: `VQEncoderOutput` is deprecated and will be removed in version 0.31. Importing `VQEncoderOutput` from `diffusers.models.vq_model` is deprecated and this will be removed in a future version. Please use `from diffusers.models.autoencoders.vq_model import VQEncoderOutput`, instead.
  deprecate("VQEncoderOutput", "0.31", deprecation_message)
C:\banyan-farm\venv\Lib\site-packages\diffusers\models\vq_model.py:25: FutureWarning: `VQModel` is deprecated and will be removed in version 0.31. Importing `VQModel` from `diffusers.models.vq_model` is deprecated and this will be removed in a future version. Please use `from diffusers.models.autoencoders.vq_model import VQModel`, instead.
  deprecate("VQModel", "0.31", deprecation_message)

Loading pipeline components...:   0%|          | 0/7 [00:00<?, ?it/s]
Loading pipeline components...:  14%|█▍        | 1/7 [00:00<00:00,  9.69it/s]
Loading pipeline components...:  29%|██▊       | 2/7 [00:03<00:10,  2.15s/it]
Loading pipeline components...:  57%|█████▋    | 4/7 [00:04<00:03,  1.16s/it]
Loading pipeline components...:  86%|████████▌ | 6/7 [00:05<00:00,  1.43it/s]
Loading pipeline components...: 100%|██████████| 7/7 [00:05<00:00,  1.34it/s]
C:\banyan-farm\venv\Lib\site-packages\torch\nn\modules\module.py:1370: UserWarning: expandable_segments not supported on this platform (Triggered internally at C:\actions-runner\_work\pytorch\pytorch\pytorch\c10/cuda/CUDAAllocatorConfig.h:39.)
  return t.to(
  multi-controlnet: 2 nets, scales [0.8, 0.85]

  0%|          | 0/40 [00:00<?, ?it/s]
  2%|▎         | 1/40 [00:01<00:43,  1.11s/it]
  5%|▌         | 2/40 [00:01<00:24,  1.58it/s]
  8%|▊         | 3/40 [00:01<00:20,  1.83it/s]
 10%|█         | 4/40 [00:02<00:17,  2.01it/s]
 12%|█▎        | 5/40 [00:02<00:16,  2.07it/s]
 15%|█▌        | 6/40 [00:03<00:15,  2.18it/s]
 18%|█▊        | 7/40 [00:03<00:15,  2.20it/s]
 20%|██        | 8/40 [00:04<00:14,  2.22it/s]
 22%|██▎       | 9/40 [00:04<00:13,  2.26it/s]
 25%|██▌       | 10/40 [00:04<00:12,  2.31it/s]
 28%|██▊       | 11/40 [00:05<00:12,  2.29it/s]
 30%|███       | 12/40 [00:05<00:12,  2.28it/s]
 32%|███▎      | 13/40 [00:06<00:11,  2.33it/s]
 35%|███▌      | 14/40 [00:06<00:11,  2.31it/s]
 38%|███▊      | 15/40 [00:07<00:10,  2.31it/s]
 40%|████      | 16/40 [00:07<00:10,  2.30it/s]
 42%|████▎     | 17/40 [00:07<00:09,  2.34it/s]
 45%|████▌     | 18/40 [00:08<00:09,  2.34it/s]
 48%|████▊     | 19/40 [00:08<00:09,  2.29it/s]
 50%|█████     | 20/40 [00:09<00:08,  2.32it/s]
 52%|█████▎    | 21/40 [00:09<00:08,  2.34it/s]
 55%|█████▌    | 22/40 [00:10<00:07,  2.31it/s]
 57%|█████▊    | 23/40 [00:10<00:07,  2.30it/s]
 60%|██████    | 24/40 [00:10<00:06,  2.33it/s]
 62%|██████▎   | 25/40 [00:11<00:06,  2.31it/s]
 65%|██████▌   | 26/40 [00:11<00:06,  2.32it/s]
 68%|██████▊   | 27/40 [00:12<00:05,  2.33it/s]
 70%|███████   | 28/40 [00:12<00:05,  2.31it/s]
 72%|███████▎  | 29/40 [00:13<00:04,  2.29it/s]
 75%|███████▌  | 30/40 [00:13<00:04,  2.33it/s]
 78%|███████▊  | 31/40 [00:13<00:03,  2.31it/s]
 80%|████████  | 32/40 [00:14<00:03,  2.32it/s]
 82%|████████▎ | 33/40 [00:14<00:03,  2.30it/s]
 85%|████████▌ | 34/40 [00:15<00:02,  2.31it/s]
 88%|████████▊ | 35/40 [00:15<00:02,  2.32it/s]
 90%|█████████ | 36/40 [00:16<00:01,  2.30it/s]
 92%|█████████▎| 37/40 [00:16<00:01,  2.31it/s]
 95%|█████████▌| 38/40 [00:16<00:00,  2.29it/s]
 98%|█████████▊| 39/40 [00:17<00:00,  2.32it/s]
100%|██████████| 40/40 [00:17<00:00,  2.31it/s]
100%|██████████| 40/40 [00:17<00:00,  2.24it/s]
OK ep2-b06-pose-r2-0822-posebooth.png load=13.1s render=18.9s
rc=0
==== step plate END rc=0 2026-08-22T00:27:57Z ====

==== step publish START 2026-08-22T00:27:57Z ====
argv: ["C:\\banyan-farm\\venv\\Scripts\\python.exe", "-c", "# The courier pushes from farm-out and from nowhere else. The two HINTS\n# travel with the frame as well as the prompt: a conditioned plate whose\n# condition is not beside it cannot be re-read later.\nimport glob, hashlib, os, shutil\ndst = \"C:/banyan-farm/courier-box/farm-out/ep2-b06-pose-r2-0822\"\nos.makedirs(dst, exist_ok=True)\nfiles = sorted(glob.glob(\"C:/banyan-farm/ep2-b06-pose-r2-0822/out/ep2-b06-pose-r2-0822-posebooth.png*\")\n               + glob.glob(\"C:/banyan-farm/ep2-b06-pose-r2-0822/prompt.txt\")\n               + glob.glob(\"C:/banyan-farm/ep2-b06-pose-r2-0822/negative.txt\")\n               + glob.glob(\"C:/banyan-farm/ep2-b06-pose-r2-0822/b06-guard-pose-0822.png\")\n               + glob.glob(\"C:/banyan-farm/ep2-b06-pose-r2-0822/b06-board-0822.png\"))\nlines = []\nfor f in files:\n    shutil.copy2(f, dst)\n    c = os.path.join(dst, os.path.basename(f))\n    with open(c, \"rb\") as fh:\n        lines.append(hashlib.sha256(fh.read()).hexdigest() + \"  \"\n                     + os.path.basename(f))\nwith open(os.path.join(dst, \"ep2-b06-pose-r2-0822.sha256\"), \"w\", newline=\"\\n\") as fh:\n    fh.write(\"\\n\".join(sorted(lines)) + \"\\n\")\nprint(\"published\", len(files), \"file(s) + manifest ->\", dst)\nraise SystemExit(0 if len(files) >= 5 else 1)\n"]
published 6 file(s) + manifest -> C:/banyan-farm/courier-box/farm-out/ep2-b06-pose-r2-0822
==== step publish END rc=0 2026-08-22T00:27:57Z ====
#### job ep2-b06-pose-r2-0822-1787358082 finished rc=0 2026-08-22T00:27:57Z
