#### job ep2-b09-faceturn-crf10-0819-1787089234 attempt 1 start 2026-08-18T21:40:48Z

==== step crop START 2026-08-18T21:40:51Z ====
argv: ["C:\\banyan-farm\\venv\\Scripts\\python.exe", "C:\\banyan-farm\\ep2-b09-faceturn-crf10-0819\\cover_crop.py", "--src", "C:\\banyan-farm\\courier-box\\farm-out\\ep2-b09-cast-0817\\09-the-pause-ipa-r2-w015-s2.png", "--sha256", "55a56b8faa5c1c8abcd3cc7306800a616e91210a65995b498e0b9a5e191e0e8e", "--out", "C:\\banyan-farm\\ep2-b09-faceturn-crf10-0819\\b09-init-704x1280.png", "--size", "704x1280"]
src 832x1216 sha 55a56b8faa5c1c8abcd3cc7306800a616e91210a65995b498e0b9a5e191e0e8e
cover-crop scale=1.0526 -> 876x1280, centre box (86,0)
WROTE C:\banyan-farm\ep2-b09-faceturn-crf10-0819\b09-init-704x1280.png
==== step crop END rc=0 2026-08-18T21:40:51Z ====

==== step encode START 2026-08-18T21:40:51Z ====
argv: ["C:\\banyan-video\\venv\\Scripts\\python.exe", "C:\\banyan-farm\\banyan-city\\pipeline\\ltx_i2v.py", "--stage", "encode", "--jobs", "C:\\banyan-farm\\ep2-b09-faceturn-crf10-0819\\b09-jobs-encode.json"]
-- begin-encode: phys 10.4/68.1GB, commit 12.6/115.3GB (load 15%)
loading text encoder from C:\Users\artvn\.cache\huggingface\hub\models--Lightricks--gemma-3-12b-it-qat-q4_0-unquantized\snapshots\d62fe4f1995ade703b49a0f3c0d0f161237ef437

Loading weights:   0%|          | 0/1065 [00:00<?, ?it/s]
Loading weights:  32%|███▏      | 345/1065 [00:00<00:00, 3123.62it/s]
Loading weights:  63%|██████▎   | 667/1065 [00:00<00:00, 3006.97it/s]
Loading weights:  95%|█████████▌| 1015/1065 [00:00<00:00, 3072.52it/s]
Loading weights: 100%|██████████| 1065/1065 [00:00<00:00, 3072.30it/s]
-- encode-beat-09: phys 11.6/68.1GB, commit 39.4/115.3GB (load 17%)
[1/1] encoded beat 9 to C:\banyan-farm\ep2-b09-faceturn-crf10-0819\b09-embeds.pt (1, 1024, 188160)
{"peak_commit_gb": 41.4, "peak_phys_gb": 37.1, "last_stage": "encode-beat-09"}
==== step encode END rc=0 2026-08-18T21:42:23Z ====

==== step render START 2026-08-18T21:42:23Z ====
argv: ["C:\\banyan-video\\venv\\Scripts\\python.exe", "C:\\banyan-farm\\banyan-city\\pipeline\\ltx_i2v.py", "--stage", "render", "--jobs", "C:\\banyan-farm\\ep2-b09-faceturn-crf10-0819\\b09-jobs-render.json", "--size", "704x1280", "--frames", "121", "--fps", "24", "--guidance", "2.0", "--distilled-sigmas", "--two-stage", "--image-crf", "10", "--offload", "sequential", "--mode", "production", "--task", "ep2-b09-faceturn-crf10-0819", "--worker", "rtx5090", "--bench-jsonl", "C:\\banyan-farm\\ep2-b09-faceturn-crf10-0819\\bench-ep2-b09-faceturn-crf10-0819.jsonl", "--bench-label", "ep2-b09-faceturn-crf10-0819"]
recipe: offload=sequential quantisation=none (bf16)
-- begin-render: phys 10.4/68.1GB, commit 12.5/115.3GB (load 15%)
transformer  C:\Users\artvn\.cache\huggingface\hub\models--diffusers--LTX-2.3-Distilled-Diffusers\snapshots\432e0d3c2d1769aaa4d295f9243f7062bf6b47ee [subfolder=transformer, bf16]
scheduler    C:\Users\artvn\.cache\huggingface\hub\models--diffusers--LTX-2.3-Distilled-Diffusers\snapshots\432e0d3c2d1769aaa4d295f9243f7062bf6b47ee [subfolder=scheduler, distilled]
other parts  C:\Users\artvn\.cache\huggingface\hub\models--diffusers--LTX-2.3-Diffusers\snapshots\8eee8edcf067e838b843f926ec4d4cc9b2be1aaf
-- load-transformer-bf16-38GB: phys 11.1/68.1GB, commit 14.3/115.3GB (load 16%)

Loading checkpoint shards:   0%|          | 0/8 [00:00<?, ?it/s]
Loading checkpoint shards:  12%|█▎        | 1/8 [00:00<00:00,  9.50it/s]
Loading checkpoint shards:  25%|██▌       | 2/8 [00:00<00:00,  9.64it/s]
Loading checkpoint shards:  50%|█████     | 4/8 [00:00<00:00,  8.92it/s]
Loading checkpoint shards: 100%|██████████| 8/8 [00:00<00:00, 17.53it/s]
Loading checkpoint shards: 100%|██████████| 8/8 [00:00<00:00, 14.62it/s]
-- load-connectors-12.7GB-and-vae: phys 11.2/68.1GB, commit 52.7/115.3GB (load 16%)

Loading checkpoint shards:   0%|          | 0/2 [00:00<?, ?it/s]
Loading checkpoint shards: 100%|██████████| 2/2 [00:00<00:00, 67.24it/s]
-- offload-setup-sequential: phys 11.2/68.1GB, commit 62.3/115.3GB (load 16%)
C:\banyan-video\venv\Lib\site-packages\accelerate\utils\modeling.py:345: UserWarning: expandable_segments not supported on this platform (Triggered internally at C:\actions-runner\_work\pytorch\pytorch\pytorch\c10/cuda/CUDAAllocatorConfig.h:39.)
  new_value = old_value.to(device, non_blocking=non_blocking)
conditioning still round-tripped through libx264 crf=10 -> C:\banyan-farm\ep2-b09-faceturn-crf10-0819\cond-crf-09.png
-- stage1-denoise-352x640-8steps: phys 12.1/68.1GB, commit 62.6/115.3GB (load 17%)

  0%|          | 0/8 [00:00<?, ?it/s]
 12%|█▎        | 1/8 [01:10<08:13, 70.46s/it]
 25%|██▌       | 2/8 [01:24<03:42, 37.09s/it]
 38%|███▊      | 3/8 [01:33<02:02, 24.59s/it]
 50%|█████     | 4/8 [01:43<01:15, 18.76s/it]
 62%|██████▎   | 5/8 [01:54<00:47, 15.78s/it]
 75%|███████▌  | 6/8 [02:04<00:27, 13.86s/it]
 88%|████████▊ | 7/8 [02:14<00:12, 12.54s/it]
100%|██████████| 8/8 [02:24<00:00, 11.74s/it]
100%|██████████| 8/8 [02:24<00:00, 18.03s/it]
stage1 latents (1, 128, 16, 20, 11)
-- upsample-2x-latent: phys 56.4/68.1GB, commit 65.5/115.3GB (load 82%)
There are modules in LTX2LatentUpsamplerModel that should be kept in float32: []. Casting directly with `to()` can lead to inconsistent results; set `torch_dtype` in `from_pretrained()` instead to keep these modules in float32.
upsampled latents (1, 128, 16, 40, 22)
-- stage2-refine-704x1280-3steps: phys 58.4/68.1GB, commit 68.2/115.3GB (load 85%)

  0%|          | 0/3 [00:00<?, ?it/s]
 33%|███▎      | 1/3 [00:30<01:00, 30.14s/it]
 67%|██████▋   | 2/3 [01:04<00:32, 32.40s/it]
100%|██████████| 3/3 [01:38<00:00, 33.11s/it]
100%|██████████| 3/3 [01:38<00:00, 32.69s/it]
-- decode-and-export: phys 64.0/68.1GB, commit 72.4/115.3GB (load 93%)
[1/1] wrote C:\banyan-farm\ep2-b09-faceturn-crf10-0819\09-the-pause-LTX-ep2-b09-faceturn-crf10-0819.mp4 in 267s (121 frames, 704x1280, 8@352x640+3@704x1280 steps, peak torch 12.0GB, device 3.1/26GB)
THROUGHPUT 0.0189 s(video)/s(wall) (1 x 5.042s of video in 267s)
bench row -> C:\banyan-farm\ep2-b09-faceturn-crf10-0819\bench-ep2-b09-faceturn-crf10-0819.jsonl
{"sample_s": 267.0, "peak_gb": 12.0, "peak_commit_gb": 81.6, "frames": 121, "size": "704x1280", "steps": "8@352x640+3@704x1280", "batch": 1, "mode": "production", "throughput_s_per_s": 0.0189, "two_stage": true, "image_crf": 10, "offload": "sequential", "quantisation": null}
{"peak_commit_gb": 81.6, "peak_phys_gb": 64.6, "last_stage": "decode-and-export"}
==== step render END rc=0 2026-08-18T21:47:06Z ====

==== step publish START 2026-08-18T21:47:06Z ====
argv: ["C:\\banyan-farm\\venv\\Scripts\\python.exe", "-c", "import glob, hashlib, os, shutil\n# farm-out is NOT gitignored: the runner pushes whatever lands here itself,\n# so a clip that reaches this dir survives without any change to the runner.\ndst = \"C:/banyan-farm/courier-box/farm-out/ep2-b09-faceturn-crf10-0819\"\nos.makedirs(dst, exist_ok=True)\nsrc = sorted(glob.glob(\"C:/banyan-farm/ep2-b09-faceturn-crf10-0819/09-the-pause-LTX-ep2-b09-faceturn-crf10-0819.mp4*\")\n             + glob.glob(\"C:/banyan-farm/ep2-b09-faceturn-crf10-0819/b09-init-704x1280.png\")\n             + glob.glob(\"C:/banyan-farm/ep2-b09-faceturn-crf10-0819/bench-ep2-b09-faceturn-crf10-0819.jsonl\"))\nlines = []\nfor f in src:\n    shutil.copy2(f, dst)\n    c = os.path.join(dst, os.path.basename(f))\n    with open(c, \"rb\") as fh:\n        h = hashlib.sha256(fh.read()).hexdigest()\n    lines.append(h + \"  \" + os.path.basename(f))\nwith open(os.path.join(dst, \"ep2-b09-faceturn-crf10-0819.sha256\"), \"w\", newline=\"\\n\") as fh:\n    fh.write(\"\\n\".join(lines) + \"\\n\")\nprint(\"published\", len(src), \"file(s) + manifest ->\", dst)\n# >=2 so a run that wrote the init but no clip cannot pass silently.\nraise SystemExit(0 if len(src) >= 2 else 1)\n"]
published 4 file(s) + manifest -> C:/banyan-farm/courier-box/farm-out/ep2-b09-faceturn-crf10-0819
==== step publish END rc=0 2026-08-18T21:47:06Z ====
#### job ep2-b09-faceturn-crf10-0819-1787089234 finished rc=0 2026-08-18T21:47:06Z
