Loading pipeline components...:  14%|█▍        | 1/7 [00:00<00:01,  4.60it/s]
Loading pipeline components...:  43%|████▎     | 3/7 [00:00<00:01,  3.90it/s]
Loading pipeline components...:  71%|███████▏  | 5/7 [00:02<00:01,  1.88it/s]
Loading pipeline components...: 100%|██████████| 7/7 [00:02<00:00,  2.92it/s]
C:\banyan-farm\venv\Lib\site-packages\torch\nn\modules\module.py:1370: UserWarning: expandable_segments not supported on this platform (Triggered internally at C:\actions-runner\_work\pytorch\pytorch\pytorch\c10/cuda/CUDAAllocatorConfig.h:39.)
  return t.to(
MODEL_LOADED cuda/bfloat16 in 5s

  0%|          | 0/40 [00:00<?, ?it/s]
  2%|▎         | 1/40 [00:00<00:15,  2.57it/s]
  5%|▌         | 2/40 [00:00<00:10,  3.64it/s]
  8%|▊         | 3/40 [00:00<00:08,  4.11it/s]
 10%|█         | 4/40 [00:01<00:08,  4.15it/s]
 12%|█▎        | 5/40 [00:01<00:08,  4.18it/s]
 15%|█▌        | 6/40 [00:01<00:07,  4.27it/s]
 18%|█▊        | 7/40 [00:01<00:07,  4.46it/s]
 20%|██        | 8/40 [00:01<00:06,  4.58it/s]
 22%|██▎       | 9/40 [00:02<00:06,  4.46it/s]
 25%|██▌       | 10/40 [00:02<00:06,  4.35it/s]
 28%|██▊       | 11/40 [00:02<00:06,  4.46it/s]
 30%|███       | 12/40 [00:02<00:06,  4.54it/s]
 32%|███▎      | 13/40 [00:03<00:05,  4.51it/s]
 35%|███▌      | 14/40 [00:03<00:05,  4.44it/s]
 38%|███▊      | 15/40 [00:03<00:05,  4.47it/s]
 40%|████      | 16/40 [00:03<00:05,  4.53it/s]
 42%|████▎     | 17/40 [00:03<00:05,  4.55it/s]
 45%|████▌     | 18/40 [00:04<00:04,  4.57it/s]
 48%|████▊     | 19/40 [00:04<00:04,  4.44it/s]
 50%|█████     | 20/40 [00:04<00:04,  4.49it/s]
 52%|█████▎    | 21/40 [00:04<00:04,  4.54it/s]
 55%|█████▌    | 22/40 [00:05<00:03,  4.58it/s]
 57%|█████▊    | 23/40 [00:05<00:03,  4.46it/s]
 60%|██████    | 24/40 [00:05<00:03,  4.48it/s]
 62%|██████▎   | 25/40 [00:05<00:03,  4.60it/s]
 65%|██████▌   | 26/40 [00:05<00:03,  4.57it/s]
 68%|██████▊   | 27/40 [00:06<00:02,  4.55it/s]
 70%|███████   | 28/40 [00:06<00:02,  4.44it/s]
 72%|███████▎  | 29/40 [00:06<00:02,  4.56it/s]
 75%|███████▌  | 30/40 [00:06<00:02,  4.55it/s]
 78%|███████▊  | 31/40 [00:07<00:01,  4.53it/s]
 80%|████████  | 32/40 [00:07<00:01,  4.43it/s]
 82%|████████▎ | 33/40 [00:07<00:01,  4.46it/s]
 85%|████████▌ | 34/40 [00:07<00:01,  4.50it/s]
 88%|████████▊ | 35/40 [00:07<00:01,  4.57it/s]
 90%|█████████ | 36/40 [00:08<00:00,  4.55it/s]
 92%|█████████▎| 37/40 [00:08<00:00,  4.45it/s]
 95%|█████████▌| 38/40 [00:08<00:00,  4.56it/s]
 98%|█████████▊| 39/40 [00:08<00:00,  4.55it/s]
100%|██████████| 40/40 [00:08<00:00,  4.53it/s]
100%|██████████| 40/40 [00:08<00:00,  4.44it/s]
   02-the-sprint-wave1-s0.png seed=20260721 10s  (1/4)

  0%|          | 0/40 [00:00<?, ?it/s]
  2%|▎         | 1/40 [00:00<00:07,  5.11it/s]
  5%|▌         | 2/40 [00:00<00:07,  4.96it/s]
  8%|▊         | 3/40 [00:00<00:07,  4.92it/s]
 10%|█         | 4/40 [00:00<00:07,  4.61it/s]
 12%|█▎        | 5/40 [00:01<00:08,  4.35it/s]
 15%|█▌        | 6/40 [00:01<00:07,  4.51it/s]
 18%|█▊        | 7/40 [00:01<00:07,  4.63it/s]
 20%|██        | 8/40 [00:01<00:06,  4.59it/s]
 22%|██▎       | 9/40 [00:01<00:06,  4.47it/s]
 25%|██▌       | 10/40 [00:02<00:06,  4.48it/s]
 28%|██▊       | 11/40 [00:02<00:06,  4.49it/s]
 30%|███       | 12/40 [00:02<00:06,  4.60it/s]
 32%|███▎      | 13/40 [00:02<00:06,  4.47it/s]
 35%|███▌      | 14/40 [00:03<00:05,  4.39it/s]
 38%|███▊      | 15/40 [00:03<00:05,  4.53it/s]
 40%|████      | 16/40 [00:03<00:05,  4.52it/s]
 42%|████▎     | 17/40 [00:03<00:05,  4.52it/s]
 45%|████▌     | 18/40 [00:03<00:04,  4.43it/s]
 48%|████▊     | 19/40 [00:04<00:04,  4.45it/s]
 50%|█████     | 20/40 [00:04<00:04,  4.47it/s]
 52%|█████▎    | 21/40 [00:04<00:04,  4.58it/s]
 55%|█████▌    | 22/40 [00:04<00:04,  4.46it/s]
 57%|█████▊    | 23/40 [00:05<00:03,  4.48it/s]
 60%|██████    | 24/40 [00:05<00:03,  4.49it/s]
 62%|██████▎   | 25/40 [00:05<00:03,  4.50it/s]
 65%|██████▌   | 26/40 [00:05<00:03,  4.50it/s]
 68%|██████▊   | 27/40 [00:05<00:02,  4.51it/s]
 70%|███████   | 28/40 [00:06<00:02,  4.51it/s]
 72%|███████▎  | 29/40 [00:06<00:02,  4.51it/s]
 75%|███████▌  | 30/40 [00:06<00:02,  4.51it/s]
 78%|███████▊  | 31/40 [00:06<00:01,  4.50it/s]
 80%|████████  | 32/40 [00:07<00:01,  4.51it/s]
 82%|████████▎ | 33/40 [00:07<00:01,  4.51it/s]
 85%|████████▌ | 34/40 [00:07<00:01,  4.51it/s]
 88%|████████▊ | 35/40 [00:07<00:01,  4.51it/s]
 90%|█████████ | 36/40 [00:07<00:00,  4.51it/s]
 92%|█████████▎| 37/40 [00:08<00:00,  4.51it/s]
 95%|█████████▌| 38/40 [00:08<00:00,  4.51it/s]
 98%|█████████▊| 39/40 [00:08<00:00,  4.51it/s]
100%|██████████| 40/40 [00:08<00:00,  4.42it/s]
100%|██████████| 40/40 [00:08<00:00,  4.51it/s]
   02-the-sprint-wave1-s1.png seed=20261721 9s  (2/4)

  0%|          | 0/40 [00:00<?, ?it/s]
  2%|▎         | 1/40 [00:00<00:07,  5.22it/s]
  5%|▌         | 2/40 [00:00<00:07,  4.76it/s]
  8%|▊         | 3/40 [00:00<00:07,  4.80it/s]
 10%|█         | 4/40 [00:00<00:07,  4.55it/s]
 12%|█▎        | 5/40 [00:01<00:07,  4.42it/s]
 15%|█▌        | 6/40 [00:01<00:07,  4.57it/s]
 18%|█▊        | 7/40 [00:01<00:07,  4.55it/s]
 20%|██        | 8/40 [00:01<00:06,  4.64it/s]
 22%|██▎       | 9/40 [00:01<00:07,  4.37it/s]
 25%|██▌       | 10/40 [00:02<00:06,  4.45it/s]
 28%|██▊       | 11/40 [00:02<00:06,  4.57it/s]
 30%|███       | 12/40 [00:02<00:06,  4.50it/s]
 32%|███▎      | 13/40 [00:02<00:06,  4.46it/s]
 35%|███▌      | 14/40 [00:03<00:05,  4.40it/s]
 38%|███▊      | 15/40 [00:03<00:05,  4.46it/s]
 40%|████      | 16/40 [00:03<00:05,  4.54it/s]
 42%|████▎     | 17/40 [00:03<00:05,  4.51it/s]
 45%|████▌     | 18/40 [00:03<00:04,  4.44it/s]
 48%|████▊     | 19/40 [00:04<00:04,  4.46it/s]
 50%|█████     | 20/40 [00:04<00:04,  4.57it/s]
 52%|█████▎    | 21/40 [00:04<00:04,  4.49it/s]
 55%|█████▌    | 22/40 [00:04<00:04,  4.47it/s]
 57%|█████▊    | 23/40 [00:05<00:03,  4.48it/s]
 60%|██████    | 24/40 [00:05<00:03,  4.49it/s]
 62%|██████▎   | 25/40 [00:05<00:03,  4.49it/s]
 65%|██████▌   | 26/40 [00:05<00:03,  4.50it/s]
 68%|██████▊   | 27/40 [00:05<00:02,  4.45it/s]
 70%|███████   | 28/40 [00:06<00:02,  4.53it/s]
 72%|███████▎  | 29/40 [00:06<00:02,  4.48it/s]
 75%|███████▌  | 30/40 [00:06<00:02,  4.54it/s]
 78%|███████▊  | 31/40 [00:06<00:01,  4.53it/s]
 80%|████████  | 32/40 [00:07<00:01,  4.43it/s]
 82%|████████▎ | 33/40 [00:07<00:01,  4.45it/s]
 85%|████████▌ | 34/40 [00:07<00:01,  4.49it/s]
 88%|████████▊ | 35/40 [00:07<00:01,  4.47it/s]
 90%|█████████ | 36/40 [00:07<00:00,  4.49it/s]
 92%|█████████▎| 37/40 [00:08<00:00,  4.49it/s]
 95%|█████████▌| 38/40 [00:08<00:00,  4.49it/s]
 98%|█████████▊| 39/40 [00:08<00:00,  4.50it/s]
100%|██████████| 40/40 [00:08<00:00,  4.51it/s]
100%|██████████| 40/40 [00:08<00:00,  4.51it/s]
   02-the-sprint-wave1-s2.png seed=20262721 9s  (3/4)

  0%|          | 0/40 [00:00<?, ?it/s]
  2%|▎         | 1/40 [00:00<00:07,  5.14it/s]
  5%|▌         | 2/40 [00:00<00:07,  4.98it/s]
  8%|▊         | 3/40 [00:00<00:07,  4.75it/s]
 10%|█         | 4/40 [00:00<00:07,  4.52it/s]
 12%|█▎        | 5/40 [00:01<00:07,  4.40it/s]
 15%|█▌        | 6/40 [00:01<00:07,  4.54it/s]
 18%|█▊        | 7/40 [00:01<00:07,  4.51it/s]
 20%|██        | 8/40 [00:01<00:07,  4.51it/s]
 22%|██▎       | 9/40 [00:01<00:06,  4.45it/s]
 25%|██▌       | 10/40 [00:02<00:06,  4.44it/s]
 28%|██▊       | 11/40 [00:02<00:06,  4.49it/s]
 30%|███       | 12/40 [00:02<00:06,  4.50it/s]
 32%|███▎      | 13/40 [00:02<00:05,  4.50it/s]
 35%|███▌      | 14/40 [00:03<00:05,  4.36it/s]
 38%|███▊      | 15/40 [00:03<00:05,  4.46it/s]
 40%|████      | 16/40 [00:03<00:05,  4.57it/s]
 42%|████▎     | 17/40 [00:03<00:05,  4.55it/s]
 45%|████▌     | 18/40 [00:03<00:04,  4.44it/s]
 48%|████▊     | 19/40 [00:04<00:04,  4.46it/s]
 50%|█████     | 20/40 [00:04<00:04,  4.47it/s]
 52%|█████▎    | 21/40 [00:04<00:04,  4.46it/s]
 55%|█████▌    | 22/40 [00:04<00:04,  4.43it/s]
 57%|█████▊    | 23/40 [00:05<00:03,  4.43it/s]
 60%|██████    | 24/40 [00:05<00:03,  4.54it/s]
 62%|██████▎   | 25/40 [00:05<00:03,  4.52it/s]
 65%|██████▌   | 26/40 [00:05<00:03,  4.51it/s]
 68%|██████▊   | 27/40 [00:06<00:02,  4.40it/s]
 70%|███████   | 28/40 [00:06<00:02,  4.45it/s]
 72%|███████▎  | 29/40 [00:06<00:02,  4.46it/s]
 75%|███████▌  | 30/40 [00:06<00:02,  4.47it/s]
 78%|███████▊  | 31/40 [00:06<00:02,  4.49it/s]
 80%|████████  | 32/40 [00:07<00:01,  4.49it/s]
 82%|████████▎ | 33/40 [00:07<00:01,  4.51it/s]
 85%|████████▌ | 34/40 [00:07<00:01,  4.51it/s]
 88%|████████▊ | 35/40 [00:07<00:01,  4.51it/s]
 90%|█████████ | 36/40 [00:08<00:00,  4.41it/s]
 92%|█████████▎| 37/40 [00:08<00:00,  4.44it/s]
 95%|█████████▌| 38/40 [00:08<00:00,  4.45it/s]
 98%|█████████▊| 39/40 [00:08<00:00,  4.47it/s]
100%|██████████| 40/40 [00:08<00:00,  4.49it/s]
100%|██████████| 40/40 [00:08<00:00,  4.49it/s]
   02-the-sprint-wave1-s3.png seed=20263721 9s  (4/4)

DONE 4 stills — ONE beat. The other fourteen wait on his verdict.
==== step sample END rc=0 2026-08-11T22:21:51Z ====

==== step publish START 2026-08-11T22:21:51Z ====
argv: ["C:\\banyan-farm\\venv\\Scripts\\python.exe", "-c", "import glob, hashlib, os, shutil\ndst = \"C:/banyan-farm/courier-box/farm-out/ep2-b02-idfix-r2\"\nos.makedirs(dst, exist_ok=True)\nsrc = sorted(glob.glob(\"C:/banyan-farm/wave-goblin-prep/out-b02-idfix-r2/02-the-sprint-wave1-s*.*\"))\nlines = []\nfor f in src:\n    shutil.copy2(f, dst)\n    # Hash the COPY, not the original: what this records has to be the bytes\n    # that get committed, or the manifest attests to the wrong file.\n    c = os.path.join(dst, os.path.basename(f))\n    with open(c, \"rb\") as fh:\n        h = hashlib.sha256(fh.read()).hexdigest()\n    lines.append(h + \"  \" + os.path.basename(f))\n    print(\"   \", os.path.basename(f), h[:16])\n# newline=\"\\n\" is load-bearing: Windows text mode rewrites \\n to \\r\\n and\n# every filename then carries a trailing \\r that shasum -c cannot open.\nwith open(os.path.join(dst, \"02-the-sprint-idfix-r2.sha256\"), \"w\", newline=\"\\n\") as fh:\n    fh.write(\"\\n\".join(lines) + \"\\n\")\nprint(\"published\", len(src), \"file(s) + manifest ->\", dst)\n# 4 stills + 4 sidecars. Fewer means the render wrote less than it promised.\nraise SystemExit(0 if len(src) == 8 else 1)\n"]
    02-the-sprint-wave1-s0.png 3e2263f506d8c8b1
    02-the-sprint-wave1-s0.yaml eeafd54b7d9ae8cf
    02-the-sprint-wave1-s1.png 9d38dce83d759231
    02-the-sprint-wave1-s1.yaml 106f189d3d924cac
    02-the-sprint-wave1-s2.png 92d1f2405d4a55d5
    02-the-sprint-wave1-s2.yaml 5e333fccf5f97b11
    02-the-sprint-wave1-s3.png b1d01dc9ad02b4f3
    02-the-sprint-wave1-s3.yaml e6f40ed2c2879f83
published 8 file(s) + manifest -> C:/banyan-farm/courier-box/farm-out/ep2-b02-idfix-r2
==== step publish END rc=0 2026-08-11T22:21:51Z ====
#### job ep2-b02-idfix-r2-0812-1786486851 finished rc=0 2026-08-11T22:21:51Z
