#### job ep2-b01-figgrow-fig-0811-1786449219 attempt 1 start 2026-08-11T12:00:33Z

==== step crop START 2026-08-11T12:00:46Z ====
argv: ["C:\\banyan-farm\\venv\\Scripts\\python.exe", "C:\\banyan-farm\\ep2-b01-figgrow-0811\\cover_crop.py", "--src", "C:\\banyan-farm\\fig-inpaint\\b01-fig-inpaint-s1.png", "--out", "C:\\banyan-farm\\ep2-b01-figgrow-0811\\b01-fig-704x1280.png", "--size", "704x1280"]
src 832x1216 sha 27dd6001a73bc21b801000c6459a125492a6d07078001f9864472751965fb1df
cover-crop scale=1.0526 -> 876x1280, centre box (86,0)
WROTE C:\banyan-farm\ep2-b01-figgrow-0811\b01-fig-704x1280.png
==== step crop END rc=0 2026-08-11T12:00:46Z ====

==== step encode START 2026-08-11T12:00:46Z ====
argv: ["C:\\banyan-video\\venv\\Scripts\\python.exe", "C:\\banyan-farm\\banyan-city\\pipeline\\ltx_i2v.py", "--stage", "encode", "--jobs", "C:\\banyan-farm\\ep2-b01-figgrow-0811\\b01-fig-jobs-encode.json"]
-- begin-encode: phys 11.6/68.1GB, commit 14.8/128.2GB (load 17%)
loading text encoder from C:\Users\artvn\.cache\huggingface\hub\models--Lightricks--gemma-3-12b-it-qat-q4_0-unquantized\snapshots\d62fe4f1995ade703b49a0f3c0d0f161237ef437

Loading weights:   0%|          | 0/1065 [00:00<?, ?it/s]
Loading weights:  33%|███▎      | 351/1065 [00:00<00:00, 3190.49it/s]
Loading weights:  65%|██████▌   | 695/1065 [00:00<00:00, 3138.11it/s]
Loading weights:  95%|█████████▍| 1009/1065 [00:00<00:00, 3008.60it/s]
Loading weights: 100%|██████████| 1065/1065 [00:00<00:00, 3218.01it/s]
-- encode-beat-01: phys 12.8/68.1GB, commit 41.6/128.2GB (load 18%)
[1/1] encoded beat 1 to C:\banyan-farm\ep2-b01-figgrow-0811\b01-fig-embeds.pt (1, 1024, 188160)
{"peak_commit_gb": 44.2, "peak_phys_gb": 38.7, "last_stage": "encode-beat-01"}
==== step encode END rc=0 2026-08-11T12:02:22Z ====

==== step render START 2026-08-11T12:02:22Z ====
argv: ["C:\\banyan-video\\venv\\Scripts\\python.exe", "C:\\banyan-farm\\banyan-city\\pipeline\\ltx_i2v.py", "--stage", "render", "--jobs", "C:\\banyan-farm\\ep2-b01-figgrow-0811\\b01-fig-jobs-render.json", "--size", "704x1280", "--frames", "233", "--fps", "24", "--guidance", "1.0", "--distilled-sigmas", "--two-stage", "--image-crf", "33", "--offload", "sequential", "--mode", "production", "--task", "ep2-b01-figgrow-fig-0811", "--worker", "rtx5090", "--bench-jsonl", "C:\\banyan-farm\\ep2-b01-figgrow-0811\\bench-b01-figgrow.jsonl", "--bench-label", "ep2-b01-figgrow-fig"]
recipe: offload=sequential quantisation=none (bf16)
-- begin-render: phys 11.4/68.1GB, commit 14.6/128.2GB (load 16%)
transformer  C:\Users\artvn\.cache\huggingface\hub\models--diffusers--LTX-2.3-Distilled-Diffusers\snapshots\432e0d3c2d1769aaa4d295f9243f7062bf6b47ee [subfolder=transformer, bf16]
scheduler    C:\Users\artvn\.cache\huggingface\hub\models--diffusers--LTX-2.3-Distilled-Diffusers\snapshots\432e0d3c2d1769aaa4d295f9243f7062bf6b47ee [subfolder=scheduler, distilled]
other parts  C:\Users\artvn\.cache\huggingface\hub\models--diffusers--LTX-2.3-Diffusers\snapshots\8eee8edcf067e838b843f926ec4d4cc9b2be1aaf
-- load-transformer-bf16-38GB: phys 12.1/68.1GB, commit 16.4/128.2GB (load 17%)

Loading checkpoint shards:   0%|          | 0/8 [00:00<?, ?it/s]
Loading checkpoint shards:  12%|█▎        | 1/8 [00:00<00:00,  9.41it/s]
Loading checkpoint shards:  25%|██▌       | 2/8 [00:00<00:00,  9.72it/s]
Loading checkpoint shards:  50%|█████     | 4/8 [00:00<00:00,  8.99it/s]
Loading checkpoint shards: 100%|██████████| 8/8 [00:00<00:00, 14.86it/s]
-- load-connectors-12.7GB-and-vae: phys 12.2/68.1GB, commit 54.7/128.2GB (load 17%)

Loading checkpoint shards:   0%|          | 0/2 [00:00<?, ?it/s]
Loading checkpoint shards: 100%|██████████| 2/2 [00:00<00:00, 67.19it/s]
-- offload-setup-sequential: phys 12.2/68.1GB, commit 64.3/128.2GB (load 17%)
C:\banyan-video\venv\Lib\site-packages\accelerate\utils\modeling.py:345: UserWarning: expandable_segments not supported on this platform (Triggered internally at C:\actions-runner\_work\pytorch\pytorch\pytorch\c10/cuda/CUDAAllocatorConfig.h:39.)
  new_value = old_value.to(device, non_blocking=non_blocking)
conditioning still round-tripped through libx264 crf=33 -> C:\banyan-farm\ep2-b01-figgrow-0811\cond-crf-01.png
-- stage1-denoise-352x640-8steps: phys 13.1/68.1GB, commit 64.7/128.2GB (load 19%)

  0%|          | 0/8 [00:00<?, ?it/s]
 12%|█▎        | 1/8 [01:05<07:41, 65.98s/it]
 25%|██▌       | 2/8 [01:19<03:29, 34.89s/it]
 38%|███▊      | 3/8 [01:29<01:58, 23.69s/it]
 50%|█████     | 4/8 [01:39<01:13, 18.32s/it]
 62%|██████▎   | 5/8 [01:50<00:46, 15.56s/it]
 75%|███████▌  | 6/8 [02:00<00:27, 13.74s/it]
 88%|████████▊ | 7/8 [02:10<00:12, 12.55s/it]
100%|██████████| 8/8 [02:20<00:00, 11.76s/it]
100%|██████████| 8/8 [02:20<00:00, 17.57s/it]
stage1 latents (1, 128, 30, 20, 11)
-- upsample-2x-latent: phys 56.0/68.1GB, commit 66.5/128.2GB (load 82%)
There are modules in LTX2LatentUpsamplerModel that should be kept in float32: []. Casting directly with `to()` can lead to inconsistent results; set `torch_dtype` in `from_pretrained()` instead to keep these modules in float32.
upsampled latents (1, 128, 30, 40, 22)
-- stage2-refine-704x1280-3steps: phys 56.2/68.1GB, commit 67.3/128.2GB (load 82%)

  0%|          | 0/3 [00:00<?, ?it/s]
 33%|███▎      | 1/3 [00:36<01:13, 36.75s/it]
 67%|██████▋   | 2/3 [01:17<00:38, 38.93s/it]
100%|██████████| 3/3 [01:55<00:00, 38.56s/it]
100%|██████████| 3/3 [01:55<00:00, 38.45s/it]
-- decode-and-export: phys 62.0/68.1GB, commit 70.6/128.2GB (load 91%)
[1/1] wrote C:\banyan-farm\ep2-b01-figgrow-0811\01-cold-open-LTX-figgrow-fig.mp4 in 296s (233 frames, 704x1280, 8@352x640+3@704x1280 steps, peak torch 11.3GB, device 2.7/26GB)
THROUGHPUT 0.0327 s(video)/s(wall) (1 x 9.708s of video in 296s)
bench row -> C:\banyan-farm\ep2-b01-figgrow-0811\bench-b01-figgrow.jsonl
{"sample_s": 296.5, "peak_gb": 11.3, "peak_commit_gb": 80.1, "frames": 233, "size": "704x1280", "steps": "8@352x640+3@704x1280", "batch": 1, "mode": "production", "throughput_s_per_s": 0.0327, "two_stage": true, "image_crf": 33, "offload": "sequential", "quantisation": null}
{"peak_commit_gb": 80.1, "peak_phys_gb": 64.1, "last_stage": "decode-and-export"}
==== step render END rc=0 2026-08-11T12:07:34Z ====
#### job ep2-b01-figgrow-fig-0811-1786449219 finished rc=0 2026-08-11T12:07:34Z
