Loading pipeline components...:  29%|██▊       | 2/7 [00:00<00:00,  7.65it/s]
Loading pipeline components...:  71%|███████▏  | 5/7 [00:00<00:00,  6.18it/s]
Loading pipeline components...: 100%|██████████| 7/7 [00:02<00:00,  2.25it/s]
Loading pipeline components...: 100%|██████████| 7/7 [00:02<00:00,  2.74it/s]
C:\banyan-farm\venv\Lib\site-packages\torch\nn\modules\module.py:1370: UserWarning: expandable_segments not supported on this platform (Triggered internally at C:\actions-runner\_work\pytorch\pytorch\pytorch\c10/cuda/CUDAAllocatorConfig.h:39.)
  return t.to(
MODEL_LOADED cuda/bfloat16 in 5s

  0%|          | 0/40 [00:00<?, ?it/s]
  2%|▎         | 1/40 [00:00<00:16,  2.43it/s]
  5%|▌         | 2/40 [00:00<00:11,  3.44it/s]
  8%|▊         | 3/40 [00:00<00:09,  3.97it/s]
 10%|█         | 4/40 [00:01<00:08,  4.08it/s]
 12%|█▎        | 5/40 [00:01<00:08,  4.21it/s]
 15%|█▌        | 6/40 [00:01<00:08,  4.23it/s]
 18%|█▊        | 7/40 [00:01<00:07,  4.40it/s]
 20%|██        | 8/40 [00:01<00:07,  4.55it/s]
 22%|██▎       | 9/40 [00:02<00:06,  4.44it/s]
 25%|██▌       | 10/40 [00:02<00:06,  4.46it/s]
 28%|██▊       | 11/40 [00:02<00:06,  4.46it/s]
 30%|███       | 12/40 [00:02<00:06,  4.57it/s]
 32%|███▎      | 13/40 [00:03<00:05,  4.54it/s]
 35%|███▌      | 14/40 [00:03<00:05,  4.46it/s]
 38%|███▊      | 15/40 [00:03<00:05,  4.48it/s]
 40%|████      | 16/40 [00:03<00:05,  4.54it/s]
 42%|████▎     | 17/40 [00:03<00:05,  4.58it/s]
 45%|████▌     | 18/40 [00:04<00:04,  4.55it/s]
 48%|████▊     | 19/40 [00:04<00:04,  4.54it/s]
 50%|█████     | 20/40 [00:04<00:04,  4.52it/s]
 52%|█████▎    | 21/40 [00:04<00:04,  4.62it/s]
 55%|█████▌    | 22/40 [00:05<00:03,  4.59it/s]
 57%|█████▊    | 23/40 [00:05<00:03,  4.48it/s]
 60%|██████    | 24/40 [00:05<00:03,  4.49it/s]
 62%|██████▎   | 25/40 [00:05<00:03,  4.59it/s]
 65%|██████▌   | 26/40 [00:05<00:03,  4.57it/s]
 68%|██████▊   | 27/40 [00:06<00:02,  4.54it/s]
 70%|███████   | 28/40 [00:06<00:02,  4.52it/s]
 72%|███████▎  | 29/40 [00:06<00:02,  4.54it/s]
 75%|███████▌  | 30/40 [00:06<00:02,  4.52it/s]
 78%|███████▊  | 31/40 [00:06<00:01,  4.61it/s]
 80%|████████  | 32/40 [00:07<00:01,  4.58it/s]
 82%|████████▎ | 33/40 [00:07<00:01,  4.56it/s]
 85%|████████▌ | 34/40 [00:07<00:01,  4.55it/s]
 88%|████████▊ | 35/40 [00:07<00:01,  4.53it/s]
 90%|█████████ | 36/40 [00:08<00:00,  4.50it/s]
 92%|█████████▎| 37/40 [00:08<00:00,  4.54it/s]
 95%|█████████▌| 38/40 [00:08<00:00,  4.53it/s]
 98%|█████████▊| 39/40 [00:08<00:00,  4.53it/s]
100%|██████████| 40/40 [00:08<00:00,  4.52it/s]
100%|██████████| 40/40 [00:08<00:00,  4.45it/s]
   03-bad-cover-wave1-s0.png seed=20260722 10s  (1/4)

  0%|          | 0/40 [00:00<?, ?it/s]
  2%|▎         | 1/40 [00:00<00:07,  4.92it/s]
  5%|▌         | 2/40 [00:00<00:07,  4.97it/s]
  8%|▊         | 3/40 [00:00<00:07,  4.92it/s]
 10%|█         | 4/40 [00:00<00:07,  4.62it/s]
 12%|█▎        | 5/40 [00:01<00:08,  4.36it/s]
 15%|█▌        | 6/40 [00:01<00:07,  4.52it/s]
 18%|█▊        | 7/40 [00:01<00:07,  4.63it/s]
 20%|██        | 8/40 [00:01<00:06,  4.59it/s]
 22%|██▎       | 9/40 [00:01<00:07,  4.42it/s]
 25%|██▌       | 10/40 [00:02<00:06,  4.49it/s]
 28%|██▊       | 11/40 [00:02<00:06,  4.50it/s]
 30%|███       | 12/40 [00:02<00:06,  4.60it/s]
 32%|███▎      | 13/40 [00:02<00:05,  4.58it/s]
 35%|███▌      | 14/40 [00:03<00:05,  4.46it/s]
 38%|███▊      | 15/40 [00:03<00:05,  4.48it/s]
 40%|████      | 16/40 [00:03<00:05,  4.59it/s]
 42%|████▎     | 17/40 [00:03<00:05,  4.56it/s]
 45%|████▌     | 18/40 [00:03<00:04,  4.46it/s]
 48%|████▊     | 19/40 [00:04<00:04,  4.47it/s]
 50%|█████     | 20/40 [00:04<00:04,  4.57it/s]
 52%|█████▎    | 21/40 [00:04<00:04,  4.55it/s]
 55%|█████▌    | 22/40 [00:04<00:03,  4.53it/s]
 57%|█████▊    | 23/40 [00:05<00:03,  4.43it/s]
 60%|██████    | 24/40 [00:05<00:03,  4.55it/s]
 62%|██████▎   | 25/40 [00:05<00:03,  4.54it/s]
 65%|██████▌   | 26/40 [00:05<00:03,  4.52it/s]
 68%|██████▊   | 27/40 [00:05<00:02,  4.52it/s]
 70%|███████   | 28/40 [00:06<00:02,  4.52it/s]
 72%|███████▎  | 29/40 [00:06<00:02,  4.48it/s]
 75%|███████▌  | 30/40 [00:06<00:02,  4.52it/s]
 78%|███████▊  | 31/40 [00:06<00:01,  4.51it/s]
 80%|████████  | 32/40 [00:07<00:01,  4.50it/s]
 82%|████████▎ | 33/40 [00:07<00:01,  4.51it/s]
 85%|████████▌ | 34/40 [00:07<00:01,  4.60it/s]
 88%|████████▊ | 35/40 [00:07<00:01,  4.58it/s]
 90%|█████████ | 36/40 [00:07<00:00,  4.46it/s]
 92%|█████████▎| 37/40 [00:08<00:00,  4.47it/s]
 95%|█████████▌| 38/40 [00:08<00:00,  4.54it/s]
 98%|█████████▊| 39/40 [00:08<00:00,  4.57it/s]
100%|██████████| 40/40 [00:08<00:00,  4.55it/s]
100%|██████████| 40/40 [00:08<00:00,  4.54it/s]
   03-bad-cover-wave1-s1.png seed=20261722 9s  (2/4)

  0%|          | 0/40 [00:00<?, ?it/s]
  2%|▎         | 1/40 [00:00<00:07,  5.19it/s]
  5%|▌         | 2/40 [00:00<00:07,  4.99it/s]
  8%|▊         | 3/40 [00:00<00:07,  4.76it/s]
 10%|█         | 4/40 [00:00<00:07,  4.66it/s]
 12%|█▎        | 5/40 [00:01<00:08,  4.37it/s]
 15%|█▌        | 6/40 [00:01<00:07,  4.53it/s]
 18%|█▊        | 7/40 [00:01<00:07,  4.63it/s]
 20%|██        | 8/40 [00:01<00:07,  4.53it/s]
 22%|██▎       | 9/40 [00:01<00:06,  4.48it/s]
 25%|██▌       | 10/40 [00:02<00:06,  4.41it/s]
 28%|██▊       | 11/40 [00:02<00:06,  4.52it/s]
 30%|███       | 12/40 [00:02<00:06,  4.62it/s]
 32%|███▎      | 13/40 [00:02<00:06,  4.49it/s]
 35%|███▌      | 14/40 [00:03<00:05,  4.41it/s]
 38%|███▊      | 15/40 [00:03<00:05,  4.53it/s]
 40%|████      | 16/40 [00:03<00:05,  4.53it/s]
 42%|████▎     | 17/40 [00:03<00:05,  4.52it/s]
 45%|████▌     | 18/40 [00:03<00:04,  4.44it/s]
 48%|████▊     | 19/40 [00:04<00:04,  4.45it/s]
 50%|█████     | 20/40 [00:04<00:04,  4.57it/s]
 52%|█████▎    | 21/40 [00:04<00:04,  4.55it/s]
 55%|█████▌    | 22/40 [00:04<00:04,  4.47it/s]
 57%|█████▊    | 23/40 [00:05<00:03,  4.47it/s]
 60%|██████    | 24/40 [00:05<00:03,  4.47it/s]
 62%|██████▎   | 25/40 [00:05<00:03,  4.58it/s]
 65%|██████▌   | 26/40 [00:05<00:03,  4.55it/s]
 68%|██████▊   | 27/40 [00:05<00:02,  4.53it/s]
 70%|███████   | 28/40 [00:06<00:02,  4.51it/s]
 72%|███████▎  | 29/40 [00:06<00:02,  4.51it/s]
 75%|███████▌  | 30/40 [00:06<00:02,  4.52it/s]
 78%|███████▊  | 31/40 [00:06<00:01,  4.51it/s]
 80%|████████  | 32/40 [00:07<00:01,  4.51it/s]
 82%|████████▎ | 33/40 [00:07<00:01,  4.51it/s]
 85%|████████▌ | 34/40 [00:07<00:01,  4.51it/s]
 88%|████████▊ | 35/40 [00:07<00:01,  4.51it/s]
 90%|█████████ | 36/40 [00:07<00:00,  4.52it/s]
 92%|█████████▎| 37/40 [00:08<00:00,  4.43it/s]
 95%|█████████▌| 38/40 [00:08<00:00,  4.48it/s]
 98%|█████████▊| 39/40 [00:08<00:00,  4.57it/s]
100%|██████████| 40/40 [00:08<00:00,  4.45it/s]
100%|██████████| 40/40 [00:08<00:00,  4.52it/s]
   03-bad-cover-wave1-s2.png seed=20262722 9s  (3/4)

  0%|          | 0/40 [00:00<?, ?it/s]
  2%|▎         | 1/40 [00:00<00:07,  4.90it/s]
  5%|▌         | 2/40 [00:00<00:07,  4.87it/s]
  8%|▊         | 3/40 [00:00<00:07,  4.86it/s]
 10%|█         | 4/40 [00:00<00:07,  4.57it/s]
 12%|█▎        | 5/40 [00:01<00:07,  4.44it/s]
 15%|█▌        | 6/40 [00:01<00:07,  4.57it/s]
 18%|█▊        | 7/40 [00:01<00:07,  4.55it/s]
 20%|██        | 8/40 [00:01<00:07,  4.54it/s]
 22%|██▎       | 9/40 [00:01<00:06,  4.43it/s]
 25%|██▌       | 10/40 [00:02<00:06,  4.46it/s]
 28%|██▊       | 11/40 [00:02<00:06,  4.57it/s]
 30%|███       | 12/40 [00:02<00:06,  4.56it/s]
 32%|███▎      | 13/40 [00:02<00:06,  4.45it/s]
 35%|███▌      | 14/40 [00:03<00:05,  4.47it/s]
 38%|███▊      | 15/40 [00:03<00:05,  4.48it/s]
 40%|████      | 16/40 [00:03<00:05,  4.59it/s]
 42%|████▎     | 17/40 [00:03<00:05,  4.56it/s]
 45%|████▌     | 18/40 [00:03<00:04,  4.45it/s]
 48%|████▊     | 19/40 [00:04<00:04,  4.46it/s]
 50%|█████     | 20/40 [00:04<00:04,  4.47it/s]
 52%|█████▎    | 21/40 [00:04<00:04,  4.58it/s]
 55%|█████▌    | 22/40 [00:04<00:04,  4.46it/s]
 57%|█████▊    | 23/40 [00:05<00:03,  4.48it/s]
 60%|██████    | 24/40 [00:05<00:03,  4.49it/s]
 62%|██████▎   | 25/40 [00:05<00:03,  4.46it/s]
 65%|██████▌   | 26/40 [00:05<00:03,  4.47it/s]
 68%|██████▊   | 27/40 [00:05<00:02,  4.53it/s]
 70%|███████   | 28/40 [00:06<00:02,  4.43it/s]
 72%|███████▎  | 29/40 [00:06<00:02,  4.55it/s]
 75%|███████▌  | 30/40 [00:06<00:02,  4.54it/s]
 78%|███████▊  | 31/40 [00:06<00:01,  4.53it/s]
 80%|████████  | 32/40 [00:07<00:01,  4.42it/s]
 82%|████████▎ | 33/40 [00:07<00:01,  4.54it/s]
 85%|████████▌ | 34/40 [00:07<00:01,  4.52it/s]
 88%|████████▊ | 35/40 [00:07<00:01,  4.52it/s]
 90%|█████████ | 36/40 [00:07<00:00,  4.42it/s]
 92%|█████████▎| 37/40 [00:08<00:00,  4.45it/s]
 95%|█████████▌| 38/40 [00:08<00:00,  4.57it/s]
 98%|█████████▊| 39/40 [00:08<00:00,  4.55it/s]
100%|██████████| 40/40 [00:08<00:00,  4.45it/s]
100%|██████████| 40/40 [00:08<00:00,  4.51it/s]
   03-bad-cover-wave1-s3.png seed=20263722 9s  (4/4)

DONE 4 stills — ONE beat. The other fourteen wait on his verdict.
==== step sample END rc=0 2026-08-11T17:24:16Z ====

==== step publish START 2026-08-11T17:24:16Z ====
argv: ["C:\\banyan-farm\\venv\\Scripts\\python.exe", "-c", "import glob, hashlib, os, shutil\ndst = \"C:/banyan-farm/courier-box/farm-out/ep2-b03-field-solo\"\nos.makedirs(dst, exist_ok=True)\nsrc = sorted(glob.glob(\"C:/banyan-farm/wave-goblin-prep/out-b03-field/03-bad-cover-wave1-s*.*\"))\nlines = []\nfor f in src:\n    shutil.copy2(f, dst)\n    # Hash the COPY, not the original: what this records has to be the bytes\n    # that get committed, or the manifest attests to the wrong file.\n    c = os.path.join(dst, os.path.basename(f))\n    with open(c, \"rb\") as fh:\n        h = hashlib.sha256(fh.read()).hexdigest()\n    lines.append(h + \"  \" + os.path.basename(f))\n    print(\"   \", os.path.basename(f), h[:16])\n# newline=\"\\n\" is load-bearing: Windows text mode rewrites \\n to \\r\\n and\n# every filename then carries a trailing \\r that shasum -c cannot open.\nwith open(os.path.join(dst, \"03-bad-cover-occlbright.sha256\"), \"w\", newline=\"\\n\") as fh:\n    fh.write(\"\\n\".join(lines) + \"\\n\")\nprint(\"published\", len(src), \"file(s) + manifest ->\", dst)\n# 4 stills + 4 sidecars. Fewer means the render wrote less than it promised.\nraise SystemExit(0 if len(src) == 8 else 1)\n"]
    03-bad-cover-wave1-s0.png ee5fdde1010c0611
    03-bad-cover-wave1-s0.yaml d0733b2fb7a80dcc
    03-bad-cover-wave1-s1.png f4f711ea3b52ba18
    03-bad-cover-wave1-s1.yaml 7fa523c4e5b103cb
    03-bad-cover-wave1-s2.png bbc76ab1156b8410
    03-bad-cover-wave1-s2.yaml 10834266694d963d
    03-bad-cover-wave1-s3.png 99f32a1051ec09fa
    03-bad-cover-wave1-s3.yaml 956d4c1509b631fd
published 8 file(s) + manifest -> C:/banyan-farm/courier-box/farm-out/ep2-b03-field-solo
==== step publish END rc=0 2026-08-11T17:24:16Z ====
#### job ep2-b03-field-solo-0811-1786468995 finished rc=0 2026-08-11T17:24:16Z
