#### job ep2-b01-nocrf-0813-1786644391 attempt 1 start 2026-08-13T18:06:39Z

==== step crop START 2026-08-13T18:06:43Z ====
argv: ["C:\\banyan-farm\\venv\\Scripts\\python.exe", "C:\\banyan-farm\\ep2-b01-nocrf-0813\\cover_crop.py", "--src", "C:\\banyan-farm\\out-b01-final055r3\\b01-final055-i55-s0.png", "--sha256", "61f311b8b971002b39043d73e4a9d319655b00db7e866a636a9e09c4c0fe9a90", "--out", "C:\\banyan-farm\\ep2-b01-nocrf-0813\\b01-fig-704x1280.png", "--size", "704x1280"]
src 832x1216 sha 61f311b8b971002b39043d73e4a9d319655b00db7e866a636a9e09c4c0fe9a90
cover-crop scale=1.0526 -> 876x1280, centre box (86,0)
WROTE C:\banyan-farm\ep2-b01-nocrf-0813\b01-fig-704x1280.png
==== step crop END rc=0 2026-08-13T18:06:43Z ====

==== step encode START 2026-08-13T18:06:43Z ====
argv: ["C:\\banyan-video\\venv\\Scripts\\python.exe", "C:\\banyan-farm\\banyan-city\\pipeline\\ltx_i2v.py", "--stage", "encode", "--jobs", "C:\\banyan-farm\\ep2-b01-nocrf-0813\\b01-fig-jobs-encode.json"]
-- begin-encode: phys 9.9/68.1GB, commit 11.8/115.3GB (load 14%)
loading text encoder from C:\Users\artvn\.cache\huggingface\hub\models--Lightricks--gemma-3-12b-it-qat-q4_0-unquantized\snapshots\d62fe4f1995ade703b49a0f3c0d0f161237ef437

Loading weights:   0%|          | 0/1065 [00:00<?, ?it/s]
Loading weights:  28%|██▊       | 295/1065 [00:00<00:00, 2679.85it/s]
Loading weights:  56%|█████▌    | 594/1065 [00:00<00:00, 2698.62it/s]
Loading weights:  88%|████████▊ | 940/1065 [00:00<00:00, 2904.53it/s]
Loading weights: 100%|██████████| 1065/1065 [00:00<00:00, 2942.71it/s]
-- encode-beat-01: phys 11.1/68.1GB, commit 38.6/115.3GB (load 16%)
[1/1] encoded beat 1 to C:\banyan-farm\ep2-b01-nocrf-0813\b01-fig-embeds.pt (1, 1024, 188160)
{"peak_commit_gb": 41.5, "peak_phys_gb": 37.1, "last_stage": "encode-beat-01"}
==== step encode END rc=0 2026-08-13T18:08:19Z ====

==== step render START 2026-08-13T18:08:19Z ====
argv: ["C:\\banyan-video\\venv\\Scripts\\python.exe", "C:\\banyan-farm\\banyan-city\\pipeline\\ltx_i2v.py", "--stage", "render", "--jobs", "C:\\banyan-farm\\ep2-b01-nocrf-0813\\b01-fig-jobs-render.json", "--size", "704x1280", "--frames", "233", "--fps", "24", "--guidance", "2.0", "--distilled-sigmas", "--two-stage", "--offload", "sequential", "--mode", "production", "--task", "ep2-b01-nocrf-0813", "--worker", "rtx5090", "--bench-jsonl", "C:\\banyan-farm\\ep2-b01-nocrf-0813\\bench-b01-nocrf.jsonl", "--bench-label", "ep2-b01-nocrf-0813"]
recipe: offload=sequential quantisation=none (bf16)
-- begin-render: phys 9.9/68.1GB, commit 11.8/115.3GB (load 14%)
transformer  C:\Users\artvn\.cache\huggingface\hub\models--diffusers--LTX-2.3-Distilled-Diffusers\snapshots\432e0d3c2d1769aaa4d295f9243f7062bf6b47ee [subfolder=transformer, bf16]
scheduler    C:\Users\artvn\.cache\huggingface\hub\models--diffusers--LTX-2.3-Distilled-Diffusers\snapshots\432e0d3c2d1769aaa4d295f9243f7062bf6b47ee [subfolder=scheduler, distilled]
other parts  C:\Users\artvn\.cache\huggingface\hub\models--diffusers--LTX-2.3-Diffusers\snapshots\8eee8edcf067e838b843f926ec4d4cc9b2be1aaf
-- load-transformer-bf16-38GB: phys 10.7/68.1GB, commit 13.6/115.3GB (load 15%)

Loading checkpoint shards:   0%|          | 0/8 [00:00<?, ?it/s]
Loading checkpoint shards:  12%|█▎        | 1/8 [00:00<00:00,  9.58it/s]
Loading checkpoint shards:  25%|██▌       | 2/8 [00:00<00:00,  9.62it/s]
Loading checkpoint shards:  38%|███▊      | 3/8 [00:00<00:00,  9.69it/s]
Loading checkpoint shards:  50%|█████     | 4/8 [00:00<00:00,  7.13it/s]
Loading checkpoint shards:  75%|███████▌  | 6/8 [00:00<00:00, 10.05it/s]
Loading checkpoint shards: 100%|██████████| 8/8 [00:00<00:00, 11.54it/s]
-- load-connectors-12.7GB-and-vae: phys 10.7/68.1GB, commit 52.0/115.3GB (load 15%)

Loading checkpoint shards:   0%|          | 0/2 [00:00<?, ?it/s]
Loading checkpoint shards: 100%|██████████| 2/2 [00:00<00:00, 258.13it/s]
-- offload-setup-sequential: phys 10.7/68.1GB, commit 61.6/115.3GB (load 15%)
C:\banyan-video\venv\Lib\site-packages\accelerate\utils\modeling.py:345: UserWarning: expandable_segments not supported on this platform (Triggered internally at C:\actions-runner\_work\pytorch\pytorch\pytorch\c10/cuda/CUDAAllocatorConfig.h:39.)
  new_value = old_value.to(device, non_blocking=non_blocking)
-- stage1-denoise-352x640-8steps: phys 11.6/68.1GB, commit 61.9/115.3GB (load 17%)

  0%|          | 0/8 [00:00<?, ?it/s]
 12%|█▎        | 1/8 [01:14<08:40, 74.39s/it]
 25%|██▌       | 2/8 [01:33<04:12, 42.00s/it]
 38%|███▊      | 3/8 [01:50<02:31, 30.34s/it]
 50%|█████     | 4/8 [02:05<01:37, 24.45s/it]
 62%|██████▎   | 5/8 [02:20<01:03, 21.04s/it]
 75%|███████▌  | 6/8 [02:35<00:38, 19.09s/it]
 88%|████████▊ | 7/8 [02:52<00:18, 18.13s/it]
100%|██████████| 8/8 [03:08<00:00, 17.76s/it]
100%|██████████| 8/8 [03:08<00:00, 23.62s/it]
stage1 latents (1, 128, 30, 20, 11)
-- upsample-2x-latent: phys 54.2/68.1GB, commit 65.8/115.3GB (load 79%)
There are modules in LTX2LatentUpsamplerModel that should be kept in float32: []. Casting directly with `to()` can lead to inconsistent results; set `torch_dtype` in `from_pretrained()` instead to keep these modules in float32.
upsampled latents (1, 128, 30, 40, 22)
-- stage2-refine-704x1280-3steps: phys 57.2/68.1GB, commit 68.5/115.3GB (load 84%)

  0%|          | 0/3 [00:00<?, ?it/s]
 33%|███▎      | 1/3 [01:12<02:25, 72.55s/it]
 67%|██████▋   | 2/3 [02:22<01:10, 70.87s/it]
100%|██████████| 3/3 [03:38<00:00, 73.30s/it]
100%|██████████| 3/3 [03:38<00:00, 72.81s/it]
-- decode-and-export: phys 57.2/68.1GB, commit 72.4/115.3GB (load 83%)
[1/1] wrote C:\banyan-farm\ep2-b01-nocrf-0813\01-cold-open-LTX-nocrf-0813.mp4 in 439s (233 frames, 704x1280, 8@352x640+3@704x1280 steps, peak torch 21.5GB, device 2.9/26GB)
THROUGHPUT 0.0221 s(video)/s(wall) (1 x 9.708s of video in 439s)
bench row -> C:\banyan-farm\ep2-b01-nocrf-0813\bench-b01-nocrf.jsonl
{"sample_s": 439.4, "peak_gb": 21.5, "peak_commit_gb": 91.2, "frames": 233, "size": "704x1280", "steps": "8@352x640+3@704x1280", "batch": 1, "mode": "production", "throughput_s_per_s": 0.0221, "two_stage": true, "image_crf": 0, "offload": "sequential", "quantisation": null}
{"peak_commit_gb": 91.2, "peak_phys_gb": 61.5, "last_stage": "decode-and-export"}
==== step render END rc=0 2026-08-13T18:15:54Z ====

==== step publish START 2026-08-13T18:15:54Z ====
argv: ["C:\\banyan-farm\\venv\\Scripts\\python.exe", "-c", "import glob, hashlib, os, shutil\ndst = \"C:/banyan-farm/courier-box/farm-out/ep2-b01-nocrf\"\nos.makedirs(dst, exist_ok=True)\nsrc = sorted(glob.glob(\"C:/banyan-farm/ep2-b01-nocrf-0813/01-cold-open-LTX-nocrf-0813.mp4*\")\n             + glob.glob(\"C:/banyan-farm/ep2-b01-nocrf-0813/b01-fig-704x1280.png\"))\nlines = []\nfor f in src:\n    shutil.copy2(f, dst)\n    c = os.path.join(dst, os.path.basename(f))\n    with open(c, \"rb\") as fh:\n        h = hashlib.sha256(fh.read()).hexdigest()\n    lines.append(h + \"  \" + os.path.basename(f))\nwith open(os.path.join(dst, \"ep2-b01-nocrf-0813.sha256\"), \"w\", newline=\"\\n\") as fh:\n    fh.write(\"\\n\".join(lines) + \"\\n\")\nprint(\"published\", len(src), \"file(s) + manifest ->\", dst)\nraise SystemExit(0 if len(src) >= 2 else 1)\n"]
published 3 file(s) + manifest -> C:/banyan-farm/courier-box/farm-out/ep2-b01-nocrf
==== step publish END rc=0 2026-08-13T18:15:54Z ====
#### job ep2-b01-nocrf-0813-1786644391 finished rc=0 2026-08-13T18:15:54Z
