#### job ep2-b03-waveB-0814-1786707180 attempt 1 start 2026-08-14T11:59:17Z

==== step crop START 2026-08-14T11:59:21Z ====
argv: ["C:\\banyan-farm\\venv\\Scripts\\python.exe", "C:\\banyan-farm\\ep2-b03-waveB-0814\\cover_crop.py", "--src", "C:\\banyan-farm\\courier-box\\farm-out\\ep2-b03-plate-0814\\03-bad-cover-ipa-r0-w015-s0.png", "--sha256", "0b0459aeb31378b9e529495e6761cf21016f38421344a590bb377787cffeece7", "--out", "C:\\banyan-farm\\ep2-b03-waveB-0814\\b13-init-704x1280.png", "--size", "704x1280"]
src 832x1216 sha 0b0459aeb31378b9e529495e6761cf21016f38421344a590bb377787cffeece7
cover-crop scale=1.0526 -> 876x1280, centre box (86,0)
WROTE C:\banyan-farm\ep2-b03-waveB-0814\b13-init-704x1280.png
==== step crop END rc=0 2026-08-14T11:59:21Z ====

==== step encode START 2026-08-14T11:59:21Z ====
argv: ["C:\\banyan-video\\venv\\Scripts\\python.exe", "C:\\banyan-farm\\banyan-city\\pipeline\\ltx_i2v.py", "--stage", "encode", "--jobs", "C:\\banyan-farm\\ep2-b03-waveB-0814\\b13-jobs-encode.json"]
-- begin-encode: phys 9.9/68.1GB, commit 11.8/115.3GB (load 14%)
loading text encoder from C:\Users\artvn\.cache\huggingface\hub\models--Lightricks--gemma-3-12b-it-qat-q4_0-unquantized\snapshots\d62fe4f1995ade703b49a0f3c0d0f161237ef437

Loading weights:   0%|          | 0/1065 [00:00<?, ?it/s]
Loading weights:  31%|███▏      | 335/1065 [00:00<00:00, 3041.39it/s]
Loading weights:  60%|██████    | 640/1065 [00:00<00:00, 2874.48it/s]
Loading weights:  90%|████████▉ | 958/1065 [00:00<00:00, 2880.04it/s]
Loading weights: 100%|██████████| 1065/1065 [00:00<00:00, 3073.07it/s]
-- encode-beat-03: phys 11.1/68.1GB, commit 38.6/115.3GB (load 16%)
[1/1] encoded beat 3 to C:\banyan-farm\ep2-b03-waveB-0814\b13-embeds.pt (1, 1024, 188160)
{"peak_commit_gb": 40.8, "peak_phys_gb": 36.5, "last_stage": "encode-beat-03"}
==== step encode END rc=0 2026-08-14T12:00:54Z ====

==== step render START 2026-08-14T12:00:54Z ====
argv: ["C:\\banyan-video\\venv\\Scripts\\python.exe", "C:\\banyan-farm\\banyan-city\\pipeline\\ltx_i2v.py", "--stage", "render", "--jobs", "C:\\banyan-farm\\ep2-b03-waveB-0814\\b13-jobs-render.json", "--size", "704x1280", "--frames", "97", "--fps", "24", "--guidance", "2.0", "--distilled-sigmas", "--two-stage", "--image-crf", "33", "--offload", "sequential", "--mode", "production", "--task", "ep2-b03-waveB-0814", "--worker", "rtx5090", "--bench-jsonl", "C:\\banyan-farm\\ep2-b03-waveB-0814\\bench-b13-remake.jsonl", "--bench-label", "ep2-b03-waveB-0814"]
recipe: offload=sequential quantisation=none (bf16)
-- begin-render: phys 9.9/68.1GB, commit 11.9/115.3GB (load 14%)
transformer  C:\Users\artvn\.cache\huggingface\hub\models--diffusers--LTX-2.3-Distilled-Diffusers\snapshots\432e0d3c2d1769aaa4d295f9243f7062bf6b47ee [subfolder=transformer, bf16]
scheduler    C:\Users\artvn\.cache\huggingface\hub\models--diffusers--LTX-2.3-Distilled-Diffusers\snapshots\432e0d3c2d1769aaa4d295f9243f7062bf6b47ee [subfolder=scheduler, distilled]
other parts  C:\Users\artvn\.cache\huggingface\hub\models--diffusers--LTX-2.3-Diffusers\snapshots\8eee8edcf067e838b843f926ec4d4cc9b2be1aaf
-- load-transformer-bf16-38GB: phys 10.6/68.1GB, commit 13.7/115.3GB (load 15%)

Loading checkpoint shards:   0%|          | 0/8 [00:00<?, ?it/s]
Loading checkpoint shards:  12%|█▎        | 1/8 [00:00<00:00,  9.35it/s]
Loading checkpoint shards:  25%|██▌       | 2/8 [00:00<00:00,  9.50it/s]
Loading checkpoint shards:  50%|█████     | 4/8 [00:00<00:00,  8.43it/s]
Loading checkpoint shards: 100%|██████████| 8/8 [00:00<00:00, 16.61it/s]
Loading checkpoint shards: 100%|██████████| 8/8 [00:00<00:00, 13.92it/s]
-- load-connectors-12.7GB-and-vae: phys 10.7/68.1GB, commit 52.0/115.3GB (load 15%)

Loading checkpoint shards:   0%|          | 0/2 [00:00<?, ?it/s]
Loading checkpoint shards: 100%|██████████| 2/2 [00:00<00:00, 205.14it/s]
-- offload-setup-sequential: phys 10.7/68.1GB, commit 61.6/115.3GB (load 15%)
C:\banyan-video\venv\Lib\site-packages\accelerate\utils\modeling.py:345: UserWarning: expandable_segments not supported on this platform (Triggered internally at C:\actions-runner\_work\pytorch\pytorch\pytorch\c10/cuda/CUDAAllocatorConfig.h:39.)
  new_value = old_value.to(device, non_blocking=non_blocking)
conditioning still round-tripped through libx264 crf=33 -> C:\banyan-farm\ep2-b03-waveB-0814\cond-crf-03.png
-- stage1-denoise-352x640-8steps: phys 11.6/68.1GB, commit 62.0/115.3GB (load 17%)

  0%|          | 0/8 [00:00<?, ?it/s]
 12%|█▎        | 1/8 [01:11<08:20, 71.48s/it]
 25%|██▌       | 2/8 [01:25<03:44, 37.44s/it]
 38%|███▊      | 3/8 [01:33<02:01, 24.36s/it]
 50%|█████     | 4/8 [01:43<01:13, 18.39s/it]
 62%|██████▎   | 5/8 [01:53<00:46, 15.41s/it]
 75%|███████▌  | 6/8 [02:01<00:26, 13.13s/it]
 88%|████████▊ | 7/8 [02:10<00:11, 11.65s/it]
100%|██████████| 8/8 [02:19<00:00, 10.72s/it]
100%|██████████| 8/8 [02:19<00:00, 17.41s/it]
stage1 latents (1, 128, 13, 20, 11)
-- upsample-2x-latent: phys 54.4/68.1GB, commit 64.5/115.3GB (load 79%)
There are modules in LTX2LatentUpsamplerModel that should be kept in float32: []. Casting directly with `to()` can lead to inconsistent results; set `torch_dtype` in `from_pretrained()` instead to keep these modules in float32.
upsampled latents (1, 128, 13, 40, 22)
-- stage2-refine-704x1280-3steps: phys 57.4/68.1GB, commit 67.6/115.3GB (load 84%)

  0%|          | 0/3 [00:00<?, ?it/s]
 33%|███▎      | 1/3 [00:24<00:49, 24.86s/it]
 67%|██████▋   | 2/3 [00:52<00:26, 26.26s/it]
100%|██████████| 3/3 [01:19<00:00, 26.70s/it]
100%|██████████| 3/3 [01:19<00:00, 26.44s/it]
-- decode-and-export: phys 63.4/68.1GB, commit 70.7/115.3GB (load 93%)
[1/1] wrote C:\banyan-farm\ep2-b03-waveB-0814\13-remake-LTX-0813.mp4 in 241s (97 frames, 704x1280, 8@352x640+3@704x1280 steps, peak torch 9.9GB, device 2.6/26GB)
THROUGHPUT 0.0168 s(video)/s(wall) (1 x 4.042s of video in 241s)
bench row -> C:\banyan-farm\ep2-b03-waveB-0814\bench-b13-remake.jsonl
{"sample_s": 240.6, "peak_gb": 9.9, "peak_commit_gb": 78.6, "frames": 97, "size": "704x1280", "steps": "8@352x640+3@704x1280", "batch": 1, "mode": "production", "throughput_s_per_s": 0.0168, "two_stage": true, "image_crf": 33, "offload": "sequential", "quantisation": null}
{"peak_commit_gb": 78.6, "peak_phys_gb": 63.6, "last_stage": "decode-and-export"}
==== step render END rc=0 2026-08-14T12:05:11Z ====

==== step publish START 2026-08-14T12:05:11Z ====
argv: ["C:\\banyan-farm\\venv\\Scripts\\python.exe", "-c", "import glob, hashlib, os, shutil\ndst = \"C:/banyan-farm/courier-box/farm-out/ep2-b03-waveB\"\nos.makedirs(dst, exist_ok=True)\nsrc = sorted(glob.glob(\"C:/banyan-farm/ep2-b03-waveB-0814/13-remake-LTX-0813.mp4*\")\n             + glob.glob(\"C:/banyan-farm/ep2-b03-waveB-0814/b13-init-704x1280.png\")\n             + glob.glob(\"C:/banyan-farm/ep2-b03-waveB-0814/bench-b13-remake.jsonl\"))\nlines = []\nfor f in src:\n    shutil.copy2(f, dst)\n    c = os.path.join(dst, os.path.basename(f))\n    with open(c, \"rb\") as fh:\n        h = hashlib.sha256(fh.read()).hexdigest()\n    lines.append(h + \"  \" + os.path.basename(f))\nwith open(os.path.join(dst, \"ep2-b03-waveB-0814.sha256\"), \"w\", newline=\"\\n\") as fh:\n    fh.write(\"\\n\".join(lines) + \"\\n\")\nprint(\"published\", len(src), \"file(s) + manifest ->\", dst)\nraise SystemExit(0 if len(src) >= 2 else 1)\n"]
published 4 file(s) + manifest -> C:/banyan-farm/courier-box/farm-out/ep2-b03-waveB
==== step publish END rc=0 2026-08-14T12:05:11Z ====
#### job ep2-b03-waveB-0814-1786707180 finished rc=0 2026-08-14T12:05:11Z
