#### job ep2-b02-nw-0815-1786744305 attempt 1 start 2026-08-14T21:51:54Z

==== step crop START 2026-08-14T21:51:57Z ====
argv: ["C:\\banyan-farm\\venv\\Scripts\\python.exe", "C:\\banyan-farm\\ep2-b02-nw-0815\\cover_crop.py", "--src", "C:\\banyan-farm\\courier-box\\farm-out\\ep2-b02-plate-0814\\02-the-sprint-ipa-r0-w015-s0.png", "--sha256", "8519ed910d70da5c9c66cf38a9d27cd4b7a62ae9d537b5ca4c1adbcff7c4e942", "--out", "C:\\banyan-farm\\ep2-b02-nw-0815\\b02-init-704x1280.png", "--size", "704x1280"]
src 832x1216 sha 8519ed910d70da5c9c66cf38a9d27cd4b7a62ae9d537b5ca4c1adbcff7c4e942
cover-crop scale=1.0526 -> 876x1280, centre box (86,0)
WROTE C:\banyan-farm\ep2-b02-nw-0815\b02-init-704x1280.png
==== step crop END rc=0 2026-08-14T21:51:57Z ====

==== step encode START 2026-08-14T21:51:57Z ====
argv: ["C:\\banyan-video\\venv\\Scripts\\python.exe", "C:\\banyan-farm\\banyan-city\\pipeline\\ltx_i2v.py", "--stage", "encode", "--jobs", "C:\\banyan-farm\\ep2-b02-nw-0815\\b02-jobs-encode.json"]
-- begin-encode: phys 10.2/68.1GB, commit 12.0/115.3GB (load 14%)
loading text encoder from C:\Users\artvn\.cache\huggingface\hub\models--Lightricks--gemma-3-12b-it-qat-q4_0-unquantized\snapshots\d62fe4f1995ade703b49a0f3c0d0f161237ef437

Loading weights:   0%|          | 0/1065 [00:00<?, ?it/s]
Loading weights:  33%|███▎      | 351/1065 [00:00<00:00, 3179.91it/s]
Loading weights:  63%|██████▎   | 669/1065 [00:00<00:00, 3008.58it/s]
Loading weights:  96%|█████████▌| 1019/1065 [00:00<00:00, 3079.55it/s]
Loading weights: 100%|██████████| 1065/1065 [00:00<00:00, 3216.47it/s]
-- encode-beat-02: phys 11.4/68.1GB, commit 38.8/115.3GB (load 16%)
[1/1] encoded beat 2 to C:\banyan-farm\ep2-b02-nw-0815\b02-embeds.pt (1, 1024, 188160)
{"peak_commit_gb": 40.9, "peak_phys_gb": 36.7, "last_stage": "encode-beat-02"}
==== step encode END rc=0 2026-08-14T21:53:30Z ====

==== step render START 2026-08-14T21:53:30Z ====
argv: ["C:\\banyan-video\\venv\\Scripts\\python.exe", "C:\\banyan-farm\\banyan-city\\pipeline\\ltx_i2v.py", "--stage", "render", "--jobs", "C:\\banyan-farm\\ep2-b02-nw-0815\\b02-jobs-render.json", "--size", "704x1280", "--frames", "97", "--fps", "24", "--guidance", "2.0", "--distilled-sigmas", "--two-stage", "--image-crf", "33", "--offload", "sequential", "--mode", "production", "--task", "ep2-b02-nw-0815", "--worker", "rtx5090", "--bench-jsonl", "C:\\banyan-farm\\ep2-b02-nw-0815\\bench-b02-nw.jsonl", "--bench-label", "ep2-b02-nw-0815"]
recipe: offload=sequential quantisation=none (bf16)
-- begin-render: phys 10.2/68.1GB, commit 12.0/115.3GB (load 14%)
transformer  C:\Users\artvn\.cache\huggingface\hub\models--diffusers--LTX-2.3-Distilled-Diffusers\snapshots\432e0d3c2d1769aaa4d295f9243f7062bf6b47ee [subfolder=transformer, bf16]
scheduler    C:\Users\artvn\.cache\huggingface\hub\models--diffusers--LTX-2.3-Distilled-Diffusers\snapshots\432e0d3c2d1769aaa4d295f9243f7062bf6b47ee [subfolder=scheduler, distilled]
other parts  C:\Users\artvn\.cache\huggingface\hub\models--diffusers--LTX-2.3-Diffusers\snapshots\8eee8edcf067e838b843f926ec4d4cc9b2be1aaf
-- load-transformer-bf16-38GB: phys 10.9/68.1GB, commit 13.8/115.3GB (load 15%)

Loading checkpoint shards:   0%|          | 0/8 [00:00<?, ?it/s]
Loading checkpoint shards:  12%|█▎        | 1/8 [00:00<00:00,  9.24it/s]
Loading checkpoint shards:  25%|██▌       | 2/8 [00:00<00:00,  9.55it/s]
Loading checkpoint shards:  50%|█████     | 4/8 [00:00<00:00,  9.18it/s]
Loading checkpoint shards: 100%|██████████| 8/8 [00:00<00:00, 17.63it/s]
Loading checkpoint shards: 100%|██████████| 8/8 [00:00<00:00, 14.66it/s]
-- load-connectors-12.7GB-and-vae: phys 11.0/68.1GB, commit 52.2/115.3GB (load 16%)

Loading checkpoint shards:   0%|          | 0/2 [00:00<?, ?it/s]
Loading checkpoint shards: 100%|██████████| 2/2 [00:00<00:00, 67.77it/s]
-- offload-setup-sequential: phys 11.0/68.1GB, commit 61.8/115.3GB (load 16%)
C:\banyan-video\venv\Lib\site-packages\accelerate\utils\modeling.py:345: UserWarning: expandable_segments not supported on this platform (Triggered internally at C:\actions-runner\_work\pytorch\pytorch\pytorch\c10/cuda/CUDAAllocatorConfig.h:39.)
  new_value = old_value.to(device, non_blocking=non_blocking)
conditioning still round-tripped through libx264 crf=33 -> C:\banyan-farm\ep2-b02-nw-0815\cond-crf-02.png
-- stage1-denoise-352x640-8steps: phys 11.8/68.1GB, commit 62.2/115.3GB (load 17%)

  0%|          | 0/8 [00:00<?, ?it/s]
 12%|█▎        | 1/8 [01:10<08:10, 70.06s/it]
 25%|██▌       | 2/8 [01:25<03:46, 37.72s/it]
 38%|███▊      | 3/8 [01:33<02:01, 24.32s/it]
 50%|█████     | 4/8 [01:43<01:13, 18.47s/it]
 62%|██████▎   | 5/8 [01:52<00:45, 15.20s/it]
 75%|███████▌  | 6/8 [02:01<00:26, 13.09s/it]
 88%|████████▊ | 7/8 [02:09<00:11, 11.62s/it]
100%|██████████| 8/8 [02:18<00:00, 10.64s/it]
100%|██████████| 8/8 [02:18<00:00, 17.32s/it]
stage1 latents (1, 128, 13, 20, 11)
-- upsample-2x-latent: phys 55.4/68.1GB, commit 64.6/115.3GB (load 81%)
There are modules in LTX2LatentUpsamplerModel that should be kept in float32: []. Casting directly with `to()` can lead to inconsistent results; set `torch_dtype` in `from_pretrained()` instead to keep these modules in float32.
upsampled latents (1, 128, 13, 40, 22)
-- stage2-refine-704x1280-3steps: phys 58.4/68.1GB, commit 67.7/115.3GB (load 85%)

  0%|          | 0/3 [00:00<?, ?it/s]
 33%|███▎      | 1/3 [00:24<00:49, 24.94s/it]
 67%|██████▋   | 2/3 [00:53<00:27, 27.07s/it]
100%|██████████| 3/3 [01:19<00:00, 26.41s/it]
100%|██████████| 3/3 [01:19<00:00, 26.38s/it]
-- decode-and-export: phys 63.9/68.1GB, commit 70.9/115.3GB (load 93%)
[1/1] wrote C:\banyan-farm\ep2-b02-nw-0815\02-the-sprint-LTX-nw.mp4 in 241s (97 frames, 704x1280, 8@352x640+3@704x1280 steps, peak torch 9.9GB, device 2.6/26GB)
THROUGHPUT 0.0168 s(video)/s(wall) (1 x 4.042s of video in 241s)
bench row -> C:\banyan-farm\ep2-b02-nw-0815\bench-b02-nw.jsonl
{"sample_s": 240.6, "peak_gb": 9.9, "peak_commit_gb": 78.8, "frames": 97, "size": "704x1280", "steps": "8@352x640+3@704x1280", "batch": 1, "mode": "production", "throughput_s_per_s": 0.0168, "two_stage": true, "image_crf": 33, "offload": "sequential", "quantisation": null}
{"peak_commit_gb": 78.8, "peak_phys_gb": 64.2, "last_stage": "decode-and-export"}
==== step render END rc=0 2026-08-14T21:57:46Z ====

==== step publish START 2026-08-14T21:57:46Z ====
argv: ["C:\\banyan-farm\\venv\\Scripts\\python.exe", "-c", "import glob, hashlib, os, shutil\ndst = \"C:/banyan-farm/courier-box/farm-out/ep2-b02-nw-0815\"\nos.makedirs(dst, exist_ok=True)\nsrc = sorted(glob.glob(\"C:/banyan-farm/ep2-b02-nw-0815/02-the-sprint-LTX-nw.mp4*\")\n             + glob.glob(\"C:/banyan-farm/ep2-b02-nw-0815/b02-init-704x1280.png\")\n             + glob.glob(\"C:/banyan-farm/ep2-b02-nw-0815/bench-b02-nw.jsonl\"))\nlines = []\nfor f in src:\n    shutil.copy2(f, dst)\n    c = os.path.join(dst, os.path.basename(f))\n    with open(c, \"rb\") as fh:\n        h = hashlib.sha256(fh.read()).hexdigest()\n    lines.append(h + \"  \" + os.path.basename(f))\nwith open(os.path.join(dst, \"ep2-b02-nw-0815.sha256\"), \"w\", newline=\"\\n\") as fh:\n    fh.write(\"\\n\".join(lines) + \"\\n\")\nprint(\"published\", len(src), \"file(s) + manifest ->\", dst)\nraise SystemExit(0 if len(src) >= 2 else 1)\n"]
published 4 file(s) + manifest -> C:/banyan-farm/courier-box/farm-out/ep2-b02-nw-0815
==== step publish END rc=0 2026-08-14T21:57:46Z ====
#### job ep2-b02-nw-0815-1786744305 finished rc=0 2026-08-14T21:57:46Z
