#### job ep2-b10-reroll-s20260818-0821-1787339922 attempt 1 start 2026-08-21T19:45:52Z

==== step crop START 2026-08-21T19:45:52Z ====
argv: ["C:\\banyan-farm\\venv\\Scripts\\python.exe", "C:\\banyan-farm\\ep2-b10-reroll-s20260818-0821\\cover_crop.py", "--src", "C:\\banyan-farm\\courier-box\\farm-out\\ep2-b05-scene-0814\\05-the-patrol-ipa-r0-w015-s0.png", "--sha256", "e99ff9e129c303f63f383b44cdd38a59ca895fd496c58a2fd6d59cc3b2fcd8fa", "--out", "C:\\banyan-farm\\ep2-b10-reroll-s20260818-0821\\b05-init-704x1280.png", "--size", "704x1280"]
src 832x1216 sha e99ff9e129c303f63f383b44cdd38a59ca895fd496c58a2fd6d59cc3b2fcd8fa
cover-crop scale=1.0526 -> 876x1280, centre box (86,0)
WROTE C:\banyan-farm\ep2-b10-reroll-s20260818-0821\b05-init-704x1280.png
==== step crop END rc=0 2026-08-21T19:45:52Z ====

==== step encode START 2026-08-21T19:45:52Z ====
argv: ["C:\\banyan-video\\venv\\Scripts\\python.exe", "C:\\banyan-farm\\banyan-city\\pipeline\\ltx_i2v.py", "--stage", "encode", "--jobs", "C:\\banyan-farm\\ep2-b10-reroll-s20260818-0821\\b05-jobs-encode.json"]
-- begin-encode: phys 10.8/68.1GB, commit 12.7/115.3GB (load 15%)
loading text encoder from C:\Users\artvn\.cache\huggingface\hub\models--Lightricks--gemma-3-12b-it-qat-q4_0-unquantized\snapshots\d62fe4f1995ade703b49a0f3c0d0f161237ef437

Loading weights:   0%|          | 0/1065 [00:00<?, ?it/s]
Loading weights:  29%|██▉       | 313/1065 [00:00<00:00, 2852.00it/s]
Loading weights:  61%|██████    | 651/1065 [00:00<00:00, 2980.13it/s]
Loading weights: 100%|██████████| 1065/1065 [00:00<00:00, 3379.43it/s]
-- encode-beat-10: phys 12.0/68.1GB, commit 39.5/115.3GB (load 17%)
[1/1] encoded beat 10 to C:\banyan-farm\ep2-b10-reroll-s20260818-0821\b05-embeds.pt (1, 1024, 188160)
{"peak_commit_gb": 42.4, "peak_phys_gb": 38.0, "last_stage": "encode-beat-10"}
==== step encode END rc=0 2026-08-21T19:47:23Z ====

==== step render START 2026-08-21T19:47:23Z ====
argv: ["C:\\banyan-video\\venv\\Scripts\\python.exe", "C:\\banyan-farm\\banyan-city\\pipeline\\ltx_i2v.py", "--stage", "render", "--jobs", "C:\\banyan-farm\\ep2-b10-reroll-s20260818-0821\\b05-jobs-render.json", "--size", "704x1280", "--frames", "121", "--fps", "24", "--guidance", "2.0", "--distilled-sigmas", "--two-stage", "--image-crf", "33", "--offload", "sequential", "--mode", "production", "--task", "ep2-b10-reroll-s20260818-0821", "--worker", "rtx5090", "--bench-jsonl", "C:\\banyan-farm\\ep2-b10-reroll-s20260818-0821\\bench-b10-world.jsonl", "--bench-label", "ep2-b10-reroll-s20260818-0821"]
recipe: offload=sequential quantisation=none (bf16)
-- begin-render: phys 10.9/68.1GB, commit 12.7/115.3GB (load 15%)
transformer  C:\Users\artvn\.cache\huggingface\hub\models--diffusers--LTX-2.3-Distilled-Diffusers\snapshots\432e0d3c2d1769aaa4d295f9243f7062bf6b47ee [subfolder=transformer, bf16]
scheduler    C:\Users\artvn\.cache\huggingface\hub\models--diffusers--LTX-2.3-Distilled-Diffusers\snapshots\432e0d3c2d1769aaa4d295f9243f7062bf6b47ee [subfolder=scheduler, distilled]
other parts  C:\Users\artvn\.cache\huggingface\hub\models--diffusers--LTX-2.3-Diffusers\snapshots\8eee8edcf067e838b843f926ec4d4cc9b2be1aaf
-- load-transformer-bf16-38GB: phys 11.6/68.1GB, commit 14.5/115.3GB (load 17%)

Loading checkpoint shards:   0%|          | 0/8 [00:00<?, ?it/s]
Loading checkpoint shards:  12%|█▎        | 1/8 [00:00<00:00,  9.67it/s]
Loading checkpoint shards:  25%|██▌       | 2/8 [00:00<00:00,  9.66it/s]
Loading checkpoint shards:  50%|█████     | 4/8 [00:00<00:00,  9.12it/s]
Loading checkpoint shards: 100%|██████████| 8/8 [00:00<00:00, 17.28it/s]
Loading checkpoint shards: 100%|██████████| 8/8 [00:00<00:00, 14.56it/s]
-- load-connectors-12.7GB-and-vae: phys 11.6/68.1GB, commit 52.9/115.3GB (load 17%)

Loading checkpoint shards:   0%|          | 0/2 [00:00<?, ?it/s]
Loading checkpoint shards: 100%|██████████| 2/2 [00:00<00:00, 66.95it/s]
-- offload-setup-sequential: phys 11.6/68.1GB, commit 62.5/115.3GB (load 17%)
C:\banyan-video\venv\Lib\site-packages\accelerate\utils\modeling.py:345: UserWarning: expandable_segments not supported on this platform (Triggered internally at C:\actions-runner\_work\pytorch\pytorch\pytorch\c10/cuda/CUDAAllocatorConfig.h:39.)
  new_value = old_value.to(device, non_blocking=non_blocking)
conditioning still round-tripped through libx264 crf=33 -> C:\banyan-farm\ep2-b10-reroll-s20260818-0821\cond-crf-10.png
-- stage1-denoise-352x640-8steps: phys 12.5/68.1GB, commit 62.8/115.3GB (load 18%)

  0%|          | 0/8 [00:00<?, ?it/s]
 12%|█▎        | 1/8 [01:09<08:09, 69.86s/it]
 25%|██▌       | 2/8 [01:23<03:42, 37.02s/it]
 38%|███▊      | 3/8 [01:33<02:03, 24.65s/it]
 50%|█████     | 4/8 [01:44<01:15, 18.97s/it]
 62%|██████▎   | 5/8 [01:54<00:47, 15.95s/it]
 75%|███████▌  | 6/8 [02:04<00:27, 13.91s/it]
 88%|████████▊ | 7/8 [02:14<00:12, 12.52s/it]
100%|██████████| 8/8 [02:24<00:00, 11.70s/it]
100%|██████████| 8/8 [02:24<00:00, 18.03s/it]
stage1 latents (1, 128, 16, 20, 11)
-- upsample-2x-latent: phys 58.2/68.1GB, commit 65.6/115.3GB (load 85%)
There are modules in LTX2LatentUpsamplerModel that should be kept in float32: []. Casting directly with `to()` can lead to inconsistent results; set `torch_dtype` in `from_pretrained()` instead to keep these modules in float32.
upsampled latents (1, 128, 16, 40, 22)
-- stage2-refine-704x1280-3steps: phys 60.4/68.1GB, commit 68.3/115.3GB (load 88%)

  0%|          | 0/3 [00:00<?, ?it/s]
 33%|███▎      | 1/3 [00:30<01:00, 30.45s/it]
 67%|██████▋   | 2/3 [01:02<00:31, 31.52s/it]
100%|██████████| 3/3 [01:34<00:00, 31.50s/it]
100%|██████████| 3/3 [01:34<00:00, 31.40s/it]
-- decode-and-export: phys 65.6/68.1GB, commit 72.6/115.3GB (load 96%)
[1/1] wrote C:\banyan-farm\ep2-b10-reroll-s20260818-0821\10-no-form-LTX-ep2-b10-reroll-s20260818-0821.mp4 in 264s (121 frames, 704x1280, 8@352x640+3@704x1280 steps, peak torch 12.0GB, device 3.1/26GB)
THROUGHPUT 0.0191 s(video)/s(wall) (1 x 5.042s of video in 264s)
bench row -> C:\banyan-farm\ep2-b10-reroll-s20260818-0821\bench-b10-world.jsonl
{"sample_s": 263.5, "peak_gb": 12.0, "peak_commit_gb": 81.8, "frames": 121, "size": "704x1280", "steps": "8@352x640+3@704x1280", "batch": 1, "mode": "production", "throughput_s_per_s": 0.0191, "two_stage": true, "image_crf": 33, "offload": "sequential", "quantisation": null}
{"peak_commit_gb": 81.8, "peak_phys_gb": 65.9, "last_stage": "decode-and-export"}
==== step render END rc=0 2026-08-21T19:52:02Z ====

==== step publish START 2026-08-21T19:52:02Z ====
argv: ["C:\\banyan-farm\\venv\\Scripts\\python.exe", "-c", "import glob, hashlib, os, shutil\ndst = \"C:/banyan-farm/courier-box/farm-out/ep2-b10-reroll-s20260818-0821\"\nos.makedirs(dst, exist_ok=True)\nsrc = sorted(glob.glob(\"C:/banyan-farm/ep2-b10-reroll-s20260818-0821/10-no-form-LTX-ep2-b10-reroll-s20260818-0821.mp4*\")\n             + glob.glob(\"C:/banyan-farm/ep2-b10-reroll-s20260818-0821/b05-init-704x1280.png\")\n             + glob.glob(\"C:/banyan-farm/ep2-b10-reroll-s20260818-0821/bench-b10-world.jsonl\"))\nlines = []\nfor f in src:\n    shutil.copy2(f, dst)\n    c = os.path.join(dst, os.path.basename(f))\n    with open(c, \"rb\") as fh:\n        h = hashlib.sha256(fh.read()).hexdigest()\n    lines.append(h + \"  \" + os.path.basename(f))\nwith open(os.path.join(dst, \"ep2-b10-reroll-s20260818-0821.sha256\"), \"w\", newline=\"\\n\") as fh:\n    fh.write(\"\\n\".join(lines) + \"\\n\")\nprint(\"published\", len(src), \"file(s) + manifest ->\", dst)\nraise SystemExit(0 if len(src) >= 2 else 1)\n"]
published 4 file(s) + manifest -> C:/banyan-farm/courier-box/farm-out/ep2-b10-reroll-s20260818-0821
==== step publish END rc=0 2026-08-21T19:52:02Z ====
#### job ep2-b10-reroll-s20260818-0821-1787339922 finished rc=0 2026-08-21T19:52:02Z
