#### job ep2-b14-mac-motion-s2-0818-1787076535 attempt 1 start 2026-08-18T18:28:27Z

==== step crop START 2026-08-18T18:28:31Z ====
argv: ["C:\\banyan-farm\\venv\\Scripts\\python.exe", "C:\\banyan-farm\\ep2-b14-mac-motion-s2-0818\\cover_crop.py", "--src", "C:\\banyan-farm\\courier-box\\farm-out\\ep2-b14-mac-plate-0818\\14-the-defense-mac-plate-r1s1.png", "--sha256", "df877b7bec5ad56c65638f66e32b934df9910dc0024e210ec1f66a05db021bdc", "--out", "C:\\banyan-farm\\ep2-b14-mac-motion-s2-0818-out\\b14-mac-init-704x1280.png", "--size", "704x1280"]
src 832x1216 sha df877b7bec5ad56c65638f66e32b934df9910dc0024e210ec1f66a05db021bdc
cover-crop scale=1.0526 -> 876x1280, centre box (86,0)
WROTE C:\banyan-farm\ep2-b14-mac-motion-s2-0818-out\b14-mac-init-704x1280.png
==== step crop END rc=0 2026-08-18T18:28:31Z ====

==== step encode START 2026-08-18T18:28:31Z ====
argv: ["C:\\banyan-video\\venv\\Scripts\\python.exe", "C:\\banyan-farm\\banyan-city\\pipeline\\ltx_i2v.py", "--stage", "encode", "--jobs", "C:\\banyan-farm\\ep2-b14-mac-motion-s2-0818\\b14-jobs-encode.json"]
-- begin-encode: phys 10.4/68.1GB, commit 12.6/115.3GB (load 15%)
loading text encoder from C:\Users\artvn\.cache\huggingface\hub\models--Lightricks--gemma-3-12b-it-qat-q4_0-unquantized\snapshots\d62fe4f1995ade703b49a0f3c0d0f161237ef437

Loading weights:   0%|          | 0/1065 [00:00<?, ?it/s]
Loading weights:  29%|██▊       | 304/1065 [00:00<00:00, 2764.93it/s]
Loading weights:  55%|█████▍    | 581/1065 [00:00<00:00, 2622.28it/s]
Loading weights:  81%|████████  | 861/1065 [00:00<00:00, 2583.51it/s]
Loading weights: 100%|██████████| 1065/1065 [00:00<00:00, 2704.74it/s]
-- encode-beat-14: phys 11.6/68.1GB, commit 39.3/115.3GB (load 16%)
[1/1] encoded beat 14 to C:\banyan-farm\ep2-b14-mac-motion-s2-0818-out\b14-embeds.pt (1, 1024, 188160)
{"peak_commit_gb": 41.5, "peak_phys_gb": 37.0, "last_stage": "encode-beat-14"}
==== step encode END rc=0 2026-08-18T18:30:02Z ====

==== step render START 2026-08-18T18:30:02Z ====
argv: ["C:\\banyan-video\\venv\\Scripts\\python.exe", "C:\\banyan-farm\\banyan-city\\pipeline\\ltx_i2v.py", "--stage", "render", "--jobs", "C:\\banyan-farm\\ep2-b14-mac-motion-s2-0818\\b14-jobs-render.json", "--size", "704x1280", "--frames", "121", "--fps", "24", "--guidance", "2.0", "--distilled-sigmas", "--two-stage", "--image-crf", "33", "--offload", "sequential", "--mode", "production", "--task", "ep2-b14-mac-motion-s2-0818", "--worker", "rtx5090", "--bench-jsonl", "C:\\banyan-farm\\ep2-b14-mac-motion-s2-0818-out\\bench-b14-macplate.jsonl", "--bench-label", "ep2-b14-mac-motion-s2-0818"]
recipe: offload=sequential quantisation=none (bf16)
-- begin-render: phys 10.4/68.1GB, commit 12.6/115.3GB (load 15%)
transformer  C:\Users\artvn\.cache\huggingface\hub\models--diffusers--LTX-2.3-Distilled-Diffusers\snapshots\432e0d3c2d1769aaa4d295f9243f7062bf6b47ee [subfolder=transformer, bf16]
scheduler    C:\Users\artvn\.cache\huggingface\hub\models--diffusers--LTX-2.3-Distilled-Diffusers\snapshots\432e0d3c2d1769aaa4d295f9243f7062bf6b47ee [subfolder=scheduler, distilled]
other parts  C:\Users\artvn\.cache\huggingface\hub\models--diffusers--LTX-2.3-Diffusers\snapshots\8eee8edcf067e838b843f926ec4d4cc9b2be1aaf
-- load-transformer-bf16-38GB: phys 11.2/68.1GB, commit 14.4/115.3GB (load 16%)

Loading checkpoint shards:   0%|          | 0/8 [00:00<?, ?it/s]
Loading checkpoint shards:  12%|█▎        | 1/8 [00:00<00:00,  9.74it/s]
Loading checkpoint shards:  25%|██▌       | 2/8 [00:00<00:00,  9.84it/s]
Loading checkpoint shards:  50%|█████     | 4/8 [00:00<00:00,  9.05it/s]
Loading checkpoint shards: 100%|██████████| 8/8 [00:00<00:00, 17.60it/s]
Loading checkpoint shards: 100%|██████████| 8/8 [00:00<00:00, 14.74it/s]
-- load-connectors-12.7GB-and-vae: phys 11.2/68.1GB, commit 52.7/115.3GB (load 16%)

Loading checkpoint shards:   0%|          | 0/2 [00:00<?, ?it/s]
Loading checkpoint shards: 100%|██████████| 2/2 [00:00<00:00, 64.66it/s]
-- offload-setup-sequential: phys 11.2/68.1GB, commit 62.3/115.3GB (load 16%)
C:\banyan-video\venv\Lib\site-packages\accelerate\utils\modeling.py:345: UserWarning: expandable_segments not supported on this platform (Triggered internally at C:\actions-runner\_work\pytorch\pytorch\pytorch\c10/cuda/CUDAAllocatorConfig.h:39.)
  new_value = old_value.to(device, non_blocking=non_blocking)
conditioning still round-tripped through libx264 crf=33 -> C:\banyan-farm\ep2-b14-mac-motion-s2-0818-out\cond-crf-14.png
-- stage1-denoise-352x640-8steps: phys 12.1/68.1GB, commit 62.7/115.3GB (load 17%)

  0%|          | 0/8 [00:00<?, ?it/s]
 12%|█▎        | 1/8 [01:08<08:02, 68.88s/it]
 25%|██▌       | 2/8 [01:22<03:37, 36.30s/it]
 38%|███▊      | 3/8 [01:32<02:02, 24.43s/it]
 50%|█████     | 4/8 [01:42<01:15, 18.80s/it]
 62%|██████▎   | 5/8 [01:53<00:47, 15.79s/it]
 75%|███████▌  | 6/8 [02:03<00:27, 13.86s/it]
 88%|████████▊ | 7/8 [02:13<00:12, 12.50s/it]
100%|██████████| 8/8 [02:22<00:00, 11.60s/it]
100%|██████████| 8/8 [02:22<00:00, 17.85s/it]
stage1 latents (1, 128, 16, 20, 11)
-- upsample-2x-latent: phys 54.6/68.1GB, commit 65.6/115.3GB (load 80%)
There are modules in LTX2LatentUpsamplerModel that should be kept in float32: []. Casting directly with `to()` can lead to inconsistent results; set `torch_dtype` in `from_pretrained()` instead to keep these modules in float32.
upsampled latents (1, 128, 16, 40, 22)
-- stage2-refine-704x1280-3steps: phys 57.6/68.1GB, commit 68.3/115.3GB (load 84%)

  0%|          | 0/3 [00:00<?, ?it/s]
 33%|███▎      | 1/3 [00:31<01:02, 31.44s/it]
 67%|██████▋   | 2/3 [01:04<00:32, 32.53s/it]
100%|██████████| 3/3 [01:36<00:00, 32.12s/it]
100%|██████████| 3/3 [01:36<00:00, 32.12s/it]
-- decode-and-export: phys 64.5/68.1GB, commit 72.5/115.3GB (load 94%)
[1/1] wrote C:\banyan-farm\ep2-b14-mac-motion-s2-0818-out\14-the-defense-LTX-macplate-r1s1.mp4 in 264s (121 frames, 704x1280, 8@352x640+3@704x1280 steps, peak torch 12.0GB, device 3.1/26GB)
THROUGHPUT 0.0191 s(video)/s(wall) (1 x 5.042s of video in 264s)
bench row -> C:\banyan-farm\ep2-b14-mac-motion-s2-0818-out\bench-b14-macplate.jsonl
{"sample_s": 264.3, "peak_gb": 12.0, "peak_commit_gb": 81.7, "frames": 121, "size": "704x1280", "steps": "8@352x640+3@704x1280", "batch": 1, "mode": "production", "throughput_s_per_s": 0.0191, "two_stage": true, "image_crf": 33, "offload": "sequential", "quantisation": null}
{"peak_commit_gb": 81.7, "peak_phys_gb": 65.2, "last_stage": "decode-and-export"}
==== step render END rc=0 2026-08-18T18:34:44Z ====

==== step stamp START 2026-08-18T18:34:44Z ====
argv: ["C:\\banyan-farm\\venv\\Scripts\\python.exe", "C:\\banyan-farm\\ep2-b14-mac-motion-s2-0818\\stamp_sidecar.py", "C:\\banyan-farm\\ep2-b14-mac-motion-s2-0818-out\\14-the-defense-LTX-macplate-r1s1.mp4.meta.yaml"]
stamped C:\banyan-farm\ep2-b14-mac-motion-s2-0818-out\14-the-defense-LTX-macplate-r1s1.mp4.meta.yaml
==== step stamp END rc=0 2026-08-18T18:34:44Z ====

==== step publish START 2026-08-18T18:34:44Z ====
argv: ["C:\\banyan-farm\\venv\\Scripts\\python.exe", "-c", "# THE GLOB CARRIES THE BEAT SLUG (14-the-defense). Without it the glob\n# matches nothing and the step publishes nothing while returning a code\n# that reads like a render failure. No allow_fail: a publish that cannot\n# find its files is a FAIL of the job, not a footnote.\nimport glob, hashlib, os, shutil\nout_dir = \"C:/banyan-farm/ep2-b14-mac-motion-s2-0818-out\"\npay_dir = \"C:/banyan-farm/ep2-b14-mac-motion-s2-0818\"\ndst = \"C:/banyan-farm/courier-box/farm-out/ep2-b14-mac-motion-s2-0818\"\nos.makedirs(dst, exist_ok=True)\nfiles = sorted(glob.glob(out_dir + \"/14-the-defense-LTX-macplate-r1s1.mp4*\")\n               + glob.glob(out_dir + \"/b14-mac-init-704x1280.png\")\n               + glob.glob(out_dir + \"/bench-b14-macplate.jsonl\")\n               + glob.glob(pay_dir + \"/b14-motion-prompt.txt\")\n               + glob.glob(pay_dir + \"/b14-negative.txt\"))\nlines = []\nfor f in files:\n    shutil.copy2(f, dst)\n    c = os.path.join(dst, os.path.basename(f))\n    with open(c, \"rb\") as fh:\n        h = hashlib.sha256(fh.read()).hexdigest()\n    lines.append(h + \"  \" + os.path.basename(f))\nwith open(os.path.join(dst, \"ep2-b14-mac-motion-s2-0818.sha256\"), \"w\", newline=\"\\n\") as fh:\n    fh.write(\"\\n\".join(sorted(lines)) + \"\\n\")\nprint(\"published\", len(files), \"file(s) + manifest ->\", dst)\nraise SystemExit(0 if len(files) >= 6 else 1)"]
published 6 file(s) + manifest -> C:/banyan-farm/courier-box/farm-out/ep2-b14-mac-motion-s2-0818
==== step publish END rc=0 2026-08-18T18:34:44Z ====
#### job ep2-b14-mac-motion-s2-0818-1787076535 finished rc=0 2026-08-18T18:34:44Z
