Will try to load from local cache.

Loading pipeline components...:   0%|          | 0/7 [00:00<?, ?it/s]
Loading pipeline components...:  14%|█▍        | 1/7 [00:01<00:10,  1.72s/it]
Loading pipeline components...:  57%|█████▋    | 4/7 [00:01<00:01,  2.53it/s]
Loading pipeline components...: 100%|██████████| 7/7 [00:02<00:00,  3.42it/s]
Loading pipeline components...: 100%|██████████| 7/7 [00:02<00:00,  2.70it/s]
C:\banyan-farm\venv\Lib\site-packages\torch\nn\modules\module.py:1370: UserWarning: expandable_segments not supported on this platform (Triggered internally at C:\actions-runner\_work\pytorch\pytorch\pytorch\c10/cuda/CUDAAllocatorConfig.h:39.)
  return t.to(
OK ep2-cnet-probe-0817-nocontrol.png load=5.0s render=9.6s
==== step nocontrol END rc=0 2026-08-17T12:39:55Z ====

==== step left START 2026-08-17T12:39:55Z ====
argv: ["C:\\banyan-farm\\venv\\Scripts\\python.exe", "C:\\banyan-farm\\cnet-probe-0817\\src\\pipeline\\controlnet_probe.py", "--root", "C:\\banyan-farm\\cnet-probe-0817\\src", "--repo-commit", "072498e14dd20870701f034b579e70ef270a0c48", "--arm", "left", "--out", "C:\\banyan-farm\\cnet-probe-0817\\out"]
C:\banyan-farm\venv\Lib\site-packages\diffusers\models\vq_model.py:20: FutureWarning: `VQEncoderOutput` is deprecated and will be removed in version 0.31. Importing `VQEncoderOutput` from `diffusers.models.vq_model` is deprecated and this will be removed in a future version. Please use `from diffusers.models.autoencoders.vq_model import VQEncoderOutput`, instead.
  deprecate("VQEncoderOutput", "0.31", deprecation_message)
C:\banyan-farm\venv\Lib\site-packages\diffusers\models\vq_model.py:25: FutureWarning: `VQModel` is deprecated and will be removed in version 0.31. Importing `VQModel` from `diffusers.models.vq_model` is deprecated and this will be removed in a future version. Please use `from diffusers.models.autoencoders.vq_model import VQModel`, instead.
  deprecate("VQModel", "0.31", deprecation_message)
Couldn't connect to the Hub: Cannot reach https://huggingface.co/api/models/cagliostrolab/animagine-xl-3.1: offline mode is enabled. To disable it, please unset the `HF_HUB_OFFLINE` environment variable..
Will try to load from local cache.

Loading pipeline components...:   0%|          | 0/7 [00:00<?, ?it/s]
Loading pipeline components...:  14%|█▍        | 1/7 [00:00<00:01,  5.70it/s]
Loading pipeline components...:  29%|██▊       | 2/7 [00:01<00:05,  1.03s/it]
Loading pipeline components...:  57%|█████▋    | 4/7 [00:02<00:01,  1.83it/s]
Loading pipeline components...:  71%|███████▏  | 5/7 [00:02<00:00,  2.45it/s]
Loading pipeline components...: 100%|██████████| 7/7 [00:02<00:00,  2.82it/s]
C:\banyan-farm\venv\Lib\site-packages\torch\nn\modules\module.py:1370: UserWarning: expandable_segments not supported on this platform (Triggered internally at C:\actions-runner\_work\pytorch\pytorch\pytorch\c10/cuda/CUDAAllocatorConfig.h:39.)
  return t.to(

  0%|          | 0/40 [00:00<?, ?it/s]
  2%|▎         | 1/40 [00:00<00:21,  1.84it/s]
  5%|▌         | 2/40 [00:00<00:12,  2.98it/s]
  8%|▊         | 3/40 [00:01<00:12,  2.99it/s]
 10%|█         | 4/40 [00:01<00:12,  2.95it/s]
 12%|█▎        | 5/40 [00:01<00:11,  3.07it/s]
 15%|█▌        | 6/40 [00:02<00:10,  3.10it/s]
 18%|█▊        | 7/40 [00:02<00:11,  2.98it/s]
 20%|██        | 8/40 [00:02<00:10,  3.05it/s]
 22%|██▎       | 9/40 [00:03<00:10,  3.07it/s]
 25%|██▌       | 10/40 [00:03<00:09,  3.05it/s]
 28%|██▊       | 11/40 [00:03<00:09,  3.09it/s]
 30%|███       | 12/40 [00:03<00:09,  3.11it/s]
 32%|███▎      | 13/40 [00:04<00:08,  3.08it/s]
 35%|███▌      | 14/40 [00:04<00:08,  3.10it/s]
 38%|███▊      | 15/40 [00:04<00:08,  3.08it/s]
 40%|████      | 16/40 [00:05<00:07,  3.04it/s]
 42%|████▎     | 17/40 [00:05<00:07,  3.09it/s]
 45%|████▌     | 18/40 [00:05<00:07,  3.11it/s]
 48%|████▊     | 19/40 [00:06<00:06,  3.04it/s]
 50%|█████     | 20/40 [00:06<00:06,  3.07it/s]
 52%|█████▎    | 21/40 [00:06<00:06,  3.10it/s]
 55%|█████▌    | 22/40 [00:07<00:05,  3.08it/s]
 57%|█████▊    | 23/40 [00:07<00:05,  3.04it/s]
 60%|██████    | 24/40 [00:07<00:05,  3.12it/s]
 62%|██████▎   | 25/40 [00:08<00:04,  3.09it/s]
 65%|██████▌   | 26/40 [00:08<00:04,  3.11it/s]
 68%|██████▊   | 27/40 [00:08<00:04,  3.08it/s]
 70%|███████   | 28/40 [00:09<00:03,  3.06it/s]
 72%|███████▎  | 29/40 [00:09<00:03,  3.09it/s]
 75%|███████▌  | 30/40 [00:09<00:03,  3.11it/s]
 78%|███████▊  | 31/40 [00:10<00:02,  3.04it/s]
 80%|████████  | 32/40 [00:10<00:02,  3.12it/s]
 82%|████████▎ | 33/40 [00:10<00:02,  3.09it/s]
 85%|████████▌ | 34/40 [00:11<00:01,  3.06it/s]
 88%|████████▊ | 35/40 [00:11<00:01,  3.05it/s]
 90%|█████████ | 36/40 [00:11<00:01,  3.10it/s]
 92%|█████████▎| 37/40 [00:12<00:00,  3.09it/s]
 95%|█████████▌| 38/40 [00:12<00:00,  3.11it/s]
 98%|█████████▊| 39/40 [00:12<00:00,  3.08it/s]
100%|██████████| 40/40 [00:13<00:00,  3.06it/s]
100%|██████████| 40/40 [00:13<00:00,  3.06it/s]
OK ep2-cnet-probe-0817-left.png load=6.3s render=13.8s
==== step left END rc=0 2026-08-17T12:40:19Z ====

==== step right START 2026-08-17T12:40:19Z ====
argv: ["C:\\banyan-farm\\venv\\Scripts\\python.exe", "C:\\banyan-farm\\cnet-probe-0817\\src\\pipeline\\controlnet_probe.py", "--root", "C:\\banyan-farm\\cnet-probe-0817\\src", "--repo-commit", "072498e14dd20870701f034b579e70ef270a0c48", "--arm", "right", "--out", "C:\\banyan-farm\\cnet-probe-0817\\out"]
C:\banyan-farm\venv\Lib\site-packages\diffusers\models\vq_model.py:20: FutureWarning: `VQEncoderOutput` is deprecated and will be removed in version 0.31. Importing `VQEncoderOutput` from `diffusers.models.vq_model` is deprecated and this will be removed in a future version. Please use `from diffusers.models.autoencoders.vq_model import VQEncoderOutput`, instead.
  deprecate("VQEncoderOutput", "0.31", deprecation_message)
C:\banyan-farm\venv\Lib\site-packages\diffusers\models\vq_model.py:25: FutureWarning: `VQModel` is deprecated and will be removed in version 0.31. Importing `VQModel` from `diffusers.models.vq_model` is deprecated and this will be removed in a future version. Please use `from diffusers.models.autoencoders.vq_model import VQModel`, instead.
  deprecate("VQModel", "0.31", deprecation_message)
Couldn't connect to the Hub: Cannot reach https://huggingface.co/api/models/cagliostrolab/animagine-xl-3.1: offline mode is enabled. To disable it, please unset the `HF_HUB_OFFLINE` environment variable..
Will try to load from local cache.

Loading pipeline components...:   0%|          | 0/7 [00:00<?, ?it/s]
Loading pipeline components...:  14%|█▍        | 1/7 [00:01<00:09,  1.63s/it]
Loading pipeline components...:  29%|██▊       | 2/7 [00:02<00:04,  1.01it/s]
Loading pipeline components...:  71%|███████▏  | 5/7 [00:02<00:00,  3.14it/s]
Loading pipeline components...:  86%|████████▌ | 6/7 [00:02<00:00,  3.54it/s]
Loading pipeline components...: 100%|██████████| 7/7 [00:02<00:00,  2.75it/s]
C:\banyan-farm\venv\Lib\site-packages\torch\nn\modules\module.py:1370: UserWarning: expandable_segments not supported on this platform (Triggered internally at C:\actions-runner\_work\pytorch\pytorch\pytorch\c10/cuda/CUDAAllocatorConfig.h:39.)
  return t.to(

  0%|          | 0/40 [00:00<?, ?it/s]
  2%|▎         | 1/40 [00:00<00:19,  1.97it/s]
  5%|▌         | 2/40 [00:00<00:12,  3.03it/s]
  8%|▊         | 3/40 [00:01<00:11,  3.09it/s]
 10%|█         | 4/40 [00:01<00:11,  3.00it/s]
 12%|█▎        | 5/40 [00:01<00:11,  3.01it/s]
 15%|█▌        | 6/40 [00:02<00:11,  3.06it/s]
 18%|█▊        | 7/40 [00:02<00:11,  3.00it/s]
 20%|██        | 8/40 [00:02<00:10,  3.07it/s]
 22%|██▎       | 9/40 [00:03<00:10,  3.08it/s]
 25%|██▌       | 10/40 [00:03<00:09,  3.05it/s]
 28%|██▊       | 11/40 [00:03<00:09,  3.09it/s]
 30%|███       | 12/40 [00:03<00:09,  3.11it/s]
 32%|███▎      | 13/40 [00:04<00:08,  3.03it/s]
 35%|███▌      | 14/40 [00:04<00:08,  3.06it/s]
 38%|███▊      | 15/40 [00:04<00:07,  3.14it/s]
 40%|████      | 16/40 [00:05<00:07,  3.01it/s]
 42%|████▎     | 17/40 [00:05<00:07,  3.08it/s]
 45%|████▌     | 18/40 [00:05<00:07,  3.08it/s]
 48%|████▊     | 19/40 [00:06<00:06,  3.06it/s]
 50%|█████     | 20/40 [00:06<00:06,  3.05it/s]
 52%|█████▎    | 21/40 [00:06<00:06,  3.10it/s]
 55%|█████▌    | 22/40 [00:07<00:05,  3.06it/s]
 57%|█████▊    | 23/40 [00:07<00:05,  3.05it/s]
 60%|██████    | 24/40 [00:07<00:05,  3.12it/s]
 62%|██████▎   | 25/40 [00:08<00:04,  3.09it/s]
 65%|██████▌   | 26/40 [00:08<00:04,  3.06it/s]
 68%|██████▊   | 27/40 [00:08<00:04,  3.09it/s]
 70%|███████   | 28/40 [00:09<00:03,  3.07it/s]
 72%|███████▎  | 29/40 [00:09<00:03,  3.05it/s]
 75%|███████▌  | 30/40 [00:09<00:03,  3.08it/s]
 78%|███████▊  | 31/40 [00:10<00:02,  3.06it/s]
 80%|████████  | 32/40 [00:10<00:02,  3.09it/s]
 82%|████████▎ | 33/40 [00:10<00:02,  3.09it/s]
 85%|████████▌ | 34/40 [00:11<00:01,  3.05it/s]
 88%|████████▊ | 35/40 [00:11<00:01,  3.08it/s]
 90%|█████████ | 36/40 [00:11<00:01,  3.06it/s]
 92%|█████████▎| 37/40 [00:12<00:00,  3.09it/s]
 95%|█████████▌| 38/40 [00:12<00:00,  3.11it/s]
 98%|█████████▊| 39/40 [00:12<00:00,  3.08it/s]
100%|██████████| 40/40 [00:13<00:00,  3.10it/s]
100%|██████████| 40/40 [00:13<00:00,  3.06it/s]
OK ep2-cnet-probe-0817-right.png load=5.4s render=13.8s
==== step right END rc=0 2026-08-17T12:40:42Z ====

==== step polarity START 2026-08-17T12:40:42Z ====
argv: ["C:\\banyan-farm\\venv\\Scripts\\python.exe", "C:\\banyan-farm\\cnet-probe-0817\\src\\pipeline\\controlnet_probe.py", "--root", "C:\\banyan-farm\\cnet-probe-0817\\src", "--repo-commit", "072498e14dd20870701f034b579e70ef270a0c48", "--arm", "polarity", "--out", "C:\\banyan-farm\\cnet-probe-0817\\out"]
C:\banyan-farm\venv\Lib\site-packages\diffusers\models\vq_model.py:20: FutureWarning: `VQEncoderOutput` is deprecated and will be removed in version 0.31. Importing `VQEncoderOutput` from `diffusers.models.vq_model` is deprecated and this will be removed in a future version. Please use `from diffusers.models.autoencoders.vq_model import VQEncoderOutput`, instead.
  deprecate("VQEncoderOutput", "0.31", deprecation_message)
C:\banyan-farm\venv\Lib\site-packages\diffusers\models\vq_model.py:25: FutureWarning: `VQModel` is deprecated and will be removed in version 0.31. Importing `VQModel` from `diffusers.models.vq_model` is deprecated and this will be removed in a future version. Please use `from diffusers.models.autoencoders.vq_model import VQModel`, instead.
  deprecate("VQModel", "0.31", deprecation_message)
Couldn't connect to the Hub: Cannot reach https://huggingface.co/api/models/cagliostrolab/animagine-xl-3.1: offline mode is enabled. To disable it, please unset the `HF_HUB_OFFLINE` environment variable..
Will try to load from local cache.

Loading pipeline components...:   0%|          | 0/7 [00:00<?, ?it/s]
Loading pipeline components...:  29%|██▊       | 2/7 [00:01<00:04,  1.20it/s]
Loading pipeline components...:  57%|█████▋    | 4/7 [00:01<00:01,  2.66it/s]
Loading pipeline components...:  86%|████████▌ | 6/7 [00:01<00:00,  4.03it/s]
Loading pipeline components...: 100%|██████████| 7/7 [00:02<00:00,  2.83it/s]
C:\banyan-farm\venv\Lib\site-packages\torch\nn\modules\module.py:1370: UserWarning: expandable_segments not supported on this platform (Triggered internally at C:\actions-runner\_work\pytorch\pytorch\pytorch\c10/cuda/CUDAAllocatorConfig.h:39.)
  return t.to(

  0%|          | 0/40 [00:00<?, ?it/s]
  2%|▎         | 1/40 [00:00<00:22,  1.73it/s]
  5%|▌         | 2/40 [00:00<00:13,  2.78it/s]
  8%|▊         | 3/40 [00:01<00:12,  2.88it/s]
 10%|█         | 4/40 [00:01<00:12,  2.88it/s]
 12%|█▎        | 5/40 [00:01<00:11,  3.03it/s]
 15%|█▌        | 6/40 [00:02<00:11,  3.02it/s]
 18%|█▊        | 7/40 [00:02<00:11,  2.97it/s]
 20%|██        | 8/40 [00:02<00:10,  3.07it/s]
 22%|██▎       | 9/40 [00:03<00:10,  3.05it/s]
 25%|██▌       | 10/40 [00:03<00:09,  3.04it/s]
 28%|██▊       | 11/40 [00:03<00:09,  3.08it/s]
 30%|███       | 12/40 [00:04<00:09,  3.05it/s]
 32%|███▎      | 13/40 [00:04<00:08,  3.04it/s]
 35%|███▌      | 14/40 [00:04<00:08,  3.07it/s]
 38%|███▊      | 15/40 [00:05<00:08,  3.10it/s]
 40%|████      | 16/40 [00:05<00:07,  3.03it/s]
 42%|████▎     | 17/40 [00:05<00:07,  3.07it/s]
 45%|████▌     | 18/40 [00:06<00:07,  3.10it/s]
 48%|████▊     | 19/40 [00:06<00:06,  3.03it/s]
 50%|█████     | 20/40 [00:06<00:06,  3.11it/s]
 52%|█████▎    | 21/40 [00:06<00:06,  3.12it/s]
 55%|█████▌    | 22/40 [00:07<00:05,  3.04it/s]
 57%|█████▊    | 23/40 [00:07<00:05,  3.08it/s]
 60%|██████    | 24/40 [00:07<00:05,  3.06it/s]
 62%|██████▎   | 25/40 [00:08<00:04,  3.05it/s]
 65%|██████▌   | 26/40 [00:08<00:04,  3.04it/s]
 68%|██████▊   | 27/40 [00:08<00:04,  3.09it/s]
 70%|███████   | 28/40 [00:09<00:03,  3.05it/s]
 72%|███████▎  | 29/40 [00:09<00:03,  3.08it/s]
 75%|███████▌  | 30/40 [00:09<00:03,  3.10it/s]
 78%|███████▊  | 31/40 [00:10<00:02,  3.07it/s]
 80%|████████  | 32/40 [00:10<00:02,  3.05it/s]
 82%|████████▎ | 33/40 [00:10<00:02,  3.08it/s]
 85%|████████▌ | 34/40 [00:11<00:01,  3.06it/s]
 88%|████████▊ | 35/40 [00:11<00:01,  3.09it/s]
 90%|█████████ | 36/40 [00:11<00:01,  3.06it/s]
 92%|█████████▎| 37/40 [00:12<00:00,  3.05it/s]
 95%|█████████▌| 38/40 [00:12<00:00,  3.08it/s]
 98%|█████████▊| 39/40 [00:12<00:00,  3.05it/s]
100%|██████████| 40/40 [00:13<00:00,  3.09it/s]
100%|██████████| 40/40 [00:13<00:00,  3.04it/s]
OK ep2-cnet-probe-0817-polarity.png load=6.2s render=13.9s
==== step polarity END rc=0 2026-08-17T12:41:06Z ====
#### job ep2-cnet-probe-0817-1786969442 finished rc=0 2026-08-17T12:41:06Z
