ONE SAMPLE — beat 06 the-clipboard, 4 seeds, $0
   draft variant: authored_barkboard_obj
   goblin definition: 'green skin, tusks'
   task: ep2-b06-barkboard-obj-0815
   harness sha256: be18f941387ddd4d75c432505ff5a8801b5fc239803e5a394f31446b6967de45
   drafts  sha256: b852851af2f987bcd3cabe2f5c8d7d374819a1b6a18eb6a23ffa4c876a929f0c

Loading pipeline components...:   0%|          | 0/7 [00:00<?, ?it/s]
Loading pipeline components...:  14%|█▍        | 1/7 [00:00<00:01,  5.37it/s]
Loading pipeline components...:  57%|█████▋    | 4/7 [00:00<00:00,  5.27it/s]
Loading pipeline components...: 100%|██████████| 7/7 [00:02<00:00,  2.56it/s]
Loading pipeline components...: 100%|██████████| 7/7 [00:02<00:00,  2.86it/s]
C:\banyan-farm\venv\Lib\site-packages\torch\nn\modules\module.py:1370: UserWarning: expandable_segments not supported on this platform (Triggered internally at C:\actions-runner\_work\pytorch\pytorch\pytorch\c10/cuda/CUDAAllocatorConfig.h:39.)
  return t.to(
MODEL_LOADED cuda/bfloat16 in 6s

  0%|          | 0/40 [00:00<?, ?it/s]
  2%|▎         | 1/40 [00:00<00:16,  2.42it/s]
  5%|▌         | 2/40 [00:00<00:11,  3.40it/s]
  8%|▊         | 3/40 [00:00<00:09,  3.98it/s]
 10%|█         | 4/40 [00:01<00:08,  4.07it/s]
 12%|█▎        | 5/40 [00:01<00:08,  4.12it/s]
 15%|█▌        | 6/40 [00:01<00:07,  4.25it/s]
 18%|█▊        | 7/40 [00:01<00:07,  4.43it/s]
 20%|██        | 8/40 [00:01<00:07,  4.56it/s]
 22%|██▎       | 9/40 [00:02<00:06,  4.44it/s]
 25%|██▌       | 10/40 [00:02<00:06,  4.37it/s]
 28%|██▊       | 11/40 [00:02<00:06,  4.51it/s]
 30%|███       | 12/40 [00:02<00:06,  4.50it/s]
 32%|███▎      | 13/40 [00:03<00:05,  4.52it/s]
 35%|███▌      | 14/40 [00:03<00:05,  4.43it/s]
 38%|███▊      | 15/40 [00:03<00:05,  4.45it/s]
 40%|████      | 16/40 [00:03<00:05,  4.57it/s]
 42%|████▎     | 17/40 [00:03<00:05,  4.55it/s]
 45%|████▌     | 18/40 [00:04<00:04,  4.54it/s]
 48%|████▊     | 19/40 [00:04<00:04,  4.53it/s]
 50%|█████     | 20/40 [00:04<00:04,  4.50it/s]
 52%|█████▎    | 21/40 [00:04<00:04,  4.53it/s]
 55%|█████▌    | 22/40 [00:05<00:03,  4.52it/s]
 57%|█████▊    | 23/40 [00:05<00:03,  4.52it/s]
 60%|██████    | 24/40 [00:05<00:03,  4.52it/s]
 62%|██████▎   | 25/40 [00:05<00:03,  4.51it/s]
 65%|██████▌   | 26/40 [00:05<00:03,  4.52it/s]
 68%|██████▊   | 27/40 [00:06<00:02,  4.50it/s]
 70%|███████   | 28/40 [00:06<00:02,  4.51it/s]
 72%|███████▎  | 29/40 [00:06<00:02,  4.51it/s]
 75%|███████▌  | 30/40 [00:06<00:02,  4.61it/s]
 78%|███████▊  | 31/40 [00:07<00:01,  4.51it/s]
 80%|████████  | 32/40 [00:07<00:01,  4.49it/s]
 82%|████████▎ | 33/40 [00:07<00:01,  4.50it/s]
 85%|████████▌ | 34/40 [00:07<00:01,  4.59it/s]
 88%|████████▊ | 35/40 [00:07<00:01,  4.57it/s]
 90%|█████████ | 36/40 [00:08<00:00,  4.55it/s]
 92%|█████████▎| 37/40 [00:08<00:00,  4.45it/s]
 95%|█████████▌| 38/40 [00:08<00:00,  4.56it/s]
 98%|█████████▊| 39/40 [00:08<00:00,  4.55it/s]
100%|██████████| 40/40 [00:09<00:00,  4.54it/s]
100%|██████████| 40/40 [00:09<00:00,  4.43it/s]
   06-the-clipboard-wave1-s0.png seed=20260725 10s  (1/4)

  0%|          | 0/40 [00:00<?, ?it/s]
  2%|▎         | 1/40 [00:00<00:07,  5.13it/s]
  5%|▌         | 2/40 [00:00<00:07,  4.96it/s]
  8%|▊         | 3/40 [00:00<00:07,  4.74it/s]
 10%|█         | 4/40 [00:00<00:07,  4.65it/s]
 12%|█▎        | 5/40 [00:01<00:08,  4.37it/s]
 15%|█▌        | 6/40 [00:01<00:07,  4.49it/s]
 18%|█▊        | 7/40 [00:01<00:07,  4.65it/s]
 20%|██        | 8/40 [00:01<00:06,  4.60it/s]
 22%|██▎       | 9/40 [00:01<00:06,  4.47it/s]
 25%|██▌       | 10/40 [00:02<00:06,  4.49it/s]
 28%|██▊       | 11/40 [00:02<00:06,  4.49it/s]
 30%|███       | 12/40 [00:02<00:06,  4.60it/s]
 32%|███▎      | 13/40 [00:02<00:06,  4.48it/s]
 35%|███▌      | 14/40 [00:03<00:05,  4.39it/s]
 38%|███▊      | 15/40 [00:03<00:05,  4.52it/s]
 40%|████      | 16/40 [00:03<00:05,  4.52it/s]
 42%|████▎     | 17/40 [00:03<00:05,  4.51it/s]
 45%|████▌     | 18/40 [00:03<00:04,  4.43it/s]
 48%|████▊     | 19/40 [00:04<00:04,  4.45it/s]
 50%|█████     | 20/40 [00:04<00:04,  4.51it/s]
 52%|█████▎    | 21/40 [00:04<00:04,  4.57it/s]
 55%|█████▌    | 22/40 [00:04<00:03,  4.55it/s]
 57%|█████▊    | 23/40 [00:05<00:03,  4.44it/s]
 60%|██████    | 24/40 [00:05<00:03,  4.56it/s]
 62%|██████▎   | 25/40 [00:05<00:03,  4.55it/s]
 65%|██████▌   | 26/40 [00:05<00:03,  4.47it/s]
 68%|██████▊   | 27/40 [00:05<00:02,  4.47it/s]
 70%|███████   | 28/40 [00:06<00:02,  4.48it/s]
 72%|███████▎  | 29/40 [00:06<00:02,  4.49it/s]
 75%|███████▌  | 30/40 [00:06<00:02,  4.60it/s]
 78%|███████▊  | 31/40 [00:06<00:02,  4.47it/s]
 80%|████████  | 32/40 [00:07<00:01,  4.48it/s]
 82%|████████▎ | 33/40 [00:07<00:01,  4.49it/s]
 85%|████████▌ | 34/40 [00:07<00:01,  4.50it/s]
 88%|████████▊ | 35/40 [00:07<00:01,  4.50it/s]
 90%|█████████ | 36/40 [00:07<00:00,  4.51it/s]
 92%|█████████▎| 37/40 [00:08<00:00,  4.51it/s]
 95%|█████████▌| 38/40 [00:08<00:00,  4.51it/s]
 98%|█████████▊| 39/40 [00:08<00:00,  4.51it/s]
100%|██████████| 40/40 [00:08<00:00,  4.52it/s]
100%|██████████| 40/40 [00:08<00:00,  4.52it/s]
   06-the-clipboard-wave1-s1.png seed=20261725 9s  (2/4)

  0%|          | 0/40 [00:00<?, ?it/s]
  2%|▎         | 1/40 [00:00<00:07,  5.33it/s]
  5%|▌         | 2/40 [00:00<00:07,  4.82it/s]
  8%|▊         | 3/40 [00:00<00:07,  4.84it/s]
 10%|█         | 4/40 [00:00<00:07,  4.56it/s]
 12%|█▎        | 5/40 [00:01<00:07,  4.42it/s]
 15%|█▌        | 6/40 [00:01<00:07,  4.56it/s]
 18%|█▊        | 7/40 [00:01<00:07,  4.54it/s]
 20%|██        | 8/40 [00:01<00:07,  4.53it/s]
 22%|██▎       | 9/40 [00:01<00:07,  4.43it/s]
 25%|██▌       | 10/40 [00:02<00:06,  4.45it/s]
 28%|██▊       | 11/40 [00:02<00:06,  4.57it/s]
 30%|███       | 12/40 [00:02<00:06,  4.55it/s]
 32%|███▎      | 13/40 [00:02<00:06,  4.44it/s]
 35%|███▌      | 14/40 [00:03<00:05,  4.41it/s]
 38%|███▊      | 15/40 [00:03<00:05,  4.46it/s]
 40%|████      | 16/40 [00:03<00:05,  4.52it/s]
 42%|████▎     | 17/40 [00:03<00:05,  4.53it/s]
 45%|████▌     | 18/40 [00:03<00:04,  4.52it/s]
 48%|████▊     | 19/40 [00:04<00:04,  4.52it/s]
 50%|█████     | 20/40 [00:04<00:04,  4.52it/s]
 52%|█████▎    | 21/40 [00:04<00:04,  4.52it/s]
 55%|█████▌    | 22/40 [00:04<00:04,  4.43it/s]
 57%|█████▊    | 23/40 [00:05<00:03,  4.44it/s]
 60%|██████    | 24/40 [00:05<00:03,  4.47it/s]
 62%|██████▎   | 25/40 [00:05<00:03,  4.58it/s]
 65%|██████▌   | 26/40 [00:05<00:03,  4.56it/s]
 68%|██████▊   | 27/40 [00:05<00:02,  4.45it/s]
 70%|███████   | 28/40 [00:06<00:02,  4.47it/s]
 72%|███████▎  | 29/40 [00:06<00:02,  4.48it/s]
 75%|███████▌  | 30/40 [00:06<00:02,  4.49it/s]
 78%|███████▊  | 31/40 [00:06<00:02,  4.50it/s]
 80%|████████  | 32/40 [00:07<00:01,  4.49it/s]
 82%|████████▎ | 33/40 [00:07<00:01,  4.51it/s]
 85%|████████▌ | 34/40 [00:07<00:01,  4.50it/s]
 88%|████████▊ | 35/40 [00:07<00:01,  4.50it/s]
 90%|█████████ | 36/40 [00:07<00:00,  4.50it/s]
 92%|█████████▎| 37/40 [00:08<00:00,  4.51it/s]
 95%|█████████▌| 38/40 [00:08<00:00,  4.51it/s]
 98%|█████████▊| 39/40 [00:08<00:00,  4.51it/s]
100%|██████████| 40/40 [00:08<00:00,  4.51it/s]
100%|██████████| 40/40 [00:08<00:00,  4.51it/s]
   06-the-clipboard-wave1-s2.png seed=20262725 9s  (3/4)

  0%|          | 0/40 [00:00<?, ?it/s]
  2%|▎         | 1/40 [00:00<00:07,  5.02it/s]
  5%|▌         | 2/40 [00:00<00:07,  4.93it/s]
  8%|▊         | 3/40 [00:00<00:07,  4.73it/s]
 10%|█         | 4/40 [00:00<00:07,  4.51it/s]
 12%|█▎        | 5/40 [00:01<00:07,  4.39it/s]
 15%|█▌        | 6/40 [00:01<00:07,  4.54it/s]
 18%|█▊        | 7/40 [00:01<00:07,  4.54it/s]
 20%|██        | 8/40 [00:01<00:07,  4.53it/s]
 22%|██▎       | 9/40 [00:01<00:07,  4.43it/s]
 25%|██▌       | 10/40 [00:02<00:06,  4.45it/s]
 28%|██▊       | 11/40 [00:02<00:06,  4.57it/s]
 30%|███       | 12/40 [00:02<00:06,  4.55it/s]
 32%|███▎      | 13/40 [00:02<00:06,  4.44it/s]
 35%|███▌      | 14/40 [00:03<00:05,  4.45it/s]
 38%|███▊      | 15/40 [00:03<00:05,  4.48it/s]
 40%|████      | 16/40 [00:03<00:05,  4.59it/s]
 42%|████▎     | 17/40 [00:03<00:05,  4.47it/s]
 45%|████▌     | 18/40 [00:03<00:04,  4.48it/s]
 48%|████▊     | 19/40 [00:04<00:04,  4.49it/s]
 50%|█████     | 20/40 [00:04<00:04,  4.50it/s]
 52%|█████▎    | 21/40 [00:04<00:04,  4.48it/s]
 55%|█████▌    | 22/40 [00:04<00:03,  4.52it/s]
 57%|█████▊    | 23/40 [00:05<00:03,  4.42it/s]
 60%|██████    | 24/40 [00:05<00:03,  4.55it/s]
 62%|██████▎   | 25/40 [00:05<00:03,  4.53it/s]
 65%|██████▌   | 26/40 [00:05<00:03,  4.53it/s]
 68%|██████▊   | 27/40 [00:05<00:02,  4.41it/s]
 70%|███████   | 28/40 [00:06<00:02,  4.46it/s]
 72%|███████▎  | 29/40 [00:06<00:02,  4.48it/s]
 75%|███████▌  | 30/40 [00:06<00:02,  4.50it/s]
 78%|███████▊  | 31/40 [00:06<00:02,  4.50it/s]
 80%|████████  | 32/40 [00:07<00:01,  4.50it/s]
 82%|████████▎ | 33/40 [00:07<00:01,  4.50it/s]
 85%|████████▌ | 34/40 [00:07<00:01,  4.51it/s]
 88%|████████▊ | 35/40 [00:07<00:01,  4.51it/s]
 90%|█████████ | 36/40 [00:07<00:00,  4.51it/s]
 92%|█████████▎| 37/40 [00:08<00:00,  4.41it/s]
 95%|█████████▌| 38/40 [00:08<00:00,  4.46it/s]
 98%|█████████▊| 39/40 [00:08<00:00,  4.45it/s]
100%|██████████| 40/40 [00:08<00:00,  4.47it/s]
100%|██████████| 40/40 [00:08<00:00,  4.50it/s]
   06-the-clipboard-wave1-s3.png seed=20263725 9s  (4/4)

DONE 4 stills — ONE beat. The other fourteen wait on his verdict.
==== step sample END rc=0 2026-08-15T14:18:01Z ====

==== step publish START 2026-08-15T14:18:01Z ====
argv: ["C:\\banyan-farm\\venv\\Scripts\\python.exe", "-c", "import glob, hashlib, os, shutil\nsrcdir = \"C:/banyan-farm/wave-goblin-prep/out-b06-barkboard-obj-0815\"\ndst = \"C:/banyan-farm/courier-box/farm-out/ep2-b06-barkboard-obj-0815\"\nos.makedirs(dst, exist_ok=True)\nsrc = sorted(glob.glob(srcdir + \"/06-the-clipboard-*\"))\npngs = [f for f in src if f.lower().endswith(\".png\")]\nlines = []\nfor f in src:\n    shutil.copy2(f, dst)\n    c = os.path.join(dst, os.path.basename(f))\n    with open(c, \"rb\") as fh:\n        h = hashlib.sha256(fh.read()).hexdigest()\n    lines.append(h + \"  \" + os.path.basename(f))\nwith open(os.path.join(dst, \"ep2-b06-barkboard-obj-0815.sha256\"), \"w\", newline=\"\\n\") as fh:\n    fh.write(\"\\n\".join(lines) + \"\\n\")\nprint(\"published\", len(src), \"file(s),\", len(pngs), \"png + manifest ->\", dst)\nraise SystemExit(0 if len(pngs) >= 4 else 1)\n"]
published 8 file(s), 4 png + manifest -> C:/banyan-farm/courier-box/farm-out/ep2-b06-barkboard-obj-0815
==== step publish END rc=0 2026-08-15T14:18:01Z ====
#### job ep2-b06-barkboard-obj-0815-1786803422 finished rc=0 2026-08-15T14:18:01Z
