Loading pipeline components...:  57%|█████▋    | 4/7 [00:00<00:00,  5.35it/s]
Loading pipeline components...:  86%|████████▌ | 6/7 [00:02<00:00,  2.13it/s]
Loading pipeline components...: 100%|██████████| 7/7 [00:02<00:00,  2.66it/s]
Loading pipeline components...: 100%|██████████| 7/7 [00:02<00:00,  2.91it/s]
C:\banyan-farm\venv\Lib\site-packages\torch\nn\modules\module.py:1370: UserWarning: expandable_segments not supported on this platform (Triggered internally at C:\actions-runner\_work\pytorch\pytorch\pytorch\c10/cuda/CUDAAllocatorConfig.h:39.)
  return t.to(
MODEL_LOADED cuda/bfloat16 in 8s

  0%|          | 0/40 [00:00<?, ?it/s]
  2%|▎         | 1/40 [00:00<00:16,  2.33it/s]
  5%|▌         | 2/40 [00:00<00:11,  3.29it/s]
  8%|▊         | 3/40 [00:00<00:09,  3.86it/s]
 10%|█         | 4/40 [00:01<00:08,  4.06it/s]
 12%|█▎        | 5/40 [00:01<00:08,  4.12it/s]
 15%|█▌        | 6/40 [00:01<00:08,  4.24it/s]
 18%|█▊        | 7/40 [00:01<00:07,  4.43it/s]
 20%|██        | 8/40 [00:01<00:07,  4.56it/s]
 22%|██▎       | 9/40 [00:02<00:06,  4.44it/s]
 25%|██▌       | 10/40 [00:02<00:06,  4.46it/s]
 28%|██▊       | 11/40 [00:02<00:06,  4.48it/s]
 30%|███       | 12/40 [00:02<00:06,  4.55it/s]
 32%|███▎      | 13/40 [00:03<00:05,  4.53it/s]
 35%|███▌      | 14/40 [00:03<00:05,  4.45it/s]
 38%|███▊      | 15/40 [00:03<00:05,  4.47it/s]
 40%|████      | 16/40 [00:03<00:05,  4.55it/s]
 42%|████▎     | 17/40 [00:03<00:04,  4.60it/s]
 45%|████▌     | 18/40 [00:04<00:04,  4.51it/s]
 48%|████▊     | 19/40 [00:04<00:04,  4.48it/s]
 50%|█████     | 20/40 [00:04<00:04,  4.58it/s]
 52%|█████▎    | 21/40 [00:04<00:04,  4.56it/s]
 55%|█████▌    | 22/40 [00:05<00:03,  4.55it/s]
 57%|█████▊    | 23/40 [00:05<00:03,  4.54it/s]
 60%|██████    | 24/40 [00:05<00:03,  4.53it/s]
 62%|██████▎   | 25/40 [00:05<00:03,  4.53it/s]
 65%|██████▌   | 26/40 [00:05<00:03,  4.55it/s]
 68%|██████▊   | 27/40 [00:06<00:02,  4.52it/s]
 70%|███████   | 28/40 [00:06<00:02,  4.52it/s]
 72%|███████▎  | 29/40 [00:06<00:02,  4.52it/s]
 75%|███████▌  | 30/40 [00:06<00:02,  4.61it/s]
 78%|███████▊  | 31/40 [00:07<00:01,  4.59it/s]
 80%|████████  | 32/40 [00:07<00:01,  4.57it/s]
 82%|████████▎ | 33/40 [00:07<00:01,  4.55it/s]
 85%|████████▌ | 34/40 [00:07<00:01,  4.54it/s]
 88%|████████▊ | 35/40 [00:07<00:01,  4.53it/s]
 90%|█████████ | 36/40 [00:08<00:00,  4.52it/s]
 92%|█████████▎| 37/40 [00:08<00:00,  4.52it/s]
 95%|█████████▌| 38/40 [00:08<00:00,  4.52it/s]
 98%|█████████▊| 39/40 [00:08<00:00,  4.49it/s]
100%|██████████| 40/40 [00:09<00:00,  4.54it/s]
100%|██████████| 40/40 [00:09<00:00,  4.44it/s]
   18-the-decision-wave1-s0.png seed=20260737 10s  (1/4)

  0%|          | 0/40 [00:00<?, ?it/s]
  2%|▎         | 1/40 [00:00<00:07,  5.02it/s]
  5%|▌         | 2/40 [00:00<00:07,  4.93it/s]
  8%|▊         | 3/40 [00:00<00:07,  4.74it/s]
 10%|█         | 4/40 [00:00<00:07,  4.65it/s]
 12%|█▎        | 5/40 [00:01<00:07,  4.48it/s]
 15%|█▌        | 6/40 [00:01<00:07,  4.60it/s]
 18%|█▊        | 7/40 [00:01<00:07,  4.57it/s]
 20%|██        | 8/40 [00:01<00:07,  4.55it/s]
 22%|██▎       | 9/40 [00:01<00:06,  4.43it/s]
 25%|██▌       | 10/40 [00:02<00:06,  4.45it/s]
 28%|██▊       | 11/40 [00:02<00:06,  4.57it/s]
 30%|███       | 12/40 [00:02<00:06,  4.55it/s]
 32%|███▎      | 13/40 [00:02<00:05,  4.54it/s]
 35%|███▌      | 14/40 [00:03<00:05,  4.43it/s]
 38%|███▊      | 15/40 [00:03<00:05,  4.55it/s]
 40%|████      | 16/40 [00:03<00:05,  4.54it/s]
 42%|████▎     | 17/40 [00:03<00:05,  4.54it/s]
 45%|████▌     | 18/40 [00:03<00:04,  4.53it/s]
 48%|████▊     | 19/40 [00:04<00:04,  4.52it/s]
 50%|█████     | 20/40 [00:04<00:04,  4.52it/s]
 52%|█████▎    | 21/40 [00:04<00:04,  4.52it/s]
 55%|█████▌    | 22/40 [00:04<00:03,  4.52it/s]
 57%|█████▊    | 23/40 [00:05<00:03,  4.52it/s]
 60%|██████    | 24/40 [00:05<00:03,  4.52it/s]
 62%|██████▎   | 25/40 [00:05<00:03,  4.52it/s]
 65%|██████▌   | 26/40 [00:05<00:03,  4.52it/s]
 68%|██████▊   | 27/40 [00:05<00:02,  4.52it/s]
 70%|███████   | 28/40 [00:06<00:02,  4.52it/s]
 72%|███████▎  | 29/40 [00:06<00:02,  4.52it/s]
 75%|███████▌  | 30/40 [00:06<00:02,  4.52it/s]
 78%|███████▊  | 31/40 [00:06<00:01,  4.51it/s]
 80%|████████  | 32/40 [00:07<00:01,  4.51it/s]
 82%|████████▎ | 33/40 [00:07<00:01,  4.51it/s]
 85%|████████▌ | 34/40 [00:07<00:01,  4.51it/s]
 88%|████████▊ | 35/40 [00:07<00:01,  4.51it/s]
 90%|█████████ | 36/40 [00:07<00:00,  4.51it/s]
 92%|█████████▎| 37/40 [00:08<00:00,  4.50it/s]
 95%|█████████▌| 38/40 [00:08<00:00,  4.50it/s]
 98%|█████████▊| 39/40 [00:08<00:00,  4.59it/s]
100%|██████████| 40/40 [00:08<00:00,  4.57it/s]
100%|██████████| 40/40 [00:08<00:00,  4.54it/s]
   18-the-decision-wave1-s1.png seed=20261737 9s  (2/4)

  0%|          | 0/40 [00:00<?, ?it/s]
  2%|▎         | 1/40 [00:00<00:07,  5.24it/s]
  5%|▌         | 2/40 [00:00<00:07,  4.79it/s]
  8%|▊         | 3/40 [00:00<00:07,  4.65it/s]
 10%|█         | 4/40 [00:00<00:07,  4.59it/s]
 12%|█▎        | 5/40 [00:01<00:07,  4.44it/s]
 15%|█▌        | 6/40 [00:01<00:07,  4.58it/s]
 18%|█▊        | 7/40 [00:01<00:07,  4.56it/s]
 20%|██        | 8/40 [00:01<00:07,  4.54it/s]
 22%|██▎       | 9/40 [00:01<00:06,  4.43it/s]
 25%|██▌       | 10/40 [00:02<00:06,  4.48it/s]
 28%|██▊       | 11/40 [00:02<00:06,  4.57it/s]
 30%|███       | 12/40 [00:02<00:06,  4.55it/s]
 32%|███▎      | 13/40 [00:02<00:05,  4.54it/s]
 35%|███▌      | 14/40 [00:03<00:05,  4.43it/s]
 38%|███▊      | 15/40 [00:03<00:05,  4.49it/s]
 40%|████      | 16/40 [00:03<00:05,  4.53it/s]
 42%|████▎     | 17/40 [00:03<00:05,  4.57it/s]
 45%|████▌     | 18/40 [00:03<00:04,  4.45it/s]
 48%|████▊     | 19/40 [00:04<00:04,  4.49it/s]
 50%|█████     | 20/40 [00:04<00:04,  4.59it/s]
 52%|█████▎    | 21/40 [00:04<00:04,  4.49it/s]
 55%|█████▌    | 22/40 [00:04<00:04,  4.47it/s]
 57%|█████▊    | 23/40 [00:05<00:03,  4.47it/s]
 60%|██████    | 24/40 [00:05<00:03,  4.51it/s]
 62%|██████▎   | 25/40 [00:05<00:03,  4.61it/s]
 65%|██████▌   | 26/40 [00:05<00:03,  4.48it/s]
 68%|██████▊   | 27/40 [00:05<00:02,  4.49it/s]
 70%|███████   | 28/40 [00:06<00:02,  4.50it/s]
 72%|███████▎  | 29/40 [00:06<00:02,  4.50it/s]
 75%|███████▌  | 30/40 [00:06<00:02,  4.50it/s]
 78%|███████▊  | 31/40 [00:06<00:02,  4.49it/s]
 80%|████████  | 32/40 [00:07<00:01,  4.51it/s]
 82%|████████▎ | 33/40 [00:07<00:01,  4.51it/s]
 85%|████████▌ | 34/40 [00:07<00:01,  4.51it/s]
 88%|████████▊ | 35/40 [00:07<00:01,  4.52it/s]
 90%|█████████ | 36/40 [00:07<00:00,  4.52it/s]
 92%|█████████▎| 37/40 [00:08<00:00,  4.47it/s]
 95%|█████████▌| 38/40 [00:08<00:00,  4.49it/s]
 98%|█████████▊| 39/40 [00:08<00:00,  4.54it/s]
100%|██████████| 40/40 [00:08<00:00,  4.46it/s]
100%|██████████| 40/40 [00:08<00:00,  4.52it/s]
   18-the-decision-wave1-s2.png seed=20262737 9s  (3/4)

  0%|          | 0/40 [00:00<?, ?it/s]
  2%|▎         | 1/40 [00:00<00:07,  5.00it/s]
  5%|▌         | 2/40 [00:00<00:07,  4.93it/s]
  8%|▊         | 3/40 [00:00<00:07,  4.73it/s]
 10%|█         | 4/40 [00:00<00:07,  4.51it/s]
 12%|█▎        | 5/40 [00:01<00:07,  4.51it/s]
 15%|█▌        | 6/40 [00:01<00:07,  4.49it/s]
 18%|█▊        | 7/40 [00:01<00:07,  4.63it/s]
 20%|██        | 8/40 [00:01<00:06,  4.59it/s]
 22%|██▎       | 9/40 [00:01<00:06,  4.47it/s]
 25%|██▌       | 10/40 [00:02<00:06,  4.41it/s]
 28%|██▊       | 11/40 [00:02<00:06,  4.48it/s]
 30%|███       | 12/40 [00:02<00:06,  4.51it/s]
 32%|███▎      | 13/40 [00:02<00:05,  4.54it/s]
 35%|███▌      | 14/40 [00:03<00:05,  4.44it/s]
 38%|███▊      | 15/40 [00:03<00:05,  4.47it/s]
 40%|████      | 16/40 [00:03<00:05,  4.59it/s]
 42%|████▎     | 17/40 [00:03<00:05,  4.47it/s]
 45%|████▌     | 18/40 [00:03<00:04,  4.48it/s]
 48%|████▊     | 19/40 [00:04<00:04,  4.48it/s]
 50%|█████     | 20/40 [00:04<00:04,  4.50it/s]
 52%|█████▎    | 21/40 [00:04<00:04,  4.50it/s]
 55%|█████▌    | 22/40 [00:04<00:03,  4.51it/s]
 57%|█████▊    | 23/40 [00:05<00:03,  4.51it/s]
 60%|██████    | 24/40 [00:05<00:03,  4.47it/s]
 62%|██████▎   | 25/40 [00:05<00:03,  4.53it/s]
 65%|██████▌   | 26/40 [00:05<00:03,  4.53it/s]
 68%|██████▊   | 27/40 [00:05<00:02,  4.52it/s]
 70%|███████   | 28/40 [00:06<00:02,  4.52it/s]
 72%|███████▎  | 29/40 [00:06<00:02,  4.51it/s]
 75%|███████▌  | 30/40 [00:06<00:02,  4.51it/s]
 78%|███████▊  | 31/40 [00:06<00:01,  4.51it/s]
 80%|████████  | 32/40 [00:07<00:01,  4.43it/s]
 82%|████████▎ | 33/40 [00:07<00:01,  4.55it/s]
 85%|████████▌ | 34/40 [00:07<00:01,  4.53it/s]
 88%|████████▊ | 35/40 [00:07<00:01,  4.52it/s]
 90%|█████████ | 36/40 [00:07<00:00,  4.42it/s]
 92%|█████████▎| 37/40 [00:08<00:00,  4.45it/s]
 95%|█████████▌| 38/40 [00:08<00:00,  4.53it/s]
 98%|█████████▊| 39/40 [00:08<00:00,  4.55it/s]
100%|██████████| 40/40 [00:08<00:00,  4.44it/s]
100%|██████████| 40/40 [00:08<00:00,  4.51it/s]
   18-the-decision-wave1-s3.png seed=20263737 9s  (4/4)

DONE 4 stills — ONE beat. The other fourteen wait on his verdict.
==== step sample END rc=0 2026-08-11T19:22:04Z ====

==== step publish START 2026-08-11T19:22:04Z ====
argv: ["C:\\banyan-farm\\venv\\Scripts\\python.exe", "-c", "import glob, hashlib, os, shutil\ndst = \"C:/banyan-farm/courier-box/farm-out/ep2-b18-refresh\"\nos.makedirs(dst, exist_ok=True)\nsrc = sorted(glob.glob(\"C:/banyan-farm/wave-goblin-prep/out-b18-refresh/18-the-decision-wave1-s*.*\"))\nlines = []\nfor f in src:\n    shutil.copy2(f, dst)\n    # Hash the COPY, not the original: what this records has to be the bytes\n    # that get committed, or the manifest attests to the wrong file.\n    c = os.path.join(dst, os.path.basename(f))\n    with open(c, \"rb\") as fh:\n        h = hashlib.sha256(fh.read()).hexdigest()\n    lines.append(h + \"  \" + os.path.basename(f))\n    print(\"   \", os.path.basename(f), h[:16])\n# newline=\"\\n\" is load-bearing: Windows text mode rewrites \\n to \\r\\n and\n# every filename then carries a trailing \\r that shasum -c cannot open.\nwith open(os.path.join(dst, \"18-the-decision-refresh.sha256\"), \"w\", newline=\"\\n\") as fh:\n    fh.write(\"\\n\".join(lines) + \"\\n\")\nprint(\"published\", len(src), \"file(s) + manifest ->\", dst)\n# 4 stills + 4 sidecars. Fewer means the render wrote less than it promised.\nraise SystemExit(0 if len(src) == 8 else 1)\n"]
    18-the-decision-wave1-s0.png 326101e5388e5e2f
    18-the-decision-wave1-s0.yaml f1337df1705f543e
    18-the-decision-wave1-s1.png c368e7a0a5e13c7d
    18-the-decision-wave1-s1.yaml 9e3ca57bdee8ed8c
    18-the-decision-wave1-s2.png 1eb1c9ae873bebb0
    18-the-decision-wave1-s2.yaml cb461e2e3f94c062
    18-the-decision-wave1-s3.png 6df146f0b89ade17
    18-the-decision-wave1-s3.yaml 859f21bdde1b7c31
published 8 file(s) + manifest -> C:/banyan-farm/courier-box/farm-out/ep2-b18-refresh
==== step publish END rc=0 2026-08-11T19:22:04Z ====
#### job ep2-b18-refresh-0811-1786476063 finished rc=0 2026-08-11T19:22:04Z
