#### job ep2-b18-tremble-s20260871-0817-1786965590 attempt 1 start 2026-08-17T11:21:31Z

==== step crop START 2026-08-17T11:21:35Z ====
argv: ["C:\\banyan-farm\\venv\\Scripts\\python.exe", "C:\\banyan-farm\\ep2-b18-tremble-s20260871-0817\\cover_crop.py", "--src", "C:\\banyan-farm\\courier-box\\farm-out\\ep2-b18-canon-0817\\18-the-decision-ipa-r2-w015-s2.png", "--sha256", "ab70a4adec4cb7b69df131febea47af2987d0bbab7e8a4c77810048b29e0a3f1", "--out", "C:\\banyan-farm\\ep2-b18-tremble-s20260871-0817\\b18-init-704x1280.png", "--size", "704x1280"]
src 832x1216 sha ab70a4adec4cb7b69df131febea47af2987d0bbab7e8a4c77810048b29e0a3f1
cover-crop scale=1.0526 -> 876x1280, centre box (86,0)
WROTE C:\banyan-farm\ep2-b18-tremble-s20260871-0817\b18-init-704x1280.png
==== step crop END rc=0 2026-08-17T11:21:35Z ====

==== step encode START 2026-08-17T11:21:35Z ====
argv: ["C:\\banyan-video\\venv\\Scripts\\python.exe", "C:\\banyan-farm\\banyan-city\\pipeline\\ltx_i2v.py", "--stage", "encode", "--jobs", "C:\\banyan-farm\\ep2-b18-tremble-s20260871-0817\\b18-jobs-encode.json"]
-- begin-encode: phys 10.3/68.1GB, commit 12.3/115.3GB (load 15%)
loading text encoder from C:\Users\artvn\.cache\huggingface\hub\models--Lightricks--gemma-3-12b-it-qat-q4_0-unquantized\snapshots\d62fe4f1995ade703b49a0f3c0d0f161237ef437

Loading weights:   0%|          | 0/1065 [00:00<?, ?it/s]
Loading weights:  35%|███▌      | 375/1065 [00:00<00:00, 3413.86it/s]
Loading weights:  67%|██████▋   | 717/1065 [00:00<00:00, 3226.64it/s]
Loading weights: 100%|██████████| 1065/1065 [00:00<00:00, 3377.53it/s]
-- encode-beat-18: phys 11.5/68.1GB, commit 39.1/115.3GB (load 16%)
[1/1] encoded beat 18 to C:\banyan-farm\ep2-b18-tremble-s20260871-0817\b18-embeds.pt (1, 1024, 188160)
{"peak_commit_gb": 41.6, "peak_phys_gb": 37.4, "last_stage": "encode-beat-18"}
==== step encode END rc=0 2026-08-17T11:23:08Z ====

==== step render START 2026-08-17T11:23:08Z ====
argv: ["C:\\banyan-video\\venv\\Scripts\\python.exe", "C:\\banyan-farm\\banyan-city\\pipeline\\ltx_i2v.py", "--stage", "render", "--jobs", "C:\\banyan-farm\\ep2-b18-tremble-s20260871-0817\\b18-jobs-render.json", "--size", "704x1280", "--frames", "121", "--fps", "24", "--guidance", "2.0", "--distilled-sigmas", "--two-stage", "--image-crf", "33", "--offload", "sequential", "--mode", "production", "--task", "ep2-b18-tremble-s20260871-0817", "--worker", "rtx5090", "--bench-jsonl", "C:\\banyan-farm\\ep2-b18-tremble-s20260871-0817\\bench-ep2-b18-tremble-s20260871-0817.jsonl", "--bench-label", "ep2-b18-tremble-s20260871-0817"]
recipe: offload=sequential quantisation=none (bf16)
-- begin-render: phys 10.4/68.1GB, commit 12.3/115.3GB (load 15%)
transformer  C:\Users\artvn\.cache\huggingface\hub\models--diffusers--LTX-2.3-Distilled-Diffusers\snapshots\432e0d3c2d1769aaa4d295f9243f7062bf6b47ee [subfolder=transformer, bf16]
scheduler    C:\Users\artvn\.cache\huggingface\hub\models--diffusers--LTX-2.3-Distilled-Diffusers\snapshots\432e0d3c2d1769aaa4d295f9243f7062bf6b47ee [subfolder=scheduler, distilled]
other parts  C:\Users\artvn\.cache\huggingface\hub\models--diffusers--LTX-2.3-Diffusers\snapshots\8eee8edcf067e838b843f926ec4d4cc9b2be1aaf
-- load-transformer-bf16-38GB: phys 11.1/68.1GB, commit 14.2/115.3GB (load 16%)

Loading checkpoint shards:   0%|          | 0/8 [00:00<?, ?it/s]
Loading checkpoint shards:  12%|█▎        | 1/8 [00:00<00:00,  9.75it/s]
Loading checkpoint shards:  25%|██▌       | 2/8 [00:00<00:00,  9.73it/s]
Loading checkpoint shards:  50%|█████     | 4/8 [00:00<00:00,  9.07it/s]
Loading checkpoint shards: 100%|██████████| 8/8 [00:00<00:00, 17.40it/s]
Loading checkpoint shards: 100%|██████████| 8/8 [00:00<00:00, 14.63it/s]
-- load-connectors-12.7GB-and-vae: phys 11.1/68.1GB, commit 52.5/115.3GB (load 16%)

Loading checkpoint shards:   0%|          | 0/2 [00:00<?, ?it/s]
Loading checkpoint shards: 100%|██████████| 2/2 [00:00<00:00, 66.64it/s]
-- offload-setup-sequential: phys 11.1/68.1GB, commit 62.1/115.3GB (load 16%)
C:\banyan-video\venv\Lib\site-packages\accelerate\utils\modeling.py:345: UserWarning: expandable_segments not supported on this platform (Triggered internally at C:\actions-runner\_work\pytorch\pytorch\pytorch\c10/cuda/CUDAAllocatorConfig.h:39.)
  new_value = old_value.to(device, non_blocking=non_blocking)
conditioning still round-tripped through libx264 crf=33 -> C:\banyan-farm\ep2-b18-tremble-s20260871-0817\cond-crf-18.png
-- stage1-denoise-352x640-8steps: phys 12.0/68.1GB, commit 62.5/115.3GB (load 17%)

  0%|          | 0/8 [00:00<?, ?it/s]
 12%|█▎        | 1/8 [01:06<07:48, 66.97s/it]
 25%|██▌       | 2/8 [01:21<03:35, 35.88s/it]
 38%|███▊      | 3/8 [01:31<02:01, 24.32s/it]
 50%|█████     | 4/8 [01:41<01:13, 18.49s/it]
 62%|██████▎   | 5/8 [01:51<00:46, 15.54s/it]
 75%|███████▌  | 6/8 [02:01<00:27, 13.78s/it]
 88%|████████▊ | 7/8 [02:11<00:12, 12.39s/it]
100%|██████████| 8/8 [02:21<00:00, 11.58s/it]
100%|██████████| 8/8 [02:21<00:00, 17.66s/it]
stage1 latents (1, 128, 16, 20, 11)
-- upsample-2x-latent: phys 55.0/68.1GB, commit 65.3/115.3GB (load 80%)
There are modules in LTX2LatentUpsamplerModel that should be kept in float32: []. Casting directly with `to()` can lead to inconsistent results; set `torch_dtype` in `from_pretrained()` instead to keep these modules in float32.
upsampled latents (1, 128, 16, 40, 22)
-- stage2-refine-704x1280-3steps: phys 57.8/68.1GB, commit 68.0/115.3GB (load 84%)

  0%|          | 0/3 [00:00<?, ?it/s]
 33%|███▎      | 1/3 [00:30<01:00, 30.19s/it]
 67%|██████▋   | 2/3 [01:01<00:31, 31.08s/it]
100%|██████████| 3/3 [01:34<00:00, 31.86s/it]
100%|██████████| 3/3 [01:34<00:00, 31.56s/it]
-- decode-and-export: phys 64.5/68.1GB, commit 72.3/115.3GB (load 94%)
[1/1] wrote C:\banyan-farm\ep2-b18-tremble-s20260871-0817\18-the-decision-LTX-ep2-b18-tremble-s20260871-0817.mp4 in 260s (121 frames, 704x1280, 8@352x640+3@704x1280 steps, peak torch 12.0GB, device 3.1/26GB)
THROUGHPUT 0.0194 s(video)/s(wall) (1 x 5.042s of video in 260s)
bench row -> C:\banyan-farm\ep2-b18-tremble-s20260871-0817\bench-ep2-b18-tremble-s20260871-0817.jsonl
{"sample_s": 260.4, "peak_gb": 12.0, "peak_commit_gb": 81.4, "frames": 121, "size": "704x1280", "steps": "8@352x640+3@704x1280", "batch": 1, "mode": "production", "throughput_s_per_s": 0.0194, "two_stage": true, "image_crf": 33, "offload": "sequential", "quantisation": null}
{"peak_commit_gb": 81.4, "peak_phys_gb": 65.2, "last_stage": "decode-and-export"}
==== step render END rc=0 2026-08-17T11:27:43Z ====

==== step publish START 2026-08-17T11:27:43Z ====
argv: ["C:\\banyan-farm\\venv\\Scripts\\python.exe", "-c", "import glob, hashlib, os, shutil\n# farm-out is NOT gitignored: the runner pushes whatever lands here itself,\n# so a clip that reaches this dir survives without any change to the runner.\ndst = \"C:/banyan-farm/courier-box/farm-out/ep2-b18-tremble-s20260871-0817\"\nos.makedirs(dst, exist_ok=True)\nsrc = sorted(glob.glob(\"C:/banyan-farm/ep2-b18-tremble-s20260871-0817/18-the-decision-LTX-ep2-b18-tremble-s20260871-0817.mp4*\")\n             + glob.glob(\"C:/banyan-farm/ep2-b18-tremble-s20260871-0817/b18-init-704x1280.png\")\n             + glob.glob(\"C:/banyan-farm/ep2-b18-tremble-s20260871-0817/bench-ep2-b18-tremble-s20260871-0817.jsonl\"))\nlines = []\nfor f in src:\n    shutil.copy2(f, dst)\n    c = os.path.join(dst, os.path.basename(f))\n    with open(c, \"rb\") as fh:\n        h = hashlib.sha256(fh.read()).hexdigest()\n    lines.append(h + \"  \" + os.path.basename(f))\nwith open(os.path.join(dst, \"ep2-b18-tremble-s20260871-0817.sha256\"), \"w\", newline=\"\\n\") as fh:\n    fh.write(\"\\n\".join(lines) + \"\\n\")\nprint(\"published\", len(src), \"file(s) + manifest ->\", dst)\n# >=2 so a run that wrote the init but no clip cannot pass silently.\nraise SystemExit(0 if len(src) >= 2 else 1)\n"]
published 4 file(s) + manifest -> C:/banyan-farm/courier-box/farm-out/ep2-b18-tremble-s20260871-0817
==== step publish END rc=0 2026-08-17T11:27:44Z ====
#### job ep2-b18-tremble-s20260871-0817-1786965590 finished rc=0 2026-08-17T11:27:44Z
