Loading pipeline components...:  29%|██▊       | 2/7 [00:04<00:12,  2.47s/it]
Loading pipeline components...:  57%|█████▋    | 4/7 [00:04<00:02,  1.00it/s]
Loading pipeline components...:  86%|████████▌ | 6/7 [00:05<00:00,  1.23it/s]
Loading pipeline components...: 100%|██████████| 7/7 [00:05<00:00,  1.20it/s]
C:\banyan-farm\venv\Lib\site-packages\torch\nn\modules\module.py:1370: UserWarning: expandable_segments not supported on this platform (Triggered internally at C:\actions-runner\_work\pytorch\pytorch\pytorch\c10/cuda/CUDAAllocatorConfig.h:39.)
  return t.to(
MODEL_LOADED cuda/bfloat16 in 11s

  0%|          | 0/40 [00:00<?, ?it/s]
  2%|▎         | 1/40 [00:00<00:32,  1.19it/s]
  5%|▌         | 2/40 [00:01<00:17,  2.15it/s]
  8%|▊         | 3/40 [00:01<00:12,  2.89it/s]
 10%|█         | 4/40 [00:01<00:10,  3.44it/s]
 12%|█▎        | 5/40 [00:01<00:09,  3.65it/s]
 15%|█▌        | 6/40 [00:01<00:08,  3.86it/s]
 18%|█▊        | 7/40 [00:02<00:07,  4.14it/s]
 20%|██        | 8/40 [00:02<00:07,  4.27it/s]
 22%|██▎       | 9/40 [00:02<00:07,  4.42it/s]
 25%|██▌       | 10/40 [00:02<00:07,  4.26it/s]
 28%|██▊       | 11/40 [00:03<00:06,  4.34it/s]
 30%|███       | 12/40 [00:03<00:06,  4.48it/s]
 32%|███▎      | 13/40 [00:03<00:05,  4.59it/s]
 35%|███▌      | 14/40 [00:03<00:05,  4.43it/s]
 38%|███▊      | 15/40 [00:03<00:05,  4.40it/s]
 40%|████      | 16/40 [00:04<00:05,  4.53it/s]
 42%|████▎     | 17/40 [00:04<00:04,  4.62it/s]
 45%|████▌     | 18/40 [00:04<00:04,  4.59it/s]
 48%|████▊     | 19/40 [00:04<00:04,  4.41it/s]
 50%|█████     | 20/40 [00:05<00:04,  4.50it/s]
 52%|█████▎    | 21/40 [00:05<00:04,  4.51it/s]
 55%|█████▌    | 22/40 [00:05<00:03,  4.54it/s]
 57%|█████▊    | 23/40 [00:05<00:03,  4.51it/s]
 60%|██████    | 24/40 [00:05<00:03,  4.51it/s]
 62%|██████▎   | 25/40 [00:06<00:03,  4.52it/s]
 65%|██████▌   | 26/40 [00:06<00:03,  4.61it/s]
 68%|██████▊   | 27/40 [00:06<00:02,  4.58it/s]
 70%|███████   | 28/40 [00:06<00:02,  4.46it/s]
 72%|███████▎  | 29/40 [00:07<00:02,  4.48it/s]
 75%|███████▌  | 30/40 [00:07<00:02,  4.49it/s]
 78%|███████▊  | 31/40 [00:07<00:01,  4.60it/s]
 80%|████████  | 32/40 [00:07<00:01,  4.48it/s]
 82%|████████▎ | 33/40 [00:07<00:01,  4.49it/s]
 85%|████████▌ | 34/40 [00:08<00:01,  4.49it/s]
 88%|████████▊ | 35/40 [00:08<00:01,  4.59it/s]
 90%|█████████ | 36/40 [00:08<00:00,  4.57it/s]
 92%|█████████▎| 37/40 [00:08<00:00,  4.54it/s]
 95%|█████████▌| 38/40 [00:08<00:00,  4.54it/s]
 98%|█████████▊| 39/40 [00:09<00:00,  4.53it/s]
100%|██████████| 40/40 [00:09<00:00,  4.52it/s]
100%|██████████| 40/40 [00:09<00:00,  4.24it/s]
   15-good-listener-wave1-s0.png seed=20260734 11s  (1/4)

  0%|          | 0/40 [00:00<?, ?it/s]
  2%|▎         | 1/40 [00:00<00:07,  5.27it/s]
  5%|▌         | 2/40 [00:00<00:07,  5.03it/s]
  8%|▊         | 3/40 [00:00<00:07,  4.95it/s]
 10%|█         | 4/40 [00:00<00:07,  4.62it/s]
 12%|█▎        | 5/40 [00:01<00:08,  4.35it/s]
 15%|█▌        | 6/40 [00:01<00:07,  4.51it/s]
 18%|█▊        | 7/40 [00:01<00:07,  4.61it/s]
 20%|██        | 8/40 [00:01<00:06,  4.57it/s]
 22%|██▎       | 9/40 [00:01<00:06,  4.46it/s]
 25%|██▌       | 10/40 [00:02<00:06,  4.38it/s]
 28%|██▊       | 11/40 [00:02<00:06,  4.51it/s]
 30%|███       | 12/40 [00:02<00:06,  4.62it/s]
 32%|███▎      | 13/40 [00:02<00:06,  4.49it/s]
 35%|███▌      | 14/40 [00:03<00:05,  4.40it/s]
 38%|███▊      | 15/40 [00:03<00:05,  4.53it/s]
 40%|████      | 16/40 [00:03<00:05,  4.50it/s]
 42%|████▎     | 17/40 [00:03<00:05,  4.53it/s]
 45%|████▌     | 18/40 [00:03<00:04,  4.53it/s]
 48%|████▊     | 19/40 [00:04<00:04,  4.43it/s]
 50%|█████     | 20/40 [00:04<00:04,  4.55it/s]
 52%|█████▎    | 21/40 [00:04<00:04,  4.54it/s]
 55%|█████▌    | 22/40 [00:04<00:03,  4.53it/s]
 57%|█████▊    | 23/40 [00:05<00:03,  4.43it/s]
 60%|██████    | 24/40 [00:05<00:03,  4.46it/s]
 62%|██████▎   | 25/40 [00:05<00:03,  4.57it/s]
 65%|██████▌   | 26/40 [00:05<00:03,  4.55it/s]
 68%|██████▊   | 27/40 [00:05<00:02,  4.54it/s]
 70%|███████   | 28/40 [00:06<00:02,  4.52it/s]
 72%|███████▎  | 29/40 [00:06<00:02,  4.48it/s]
 75%|███████▌  | 30/40 [00:06<00:02,  4.50it/s]
 78%|███████▊  | 31/40 [00:06<00:02,  4.48it/s]
 80%|████████  | 32/40 [00:07<00:01,  4.46it/s]
 82%|████████▎ | 33/40 [00:07<00:01,  4.57it/s]
 85%|████████▌ | 34/40 [00:07<00:01,  4.56it/s]
 88%|████████▊ | 35/40 [00:07<00:01,  4.55it/s]
 90%|█████████ | 36/40 [00:07<00:00,  4.53it/s]
 92%|█████████▎| 37/40 [00:08<00:00,  4.43it/s]
 95%|█████████▌| 38/40 [00:08<00:00,  4.55it/s]
 98%|█████████▊| 39/40 [00:08<00:00,  4.54it/s]
100%|██████████| 40/40 [00:08<00:00,  4.52it/s]
100%|██████████| 40/40 [00:08<00:00,  4.53it/s]
   15-good-listener-wave1-s1.png seed=20261734 9s  (2/4)

  0%|          | 0/40 [00:00<?, ?it/s]
  2%|▎         | 1/40 [00:00<00:07,  5.09it/s]
  5%|▌         | 2/40 [00:00<00:07,  4.94it/s]
  8%|▊         | 3/40 [00:00<00:07,  4.73it/s]
 10%|█         | 4/40 [00:00<00:07,  4.63it/s]
 12%|█▎        | 5/40 [00:01<00:08,  4.36it/s]
 15%|█▌        | 6/40 [00:01<00:07,  4.51it/s]
 18%|█▊        | 7/40 [00:01<00:07,  4.55it/s]
 20%|██        | 8/40 [00:01<00:06,  4.61it/s]
 22%|██▎       | 9/40 [00:01<00:06,  4.48it/s]
 25%|██▌       | 10/40 [00:02<00:06,  4.49it/s]
 28%|██▊       | 11/40 [00:02<00:06,  4.50it/s]
 30%|███       | 12/40 [00:02<00:06,  4.60it/s]
 32%|███▎      | 13/40 [00:02<00:06,  4.48it/s]
 35%|███▌      | 14/40 [00:03<00:05,  4.40it/s]
 38%|███▊      | 15/40 [00:03<00:05,  4.53it/s]
 40%|████      | 16/40 [00:03<00:05,  4.53it/s]
 42%|████▎     | 17/40 [00:03<00:05,  4.53it/s]
 45%|████▌     | 18/40 [00:03<00:04,  4.42it/s]
 48%|████▊     | 19/40 [00:04<00:04,  4.43it/s]
 50%|█████     | 20/40 [00:04<00:04,  4.57it/s]
 52%|█████▎    | 21/40 [00:04<00:04,  4.55it/s]
 55%|█████▌    | 22/40 [00:04<00:03,  4.54it/s]
 57%|█████▊    | 23/40 [00:05<00:03,  4.44it/s]
 60%|██████    | 24/40 [00:05<00:03,  4.46it/s]
 62%|██████▎   | 25/40 [00:05<00:03,  4.57it/s]
 65%|██████▌   | 26/40 [00:05<00:03,  4.47it/s]
 68%|██████▊   | 27/40 [00:05<00:02,  4.47it/s]
 70%|███████   | 28/40 [00:06<00:02,  4.48it/s]
 72%|███████▎  | 29/40 [00:06<00:02,  4.49it/s]
 75%|███████▌  | 30/40 [00:06<00:02,  4.50it/s]
 78%|███████▊  | 31/40 [00:06<00:01,  4.51it/s]
 80%|████████  | 32/40 [00:07<00:01,  4.51it/s]
 82%|████████▎ | 33/40 [00:07<00:01,  4.51it/s]
 85%|████████▌ | 34/40 [00:07<00:01,  4.51it/s]
 88%|████████▊ | 35/40 [00:07<00:01,  4.51it/s]
 90%|█████████ | 36/40 [00:07<00:00,  4.47it/s]
 92%|█████████▎| 37/40 [00:08<00:00,  4.53it/s]
 95%|█████████▌| 38/40 [00:08<00:00,  4.52it/s]
 98%|█████████▊| 39/40 [00:08<00:00,  4.50it/s]
100%|██████████| 40/40 [00:08<00:00,  4.47it/s]
100%|██████████| 40/40 [00:08<00:00,  4.51it/s]
   15-good-listener-wave1-s2.png seed=20262734 9s  (3/4)

  0%|          | 0/40 [00:00<?, ?it/s]
  2%|▎         | 1/40 [00:00<00:07,  5.22it/s]
  5%|▌         | 2/40 [00:00<00:07,  5.00it/s]
  8%|▊         | 3/40 [00:00<00:07,  4.94it/s]
 10%|█         | 4/40 [00:00<00:07,  4.62it/s]
 12%|█▎        | 5/40 [00:01<00:08,  4.35it/s]
 15%|█▌        | 6/40 [00:01<00:07,  4.51it/s]
 18%|█▊        | 7/40 [00:01<00:07,  4.60it/s]
 20%|██        | 8/40 [00:01<00:07,  4.57it/s]
 22%|██▎       | 9/40 [00:01<00:06,  4.45it/s]
 25%|██▌       | 10/40 [00:02<00:06,  4.37it/s]
 28%|██▊       | 11/40 [00:02<00:06,  4.51it/s]
 30%|███       | 12/40 [00:02<00:06,  4.51it/s]
 32%|███▎      | 13/40 [00:02<00:06,  4.45it/s]
 35%|███▌      | 14/40 [00:03<00:05,  4.45it/s]
 38%|███▊      | 15/40 [00:03<00:05,  4.43it/s]
 40%|████      | 16/40 [00:03<00:05,  4.59it/s]
 42%|████▎     | 17/40 [00:03<00:05,  4.49it/s]
 45%|████▌     | 18/40 [00:03<00:04,  4.48it/s]
 48%|████▊     | 19/40 [00:04<00:04,  4.49it/s]
 50%|█████     | 20/40 [00:04<00:04,  4.50it/s]
 52%|█████▎    | 21/40 [00:04<00:04,  4.49it/s]
 55%|█████▌    | 22/40 [00:04<00:04,  4.45it/s]
 57%|█████▊    | 23/40 [00:05<00:03,  4.44it/s]
 60%|██████    | 24/40 [00:05<00:03,  4.46it/s]
 62%|██████▎   | 25/40 [00:05<00:03,  4.57it/s]
 65%|██████▌   | 26/40 [00:05<00:03,  4.56it/s]
 68%|██████▊   | 27/40 [00:05<00:02,  4.44it/s]
 70%|███████   | 28/40 [00:06<00:02,  4.47it/s]
 72%|███████▎  | 29/40 [00:06<00:02,  4.49it/s]
 75%|███████▌  | 30/40 [00:06<00:02,  4.50it/s]
 78%|███████▊  | 31/40 [00:06<00:01,  4.50it/s]
 80%|████████  | 32/40 [00:07<00:01,  4.41it/s]
 82%|████████▎ | 33/40 [00:07<00:01,  4.53it/s]
 85%|████████▌ | 34/40 [00:07<00:01,  4.52it/s]
 88%|████████▊ | 35/40 [00:07<00:01,  4.52it/s]
 90%|█████████ | 36/40 [00:07<00:00,  4.42it/s]
 92%|█████████▎| 37/40 [00:08<00:00,  4.45it/s]
 95%|█████████▌| 38/40 [00:08<00:00,  4.57it/s]
 98%|█████████▊| 39/40 [00:08<00:00,  4.55it/s]
100%|██████████| 40/40 [00:08<00:00,  4.45it/s]
100%|██████████| 40/40 [00:08<00:00,  4.51it/s]
   15-good-listener-wave1-s3.png seed=20263734 9s  (4/4)

DONE 4 stills — ONE beat. The other fourteen wait on his verdict.
==== step sample END rc=0 2026-08-11T11:21:42Z ====

==== step publish START 2026-08-11T11:21:42Z ====
argv: ["C:\\banyan-farm\\venv\\Scripts\\python.exe", "-c", "import glob, hashlib, os, shutil\ndst = \"C:/banyan-farm/courier-box/farm-out/ep2-b15-goblin-simple\"\nos.makedirs(dst, exist_ok=True)\nsrc = sorted(glob.glob(\"C:/banyan-farm/wave-goblin-prep/out-b15-simple/15-good-listener-wave1-s*.*\"))\nlines = []\nfor f in src:\n    shutil.copy2(f, dst)\n    # Hash the COPY, not the original: what this records has to be the\n    # bytes that get committed, or the manifest attests to the wrong file.\n    c = os.path.join(dst, os.path.basename(f))\n    with open(c, \"rb\") as fh:\n        h = hashlib.sha256(fh.read()).hexdigest()\n    lines.append(h + \"  \" + os.path.basename(f))\n    print(\"   \", os.path.basename(f), h[:16])\n# shasum -c format, and newline=\"\\n\" is load-bearing: Windows text mode\n# rewrites \\n to \\r\\n and every filename then carries a trailing \\r that\n# shasum -c cannot open. Measured on this farm, not guessed.\nwith open(os.path.join(dst, \"ep2-b15-goblin-simple.sha256\"), \"w\", newline=\"\\n\") as fh:\n    fh.write(\"\\n\".join(lines) + \"\\n\")\nprint(\"published\", len(src), \"file(s) + manifest ->\", dst)\n# 4 stills + 4 sidecars. Fewer means the render wrote less than it promised.\nraise SystemExit(0 if len(src) == 8 else 1)\n"]
    15-good-listener-wave1-s0.png 071143eba5109663
    15-good-listener-wave1-s0.yaml 6b5702a134537d99
    15-good-listener-wave1-s1.png a547e3ae33ea7187
    15-good-listener-wave1-s1.yaml 294eb0b9cf3c87b2
    15-good-listener-wave1-s2.png a6e8e5c6092d3a11
    15-good-listener-wave1-s2.yaml da62092f988d1d81
    15-good-listener-wave1-s3.png cfc5d701885d89d1
    15-good-listener-wave1-s3.yaml 517717698df5fa7c
published 8 file(s) + manifest -> C:/banyan-farm/courier-box/farm-out/ep2-b15-goblin-simple
==== step publish END rc=0 2026-08-11T11:21:42Z ====
#### job ep2-b15-goblin-simple-0811-1786447234 finished rc=0 2026-08-11T11:21:42Z
