100%|██████████| 40/40 [00:09<00:00,  4.39it/s]
   04-the-footnote-ipa-r2-w015-s7.png seed=20267723 10s  (12/16)

  0%|          | 0/40 [00:00<?, ?it/s]
  2%|▎         | 1/40 [00:00<00:08,  4.64it/s]
  5%|▌         | 2/40 [00:00<00:07,  4.78it/s]
  8%|▊         | 3/40 [00:00<00:07,  4.65it/s]
 10%|█         | 4/40 [00:00<00:08,  4.34it/s]
 12%|█▎        | 5/40 [00:01<00:08,  4.23it/s]
 15%|█▌        | 6/40 [00:01<00:08,  4.22it/s]
 18%|█▊        | 7/40 [00:01<00:07,  4.39it/s]
 20%|██        | 8/40 [00:01<00:07,  4.43it/s]
 22%|██▎       | 9/40 [00:02<00:07,  4.25it/s]
 25%|██▌       | 10/40 [00:02<00:06,  4.33it/s]
 28%|██▊       | 11/40 [00:02<00:06,  4.39it/s]
 30%|███       | 12/40 [00:02<00:06,  4.43it/s]
 32%|███▎      | 13/40 [00:02<00:06,  4.36it/s]
 35%|███▌      | 14/40 [00:03<00:06,  4.30it/s]
 38%|███▊      | 15/40 [00:03<00:05,  4.46it/s]
 40%|████      | 16/40 [00:03<00:05,  4.40it/s]
 42%|████▎     | 17/40 [00:03<00:05,  4.43it/s]
 45%|████▌     | 18/40 [00:04<00:05,  4.31it/s]
 48%|████▊     | 19/40 [00:04<00:04,  4.36it/s]
 50%|█████     | 20/40 [00:04<00:04,  4.41it/s]
 52%|█████▎    | 21/40 [00:04<00:04,  4.43it/s]
 55%|█████▌    | 22/40 [00:05<00:04,  4.35it/s]
 57%|█████▊    | 23/40 [00:05<00:03,  4.39it/s]
 60%|██████    | 24/40 [00:05<00:03,  4.38it/s]
 62%|██████▎   | 25/40 [00:05<00:03,  4.41it/s]
 65%|██████▌   | 26/40 [00:05<00:03,  4.35it/s]
 68%|██████▊   | 27/40 [00:06<00:02,  4.37it/s]
 70%|███████   | 28/40 [00:06<00:02,  4.37it/s]
 72%|███████▎  | 29/40 [00:06<00:02,  4.41it/s]
 75%|███████▌  | 30/40 [00:06<00:02,  4.37it/s]
 78%|███████▊  | 31/40 [00:07<00:02,  4.41it/s]
 80%|████████  | 32/40 [00:07<00:01,  4.39it/s]
 82%|████████▎ | 33/40 [00:07<00:01,  4.42it/s]
 85%|████████▌ | 34/40 [00:07<00:01,  4.45it/s]
 88%|████████▊ | 35/40 [00:07<00:01,  4.42it/s]
 90%|█████████ | 36/40 [00:08<00:00,  4.33it/s]
 92%|█████████▎| 37/40 [00:08<00:00,  4.42it/s]
 95%|█████████▌| 38/40 [00:08<00:00,  4.37it/s]
 98%|█████████▊| 39/40 [00:08<00:00,  4.43it/s]
100%|██████████| 40/40 [00:09<00:00,  4.35it/s]
100%|██████████| 40/40 [00:09<00:00,  4.38it/s]
   04-the-footnote-ipa-r3-w015-s4.png seed=20264723 9s  (13/16)

  0%|          | 0/40 [00:00<?, ?it/s]
  2%|▎         | 1/40 [00:00<00:08,  4.62it/s]
  5%|▌         | 2/40 [00:00<00:08,  4.62it/s]
  8%|▊         | 3/40 [00:00<00:08,  4.51it/s]
 10%|█         | 4/40 [00:00<00:08,  4.32it/s]
 12%|█▎        | 5/40 [00:01<00:08,  4.30it/s]
 15%|█▌        | 6/40 [00:01<00:07,  4.27it/s]
 18%|█▊        | 7/40 [00:01<00:07,  4.38it/s]
 20%|██        | 8/40 [00:01<00:07,  4.42it/s]
 22%|██▎       | 9/40 [00:02<00:07,  4.29it/s]
 25%|██▌       | 10/40 [00:02<00:06,  4.36it/s]
 28%|██▊       | 11/40 [00:02<00:06,  4.40it/s]
 30%|███       | 12/40 [00:02<00:06,  4.47it/s]
 32%|███▎      | 13/40 [00:02<00:06,  4.30it/s]
 35%|███▌      | 14/40 [00:03<00:05,  4.38it/s]
 38%|███▊      | 15/40 [00:03<00:05,  4.42it/s]
 40%|████      | 16/40 [00:03<00:05,  4.44it/s]
 42%|████▎     | 17/40 [00:03<00:05,  4.37it/s]
 45%|████▌     | 18/40 [00:04<00:04,  4.41it/s]
 48%|████▊     | 19/40 [00:04<00:04,  4.37it/s]
 50%|█████     | 20/40 [00:04<00:04,  4.41it/s]
 52%|█████▎    | 21/40 [00:04<00:04,  4.45it/s]
 55%|█████▌    | 22/40 [00:05<00:04,  4.38it/s]
 57%|█████▊    | 23/40 [00:05<00:03,  4.36it/s]
 60%|██████    | 24/40 [00:05<00:03,  4.37it/s]
 62%|██████▎   | 25/40 [00:05<00:03,  4.45it/s]
 65%|██████▌   | 26/40 [00:05<00:03,  4.32it/s]
 68%|██████▊   | 27/40 [00:06<00:02,  4.36it/s]
 70%|███████   | 28/40 [00:06<00:02,  4.43it/s]
 72%|███████▎  | 29/40 [00:06<00:02,  4.36it/s]
 75%|███████▌  | 30/40 [00:06<00:02,  4.42it/s]
 78%|███████▊  | 31/40 [00:07<00:02,  4.36it/s]
 80%|████████  | 32/40 [00:07<00:01,  4.40it/s]
 82%|████████▎ | 33/40 [00:07<00:01,  4.37it/s]
 85%|████████▌ | 34/40 [00:07<00:01,  4.37it/s]
 88%|████████▊ | 35/40 [00:07<00:01,  4.38it/s]
 90%|█████████ | 36/40 [00:08<00:00,  4.42it/s]
 92%|█████████▎| 37/40 [00:08<00:00,  4.46it/s]
 95%|█████████▌| 38/40 [00:08<00:00,  4.38it/s]
 98%|█████████▊| 39/40 [00:08<00:00,  4.42it/s]
100%|██████████| 40/40 [00:09<00:00,  4.38it/s]
100%|██████████| 40/40 [00:09<00:00,  4.39it/s]
   04-the-footnote-ipa-r3-w015-s5.png seed=20265723 9s  (14/16)

  0%|          | 0/40 [00:00<?, ?it/s]
  2%|▎         | 1/40 [00:00<00:08,  4.71it/s]
  5%|▌         | 2/40 [00:00<00:08,  4.58it/s]
  8%|▊         | 3/40 [00:00<00:08,  4.51it/s]
 10%|█         | 4/40 [00:00<00:08,  4.34it/s]
 12%|█▎        | 5/40 [00:01<00:08,  4.23it/s]
 15%|█▌        | 6/40 [00:01<00:08,  4.22it/s]
 18%|█▊        | 7/40 [00:01<00:07,  4.43it/s]
 20%|██        | 8/40 [00:01<00:07,  4.29it/s]
 22%|██▎       | 9/40 [00:02<00:07,  4.27it/s]
 25%|██▌       | 10/40 [00:02<00:06,  4.33it/s]
 28%|██▊       | 11/40 [00:02<00:06,  4.40it/s]
 30%|███       | 12/40 [00:02<00:06,  4.41it/s]
 32%|███▎      | 13/40 [00:02<00:06,  4.33it/s]
 35%|███▌      | 14/40 [00:03<00:05,  4.38it/s]
 38%|███▊      | 15/40 [00:03<00:05,  4.41it/s]
 40%|████      | 16/40 [00:03<00:05,  4.47it/s]
 42%|████▎     | 17/40 [00:03<00:05,  4.33it/s]
 45%|████▌     | 18/40 [00:04<00:05,  4.35it/s]
 48%|████▊     | 19/40 [00:04<00:04,  4.36it/s]
 50%|█████     | 20/40 [00:04<00:04,  4.41it/s]
 52%|█████▎    | 21/40 [00:04<00:04,  4.44it/s]
 55%|█████▌    | 22/40 [00:05<00:04,  4.35it/s]
 57%|█████▊    | 23/40 [00:05<00:03,  4.44it/s]
 60%|██████    | 24/40 [00:05<00:03,  4.36it/s]
 62%|██████▎   | 25/40 [00:05<00:03,  4.40it/s]
 65%|██████▌   | 26/40 [00:05<00:03,  4.35it/s]
 68%|██████▊   | 27/40 [00:06<00:02,  4.35it/s]
 70%|███████   | 28/40 [00:06<00:02,  4.39it/s]
 72%|███████▎  | 29/40 [00:06<00:02,  4.43it/s]
 75%|███████▌  | 30/40 [00:06<00:02,  4.40it/s]
 78%|███████▊  | 31/40 [00:07<00:02,  4.36it/s]
 80%|████████  | 32/40 [00:07<00:01,  4.36it/s]
 82%|████████▎ | 33/40 [00:07<00:01,  4.45it/s]
 85%|████████▌ | 34/40 [00:07<00:01,  4.38it/s]
 88%|████████▊ | 35/40 [00:07<00:01,  4.45it/s]
 90%|█████████ | 36/40 [00:08<00:00,  4.35it/s]
 92%|█████████▎| 37/40 [00:08<00:00,  4.45it/s]
 95%|█████████▌| 38/40 [00:08<00:00,  4.38it/s]
 98%|█████████▊| 39/40 [00:08<00:00,  4.41it/s]
100%|██████████| 40/40 [00:09<00:00,  4.39it/s]
100%|██████████| 40/40 [00:09<00:00,  4.38it/s]
   04-the-footnote-ipa-r3-w015-s6.png seed=20266723 10s  (15/16)

  0%|          | 0/40 [00:00<?, ?it/s]
  2%|▎         | 1/40 [00:00<00:08,  4.66it/s]
  5%|▌         | 2/40 [00:00<00:08,  4.57it/s]
  8%|▊         | 3/40 [00:00<00:08,  4.60it/s]
 10%|█         | 4/40 [00:00<00:08,  4.31it/s]
 12%|█▎        | 5/40 [00:01<00:08,  4.18it/s]
 15%|█▌        | 6/40 [00:01<00:07,  4.25it/s]
 18%|█▊        | 7/40 [00:01<00:07,  4.40it/s]
 20%|██        | 8/40 [00:01<00:07,  4.33it/s]
 22%|██▎       | 9/40 [00:02<00:07,  4.30it/s]
 25%|██▌       | 10/40 [00:02<00:06,  4.39it/s]
 28%|██▊       | 11/40 [00:02<00:06,  4.43it/s]
 30%|███       | 12/40 [00:02<00:06,  4.38it/s]
 32%|███▎      | 13/40 [00:02<00:06,  4.34it/s]
 35%|███▌      | 14/40 [00:03<00:05,  4.40it/s]
 38%|███▊      | 15/40 [00:03<00:05,  4.43it/s]
 40%|████      | 16/40 [00:03<00:05,  4.46it/s]
 42%|████▎     | 17/40 [00:03<00:05,  4.41it/s]
 45%|████▌     | 18/40 [00:04<00:05,  4.35it/s]
 48%|████▊     | 19/40 [00:04<00:04,  4.33it/s]
 50%|█████     | 20/40 [00:04<00:04,  4.38it/s]
 52%|█████▎    | 21/40 [00:04<00:04,  4.46it/s]
 55%|█████▌    | 22/40 [00:05<00:04,  4.37it/s]
 57%|█████▊    | 23/40 [00:05<00:03,  4.31it/s]
 60%|██████    | 24/40 [00:05<00:03,  4.37it/s]
 62%|██████▎   | 25/40 [00:05<00:03,  4.42it/s]
 65%|██████▌   | 26/40 [00:05<00:03,  4.44it/s]
 68%|██████▊   | 27/40 [00:06<00:02,  4.36it/s]
 70%|███████   | 28/40 [00:06<00:02,  4.39it/s]
 72%|███████▎  | 29/40 [00:06<00:02,  4.43it/s]
 75%|███████▌  | 30/40 [00:06<00:02,  4.34it/s]
 78%|███████▊  | 31/40 [00:07<00:02,  4.39it/s]
 80%|████████  | 32/40 [00:07<00:01,  4.43it/s]
 82%|████████▎ | 33/40 [00:07<00:01,  4.40it/s]
 85%|████████▌ | 34/40 [00:07<00:01,  4.44it/s]
 88%|████████▊ | 35/40 [00:07<00:01,  4.39it/s]
 90%|█████████ | 36/40 [00:08<00:00,  4.34it/s]
 92%|█████████▎| 37/40 [00:08<00:00,  4.36it/s]
 95%|█████████▌| 38/40 [00:08<00:00,  4.46it/s]
 98%|█████████▊| 39/40 [00:08<00:00,  4.35it/s]
100%|██████████| 40/40 [00:09<00:00,  4.37it/s]
100%|██████████| 40/40 [00:09<00:00,  4.38it/s]
   04-the-footnote-ipa-r3-w015-s7.png seed=20267723 9s  (16/16)

DONE 16 stills — ONE beat. The other fourteen wait on his verdict.
==== step sample END rc=0 2026-08-10T12:12:55Z ====

==== step green START 2026-08-10T12:12:55Z ====
argv: ["C:\\banyan-farm\\venv\\Scripts\\python.exe", "C:\\banyan-farm\\wave-goblin-prep\\green_share.py", "baseline-tags-only|C:\\banyan-farm\\wave-goblin-prep\\out\\04-the-footnote-wave1-s*.png|sq", "w015-r0-seeds0to3|C:\\banyan-farm\\goblin-ipa-0810\\out5\\04-the-footnote-ipa-r0-w015-s*.png|sq", "w015-r1-seeds0to3|C:\\banyan-farm\\goblin-ipa-0810\\out5\\04-the-footnote-ipa-r1-w015-s*.png|sq", "w015-r2-seeds0to3|C:\\banyan-farm\\goblin-ipa-0810\\out5\\04-the-footnote-ipa-r2-w015-s*.png|sq", "w015-r3-seeds0to3|C:\\banyan-farm\\goblin-ipa-0810\\out5\\04-the-footnote-ipa-r3-w015-s*.png|sq", "w015-r0-seeds4to7|C:\\banyan-farm\\goblin-ipa-0810\\out7\\04-the-footnote-ipa-r0-w015-s*.png|sq", "w015-r1-seeds4to7|C:\\banyan-farm\\goblin-ipa-0810\\out7\\04-the-footnote-ipa-r1-w015-s*.png|sq", "w015-r2-seeds4to7|C:\\banyan-farm\\goblin-ipa-0810\\out7\\04-the-footnote-ipa-r2-w015-s*.png|sq", "w015-r3-seeds4to7|C:\\banyan-farm\\goblin-ipa-0810\\out7\\04-the-footnote-ipa-r3-w015-s*.png|sq"]
baseline-tags-only                 n=4  green_share=0.4918  narrow=0.3341  sat_green=0.283  hue=160.1  sat_all=0.254
w015-r0-seeds0to3                  n=4  green_share=0.4548  narrow=0.2018  sat_green=0.358  hue=167.2  sat_all=0.313
w015-r1-seeds0to3                  n=4  green_share=0.2475  narrow=0.0095  sat_green=0.312  hue=176.0  sat_all=0.295
w015-r2-seeds0to3                  n=4  green_share=0.4218  narrow=0.1905  sat_green=0.322  hue=171.2  sat_all=0.306
w015-r3-seeds0to3                  n=4  green_share=0.4094  narrow=0.2869  sat_green=0.277  hue=162.3  sat_all=0.238
w015-r0-seeds4to7                  n=4  green_share=0.3979  narrow=0.1862  sat_green=0.338  hue=172.5  sat_all=0.316
w015-r1-seeds4to7                  n=4  green_share=0.0048  narrow=0.0010  sat_green=0.273  hue=153.0  sat_all=0.295
w015-r2-seeds4to7                  n=4  green_share=0.4948  narrow=0.2097  sat_green=0.281  hue=171.1  sat_all=0.269
w015-r3-seeds4to7                  n=4  green_share=0.1298  narrow=0.0642  sat_green=0.242  hue=167.0  sat_all=0.172
==== step green END rc=0 2026-08-10T12:12:57Z ====

==== step publish START 2026-08-10T12:12:57Z ====
argv: ["C:\\banyan-farm\\venv\\Scripts\\python.exe", "-c", "import glob, hashlib, os, shutil\ndst = \"C:/banyan-farm/courier-box/farm-out/ep2-b04-goblin-ipa-w015-seeds8\"\nos.makedirs(dst, exist_ok=True)\nsrc = sorted(glob.glob(\"C:/banyan-farm/goblin-ipa-0810/out7/*\"))\nlines = []\nfor f in src:\n    shutil.copy2(f, dst)\n    c = os.path.join(dst, os.path.basename(f))\n    with open(c, \"rb\") as fh:\n        h = hashlib.sha256(fh.read()).hexdigest()\n    lines.append(h + \"  \" + os.path.basename(f))\nwith open(os.path.join(dst, \"ep2-b04-goblin-ipa-w015-seeds8.sha256\"), \"w\") as fh:\n    fh.write(\"\\n\".join(lines) + \"\\n\")\nprint(\"published\", len(src), \"file(s) + manifest ->\", dst)\n# 16 stills + 16 sidecars.\nraise SystemExit(0 if len(src) == 32 else 1)\n"]
published 32 file(s) + manifest -> C:/banyan-farm/courier-box/farm-out/ep2-b04-goblin-ipa-w015-seeds8
==== step publish END rc=0 2026-08-10T12:12:57Z ====
#### job ep2-b04-goblin-ipa-w015-seeds8-1786362618 finished rc=0 2026-08-10T12:12:57Z
