#### job ep2-b18-265f-fullanchor-0811-1786444372 attempt 1 start 2026-08-11T10:34:29Z

==== step encode START 2026-08-11T10:34:33Z ====
argv: ["C:\\banyan-video\\venv\\Scripts\\python.exe", "C:\\banyan-farm\\banyan-city\\pipeline\\ltx_i2v.py", "--stage", "encode", "--jobs", "C:\\banyan-farm\\ep2-fix-0811\\b18-jobs-encode.json"]
-- begin-encode: phys 11.5/68.1GB, commit 14.7/128.2GB (load 16%)
loading text encoder from C:\Users\artvn\.cache\huggingface\hub\models--Lightricks--gemma-3-12b-it-qat-q4_0-unquantized\snapshots\d62fe4f1995ade703b49a0f3c0d0f161237ef437

Loading weights:   0%|          | 0/1065 [00:00<?, ?it/s]
Loading weights:  36%|███▋      | 387/1065 [00:00<00:00, 3500.91it/s]
Loading weights:  71%|███████   | 752/1065 [00:00<00:00, 3371.74it/s]
Loading weights: 100%|██████████| 1065/1065 [00:00<00:00, 3740.89it/s]
-- encode-beat-18: phys 12.7/68.1GB, commit 41.5/128.2GB (load 18%)
[1/1] encoded beat 18 to C:\banyan-farm\ep2-fix-0811\b18-embeds.pt (1, 1024, 188160)
{"peak_commit_gb": 43.6, "peak_phys_gb": 38.1, "last_stage": "encode-beat-18"}
==== step encode END rc=0 2026-08-11T10:36:06Z ====

==== step render START 2026-08-11T10:36:06Z ====
argv: ["C:\\banyan-video\\venv\\Scripts\\python.exe", "C:\\banyan-farm\\banyan-city\\pipeline\\ltx_i2v.py", "--stage", "render", "--jobs", "C:\\banyan-farm\\ep2-fix-0811\\b18-jobs-render-265.json", "--size", "704x1280", "--frames", "265", "--fps", "24", "--guidance", "1.0", "--distilled-sigmas", "--two-stage", "--image-crf", "33", "--offload", "sequential", "--mode", "production", "--task", "ep2-b18-265f-fullanchor-0811", "--worker", "rtx5090", "--bench-jsonl", "C:\\banyan-farm\\ep2-fix-0811\\bench-b18-265f.jsonl", "--bench-label", "ep2-b18-265f-fullanchor"]
recipe: offload=sequential quantisation=none (bf16)
-- begin-render: phys 11.5/68.1GB, commit 14.7/128.2GB (load 16%)
transformer  C:\Users\artvn\.cache\huggingface\hub\models--diffusers--LTX-2.3-Distilled-Diffusers\snapshots\432e0d3c2d1769aaa4d295f9243f7062bf6b47ee [subfolder=transformer, bf16]
scheduler    C:\Users\artvn\.cache\huggingface\hub\models--diffusers--LTX-2.3-Distilled-Diffusers\snapshots\432e0d3c2d1769aaa4d295f9243f7062bf6b47ee [subfolder=scheduler, distilled]
other parts  C:\Users\artvn\.cache\huggingface\hub\models--diffusers--LTX-2.3-Diffusers\snapshots\8eee8edcf067e838b843f926ec4d4cc9b2be1aaf
-- load-transformer-bf16-38GB: phys 12.2/68.1GB, commit 16.5/128.2GB (load 17%)

Loading checkpoint shards:   0%|          | 0/8 [00:00<?, ?it/s]
Loading checkpoint shards:  12%|█▎        | 1/8 [00:00<00:00,  9.63it/s]
Loading checkpoint shards:  25%|██▌       | 2/8 [00:00<00:00,  9.70it/s]
Loading checkpoint shards:  38%|███▊      | 3/8 [00:00<00:00,  9.77it/s]
Loading checkpoint shards:  50%|█████     | 4/8 [00:00<00:00,  7.32it/s]
Loading checkpoint shards: 100%|██████████| 8/8 [00:00<00:00, 16.66it/s]
Loading checkpoint shards: 100%|██████████| 8/8 [00:00<00:00, 13.30it/s]
-- load-connectors-12.7GB-and-vae: phys 12.3/68.1GB, commit 54.9/128.2GB (load 18%)

Loading checkpoint shards:   0%|          | 0/2 [00:00<?, ?it/s]
Loading checkpoint shards: 100%|██████████| 2/2 [00:00<00:00, 199.83it/s]
-- offload-setup-sequential: phys 12.3/68.1GB, commit 64.5/128.2GB (load 18%)
C:\banyan-video\venv\Lib\site-packages\accelerate\utils\modeling.py:345: UserWarning: expandable_segments not supported on this platform (Triggered internally at C:\actions-runner\_work\pytorch\pytorch\pytorch\c10/cuda/CUDAAllocatorConfig.h:39.)
  new_value = old_value.to(device, non_blocking=non_blocking)
conditioning still round-tripped through libx264 crf=33 -> C:\banyan-farm\ep2-fix-0811\cond-crf-18.png
-- stage1-denoise-352x640-8steps: phys 13.2/68.1GB, commit 64.8/128.2GB (load 19%)

  0%|          | 0/8 [00:00<?, ?it/s]
 12%|█▎        | 1/8 [01:05<07:39, 65.69s/it]
 25%|██▌       | 2/8 [01:18<03:29, 34.87s/it]
 38%|███▊      | 3/8 [01:31<02:02, 24.59s/it]
 50%|█████     | 4/8 [01:42<01:17, 19.43s/it]
 62%|██████▎   | 5/8 [01:54<00:49, 16.49s/it]
 75%|███████▌  | 6/8 [02:04<00:29, 14.55s/it]
 88%|████████▊ | 7/8 [02:15<00:13, 13.20s/it]
100%|██████████| 8/8 [02:25<00:00, 12.33s/it]
100%|██████████| 8/8 [02:25<00:00, 18.23s/it]
stage1 latents (1, 128, 34, 20, 11)
-- upsample-2x-latent: phys 57.7/68.1GB, commit 67.6/128.2GB (load 84%)
There are modules in LTX2LatentUpsamplerModel that should be kept in float32: []. Casting directly with `to()` can lead to inconsistent results; set `torch_dtype` in `from_pretrained()` instead to keep these modules in float32.
upsampled latents (1, 128, 34, 40, 22)
-- stage2-refine-704x1280-3steps: phys 57.2/68.1GB, commit 67.2/128.2GB (load 83%)

  0%|          | 0/3 [00:00<?, ?it/s]
 33%|███▎      | 1/3 [00:42<01:25, 42.85s/it]
 67%|██████▋   | 2/3 [01:27<00:44, 44.09s/it]
100%|██████████| 3/3 [02:08<00:00, 42.72s/it]
100%|██████████| 3/3 [02:08<00:00, 42.97s/it]
-- decode-and-export: phys 62.4/68.1GB, commit 71.7/128.2GB (load 91%)
[1/1] wrote C:\banyan-farm\ep2-fix-0811\18-the-decision-LTX-265f.mp4 in 304s (265 frames, 704x1280, 8@352x640+3@704x1280 steps, peak torch 12.7GB, device 3.2/26GB)
THROUGHPUT 0.0363 s(video)/s(wall) (1 x 11.042s of video in 304s)
bench row -> C:\banyan-farm\ep2-fix-0811\bench-b18-265f.jsonl
{"sample_s": 304.2, "peak_gb": 12.7, "peak_commit_gb": 82.7, "frames": 265, "size": "704x1280", "steps": "8@352x640+3@704x1280", "batch": 1, "mode": "production", "throughput_s_per_s": 0.0363, "two_stage": true, "image_crf": 33, "offload": "sequential", "quantisation": null}
{"peak_commit_gb": 82.7, "peak_phys_gb": 63.7, "last_stage": "decode-and-export"}
==== step render END rc=0 2026-08-11T10:41:27Z ====
#### job ep2-b18-265f-fullanchor-0811-1786444372 finished rc=0 2026-08-11T10:41:27Z
