#### job ep2-b12-nogrow-clean-0822-1787372530 attempt 1 start 2026-08-22T04:22:23Z

==== step crop START 2026-08-22T04:22:23Z ====
argv: ["C:\\banyan-farm\\venv\\Scripts\\python.exe", "C:\\banyan-farm\\ep2-b12-nogrow-clean-0822\\cover_crop.py", "--src", "C:\\banyan-farm\\courier-box\\farm-out\\ep2-b12-sapnat3-0822\\b12-sapnat3-s20260820.png", "--sha256", "680b50fbaa5a289f8b393ad246a47c79731f2c1f203976946ebcc38fa402d431", "--out", "C:\\banyan-farm\\ep2-b12-nogrow-clean-0822\\b13-init-704x1280.png", "--size", "704x1280"]
src 704x1280 sha 680b50fbaa5a289f8b393ad246a47c79731f2c1f203976946ebcc38fa402d431
cover-crop scale=1.0000 -> 704x1280, centre box (0,0)
WROTE C:\banyan-farm\ep2-b12-nogrow-clean-0822\b13-init-704x1280.png
==== step crop END rc=0 2026-08-22T04:22:23Z ====

==== step encode START 2026-08-22T04:22:23Z ====
argv: ["C:\\banyan-video\\venv\\Scripts\\python.exe", "C:\\banyan-farm\\banyan-city\\pipeline\\ltx_i2v.py", "--stage", "encode", "--jobs", "C:\\banyan-farm\\ep2-b12-nogrow-clean-0822\\b13-jobs-encode.json"]
-- begin-encode: phys 10.7/68.1GB, commit 12.8/115.3GB (load 15%)
loading text encoder from C:\Users\artvn\.cache\huggingface\hub\models--Lightricks--gemma-3-12b-it-qat-q4_0-unquantized\snapshots\d62fe4f1995ade703b49a0f3c0d0f161237ef437

Loading weights:   0%|          | 0/1065 [00:00<?, ?it/s]
Loading weights:  26%|██▌       | 279/1065 [00:00<00:00, 2529.34it/s]
Loading weights:  52%|█████▏    | 552/1065 [00:00<00:00, 2496.19it/s]
Loading weights:  80%|████████  | 857/1065 [00:00<00:00, 2623.68it/s]
Loading weights: 100%|██████████| 1065/1065 [00:00<00:00, 2819.46it/s]
-- encode-beat-12: phys 11.8/68.1GB, commit 39.6/115.3GB (load 17%)
[1/1] encoded beat 12 to C:\banyan-farm\ep2-b12-nogrow-clean-0822\b13-embeds.pt (1, 1024, 188160)
{"peak_commit_gb": 41.7, "peak_phys_gb": 37.2, "last_stage": "encode-beat-12"}
==== step encode END rc=0 2026-08-22T04:23:55Z ====

==== step render START 2026-08-22T04:23:55Z ====
argv: ["C:\\banyan-video\\venv\\Scripts\\python.exe", "C:\\banyan-farm\\banyan-city\\pipeline\\ltx_i2v.py", "--stage", "render", "--jobs", "C:\\banyan-farm\\ep2-b12-nogrow-clean-0822\\b13-jobs-render.json", "--size", "704x1280", "--frames", "121", "--fps", "24", "--guidance", "2.0", "--distilled-sigmas", "--two-stage", "--image-crf", "33", "--offload", "sequential", "--mode", "production", "--task", "ep2-b12-nogrow-clean-0822", "--worker", "rtx5090", "--bench-jsonl", "C:\\banyan-farm\\ep2-b12-nogrow-clean-0822\\bench-b12-leaf.jsonl", "--bench-label", "ep2-b12-nogrow-clean-0822"]
recipe: offload=sequential quantisation=none (bf16)
-- begin-render: phys 10.7/68.1GB, commit 12.8/115.3GB (load 15%)
transformer  C:\Users\artvn\.cache\huggingface\hub\models--diffusers--LTX-2.3-Distilled-Diffusers\snapshots\432e0d3c2d1769aaa4d295f9243f7062bf6b47ee [subfolder=transformer, bf16]
scheduler    C:\Users\artvn\.cache\huggingface\hub\models--diffusers--LTX-2.3-Distilled-Diffusers\snapshots\432e0d3c2d1769aaa4d295f9243f7062bf6b47ee [subfolder=scheduler, distilled]
other parts  C:\Users\artvn\.cache\huggingface\hub\models--diffusers--LTX-2.3-Diffusers\snapshots\8eee8edcf067e838b843f926ec4d4cc9b2be1aaf
-- load-transformer-bf16-38GB: phys 11.4/68.1GB, commit 14.7/115.3GB (load 16%)

Loading checkpoint shards:   0%|          | 0/8 [00:00<?, ?it/s]
Loading checkpoint shards:  12%|█▎        | 1/8 [00:00<00:00,  9.14it/s]
Loading checkpoint shards:  25%|██▌       | 2/8 [00:00<00:00,  9.44it/s]
Loading checkpoint shards:  50%|█████     | 4/8 [00:00<00:00,  9.07it/s]
Loading checkpoint shards: 100%|██████████| 8/8 [00:00<00:00, 17.26it/s]
Loading checkpoint shards: 100%|██████████| 8/8 [00:00<00:00, 14.45it/s]
-- load-connectors-12.7GB-and-vae: phys 11.4/68.1GB, commit 53.0/115.3GB (load 16%)

Loading checkpoint shards:   0%|          | 0/2 [00:00<?, ?it/s]
Loading checkpoint shards: 100%|██████████| 2/2 [00:00<00:00, 67.38it/s]
-- offload-setup-sequential: phys 11.4/68.1GB, commit 62.6/115.3GB (load 16%)
C:\banyan-video\venv\Lib\site-packages\accelerate\utils\modeling.py:345: UserWarning: expandable_segments not supported on this platform (Triggered internally at C:\actions-runner\_work\pytorch\pytorch\pytorch\c10/cuda/CUDAAllocatorConfig.h:39.)
  new_value = old_value.to(device, non_blocking=non_blocking)
conditioning still round-tripped through libx264 crf=33 -> C:\banyan-farm\ep2-b12-nogrow-clean-0822\cond-crf-12.png
-- stage1-denoise-352x640-8steps: phys 12.3/68.1GB, commit 63.0/115.3GB (load 18%)

  0%|          | 0/8 [00:00<?, ?it/s]
 12%|█▎        | 1/8 [01:11<08:17, 71.00s/it]
 25%|██▌       | 2/8 [01:25<03:47, 37.99s/it]
 38%|███▊      | 3/8 [01:35<02:04, 24.89s/it]
 50%|█████     | 4/8 [01:45<01:17, 19.28s/it]
 62%|██████▎   | 5/8 [01:56<00:48, 16.12s/it]
 75%|███████▌  | 6/8 [02:06<00:28, 14.02s/it]
 88%|████████▊ | 7/8 [02:16<00:12, 12.65s/it]
100%|██████████| 8/8 [02:25<00:00, 11.62s/it]
100%|██████████| 8/8 [02:25<00:00, 18.20s/it]
stage1 latents (1, 128, 16, 20, 11)
-- upsample-2x-latent: phys 56.2/68.1GB, commit 65.8/115.3GB (load 82%)
There are modules in LTX2LatentUpsamplerModel that should be kept in float32: []. Casting directly with `to()` can lead to inconsistent results; set `torch_dtype` in `from_pretrained()` instead to keep these modules in float32.
upsampled latents (1, 128, 16, 40, 22)
-- stage2-refine-704x1280-3steps: phys 59.2/68.1GB, commit 68.5/115.3GB (load 86%)

  0%|          | 0/3 [00:00<?, ?it/s]
 33%|███▎      | 1/3 [00:31<01:03, 31.64s/it]
 67%|██████▋   | 2/3 [01:06<00:33, 33.37s/it]
100%|██████████| 3/3 [01:38<00:00, 32.80s/it]
100%|██████████| 3/3 [01:38<00:00, 32.78s/it]
-- decode-and-export: phys 64.9/68.1GB, commit 72.7/115.3GB (load 95%)
[1/1] wrote C:\banyan-farm\ep2-b12-nogrow-clean-0822\12-related-LTX-nogrowclean-0822.mp4 in 269s (121 frames, 704x1280, 8@352x640+3@704x1280 steps, peak torch 12.0GB, device 3.1/26GB)
THROUGHPUT 0.0187 s(video)/s(wall) (1 x 5.042s of video in 269s)
bench row -> C:\banyan-farm\ep2-b12-nogrow-clean-0822\bench-b12-leaf.jsonl
{"sample_s": 269.0, "peak_gb": 12.0, "peak_commit_gb": 82.0, "frames": 121, "size": "704x1280", "steps": "8@352x640+3@704x1280", "batch": 1, "mode": "production", "throughput_s_per_s": 0.0187, "two_stage": true, "image_crf": 33, "offload": "sequential", "quantisation": null}
{"peak_commit_gb": 82.0, "peak_phys_gb": 65.6, "last_stage": "decode-and-export"}
==== step render END rc=0 2026-08-22T04:28:40Z ====

==== step publish START 2026-08-22T04:28:40Z ====
argv: ["C:\\banyan-farm\\venv\\Scripts\\python.exe", "-c", "import glob, hashlib, os, shutil\ndst = \"C:/banyan-farm/courier-box/farm-out/ep2-b12-tightB\"\nos.makedirs(dst, exist_ok=True)\nsrc = sorted(glob.glob(\"C:/banyan-farm/ep2-b12-nogrow-clean-0822/12-related-LTX-nogrowclean-0822.mp4*\")\n             + glob.glob(\"C:/banyan-farm/ep2-b12-nogrow-clean-0822/b13-init-704x1280.png\")\n             + glob.glob(\"C:/banyan-farm/ep2-b12-nogrow-clean-0822/bench-b12-leaf.jsonl\"))\nlines = []\nfor f in src:\n    shutil.copy2(f, dst)\n    c = os.path.join(dst, os.path.basename(f))\n    with open(c, \"rb\") as fh:\n        h = hashlib.sha256(fh.read()).hexdigest()\n    lines.append(h + \"  \" + os.path.basename(f))\nwith open(os.path.join(dst, \"ep2-b12-nogrow-clean-0822.sha256\"), \"w\", newline=\"\\n\") as fh:\n    fh.write(\"\\n\".join(lines) + \"\\n\")\nprint(\"published\", len(src), \"file(s) + manifest ->\", dst)\nraise SystemExit(0 if len(src) >= 2 else 1)\n"]
published 4 file(s) + manifest -> C:/banyan-farm/courier-box/farm-out/ep2-b12-tightB
==== step publish END rc=0 2026-08-22T04:28:41Z ====
#### job ep2-b12-nogrow-clean-0822-1787372530 finished rc=0 2026-08-22T04:28:41Z
