#### job ep2-b08-boardnet-0820-1787175187 attempt 1 start 2026-08-19T21:36:05Z

==== step preflight START 2026-08-19T21:36:05Z ====
argv: ["C:\\banyan-farm\\venv\\Scripts\\python.exe", "-c", "# GUARD, NOT A VARIABLE. Carried from the parent and EXTENDED to the\n# SECOND NET and the SECOND HINT. Every input that conditions this frame is\n# re-read here before a GPU second is spent.\n#\n# THE NEW TRAP, AND IT IS THE REASON THE TWO SHAS ARE COMPARED TO EACH OTHER\n# RATHER THAN ONLY TO CONSTANTS: the scribble blob and the twins blob are\n# THE SAME SIZE (2502139104 bytes) and ship the BYTE-IDENTICAL config.json.\n# Same architecture, different weights. Size, file count and config pass\n# whichever net sits in whichever directory, so only the weight sha can tell\n# the POSE net from the OBJECT net -- and swapping them would condition the\n# skeleton on the board hint and the board on the skeleton.\nimport glob, hashlib, os, sys\n\ndef sha(p):\n    h = hashlib.sha256()\n    with open(p, \"rb\") as fh:\n        for chunk in iter(lambda: fh.read(1 << 22), b\"\"):\n            h.update(chunk)\n    return h.hexdigest()\n\nd = r\"C:\\banyan-farm\\cnet-openpose-twins\"\nblob = os.path.join(d, \"diffusion_pytorch_model.safetensors\")\nn = os.path.getsize(blob)\nif n != 2502139104:\n    print(\"!! twins blob is %d bytes, expected 2502139104\" % n); sys.exit(1)\ngot = sha(blob)\nif got != \"54a2afb1bd21349e475566e5428884bc937a4caecf863b29dea08acc40612fa4\":\n    print(\"!! twins blob sha %s, expected 54a2afb1bd21349e475566e5428884bc937a4caecf863b29dea08acc40612fa4\" % got); sys.exit(1)\nch = hashlib.sha256(open(os.path.join(d, \"config.json\"), \"rb\").read()).hexdigest()\nif ch != \"b5b8f9a7619c9452f19407ef73a01ce3f061fcf932de43ddbaca336d12d02801\":\n    print(\"!! twins config sha %s, expected b5b8f9a7619c9452f19407ef73a01ce3f061fcf932de43ddbaca336d12d02801\" % ch); sys.exit(1)\nbad = [r for r, _, fs in os.walk(d) for f in fs if f.endswith(\".incomplete\")]\nif bad:\n    print(\"!! .incomplete under the twins dir: %r\" % bad); sys.exit(1)\nprint(\"twins net verified: %d bytes, sha %s\" % (n, got))\n\n# ---- THE SECOND NET, resolved out of the offline HF cache by repo id.\nsd = r\"C:\\Users\\artvn\\.cache\\huggingface\\hub\\models--xinsir--controlnet-scribble-sdxl-1.0\"\nsnaps = glob.glob(os.path.join(sd, \"snapshots\", \"*\"))\nif len(snaps) != 1:\n    print(\"!! expected exactly 1 scribble snapshot, found %r\" % snaps); sys.exit(1)\nsblob = os.path.realpath(os.path.join(snaps[0], \"diffusion_pytorch_model.safetensors\"))\nsn = os.path.getsize(sblob)\nif sn != 2502139104:\n    print(\"!! scribble blob is %d bytes, expected 2502139104\" % sn); sys.exit(1)\nsgot = sha(sblob)\nif sgot != \"b3e4ac47bc814019d50dc842f579301440deb6d8f09ee1b91a30f527ace1b852\":\n    print(\"!! scribble blob sha %s, expected b3e4ac47bc814019d50dc842f579301440deb6d8f09ee1b91a30f527ace1b852\" % sgot); sys.exit(1)\nsch = hashlib.sha256(open(os.path.join(snaps[0], \"config.json\"), \"rb\").read()).hexdigest()\nif sch != \"b5b8f9a7619c9452f19407ef73a01ce3f061fcf932de43ddbaca336d12d02801\":\n    print(\"!! scribble config sha %s, expected b5b8f9a7619c9452f19407ef73a01ce3f061fcf932de43ddbaca336d12d02801\" % sch); sys.exit(1)\nsbad = [r for r, _, fs in os.walk(sd) for f in fs if f.endswith(\".incomplete\")]\nif sbad:\n    print(\"!! .incomplete under the scribble dir: %r\" % sbad); sys.exit(1)\nif glob.glob(os.path.join(snaps[0], \"*fp16*\")):\n    print(\"!! a fp16 variant appeared; the driver passes variant=None\"); sys.exit(1)\nprint(\"scribble net verified: %d bytes, sha %s\" % (sn, sgot))\n\n# ---- AND THE TWO ARE NOT THE SAME WEIGHTS, asserted rather than assumed.\nif got == sgot:\n    print(\"!! THE TWO NETS ARE THE SAME WEIGHTS. One of the two directories \"\n          \"holds a copy of the other and this render would condition the \"\n          \"skeleton and the board on one net.\"); sys.exit(1)\nif n != sn or ch != sch:\n    print(\"!! the two nets no longer share size and config, so the premise of \"\n          \"this guard has changed and it must be re-read, not relaxed.\"); sys.exit(1)\nprint(\"the two nets share size %d and config %s and DIFFER in weights -- \"\n      \"only the sha separates them\" % (n, ch))\n\nfor rel, want in ((\"pipeline/controlnet_plate.py\", \"aff188907fa03914b30a8cec2e5f739a5c4941f5d4246f4b2e220a9cc047c66a\"),\n                  (\"pipeline/control/b08-openpose-nat-0819.png\", \"562911c8174a6ecc21bc8710a1ac1b7f965c3f2d865093a742c2598c37d952e0\"),\n                  (\"pipeline/control/b08-board-0820.png\", \"38cd39da304dbb0317aa2522e1ccca099bef583e88e6573fde03b287358213d6\"),\n                  (\"pipeline/control/b08-ref-goblin-0819.png\", \"13b0c69d2f95dad6fd5472d8ab0310967b1a88c4554de7e6ff74b2d3e3644d8c\"),\n                  (\"pipeline/control/b08-ref-guard-0819.png\", \"61dc3f7fbd052617e52db63e8f6d359822b6ceba14b13514ffc03179b56cd83c\")):\n    p = os.path.join(r\"C:\\banyan-farm\\b08boardnet-0820\\src\", rel.replace(\"/\", os.sep))\n    if not os.path.exists(p):\n        print(\"!! staged file missing: %s\" % p); sys.exit(1)\n    hh = sha(p)\n    if hh != want:\n        print(\"!! %s sha %s, expected %s\" % (p, hh, want)); sys.exit(1)\nprint(\"staged driver, BOTH hints and BOTH references verified\")"]
twins net verified: 2502139104 bytes, sha 54a2afb1bd21349e475566e5428884bc937a4caecf863b29dea08acc40612fa4
scribble net verified: 2502139104 bytes, sha b3e4ac47bc814019d50dc842f579301440deb6d8f09ee1b91a30f527ace1b852
the two nets share size 2502139104 and config b5b8f9a7619c9452f19407ef73a01ce3f061fcf932de43ddbaca336d12d02801 and DIFFER in weights -- only the sha separates them
staged driver, BOTH hints and BOTH references verified
==== step preflight END rc=0 2026-08-19T21:36:08Z ====

==== step boardnet START 2026-08-19T21:36:08Z ====
argv: ["C:\\banyan-farm\\venv\\Scripts\\python.exe", "C:\\banyan-farm\\b08boardnet-0820\\src\\pipeline\\controlnet_plate.py", "--root", "C:\\banyan-farm\\b08boardnet-0820\\src", "--repo-commit", "ee74ac0e3eaf920fc7637fa7e4f2727af7684628", "--task", "ep2-b08-boardnet-0820", "--arm", "boardnet", "--controlnet", "C:\\banyan-farm\\cnet-openpose-twins", "--control", "pipeline/control/b08-openpose-nat-0819.png", "--control-sha256", "562911c8174a6ecc21bc8710a1ac1b7f965c3f2d865093a742c2598c37d952e0", "--scale", "1.0", "--seed", "20260819", "--ip-ref", "pipeline/control/b08-ref-goblin-0819.png", "--ip-mask-capsules", "170.6,550.8,118.6,550.8,30;170.6,550.8,222.5,550.8,30;118.6,550.8,104,762.4,12;104,762.4,111.3,857.3,12;222.5,550.8,237.1,762.4,12;237.1,762.4,229.8,857.3,12;170.6,550.8,137.7,762.4,30;137.7,762.4,140.5,941.2,12;140.5,941.2,143.2,1123.6,12;170.6,550.8,203.4,762.4,30;203.4,762.4,200.7,941.2,12;200.7,941.2,197.9,1123.6,12;170.6,550.8,170.6,481.7,34;170.6,481.7,152.5,465.9,34;152.5,465.9,128.9,470.4,34;170.6,481.7,188.7,465.9,34;188.7,465.9,212.2,470.4,34", "--ip-ref-sha256", "13b0c69d2f95dad6fd5472d8ab0310967b1a88c4554de7e6ff74b2d3e3644d8c", "--ip-ref", "pipeline/control/b08-ref-guard-0819.png", "--ip-mask-capsules", "565.8,491,512.4,491,30;565.8,491,619.1,491,30;512.4,491,360,484.9,12;360,484.9,257.4,657.3,12;619.1,491,627.2,579.7,12;627.2,579.7,621.7,668.4,12;565.8,491,532.1,723.8,30;532.1,723.8,534.9,920.4,12;534.9,920.4,537.7,1121,12;565.8,491,599.5,723.8,30;599.5,723.8,596.7,920.4,12;596.7,920.4,593.8,1121,12;565.8,491,565.8,403.9,34;565.8,403.9,550.7,389.3,34;550.7,389.3,531.2,393.5,34;565.8,403.9,580.8,389.3,34;580.8,389.3,600.3,393.5,34", "--ip-ref-sha256", "61dc3f7fbd052617e52db63e8f6d359822b6ceba14b13514ffc03179b56cd83c", "--ip-scale", "0.7", "--controlnet2", "xinsir/controlnet-scribble-sdxl-1.0", "--control2", "pipeline/control/b08-board-0820.png", "--control2-sha256", "38cd39da304dbb0317aa2522e1ccca099bef583e88e6573fde03b287358213d6", "--scale2", "0.8", "--prompt-file", "C:\\banyan-farm\\b08boardnet-0820\\prompt.txt", "--negative-file", "C:\\banyan-farm\\b08boardnet-0820\\negative.txt", "--out", "C:\\banyan-farm\\b08boardnet-0820\\out"]
  prompt tokens: 64 (limit 77)
  negative tokens: 69 (limit 77)
C:\banyan-farm\venv\Lib\site-packages\diffusers\models\vq_model.py:20: FutureWarning: `VQEncoderOutput` is deprecated and will be removed in version 0.31. Importing `VQEncoderOutput` from `diffusers.models.vq_model` is deprecated and this will be removed in a future version. Please use `from diffusers.models.autoencoders.vq_model import VQEncoderOutput`, instead.
  deprecate("VQEncoderOutput", "0.31", deprecation_message)
C:\banyan-farm\venv\Lib\site-packages\diffusers\models\vq_model.py:25: FutureWarning: `VQModel` is deprecated and will be removed in version 0.31. Importing `VQModel` from `diffusers.models.vq_model` is deprecated and this will be removed in a future version. Please use `from diffusers.models.autoencoders.vq_model import VQModel`, instead.
  deprecate("VQModel", "0.31", deprecation_message)
Couldn't connect to the Hub: Cannot reach https://huggingface.co/api/models/cagliostrolab/animagine-xl-3.1: offline mode is enabled. To disable it, please unset the `HF_HUB_OFFLINE` environment variable..
Will try to load from local cache.

Loading pipeline components...:   0%|          | 0/7 [00:00<?, ?it/s]
Loading pipeline components...:  14%|█▍        | 1/7 [00:00<00:02,  2.05it/s]
Loading pipeline components...:  43%|████▎     | 3/7 [00:00<00:00,  5.89it/s]
Loading pipeline components...:  71%|███████▏  | 5/7 [00:02<00:01,  1.78it/s]
Loading pipeline components...:  86%|████████▌ | 6/7 [00:02<00:00,  2.14it/s]
Loading pipeline components...: 100%|██████████| 7/7 [00:02<00:00,  2.61it/s]
C:\banyan-farm\venv\Lib\site-packages\torch\nn\modules\module.py:1370: UserWarning: expandable_segments not supported on this platform (Triggered internally at C:\actions-runner\_work\pytorch\pytorch\pytorch\c10/cuda/CUDAAllocatorConfig.h:39.)
  return t.to(
  multi-controlnet: 2 nets, scales [1.0, 0.8]
  ip-adapter: sdxl_models/ip-adapter-plus_sdxl_vit-h.safetensors, 2 ref(s), scale [[0.7, 0.7]], masks None

  0%|          | 0/40 [00:00<?, ?it/s]
  2%|▎         | 1/40 [00:00<00:26,  1.48it/s]
  5%|▌         | 2/40 [00:01<00:21,  1.75it/s]
  8%|▊         | 3/40 [00:01<00:20,  1.81it/s]
 10%|█         | 4/40 [00:02<00:19,  1.85it/s]
 12%|█▎        | 5/40 [00:02<00:18,  1.87it/s]
 15%|█▌        | 6/40 [00:03<00:18,  1.88it/s]
 18%|█▊        | 7/40 [00:03<00:17,  1.88it/s]
 20%|██        | 8/40 [00:04<00:17,  1.88it/s]
 22%|██▎       | 9/40 [00:04<00:16,  1.89it/s]
 25%|██▌       | 10/40 [00:05<00:15,  1.89it/s]
 28%|██▊       | 11/40 [00:05<00:15,  1.89it/s]
 30%|███       | 12/40 [00:06<00:14,  1.89it/s]
 32%|███▎      | 13/40 [00:06<00:14,  1.89it/s]
 35%|███▌      | 14/40 [00:07<00:13,  1.88it/s]
 38%|███▊      | 15/40 [00:08<00:13,  1.88it/s]
 40%|████      | 16/40 [00:08<00:12,  1.88it/s]
 42%|████▎     | 17/40 [00:09<00:12,  1.89it/s]
 45%|████▌     | 18/40 [00:09<00:11,  1.89it/s]
 48%|████▊     | 19/40 [00:10<00:11,  1.89it/s]
 50%|█████     | 20/40 [00:10<00:10,  1.89it/s]
 52%|█████▎    | 21/40 [00:11<00:10,  1.89it/s]
 55%|█████▌    | 22/40 [00:11<00:09,  1.89it/s]
 57%|█████▊    | 23/40 [00:12<00:09,  1.89it/s]
 60%|██████    | 24/40 [00:12<00:08,  1.88it/s]
 62%|██████▎   | 25/40 [00:13<00:08,  1.87it/s]
 65%|██████▌   | 26/40 [00:13<00:07,  1.87it/s]
 68%|██████▊   | 27/40 [00:14<00:06,  1.87it/s]
 70%|███████   | 28/40 [00:14<00:06,  1.87it/s]
 72%|███████▎  | 29/40 [00:15<00:05,  1.88it/s]
 75%|███████▌  | 30/40 [00:16<00:05,  1.87it/s]
 78%|███████▊  | 31/40 [00:16<00:04,  1.88it/s]
 80%|████████  | 32/40 [00:17<00:04,  1.88it/s]
 82%|████████▎ | 33/40 [00:17<00:03,  1.87it/s]
 85%|████████▌ | 34/40 [00:18<00:03,  1.88it/s]
 88%|████████▊ | 35/40 [00:18<00:02,  1.87it/s]
 90%|█████████ | 36/40 [00:19<00:02,  1.87it/s]
 92%|█████████▎| 37/40 [00:19<00:01,  1.87it/s]
 95%|█████████▌| 38/40 [00:20<00:01,  1.87it/s]
 98%|█████████▊| 39/40 [00:20<00:00,  1.87it/s]
100%|██████████| 40/40 [00:21<00:00,  1.87it/s]
100%|██████████| 40/40 [00:21<00:00,  1.87it/s]
OK ep2-b08-boardnet-0820-boardnet.png load=8.9s render=22.1s
rc=0
==== step boardnet END rc=0 2026-08-19T21:36:43Z ====

==== step publish START 2026-08-19T21:36:43Z ====
argv: ["C:\\banyan-farm\\venv\\Scripts\\python.exe", "-c", "# box_enqueue.courier_problems: the courier pushes from farm-out and\n# nowhere else, and ep2-cnet-probe-0817 was invisible for two days for\n# want of exactly this step.\nimport glob, hashlib, os, shutil\nout_dir = \"C:/banyan-farm/b08boardnet-0820/out\"\npay_dir = \"C:/banyan-farm/b08boardnet-0820\"\nctl_dir = \"C:/banyan-farm/b08boardnet-0820/src/pipeline/control\"\ndst = \"C:/banyan-farm/courier-box/farm-out/ep2-b08-boardnet-0820\"\nos.makedirs(dst, exist_ok=True)\nfiles = sorted(glob.glob(out_dir + \"/ep2-b08-boardnet-0820-boardnet.png*\")\n               + glob.glob(pay_dir + \"/prompt.txt\")\n               + glob.glob(pay_dir + \"/negative.txt\")\n               + glob.glob(ctl_dir + \"/b08-openpose-nat-0819.png\")\n               + glob.glob(ctl_dir + \"/b08-board-0820.png\")\n               + glob.glob(ctl_dir + \"/b08-ref-*-0819.png\"))\nlines = []\nfor f in files:\n    shutil.copy2(f, dst)\n    c = os.path.join(dst, os.path.basename(f))\n    with open(c, \"rb\") as fh:\n        h = hashlib.sha256(fh.read()).hexdigest()\n    lines.append(h + \"  \" + os.path.basename(f))\nwith open(os.path.join(dst, \"ep2-b08-boardnet-0820.sha256\"), \"w\",\n          newline=\"\\n\") as fh:\n    fh.write(\"\\n\".join(sorted(lines)) + \"\\n\")\nprint(\"published\", len(files), \"file(s) + manifest ->\", dst)\nraise SystemExit(0 if len(files) >= 8 else 1)"]
published 8 file(s) + manifest -> C:/banyan-farm/courier-box/farm-out/ep2-b08-boardnet-0820
==== step publish END rc=0 2026-08-19T21:36:43Z ====
#### job ep2-b08-boardnet-0820-1787175187 finished rc=0 2026-08-19T21:36:43Z
