#### job ep2-b13-shade-chain-0815-1786806932 attempt 1 start 2026-08-15T15:19:17Z

==== step crop START 2026-08-15T15:19:20Z ====
argv: ["C:\\banyan-farm\\venv\\Scripts\\python.exe", "C:\\banyan-farm\\ep2-b13-shade-chain-0815\\cover_crop.py", "--src", "C:\\banyan-farm\\courier-box\\farm-out\\ep2-b13-plate-0814\\13-the-shade-ipa-r0-w015-s0.png", "--sha256", "1745a491db3c95c7c6d1d6a601a18e7ff1f825ef90f6169140de35ed10a4e921", "--out", "C:\\banyan-farm\\ep2-b13-shade-chain-0815\\b13-init-704x1280.png", "--size", "704x1280"]
src 832x1216 sha 1745a491db3c95c7c6d1d6a601a18e7ff1f825ef90f6169140de35ed10a4e921
cover-crop scale=1.0526 -> 876x1280, centre box (86,0)
WROTE C:\banyan-farm\ep2-b13-shade-chain-0815\b13-init-704x1280.png
==== step crop END rc=0 2026-08-15T15:19:21Z ====

==== step encode START 2026-08-15T15:19:21Z ====
argv: ["C:\\banyan-video\\venv\\Scripts\\python.exe", "C:\\banyan-farm\\banyan-city\\pipeline\\ltx_i2v.py", "--stage", "encode", "--jobs", "C:\\banyan-farm\\ep2-b13-shade-chain-0815\\b13-jobs-encode.json"]
-- begin-encode: phys 10.2/68.1GB, commit 12.1/115.3GB (load 14%)
loading text encoder from C:\Users\artvn\.cache\huggingface\hub\models--Lightricks--gemma-3-12b-it-qat-q4_0-unquantized\snapshots\d62fe4f1995ade703b49a0f3c0d0f161237ef437

Loading weights:   0%|          | 0/1065 [00:00<?, ?it/s]
Loading weights:  30%|███       | 321/1065 [00:00<00:00, 2916.59it/s]
Loading weights:  58%|█████▊    | 615/1065 [00:00<00:00, 2770.46it/s]
Loading weights:  90%|█████████ | 962/1065 [00:00<00:00, 2941.56it/s]
Loading weights: 100%|██████████| 1065/1065 [00:00<00:00, 3074.52it/s]
-- encode-beat-13: phys 11.4/68.1GB, commit 38.9/115.3GB (load 16%)
[1/1] encoded beat 13 to C:\banyan-farm\ep2-b13-shade-chain-0815\b13-embeds.pt (1, 1024, 188160)
{"peak_commit_gb": 41.5, "peak_phys_gb": 37.2, "last_stage": "encode-beat-13"}
==== step encode END rc=0 2026-08-15T15:20:52Z ====

==== step render START 2026-08-15T15:20:52Z ====
argv: ["C:\\banyan-video\\venv\\Scripts\\python.exe", "C:\\banyan-farm\\banyan-city\\pipeline\\ltx_i2v.py", "--stage", "render", "--jobs", "C:\\banyan-farm\\ep2-b13-shade-chain-0815\\b13-jobs-render.json", "--size", "704x1280", "--frames", "97", "--fps", "24", "--guidance", "2.0", "--distilled-sigmas", "--two-stage", "--image-crf", "33", "--offload", "sequential", "--mode", "production", "--task", "ep2-b13-shade-chain-0815", "--worker", "rtx5090", "--bench-jsonl", "C:\\banyan-farm\\ep2-b13-shade-chain-0815\\bench-b13-shade-chain.jsonl", "--bench-label", "ep2-b13-shade-chain-0815"]
recipe: offload=sequential quantisation=none (bf16)
-- begin-render: phys 10.2/68.1GB, commit 12.1/115.3GB (load 14%)
transformer  C:\Users\artvn\.cache\huggingface\hub\models--diffusers--LTX-2.3-Distilled-Diffusers\snapshots\432e0d3c2d1769aaa4d295f9243f7062bf6b47ee [subfolder=transformer, bf16]
scheduler    C:\Users\artvn\.cache\huggingface\hub\models--diffusers--LTX-2.3-Distilled-Diffusers\snapshots\432e0d3c2d1769aaa4d295f9243f7062bf6b47ee [subfolder=scheduler, distilled]
other parts  C:\Users\artvn\.cache\huggingface\hub\models--diffusers--LTX-2.3-Diffusers\snapshots\8eee8edcf067e838b843f926ec4d4cc9b2be1aaf
-- load-transformer-bf16-38GB: phys 10.9/68.1GB, commit 13.9/115.3GB (load 16%)

Loading checkpoint shards:   0%|          | 0/8 [00:00<?, ?it/s]
Loading checkpoint shards:  12%|█▎        | 1/8 [00:00<00:00,  8.33it/s]
Loading checkpoint shards:  25%|██▌       | 2/8 [00:00<00:00,  9.02it/s]
Loading checkpoint shards:  50%|█████     | 4/8 [00:00<00:00,  8.43it/s]
Loading checkpoint shards: 100%|██████████| 8/8 [00:00<00:00, 14.24it/s]
-- load-connectors-12.7GB-and-vae: phys 11.0/68.1GB, commit 52.3/115.3GB (load 16%)

Loading checkpoint shards:   0%|          | 0/2 [00:00<?, ?it/s]
Loading checkpoint shards: 100%|██████████| 2/2 [00:00<00:00, 67.18it/s]
-- offload-setup-sequential: phys 11.0/68.1GB, commit 61.9/115.3GB (load 16%)
C:\banyan-video\venv\Lib\site-packages\accelerate\utils\modeling.py:345: UserWarning: expandable_segments not supported on this platform (Triggered internally at C:\actions-runner\_work\pytorch\pytorch\pytorch\c10/cuda/CUDAAllocatorConfig.h:39.)
  new_value = old_value.to(device, non_blocking=non_blocking)
conditioning still round-tripped through libx264 crf=33 -> C:\banyan-farm\ep2-b13-shade-chain-0815\cond-crf-13.png
-- stage1-denoise-352x640-8steps: phys 11.9/68.1GB, commit 62.2/115.3GB (load 17%)

  0%|          | 0/8 [00:00<?, ?it/s]
 12%|█▎        | 1/8 [01:12<08:24, 72.02s/it]
 25%|██▌       | 2/8 [01:25<03:43, 37.33s/it]
 38%|███▊      | 3/8 [01:33<02:00, 24.16s/it]
 50%|█████     | 4/8 [01:41<01:11, 17.96s/it]
 62%|██████▎   | 5/8 [01:51<00:44, 14.86s/it]
 75%|███████▌  | 6/8 [02:00<00:25, 12.83s/it]
 88%|████████▊ | 7/8 [02:09<00:11, 11.63s/it]
100%|██████████| 8/8 [02:18<00:00, 10.77s/it]
100%|██████████| 8/8 [02:18<00:00, 17.29s/it]
stage1 latents (1, 128, 13, 20, 11)
-- upsample-2x-latent: phys 58.5/68.1GB, commit 64.7/115.3GB (load 85%)
There are modules in LTX2LatentUpsamplerModel that should be kept in float32: []. Casting directly with `to()` can lead to inconsistent results; set `torch_dtype` in `from_pretrained()` instead to keep these modules in float32.
upsampled latents (1, 128, 13, 40, 22)
-- stage2-refine-704x1280-3steps: phys 60.8/68.1GB, commit 67.8/115.3GB (load 89%)

  0%|          | 0/3 [00:00<?, ?it/s]
 33%|███▎      | 1/3 [00:23<00:47, 23.82s/it]
 67%|██████▋   | 2/3 [00:49<00:24, 24.96s/it]
100%|██████████| 3/3 [01:15<00:00, 25.21s/it]
100%|██████████| 3/3 [01:15<00:00, 25.03s/it]
-- decode-and-export: phys 59.5/68.1GB, commit 82.2/115.3GB (load 87%)
[1/1] wrote C:\banyan-farm\ep2-b13-shade-chain-0815\13-the-shade-LTX-chain.mp4 in 236s (97 frames, 704x1280, 8@352x640+3@704x1280 steps, peak torch 9.9GB, device 2.6/26GB)
THROUGHPUT 0.0171 s(video)/s(wall) (1 x 4.042s of video in 236s)
bench row -> C:\banyan-farm\ep2-b13-shade-chain-0815\bench-b13-shade-chain.jsonl
{"sample_s": 236.3, "peak_gb": 9.9, "peak_commit_gb": 84.3, "frames": 97, "size": "704x1280", "steps": "8@352x640+3@704x1280", "batch": 1, "mode": "production", "throughput_s_per_s": 0.0171, "two_stage": true, "image_crf": 33, "offload": "sequential", "quantisation": null}
{"peak_commit_gb": 84.3, "peak_phys_gb": 68.1, "last_stage": "decode-and-export"}
==== step render END rc=0 2026-08-15T15:25:04Z ====

==== step publish START 2026-08-15T15:25:04Z ====
argv: ["C:\\banyan-farm\\venv\\Scripts\\python.exe", "-c", "import glob, hashlib, os, shutil\ndst = \"C:/banyan-farm/courier-box/farm-out/ep2-b13-shade-chain-0815\"\nos.makedirs(dst, exist_ok=True)\nsrc = sorted(glob.glob(\"C:/banyan-farm/ep2-b13-shade-chain-0815/13-the-shade-LTX-chain.mp4*\")\n             + glob.glob(\"C:/banyan-farm/ep2-b13-shade-chain-0815/b13-init-704x1280.png\")\n             + glob.glob(\"C:/banyan-farm/ep2-b13-shade-chain-0815/bench-b13-shade-chain.jsonl\"))\nlines = []\nfor f in src:\n    shutil.copy2(f, dst)\n    c = os.path.join(dst, os.path.basename(f))\n    with open(c, \"rb\") as fh:\n        h = hashlib.sha256(fh.read()).hexdigest()\n    lines.append(h + \"  \" + os.path.basename(f))\nwith open(os.path.join(dst, \"ep2-b13-shade-chain-0815.sha256\"), \"w\", newline=\"\\n\") as fh:\n    fh.write(\"\\n\".join(lines) + \"\\n\")\nprint(\"published\", len(src), \"file(s) + manifest ->\", dst)\nraise SystemExit(0 if len(src) >= 2 else 1)\n"]
published 4 file(s) + manifest -> C:/banyan-farm/courier-box/farm-out/ep2-b13-shade-chain-0815
==== step publish END rc=0 2026-08-15T15:25:05Z ====
#### job ep2-b13-shade-chain-0815-1786806932 finished rc=0 2026-08-15T15:25:05Z
