#### job ep2-b16-nwB-0815-1786744327 attempt 1 start 2026-08-15T00:59:25Z

==== step crop START 2026-08-15T00:59:29Z ====
argv: ["C:\\banyan-farm\\venv\\Scripts\\python.exe", "C:\\banyan-farm\\ep2-b16-nwB-0815\\cover_crop.py", "--src", "C:\\banyan-farm\\courier-box\\farm-out\\ep2-b16-plate-0814\\16-why-ipa-r0-w015-s0.png", "--sha256", "13006885497ab9dd63f8bbc9d1a3edcdc6a4c491bb5ecb2945f395f131011d5d", "--out", "C:\\banyan-farm\\ep2-b16-nwB-0815\\b16-init-704x1280.png", "--size", "704x1280"]
src 832x1216 sha 13006885497ab9dd63f8bbc9d1a3edcdc6a4c491bb5ecb2945f395f131011d5d
cover-crop scale=1.0526 -> 876x1280, centre box (86,0)
WROTE C:\banyan-farm\ep2-b16-nwB-0815\b16-init-704x1280.png
==== step crop END rc=0 2026-08-15T00:59:29Z ====

==== step encode START 2026-08-15T00:59:29Z ====
argv: ["C:\\banyan-video\\venv\\Scripts\\python.exe", "C:\\banyan-farm\\banyan-city\\pipeline\\ltx_i2v.py", "--stage", "encode", "--jobs", "C:\\banyan-farm\\ep2-b16-nwB-0815\\b16-jobs-encode.json"]
-- begin-encode: phys 10.1/68.1GB, commit 11.9/115.3GB (load 14%)
loading text encoder from C:\Users\artvn\.cache\huggingface\hub\models--Lightricks--gemma-3-12b-it-qat-q4_0-unquantized\snapshots\d62fe4f1995ade703b49a0f3c0d0f161237ef437

Loading weights:   0%|          | 0/1065 [00:00<?, ?it/s]
Loading weights:  32%|███▏      | 340/1065 [00:00<00:00, 3077.66it/s]
Loading weights:  66%|██████▌   | 699/1065 [00:00<00:00, 3183.00it/s]
Loading weights:  98%|█████████▊| 1040/1065 [00:00<00:00, 3142.10it/s]
Loading weights: 100%|██████████| 1065/1065 [00:00<00:00, 3218.15it/s]
-- encode-beat-16: phys 11.2/68.1GB, commit 38.7/115.3GB (load 16%)
[1/1] encoded beat 16 to C:\banyan-farm\ep2-b16-nwB-0815\b16-embeds.pt (1, 1024, 188160)
{"peak_commit_gb": 41.2, "peak_phys_gb": 37.1, "last_stage": "encode-beat-16"}
==== step encode END rc=0 2026-08-15T01:01:01Z ====

==== step render START 2026-08-15T01:01:01Z ====
argv: ["C:\\banyan-video\\venv\\Scripts\\python.exe", "C:\\banyan-farm\\banyan-city\\pipeline\\ltx_i2v.py", "--stage", "render", "--jobs", "C:\\banyan-farm\\ep2-b16-nwB-0815\\b16-jobs-render.json", "--size", "704x1280", "--frames", "97", "--fps", "24", "--guidance", "2.0", "--distilled-sigmas", "--two-stage", "--image-crf", "33", "--offload", "sequential", "--mode", "production", "--task", "ep2-b16-nwB-0815", "--worker", "rtx5090", "--bench-jsonl", "C:\\banyan-farm\\ep2-b16-nwB-0815\\bench-b16-nwB.jsonl", "--bench-label", "ep2-b16-nwB-0815"]
recipe: offload=sequential quantisation=none (bf16)
-- begin-render: phys 10.1/68.1GB, commit 11.9/115.3GB (load 14%)
transformer  C:\Users\artvn\.cache\huggingface\hub\models--diffusers--LTX-2.3-Distilled-Diffusers\snapshots\432e0d3c2d1769aaa4d295f9243f7062bf6b47ee [subfolder=transformer, bf16]
scheduler    C:\Users\artvn\.cache\huggingface\hub\models--diffusers--LTX-2.3-Distilled-Diffusers\snapshots\432e0d3c2d1769aaa4d295f9243f7062bf6b47ee [subfolder=scheduler, distilled]
other parts  C:\Users\artvn\.cache\huggingface\hub\models--diffusers--LTX-2.3-Diffusers\snapshots\8eee8edcf067e838b843f926ec4d4cc9b2be1aaf
-- load-transformer-bf16-38GB: phys 10.8/68.1GB, commit 13.8/115.3GB (load 15%)

Loading checkpoint shards:   0%|          | 0/8 [00:00<?, ?it/s]
Loading checkpoint shards:  12%|█▎        | 1/8 [00:00<00:00,  8.47it/s]
Loading checkpoint shards:  25%|██▌       | 2/8 [00:00<00:00,  9.09it/s]
Loading checkpoint shards:  50%|█████     | 4/8 [00:00<00:00,  8.46it/s]
Loading checkpoint shards: 100%|██████████| 8/8 [00:00<00:00, 16.85it/s]
Loading checkpoint shards: 100%|██████████| 8/8 [00:00<00:00, 13.92it/s]
-- load-connectors-12.7GB-and-vae: phys 10.9/68.1GB, commit 52.1/115.3GB (load 15%)

Loading checkpoint shards:   0%|          | 0/2 [00:00<?, ?it/s]
Loading checkpoint shards: 100%|██████████| 2/2 [00:00<00:00, 258.69it/s]
-- offload-setup-sequential: phys 10.9/68.1GB, commit 61.7/115.3GB (load 15%)
C:\banyan-video\venv\Lib\site-packages\accelerate\utils\modeling.py:345: UserWarning: expandable_segments not supported on this platform (Triggered internally at C:\actions-runner\_work\pytorch\pytorch\pytorch\c10/cuda/CUDAAllocatorConfig.h:39.)
  new_value = old_value.to(device, non_blocking=non_blocking)
conditioning still round-tripped through libx264 crf=33 -> C:\banyan-farm\ep2-b16-nwB-0815\cond-crf-16.png
-- stage1-denoise-352x640-8steps: phys 11.8/68.1GB, commit 62.1/115.3GB (load 17%)

  0%|          | 0/8 [00:00<?, ?it/s]
 12%|█▎        | 1/8 [01:08<07:57, 68.16s/it]
 25%|██▌       | 2/8 [01:21<03:35, 35.83s/it]
 38%|███▊      | 3/8 [01:30<01:57, 23.48s/it]
 50%|█████     | 4/8 [01:38<01:10, 17.65s/it]
 62%|██████▎   | 5/8 [01:48<00:44, 14.76s/it]
 75%|███████▌  | 6/8 [01:57<00:25, 12.82s/it]
 88%|████████▊ | 7/8 [02:06<00:11, 11.43s/it]
100%|██████████| 8/8 [02:14<00:00, 10.45s/it]
100%|██████████| 8/8 [02:14<00:00, 16.81s/it]
stage1 latents (1, 128, 13, 20, 11)
-- upsample-2x-latent: phys 55.7/68.1GB, commit 64.6/115.3GB (load 81%)
There are modules in LTX2LatentUpsamplerModel that should be kept in float32: []. Casting directly with `to()` can lead to inconsistent results; set `torch_dtype` in `from_pretrained()` instead to keep these modules in float32.
upsampled latents (1, 128, 13, 40, 22)
-- stage2-refine-704x1280-3steps: phys 58.5/68.1GB, commit 67.7/115.3GB (load 85%)

  0%|          | 0/3 [00:00<?, ?it/s]
 33%|███▎      | 1/3 [00:24<00:49, 24.78s/it]
 67%|██████▋   | 2/3 [00:51<00:26, 26.08s/it]
100%|██████████| 3/3 [01:19<00:00, 26.98s/it]
100%|██████████| 3/3 [01:19<00:00, 26.61s/it]
-- decode-and-export: phys 63.9/68.1GB, commit 70.8/115.3GB (load 93%)
[1/1] wrote C:\banyan-farm\ep2-b16-nwB-0815\16-why-LTX-nwB.mp4 in 235s (97 frames, 704x1280, 8@352x640+3@704x1280 steps, peak torch 9.9GB, device 2.6/26GB)
THROUGHPUT 0.0172 s(video)/s(wall) (1 x 4.042s of video in 235s)
bench row -> C:\banyan-farm\ep2-b16-nwB-0815\bench-b16-nwB.jsonl
{"sample_s": 234.5, "peak_gb": 9.9, "peak_commit_gb": 78.7, "frames": 97, "size": "704x1280", "steps": "8@352x640+3@704x1280", "batch": 1, "mode": "production", "throughput_s_per_s": 0.0172, "two_stage": true, "image_crf": 33, "offload": "sequential", "quantisation": null}
{"peak_commit_gb": 78.7, "peak_phys_gb": 64.1, "last_stage": "decode-and-export"}
==== step render END rc=0 2026-08-15T01:05:10Z ====

==== step publish START 2026-08-15T01:05:10Z ====
argv: ["C:\\banyan-farm\\venv\\Scripts\\python.exe", "-c", "import glob, hashlib, os, shutil\ndst = \"C:/banyan-farm/courier-box/farm-out/ep2-b16-nwB-0815\"\nos.makedirs(dst, exist_ok=True)\nsrc = sorted(glob.glob(\"C:/banyan-farm/ep2-b16-nwB-0815/16-why-LTX-nwB.mp4*\")\n             + glob.glob(\"C:/banyan-farm/ep2-b16-nwB-0815/b16-init-704x1280.png\")\n             + glob.glob(\"C:/banyan-farm/ep2-b16-nwB-0815/bench-b16-nwB.jsonl\"))\nlines = []\nfor f in src:\n    shutil.copy2(f, dst)\n    c = os.path.join(dst, os.path.basename(f))\n    with open(c, \"rb\") as fh:\n        h = hashlib.sha256(fh.read()).hexdigest()\n    lines.append(h + \"  \" + os.path.basename(f))\nwith open(os.path.join(dst, \"ep2-b16-nwB-0815.sha256\"), \"w\", newline=\"\\n\") as fh:\n    fh.write(\"\\n\".join(lines) + \"\\n\")\nprint(\"published\", len(src), \"file(s) + manifest ->\", dst)\nraise SystemExit(0 if len(src) >= 2 else 1)\n"]
published 4 file(s) + manifest -> C:/banyan-farm/courier-box/farm-out/ep2-b16-nwB-0815
==== step publish END rc=0 2026-08-15T01:05:11Z ====
#### job ep2-b16-nwB-0815-1786744327 finished rc=0 2026-08-15T01:05:11Z
