Loading pipeline components...:  14%|█▍        | 1/7 [00:00<00:03,  1.93it/s]
Loading pipeline components...:  43%|████▎     | 3/7 [00:02<00:02,  1.46it/s]
Loading pipeline components...: 100%|██████████| 7/7 [00:02<00:00,  3.78it/s]
Loading pipeline components...: 100%|██████████| 7/7 [00:02<00:00,  3.08it/s]
C:\banyan-farm\venv\Lib\site-packages\torch\nn\modules\module.py:1370: UserWarning: expandable_segments not supported on this platform (Triggered internally at C:\actions-runner\_work\pytorch\pytorch\pytorch\c10/cuda/CUDAAllocatorConfig.h:39.)
  return t.to(
MODEL_LOADED cuda/bfloat16 in 5s

  0%|          | 0/40 [00:00<?, ?it/s]
  2%|▎         | 1/40 [00:00<00:17,  2.26it/s]
  5%|▌         | 2/40 [00:00<00:11,  3.30it/s]
  8%|▊         | 3/40 [00:00<00:09,  3.86it/s]
 10%|█         | 4/40 [00:01<00:08,  4.09it/s]
 12%|█▎        | 5/40 [00:01<00:08,  4.13it/s]
 15%|█▌        | 6/40 [00:01<00:07,  4.25it/s]
 18%|█▊        | 7/40 [00:01<00:07,  4.43it/s]
 20%|██        | 8/40 [00:01<00:07,  4.45it/s]
 22%|██▎       | 9/40 [00:02<00:07,  4.37it/s]
 25%|██▌       | 10/40 [00:02<00:06,  4.42it/s]
 28%|██▊       | 11/40 [00:02<00:06,  4.44it/s]
 30%|███       | 12/40 [00:02<00:06,  4.56it/s]
 32%|███▎      | 13/40 [00:03<00:05,  4.55it/s]
 35%|███▌      | 14/40 [00:03<00:05,  4.44it/s]
 38%|███▊      | 15/40 [00:03<00:05,  4.46it/s]
 40%|████      | 16/40 [00:03<00:05,  4.48it/s]
 42%|████▎     | 17/40 [00:03<00:05,  4.57it/s]
 45%|████▌     | 18/40 [00:04<00:04,  4.44it/s]
 48%|████▊     | 19/40 [00:04<00:04,  4.43it/s]
 50%|█████     | 20/40 [00:04<00:04,  4.51it/s]
 52%|█████▎    | 21/40 [00:04<00:04,  4.52it/s]
 55%|█████▌    | 22/40 [00:05<00:03,  4.51it/s]
 57%|█████▊    | 23/40 [00:05<00:03,  4.46it/s]
 60%|██████    | 24/40 [00:05<00:03,  4.53it/s]
 62%|██████▎   | 25/40 [00:05<00:03,  4.51it/s]
 65%|██████▌   | 26/40 [00:05<00:03,  4.51it/s]
 68%|██████▊   | 27/40 [00:06<00:02,  4.49it/s]
 70%|███████   | 28/40 [00:06<00:02,  4.54it/s]
 72%|███████▎  | 29/40 [00:06<00:02,  4.53it/s]
 75%|███████▌  | 30/40 [00:06<00:02,  4.50it/s]
 78%|███████▊  | 31/40 [00:07<00:01,  4.54it/s]
 80%|████████  | 32/40 [00:07<00:01,  4.53it/s]
 82%|████████▎ | 33/40 [00:07<00:01,  4.52it/s]
 85%|████████▌ | 34/40 [00:07<00:01,  4.52it/s]
 88%|████████▊ | 35/40 [00:07<00:01,  4.51it/s]
 90%|█████████ | 36/40 [00:08<00:00,  4.51it/s]
 92%|█████████▎| 37/40 [00:08<00:00,  4.42it/s]
 95%|█████████▌| 38/40 [00:08<00:00,  4.54it/s]
 98%|█████████▊| 39/40 [00:08<00:00,  4.53it/s]
100%|██████████| 40/40 [00:09<00:00,  4.43it/s]
100%|██████████| 40/40 [00:09<00:00,  4.40it/s]
   06-the-clipboard-wave1-s0.png seed=20260725 10s  (1/4)

  0%|          | 0/40 [00:00<?, ?it/s]
  2%|▎         | 1/40 [00:00<00:08,  4.87it/s]
  5%|▌         | 2/40 [00:00<00:07,  4.85it/s]
  8%|▊         | 3/40 [00:00<00:07,  4.80it/s]
 10%|█         | 4/40 [00:00<00:07,  4.57it/s]
 12%|█▎        | 5/40 [00:01<00:07,  4.39it/s]
 15%|█▌        | 6/40 [00:01<00:07,  4.50it/s]
 18%|█▊        | 7/40 [00:01<00:07,  4.64it/s]
 20%|██        | 8/40 [00:01<00:06,  4.60it/s]
 22%|██▎       | 9/40 [00:01<00:06,  4.46it/s]
 25%|██▌       | 10/40 [00:02<00:06,  4.48it/s]
 28%|██▊       | 11/40 [00:02<00:06,  4.49it/s]
 30%|███       | 12/40 [00:02<00:06,  4.50it/s]
 32%|███▎      | 13/40 [00:02<00:05,  4.51it/s]
 35%|███▌      | 14/40 [00:03<00:05,  4.38it/s]
 38%|███▊      | 15/40 [00:03<00:05,  4.45it/s]
 40%|████      | 16/40 [00:03<00:05,  4.56it/s]
 42%|████▎     | 17/40 [00:03<00:05,  4.54it/s]
 45%|████▌     | 18/40 [00:03<00:04,  4.43it/s]
 48%|████▊     | 19/40 [00:04<00:04,  4.46it/s]
 50%|█████     | 20/40 [00:04<00:04,  4.48it/s]
 52%|█████▎    | 21/40 [00:04<00:04,  4.49it/s]
 55%|█████▌    | 22/40 [00:04<00:04,  4.45it/s]
 57%|█████▊    | 23/40 [00:05<00:03,  4.43it/s]
 60%|██████    | 24/40 [00:05<00:03,  4.47it/s]
 62%|██████▎   | 25/40 [00:05<00:03,  4.51it/s]
 65%|██████▌   | 26/40 [00:05<00:03,  4.57it/s]
 68%|██████▊   | 27/40 [00:05<00:02,  4.46it/s]
 70%|███████   | 28/40 [00:06<00:02,  4.47it/s]
 72%|███████▎  | 29/40 [00:06<00:02,  4.47it/s]
 75%|███████▌  | 30/40 [00:06<00:02,  4.48it/s]
 78%|███████▊  | 31/40 [00:06<00:02,  4.46it/s]
 80%|████████  | 32/40 [00:07<00:01,  4.45it/s]
 82%|████████▎ | 33/40 [00:07<00:01,  4.55it/s]
 85%|████████▌ | 34/40 [00:07<00:01,  4.53it/s]
 88%|████████▊ | 35/40 [00:07<00:01,  4.52it/s]
 90%|█████████ | 36/40 [00:08<00:00,  4.42it/s]
 92%|█████████▎| 37/40 [00:08<00:00,  4.44it/s]
 95%|█████████▌| 38/40 [00:08<00:00,  4.46it/s]
 98%|█████████▊| 39/40 [00:08<00:00,  4.47it/s]
100%|██████████| 40/40 [00:08<00:00,  4.49it/s]
100%|██████████| 40/40 [00:08<00:00,  4.50it/s]
   06-the-clipboard-wave1-s1.png seed=20261725 9s  (2/4)

  0%|          | 0/40 [00:00<?, ?it/s]
  2%|▎         | 1/40 [00:00<00:07,  4.93it/s]
  5%|▌         | 2/40 [00:00<00:07,  4.87it/s]
  8%|▊         | 3/40 [00:00<00:07,  4.70it/s]
 10%|█         | 4/40 [00:00<00:08,  4.49it/s]
 12%|█▎        | 5/40 [00:01<00:07,  4.38it/s]
 15%|█▌        | 6/40 [00:01<00:07,  4.53it/s]
 18%|█▊        | 7/40 [00:01<00:07,  4.53it/s]
 20%|██        | 8/40 [00:01<00:07,  4.52it/s]
 22%|██▎       | 9/40 [00:01<00:07,  4.43it/s]
 25%|██▌       | 10/40 [00:02<00:06,  4.45it/s]
 28%|██▊       | 11/40 [00:02<00:06,  4.57it/s]
 30%|███       | 12/40 [00:02<00:06,  4.55it/s]
 32%|███▎      | 13/40 [00:02<00:06,  4.44it/s]
 35%|███▌      | 14/40 [00:03<00:05,  4.46it/s]
 38%|███▊      | 15/40 [00:03<00:05,  4.43it/s]
 40%|████      | 16/40 [00:03<00:05,  4.50it/s]
 42%|████▎     | 17/40 [00:03<00:05,  4.46it/s]
 45%|████▌     | 18/40 [00:04<00:04,  4.43it/s]
 48%|████▊     | 19/40 [00:04<00:04,  4.43it/s]
 50%|█████     | 20/40 [00:04<00:04,  4.48it/s]
 52%|█████▎    | 21/40 [00:04<00:04,  4.49it/s]
 55%|█████▌    | 22/40 [00:04<00:03,  4.50it/s]
 57%|█████▊    | 23/40 [00:05<00:03,  4.50it/s]
 60%|██████    | 24/40 [00:05<00:03,  4.44it/s]
 62%|██████▎   | 25/40 [00:05<00:03,  4.53it/s]
 65%|██████▌   | 26/40 [00:05<00:03,  4.43it/s]
 68%|██████▊   | 27/40 [00:06<00:02,  4.43it/s]
 70%|███████   | 28/40 [00:06<00:02,  4.44it/s]
 72%|███████▎  | 29/40 [00:06<00:02,  4.48it/s]
 75%|███████▌  | 30/40 [00:06<00:02,  4.48it/s]
 78%|███████▊  | 31/40 [00:06<00:02,  4.48it/s]
 80%|████████  | 32/40 [00:07<00:01,  4.49it/s]
 82%|████████▎ | 33/40 [00:07<00:01,  4.49it/s]
 85%|████████▌ | 34/40 [00:07<00:01,  4.48it/s]
 88%|████████▊ | 35/40 [00:07<00:01,  4.51it/s]
 90%|█████████ | 36/40 [00:08<00:00,  4.51it/s]
 92%|█████████▎| 37/40 [00:08<00:00,  4.51it/s]
 95%|█████████▌| 38/40 [00:08<00:00,  4.44it/s]
 98%|█████████▊| 39/40 [00:08<00:00,  4.45it/s]
100%|██████████| 40/40 [00:08<00:00,  4.47it/s]
100%|██████████| 40/40 [00:08<00:00,  4.49it/s]
   06-the-clipboard-wave1-s2.png seed=20262725 9s  (3/4)

  0%|          | 0/40 [00:00<?, ?it/s]
  2%|▎         | 1/40 [00:00<00:07,  5.01it/s]
  5%|▌         | 2/40 [00:00<00:08,  4.70it/s]
  8%|▊         | 3/40 [00:00<00:08,  4.59it/s]
 10%|█         | 4/40 [00:00<00:08,  4.47it/s]
 12%|█▎        | 5/40 [00:01<00:07,  4.42it/s]
 15%|█▌        | 6/40 [00:01<00:07,  4.49it/s]
 18%|█▊        | 7/40 [00:01<00:07,  4.52it/s]
 20%|██        | 8/40 [00:01<00:07,  4.50it/s]
 22%|██▎       | 9/40 [00:02<00:07,  4.43it/s]
 25%|██▌       | 10/40 [00:02<00:06,  4.45it/s]
 28%|██▊       | 11/40 [00:02<00:06,  4.56it/s]
 30%|███       | 12/40 [00:02<00:06,  4.56it/s]
 32%|███▎      | 13/40 [00:02<00:06,  4.44it/s]
 35%|███▌      | 14/40 [00:03<00:05,  4.39it/s]
 38%|███▊      | 15/40 [00:03<00:05,  4.49it/s]
 40%|████      | 16/40 [00:03<00:05,  4.49it/s]
 42%|████▎     | 17/40 [00:03<00:05,  4.49it/s]
 45%|████▌     | 18/40 [00:04<00:04,  4.49it/s]
 48%|████▊     | 19/40 [00:04<00:04,  4.49it/s]
 50%|█████     | 20/40 [00:04<00:04,  4.49it/s]
 52%|█████▎    | 21/40 [00:04<00:04,  4.50it/s]
 55%|█████▌    | 22/40 [00:04<00:04,  4.40it/s]
 57%|█████▊    | 23/40 [00:05<00:03,  4.44it/s]
 60%|██████    | 24/40 [00:05<00:03,  4.45it/s]
 62%|██████▎   | 25/40 [00:05<00:03,  4.47it/s]
 65%|██████▌   | 26/40 [00:05<00:03,  4.43it/s]
 68%|██████▊   | 27/40 [00:06<00:02,  4.42it/s]
 70%|███████   | 28/40 [00:06<00:02,  4.45it/s]
 72%|███████▎  | 29/40 [00:06<00:02,  4.47it/s]
 75%|███████▌  | 30/40 [00:06<00:02,  4.48it/s]
 78%|███████▊  | 31/40 [00:06<00:02,  4.49it/s]
 80%|████████  | 32/40 [00:07<00:01,  4.50it/s]
 82%|████████▎ | 33/40 [00:07<00:01,  4.51it/s]
 85%|████████▌ | 34/40 [00:07<00:01,  4.43it/s]
 88%|████████▊ | 35/40 [00:07<00:01,  4.44it/s]
 90%|█████████ | 36/40 [00:08<00:00,  4.46it/s]
 92%|█████████▎| 37/40 [00:08<00:00,  4.48it/s]
 95%|█████████▌| 38/40 [00:08<00:00,  4.49it/s]
 98%|█████████▊| 39/40 [00:08<00:00,  4.50it/s]
100%|██████████| 40/40 [00:08<00:00,  4.40it/s]
100%|██████████| 40/40 [00:08<00:00,  4.47it/s]
   06-the-clipboard-wave1-s3.png seed=20263725 9s  (4/4)

DONE 4 stills — ONE beat. The other fourteen wait on his verdict.
==== step sample END rc=0 2026-08-12T09:59:22Z ====

==== step publish START 2026-08-12T09:59:22Z ====
argv: ["C:\\banyan-farm\\venv\\Scripts\\python.exe", "-c", "import glob, hashlib, os, shutil\ndst = \"C:/banyan-farm/courier-box/farm-out/ep2-charref-guards-r3-0812\"\nos.makedirs(dst, exist_ok=True)\nsrc = sorted(glob.glob(\"C:/banyan-farm/wave-goblin-prep/out-charref-guards-r3/06-the-clipboard-wave1-s*.*\"))\nlines = []\nfor f in src:\n    shutil.copy2(f, dst)\n    c = os.path.join(dst, os.path.basename(f))\n    with open(c, \"rb\") as fh:\n        h = hashlib.sha256(fh.read()).hexdigest()\n    lines.append(h + \"  \" + os.path.basename(f))\n    print(\"   \", os.path.basename(f), h[:16])\nwith open(os.path.join(dst, \"ep2-charref-guards-r3-0812.sha256\"), \"w\", newline=\"\\n\") as fh:\n    fh.write(\"\\n\".join(lines) + \"\\n\")\nprint(\"published\", len(src), \"file(s) + manifest ->\", dst)\nraise SystemExit(0 if len(src) == 8 else 1)\n"]
    06-the-clipboard-wave1-s0.png 1a9903f5b85ff28a
    06-the-clipboard-wave1-s0.yaml 8654331c5974f7de
    06-the-clipboard-wave1-s1.png 7b87cd12262f2f85
    06-the-clipboard-wave1-s1.yaml 081f3c9ea7b375c1
    06-the-clipboard-wave1-s2.png a16d015ec9a309b7
    06-the-clipboard-wave1-s2.yaml 47d17dcd01c2db1e
    06-the-clipboard-wave1-s3.png 587cac8da1418cda
    06-the-clipboard-wave1-s3.yaml bba69c7d9aedf2c7
published 8 file(s) + manifest -> C:/banyan-farm/courier-box/farm-out/ep2-charref-guards-r3-0812
==== step publish END rc=0 2026-08-12T09:59:22Z ====
#### job ep2-charref-guards-r3-0812-1786528563 finished rc=0 2026-08-12T09:59:22Z
