   goblin definition: 'green skin, bald head'
   task: ep2-b21-scene-0814
   harness sha256: b1f48da9fac9def0743971ae5e82a3bbb12d8582355f9003caf45f9ca401841f
   drafts  sha256: 3e585fc8c8affcd0b826d4b1cffae7bd7ec25b2f3a204d5646e7b40a8e6d4cd3

Loading pipeline components...:   0%|          | 0/7 [00:00<?, ?it/s]
Loading pipeline components...:  29%|██▊       | 2/7 [00:00<00:00, 13.93it/s]
Loading pipeline components...:  57%|█████▋    | 4/7 [00:00<00:00,  5.08it/s]
Loading pipeline components...:  86%|████████▌ | 6/7 [00:02<00:00,  2.08it/s]
Loading pipeline components...: 100%|██████████| 7/7 [00:02<00:00,  2.46it/s]
Loading pipeline components...: 100%|██████████| 7/7 [00:02<00:00,  2.77it/s]
C:\banyan-farm\venv\Lib\site-packages\torch\nn\modules\module.py:1370: UserWarning: expandable_segments not supported on this platform (Triggered internally at C:\actions-runner\_work\pytorch\pytorch\pytorch\c10/cuda/CUDAAllocatorConfig.h:39.)
  return t.to(
MODEL_LOADED cuda/bfloat16 in 6s

  0%|          | 0/40 [00:00<?, ?it/s]
  2%|▎         | 1/40 [00:00<00:15,  2.49it/s]
  5%|▌         | 2/40 [00:00<00:10,  3.49it/s]
  8%|▊         | 3/40 [00:00<00:09,  4.01it/s]
 10%|█         | 4/40 [00:01<00:08,  4.05it/s]
 12%|█▎        | 5/40 [00:01<00:08,  4.14it/s]
 15%|█▌        | 6/40 [00:01<00:07,  4.26it/s]
 18%|█▊        | 7/40 [00:01<00:07,  4.44it/s]
 20%|██        | 8/40 [00:01<00:07,  4.46it/s]
 22%|██▎       | 9/40 [00:02<00:07,  4.37it/s]
 25%|██▌       | 10/40 [00:02<00:06,  4.32it/s]
 28%|██▊       | 11/40 [00:02<00:06,  4.46it/s]
 30%|███       | 12/40 [00:02<00:06,  4.47it/s]
 32%|███▎      | 13/40 [00:03<00:06,  4.39it/s]
 35%|███▌      | 14/40 [00:03<00:05,  4.42it/s]
 38%|███▊      | 15/40 [00:03<00:05,  4.45it/s]
 40%|████      | 16/40 [00:03<00:05,  4.44it/s]
 42%|████▎     | 17/40 [00:03<00:05,  4.44it/s]
 45%|████▌     | 18/40 [00:04<00:05,  4.39it/s]
 48%|████▊     | 19/40 [00:04<00:04,  4.39it/s]
 50%|█████     | 20/40 [00:04<00:04,  4.51it/s]
 52%|█████▎    | 21/40 [00:04<00:04,  4.50it/s]
 55%|█████▌    | 22/40 [00:05<00:04,  4.42it/s]
 57%|█████▊    | 23/40 [00:05<00:03,  4.40it/s]
 60%|██████    | 24/40 [00:05<00:03,  4.44it/s]
 62%|██████▎   | 25/40 [00:05<00:03,  4.51it/s]
 65%|██████▌   | 26/40 [00:05<00:03,  4.45it/s]
 68%|██████▊   | 27/40 [00:06<00:02,  4.42it/s]
 70%|███████   | 28/40 [00:06<00:02,  4.47it/s]
 72%|███████▎  | 29/40 [00:06<00:02,  4.48it/s]
 75%|███████▌  | 30/40 [00:06<00:02,  4.49it/s]
 78%|███████▊  | 31/40 [00:07<00:02,  4.50it/s]
 80%|████████  | 32/40 [00:07<00:01,  4.39it/s]
 82%|████████▎ | 33/40 [00:07<00:01,  4.43it/s]
 85%|████████▌ | 34/40 [00:07<00:01,  4.45it/s]
 88%|████████▊ | 35/40 [00:08<00:01,  4.44it/s]
 90%|█████████ | 36/40 [00:08<00:00,  4.44it/s]
 92%|█████████▎| 37/40 [00:08<00:00,  4.46it/s]
 95%|█████████▌| 38/40 [00:08<00:00,  4.48it/s]
 98%|█████████▊| 39/40 [00:08<00:00,  4.43it/s]
100%|██████████| 40/40 [00:09<00:00,  4.42it/s]
100%|██████████| 40/40 [00:09<00:00,  4.37it/s]
   21-the-answer-wave1-s0.png seed=20260740 10s  (1/4)

  0%|          | 0/40 [00:00<?, ?it/s]
  2%|▎         | 1/40 [00:00<00:07,  5.08it/s]
  5%|▌         | 2/40 [00:00<00:07,  4.95it/s]
  8%|▊         | 3/40 [00:00<00:07,  4.90it/s]
 10%|█         | 4/40 [00:00<00:08,  4.50it/s]
 12%|█▎        | 5/40 [00:01<00:08,  4.29it/s]
 15%|█▌        | 6/40 [00:01<00:07,  4.42it/s]
 18%|█▊        | 7/40 [00:01<00:07,  4.52it/s]
 20%|██        | 8/40 [00:01<00:06,  4.59it/s]
 22%|██▎       | 9/40 [00:02<00:07,  4.33it/s]
 25%|██▌       | 10/40 [00:02<00:06,  4.35it/s]
 28%|██▊       | 11/40 [00:02<00:06,  4.45it/s]
 30%|███       | 12/40 [00:02<00:06,  4.51it/s]
 32%|███▎      | 13/40 [00:02<00:06,  4.41it/s]
 35%|███▌      | 14/40 [00:03<00:05,  4.36it/s]
 38%|███▊      | 15/40 [00:03<00:05,  4.50it/s]
 40%|████      | 16/40 [00:03<00:05,  4.50it/s]
 42%|████▎     | 17/40 [00:03<00:05,  4.50it/s]
 45%|████▌     | 18/40 [00:04<00:04,  4.41it/s]
 48%|████▊     | 19/40 [00:04<00:04,  4.35it/s]
 50%|█████     | 20/40 [00:04<00:04,  4.49it/s]
 52%|█████▎    | 21/40 [00:04<00:04,  4.49it/s]
 55%|█████▌    | 22/40 [00:04<00:04,  4.40it/s]
 57%|█████▊    | 23/40 [00:05<00:03,  4.34it/s]
 60%|██████    | 24/40 [00:05<00:03,  4.48it/s]
 62%|██████▎   | 25/40 [00:05<00:03,  4.43it/s]
 65%|██████▌   | 26/40 [00:05<00:03,  4.42it/s]
 68%|██████▊   | 27/40 [00:06<00:02,  4.45it/s]
 70%|███████   | 28/40 [00:06<00:02,  4.38it/s]
 72%|███████▎  | 29/40 [00:06<00:02,  4.52it/s]
 75%|███████▌  | 30/40 [00:06<00:02,  4.42it/s]
 78%|███████▊  | 31/40 [00:06<00:02,  4.45it/s]
 80%|████████  | 32/40 [00:07<00:01,  4.37it/s]
 82%|████████▎ | 33/40 [00:07<00:01,  4.42it/s]
 85%|████████▌ | 34/40 [00:07<00:01,  4.44it/s]
 88%|████████▊ | 35/40 [00:07<00:01,  4.43it/s]
 90%|█████████ | 36/40 [00:08<00:00,  4.41it/s]
 92%|█████████▎| 37/40 [00:08<00:00,  4.44it/s]
 95%|█████████▌| 38/40 [00:08<00:00,  4.46it/s]
 98%|█████████▊| 39/40 [00:08<00:00,  4.48it/s]
100%|██████████| 40/40 [00:08<00:00,  4.40it/s]
100%|██████████| 40/40 [00:08<00:00,  4.45it/s]
   21-the-answer-wave1-s1.png seed=20261740 9s  (2/4)

  0%|          | 0/40 [00:00<?, ?it/s]
  2%|▎         | 1/40 [00:00<00:08,  4.84it/s]
  5%|▌         | 2/40 [00:00<00:07,  4.86it/s]
  8%|▊         | 3/40 [00:00<00:07,  4.69it/s]
 10%|█         | 4/40 [00:00<00:08,  4.49it/s]
 12%|█▎        | 5/40 [00:01<00:07,  4.39it/s]
 15%|█▌        | 6/40 [00:01<00:07,  4.54it/s]
 18%|█▊        | 7/40 [00:01<00:07,  4.52it/s]
 20%|██        | 8/40 [00:01<00:07,  4.52it/s]
 22%|██▎       | 9/40 [00:02<00:07,  4.31it/s]
 25%|██▌       | 10/40 [00:02<00:06,  4.39it/s]
 28%|██▊       | 11/40 [00:02<00:06,  4.52it/s]
 30%|███       | 12/40 [00:02<00:06,  4.46it/s]
 32%|███▎      | 13/40 [00:02<00:06,  4.44it/s]
 35%|███▌      | 14/40 [00:03<00:05,  4.37it/s]
 38%|███▊      | 15/40 [00:03<00:05,  4.41it/s]
 40%|████      | 16/40 [00:03<00:05,  4.53it/s]
 42%|████▎     | 17/40 [00:03<00:05,  4.43it/s]
 45%|████▌     | 18/40 [00:04<00:05,  4.36it/s]
 48%|████▊     | 19/40 [00:04<00:04,  4.40it/s]
 50%|█████     | 20/40 [00:04<00:04,  4.44it/s]
 52%|█████▎    | 21/40 [00:04<00:04,  4.46it/s]
 55%|█████▌    | 22/40 [00:04<00:04,  4.37it/s]
 57%|█████▊    | 23/40 [00:05<00:03,  4.37it/s]
 60%|██████    | 24/40 [00:05<00:03,  4.48it/s]
 62%|██████▎   | 25/40 [00:05<00:03,  4.49it/s]
 65%|██████▌   | 26/40 [00:05<00:03,  4.41it/s]
 68%|██████▊   | 27/40 [00:06<00:02,  4.44it/s]
 70%|███████   | 28/40 [00:06<00:02,  4.37it/s]
 72%|███████▎  | 29/40 [00:06<00:02,  4.41it/s]
 75%|███████▌  | 30/40 [00:06<00:02,  4.44it/s]
 78%|███████▊  | 31/40 [00:06<00:02,  4.47it/s]
 80%|████████  | 32/40 [00:07<00:01,  4.36it/s]
 82%|████████▎ | 33/40 [00:07<00:01,  4.43it/s]
 85%|████████▌ | 34/40 [00:07<00:01,  4.46it/s]
 88%|████████▊ | 35/40 [00:07<00:01,  4.38it/s]
 90%|█████████ | 36/40 [00:08<00:00,  4.42it/s]
 92%|█████████▎| 37/40 [00:08<00:00,  4.45it/s]
 95%|█████████▌| 38/40 [00:08<00:00,  4.46it/s]
 98%|█████████▊| 39/40 [00:08<00:00,  4.38it/s]
100%|██████████| 40/40 [00:09<00:00,  4.37it/s]
100%|██████████| 40/40 [00:09<00:00,  4.44it/s]
   21-the-answer-wave1-s2.png seed=20262740 9s  (3/4)

  0%|          | 0/40 [00:00<?, ?it/s]
  2%|▎         | 1/40 [00:00<00:08,  4.87it/s]
  5%|▌         | 2/40 [00:00<00:07,  4.86it/s]
  8%|▊         | 3/40 [00:00<00:07,  4.85it/s]
 10%|█         | 4/40 [00:00<00:07,  4.56it/s]
 12%|█▎        | 5/40 [00:01<00:08,  4.33it/s]
 15%|█▌        | 6/40 [00:01<00:07,  4.49it/s]
 18%|█▊        | 7/40 [00:01<00:07,  4.50it/s]
 20%|██        | 8/40 [00:01<00:07,  4.48it/s]
 22%|██▎       | 9/40 [00:02<00:07,  4.30it/s]
 25%|██▌       | 10/40 [00:02<00:06,  4.37it/s]
 28%|██▊       | 11/40 [00:02<00:06,  4.51it/s]
 30%|███       | 12/40 [00:02<00:06,  4.48it/s]
 32%|███▎      | 13/40 [00:02<00:06,  4.40it/s]
 35%|███▌      | 14/40 [00:03<00:05,  4.34it/s]
 38%|███▊      | 15/40 [00:03<00:05,  4.39it/s]
 40%|████      | 16/40 [00:03<00:05,  4.52it/s]
 42%|████▎     | 17/40 [00:03<00:05,  4.42it/s]
 45%|████▌     | 18/40 [00:04<00:05,  4.35it/s]
 48%|████▊     | 19/40 [00:04<00:04,  4.39it/s]
 50%|█████     | 20/40 [00:04<00:04,  4.42it/s]
 52%|█████▎    | 21/40 [00:04<00:04,  4.44it/s]
 55%|█████▌    | 22/40 [00:04<00:04,  4.46it/s]
 57%|█████▊    | 23/40 [00:05<00:03,  4.38it/s]
 60%|██████    | 24/40 [00:05<00:03,  4.42it/s]
 62%|██████▎   | 25/40 [00:05<00:03,  4.45it/s]
 65%|██████▌   | 26/40 [00:05<00:03,  4.47it/s]
 68%|██████▊   | 27/40 [00:06<00:02,  4.39it/s]
 70%|███████   | 28/40 [00:06<00:02,  4.42it/s]
 72%|███████▎  | 29/40 [00:06<00:02,  4.45it/s]
 75%|███████▌  | 30/40 [00:06<00:02,  4.47it/s]
 78%|███████▊  | 31/40 [00:06<00:02,  4.49it/s]
 80%|████████  | 32/40 [00:07<00:01,  4.38it/s]
 82%|████████▎ | 33/40 [00:07<00:01,  4.41it/s]
 85%|████████▌ | 34/40 [00:07<00:01,  4.44it/s]
 88%|████████▊ | 35/40 [00:07<00:01,  4.43it/s]
 90%|█████████ | 36/40 [00:08<00:00,  4.43it/s]
 92%|█████████▎| 37/40 [00:08<00:00,  4.45it/s]
 95%|█████████▌| 38/40 [00:08<00:00,  4.45it/s]
 98%|█████████▊| 39/40 [00:08<00:00,  4.49it/s]
100%|██████████| 40/40 [00:09<00:00,  4.40it/s]
100%|██████████| 40/40 [00:09<00:00,  4.44it/s]
   21-the-answer-wave1-s3.png seed=20263740 9s  (4/4)

DONE 4 stills — ONE beat. The other fourteen wait on his verdict.
==== step sample END rc=0 2026-08-14T00:41:50Z ====

==== step publish START 2026-08-14T00:41:50Z ====
argv: ["C:\\banyan-farm\\venv\\Scripts\\python.exe", "-c", "import glob, hashlib, os, shutil\ndst = \"C:/banyan-farm/courier-box/farm-out/ep2-b21-scene-0814\"\nos.makedirs(dst, exist_ok=True)\nsrc = sorted(glob.glob(\"C:/banyan-farm/wave-goblin-prep/out-b21-scene/21-wave1-s*.*\"))\nlines = []\nfor f in src:\n    shutil.copy2(f, dst)\n    # Hash the COPY, not the original: what this records has to be the bytes\n    # that get committed, or the manifest attests to the wrong file.\n    c = os.path.join(dst, os.path.basename(f))\n    with open(c, \"rb\") as fh:\n        h = hashlib.sha256(fh.read()).hexdigest()\n    lines.append(h + \"  \" + os.path.basename(f))\n    print(\"   \", os.path.basename(f), h[:16])\nwith open(os.path.join(dst, \"ep2-b21-scene-0814.sha256\"), \"w\", newline=\"\\n\") as fh:\n    fh.write(\"\\n\".join(lines) + \"\\n\")\nprint(\"published\", len(src), \"file(s) + manifest ->\", dst)\nraise SystemExit(0 if len(src) == 8 else 1)\n"]
published 0 file(s) + manifest -> C:/banyan-farm/courier-box/farm-out/ep2-b21-scene-0814
==== step publish END rc=1 2026-08-14T00:41:50Z ====
!! declared artifacts missing: ["C:\\banyan-farm\\wave-goblin-prep\\out-b21-scene\\21-wave1-s0.png", "C:\\banyan-farm\\wave-goblin-prep\\out-b21-scene\\21-wave1-s1.png", "C:\\banyan-farm\\wave-goblin-prep\\out-b21-scene\\21-wave1-s2.png", "C:\\banyan-farm\\wave-goblin-prep\\out-b21-scene\\21-wave1-s3.png"]
#### job ep2-b21-scene-0814-1786667336 finished rc=92 2026-08-14T00:41:50Z
