#### job ep2-b04-motion-r2-0812-1786544386 attempt 1 start 2026-08-12T14:27:49Z

==== step crop START 2026-08-12T14:27:52Z ====
argv: ["C:\\banyan-farm\\venv\\Scripts\\python.exe", "C:\\banyan-farm\\ep2-b04-motion-r2-0812\\cover_crop.py", "--src", "C:\\banyan-farm\\courier-box\\farm-out\\ep2-b04-train-r1-0812\\04-the-footnote-ipa-r0-w015-s0.png", "--sha256", "0047bef67d4815b960b4a7eaa1ae41c66345d33f9dcc54ad014dbd6c45bfcd5a", "--out", "C:\\banyan-farm\\ep2-b04-motion-r2-0812\\b04-init-704x1280.png", "--size", "704x1280"]
src 832x1216 sha 0047bef67d4815b960b4a7eaa1ae41c66345d33f9dcc54ad014dbd6c45bfcd5a
cover-crop scale=1.0526 -> 876x1280, centre box (86,0)
WROTE C:\banyan-farm\ep2-b04-motion-r2-0812\b04-init-704x1280.png
==== step crop END rc=0 2026-08-12T14:27:52Z ====

==== step encode START 2026-08-12T14:27:52Z ====
argv: ["C:\\banyan-video\\venv\\Scripts\\python.exe", "C:\\banyan-farm\\banyan-city\\pipeline\\ltx_i2v.py", "--stage", "encode", "--jobs", "C:\\banyan-farm\\ep2-b04-motion-r2-0812\\b04-jobs-encode.json"]
-- begin-encode: phys 10.2/68.1GB, commit 11.5/115.3GB (load 14%)
loading text encoder from C:\Users\artvn\.cache\huggingface\hub\models--Lightricks--gemma-3-12b-it-qat-q4_0-unquantized\snapshots\d62fe4f1995ade703b49a0f3c0d0f161237ef437

Loading weights:   0%|          | 0/1065 [00:00<?, ?it/s]
Loading weights:  30%|██▉       | 319/1065 [00:00<00:00, 2878.46it/s]
Loading weights:  57%|█████▋    | 607/1065 [00:00<00:00, 2716.38it/s]
Loading weights:  87%|████████▋ | 926/1065 [00:00<00:00, 2840.17it/s]
Loading weights: 100%|██████████| 1065/1065 [00:00<00:00, 2889.16it/s]
-- encode-beat-04: phys 11.4/68.1GB, commit 38.3/115.3GB (load 16%)
[1/1] encoded beat 4 to C:\banyan-farm\ep2-b04-motion-r2-0812\b04-embeds.pt (1, 1024, 188160)
{"peak_commit_gb": 40.9, "peak_phys_gb": 37.3, "last_stage": "encode-beat-04"}
==== step encode END rc=0 2026-08-12T14:29:25Z ====

==== step render START 2026-08-12T14:29:25Z ====
argv: ["C:\\banyan-video\\venv\\Scripts\\python.exe", "C:\\banyan-farm\\banyan-city\\pipeline\\ltx_i2v.py", "--stage", "render", "--jobs", "C:\\banyan-farm\\ep2-b04-motion-r2-0812\\b04-jobs-render.json", "--size", "704x1280", "--frames", "73", "--fps", "24", "--guidance", "2.0", "--distilled-sigmas", "--two-stage", "--image-crf", "33", "--offload", "sequential", "--mode", "production", "--task", "ep2-b04-motion-r2-0812", "--worker", "rtx5090", "--bench-jsonl", "C:\\banyan-farm\\ep2-b04-motion-r2-0812\\bench-b04-motion-r2.jsonl", "--bench-label", "ep2-b04-motion-r2-0812"]
recipe: offload=sequential quantisation=none (bf16)
-- begin-render: phys 10.3/68.1GB, commit 11.6/115.3GB (load 15%)
transformer  C:\Users\artvn\.cache\huggingface\hub\models--diffusers--LTX-2.3-Distilled-Diffusers\snapshots\432e0d3c2d1769aaa4d295f9243f7062bf6b47ee [subfolder=transformer, bf16]
scheduler    C:\Users\artvn\.cache\huggingface\hub\models--diffusers--LTX-2.3-Distilled-Diffusers\snapshots\432e0d3c2d1769aaa4d295f9243f7062bf6b47ee [subfolder=scheduler, distilled]
other parts  C:\Users\artvn\.cache\huggingface\hub\models--diffusers--LTX-2.3-Diffusers\snapshots\8eee8edcf067e838b843f926ec4d4cc9b2be1aaf
-- load-transformer-bf16-38GB: phys 11.1/68.1GB, commit 13.5/115.3GB (load 16%)

Loading checkpoint shards:   0%|          | 0/8 [00:00<?, ?it/s]
Loading checkpoint shards:  12%|█▎        | 1/8 [00:00<00:00,  9.45it/s]
Loading checkpoint shards:  25%|██▌       | 2/8 [00:00<00:00,  9.56it/s]
Loading checkpoint shards:  50%|█████     | 4/8 [00:00<00:00,  8.88it/s]
Loading checkpoint shards:  88%|████████▊ | 7/8 [00:00<00:00, 14.66it/s]
Loading checkpoint shards: 100%|██████████| 8/8 [00:00<00:00, 14.00it/s]
-- load-connectors-12.7GB-and-vae: phys 11.1/68.1GB, commit 51.8/115.3GB (load 16%)

Loading checkpoint shards:   0%|          | 0/2 [00:00<?, ?it/s]
Loading checkpoint shards: 100%|██████████| 2/2 [00:00<00:00, 63.46it/s]
-- offload-setup-sequential: phys 11.1/68.1GB, commit 61.4/115.3GB (load 16%)
C:\banyan-video\venv\Lib\site-packages\accelerate\utils\modeling.py:345: UserWarning: expandable_segments not supported on this platform (Triggered internally at C:\actions-runner\_work\pytorch\pytorch\pytorch\c10/cuda/CUDAAllocatorConfig.h:39.)
  new_value = old_value.to(device, non_blocking=non_blocking)
conditioning still round-tripped through libx264 crf=33 -> C:\banyan-farm\ep2-b04-motion-r2-0812\cond-crf-04.png
-- stage1-denoise-352x640-8steps: phys 12.0/68.1GB, commit 61.8/115.3GB (load 17%)

  0%|          | 0/8 [00:00<?, ?it/s]
 12%|█▎        | 1/8 [01:11<08:19, 71.42s/it]
 25%|██▌       | 2/8 [01:22<03:36, 36.17s/it]
 38%|███▊      | 3/8 [01:30<01:55, 23.10s/it]
 50%|█████     | 4/8 [01:38<01:08, 17.14s/it]
 62%|██████▎   | 5/8 [01:46<00:41, 13.77s/it]
 75%|███████▌  | 6/8 [01:53<00:23, 11.66s/it]
 88%|████████▊ | 7/8 [02:01<00:10, 10.32s/it]
100%|██████████| 8/8 [02:08<00:00,  9.41s/it]
100%|██████████| 8/8 [02:08<00:00, 16.11s/it]
stage1 latents (1, 128, 10, 20, 11)
-- upsample-2x-latent: phys 58.7/68.1GB, commit 64.2/115.3GB (load 86%)
There are modules in LTX2LatentUpsamplerModel that should be kept in float32: []. Casting directly with `to()` can lead to inconsistent results; set `torch_dtype` in `from_pretrained()` instead to keep these modules in float32.
upsampled latents (1, 128, 10, 40, 22)
-- stage2-refine-704x1280-3steps: phys 61.0/68.1GB, commit 67.4/115.3GB (load 89%)

  0%|          | 0/3 [00:00<?, ?it/s]
 33%|███▎      | 1/3 [00:19<00:39, 19.67s/it]
 67%|██████▋   | 2/3 [00:40<00:20, 20.07s/it]
100%|██████████| 3/3 [01:01<00:00, 20.67s/it]
100%|██████████| 3/3 [01:01<00:00, 20.47s/it]
-- decode-and-export: phys 63.6/68.1GB, commit 69.8/115.3GB (load 93%)
[1/1] wrote C:\banyan-farm\ep2-b04-motion-r2-0812\04-the-footnote-LTX-motion-r2-0812.mp4 in 212s (73 frames, 704x1280, 8@352x640+3@704x1280 steps, peak torch 7.9GB, device 2.6/26GB)
THROUGHPUT 0.0144 s(video)/s(wall) (1 x 3.042s of video in 212s)
bench row -> C:\banyan-farm\ep2-b04-motion-r2-0812\bench-b04-motion-r2.jsonl
{"sample_s": 211.7, "peak_gb": 7.9, "peak_commit_gb": 75.7, "frames": 73, "size": "704x1280", "steps": "8@352x640+3@704x1280", "batch": 1, "mode": "production", "throughput_s_per_s": 0.0144, "two_stage": true, "image_crf": 33, "offload": "sequential", "quantisation": null}
{"peak_commit_gb": 75.7, "peak_phys_gb": 63.9, "last_stage": "decode-and-export"}
==== step render END rc=0 2026-08-12T14:33:12Z ====

==== step publish START 2026-08-12T14:33:12Z ====
argv: ["C:\\banyan-farm\\venv\\Scripts\\python.exe", "-c", "import glob, hashlib, os, shutil\ndst = \"C:/banyan-farm/courier-box/farm-out/ep2-b04-motion-r2\"\nos.makedirs(dst, exist_ok=True)\nsrc = sorted(glob.glob(\"C:/banyan-farm/ep2-b04-motion-r2-0812/04-the-footnote-LTX-motion-r2-0812.mp4*\")\n             + glob.glob(\"C:/banyan-farm/ep2-b04-motion-r2-0812/b04-init-704x1280.png\")\n             + glob.glob(\"C:/banyan-farm/ep2-b04-motion-r2-0812/bench-b04-motion-r2.jsonl\"))\nlines = []\nfor f in src:\n    shutil.copy2(f, dst)\n    c = os.path.join(dst, os.path.basename(f))\n    with open(c, \"rb\") as fh:\n        h = hashlib.sha256(fh.read()).hexdigest()\n    lines.append(h + \"  \" + os.path.basename(f))\nwith open(os.path.join(dst, \"ep2-b04-motion-r2-0812.sha256\"), \"w\", newline=\"\\n\") as fh:\n    fh.write(\"\\n\".join(lines) + \"\\n\")\nprint(\"published\", len(src), \"file(s) + manifest ->\", dst)\nraise SystemExit(0 if len(src) >= 2 else 1)\n"]
published 4 file(s) + manifest -> C:/banyan-farm/courier-box/farm-out/ep2-b04-motion-r2
==== step publish END rc=0 2026-08-12T14:33:13Z ====
#### job ep2-b04-motion-r2-0812-1786544386 finished rc=0 2026-08-12T14:33:13Z
