#### job ep2-b08-twofig-armonly-0817-1786961654 attempt 1 start 2026-08-17T10:34:25Z

==== step crop START 2026-08-17T10:34:28Z ====
argv: ["C:\\banyan-farm\\venv\\Scripts\\python.exe", "C:\\banyan-farm\\ep2-b08-twofig-armonly-0817\\cover_crop.py", "--src", "C:\\banyan-farm\\courier-box\\farm-out\\ep2-b0708-twofig-pub-0817\\08-inside-him-twofig-mac-r3-s0.png", "--sha256", "d9cd8b1a4642a60a3362d07feef30b47999bbe988e4ef52d047d1f4d06113238", "--out", "C:\\banyan-farm\\ep2-b08-twofig-armonly-0817-out\\b08-init-704x1280.png", "--size", "704x1280"]
src 832x1216 sha d9cd8b1a4642a60a3362d07feef30b47999bbe988e4ef52d047d1f4d06113238
cover-crop scale=1.0526 -> 876x1280, centre box (86,0)
WROTE C:\banyan-farm\ep2-b08-twofig-armonly-0817-out\b08-init-704x1280.png
==== step crop END rc=0 2026-08-17T10:34:28Z ====

==== step encode START 2026-08-17T10:34:28Z ====
argv: ["C:\\banyan-video\\venv\\Scripts\\python.exe", "C:\\banyan-farm\\banyan-city\\pipeline\\ltx_i2v.py", "--stage", "encode", "--jobs", "C:\\banyan-farm\\ep2-b08-twofig-armonly-0817\\b08-jobs-encode.json"]
-- begin-encode: phys 10.2/68.1GB, commit 12.2/115.3GB (load 15%)
loading text encoder from C:\Users\artvn\.cache\huggingface\hub\models--Lightricks--gemma-3-12b-it-qat-q4_0-unquantized\snapshots\d62fe4f1995ade703b49a0f3c0d0f161237ef437

Loading weights:   0%|          | 0/1065 [00:00<?, ?it/s]
Loading weights:  23%|██▎       | 247/1065 [00:00<00:00, 2236.64it/s]
Loading weights:  48%|████▊     | 512/1065 [00:00<00:00, 2334.10it/s]
Loading weights:  76%|███████▌  | 807/1065 [00:00<00:00, 2495.62it/s]
Loading weights: 100%|██████████| 1065/1065 [00:00<00:00, 2604.83it/s]
-- encode-beat-08: phys 11.4/68.1GB, commit 39.0/115.3GB (load 16%)
[1/1] encoded beat 8 to C:\banyan-farm\ep2-b08-twofig-armonly-0817-out\b08-embeds.pt (1, 1024, 188160)
{"peak_commit_gb": 41.2, "peak_phys_gb": 36.9, "last_stage": "encode-beat-08"}
==== step encode END rc=0 2026-08-17T10:35:59Z ====

==== step render START 2026-08-17T10:35:59Z ====
argv: ["C:\\banyan-video\\venv\\Scripts\\python.exe", "C:\\banyan-farm\\banyan-city\\pipeline\\ltx_i2v.py", "--stage", "render", "--jobs", "C:\\banyan-farm\\ep2-b08-twofig-armonly-0817\\b08-jobs-render.json", "--size", "704x1280", "--frames", "97", "--fps", "24", "--guidance", "2.0", "--distilled-sigmas", "--two-stage", "--image-crf", "33", "--offload", "sequential", "--mode", "production", "--task", "ep2-b08-twofig-armonly-0817", "--worker", "rtx5090", "--bench-jsonl", "C:\\banyan-farm\\ep2-b08-twofig-armonly-0817-out\\bench-twofig-armonly.jsonl", "--bench-label", "ep2-b08-twofig-armonly-0817"]
recipe: offload=sequential quantisation=none (bf16)
-- begin-render: phys 10.3/68.1GB, commit 12.3/115.3GB (load 15%)
transformer  C:\Users\artvn\.cache\huggingface\hub\models--diffusers--LTX-2.3-Distilled-Diffusers\snapshots\432e0d3c2d1769aaa4d295f9243f7062bf6b47ee [subfolder=transformer, bf16]
scheduler    C:\Users\artvn\.cache\huggingface\hub\models--diffusers--LTX-2.3-Distilled-Diffusers\snapshots\432e0d3c2d1769aaa4d295f9243f7062bf6b47ee [subfolder=scheduler, distilled]
other parts  C:\Users\artvn\.cache\huggingface\hub\models--diffusers--LTX-2.3-Diffusers\snapshots\8eee8edcf067e838b843f926ec4d4cc9b2be1aaf
-- load-transformer-bf16-38GB: phys 11.0/68.1GB, commit 14.1/115.3GB (load 16%)

Loading checkpoint shards:   0%|          | 0/8 [00:00<?, ?it/s]
Loading checkpoint shards:  12%|█▎        | 1/8 [00:00<00:00,  9.65it/s]
Loading checkpoint shards:  25%|██▌       | 2/8 [00:00<00:00,  9.58it/s]
Loading checkpoint shards:  50%|█████     | 4/8 [00:00<00:00,  8.55it/s]
Loading checkpoint shards: 100%|██████████| 8/8 [00:00<00:00, 16.62it/s]
Loading checkpoint shards: 100%|██████████| 8/8 [00:00<00:00, 14.01it/s]
-- load-connectors-12.7GB-and-vae: phys 11.1/68.1GB, commit 52.4/115.3GB (load 16%)

Loading checkpoint shards:   0%|          | 0/2 [00:00<?, ?it/s]
Loading checkpoint shards: 100%|██████████| 2/2 [00:00<00:00, 210.76it/s]
-- offload-setup-sequential: phys 11.1/68.1GB, commit 62.0/115.3GB (load 16%)
C:\banyan-video\venv\Lib\site-packages\accelerate\utils\modeling.py:345: UserWarning: expandable_segments not supported on this platform (Triggered internally at C:\actions-runner\_work\pytorch\pytorch\pytorch\c10/cuda/CUDAAllocatorConfig.h:39.)
  new_value = old_value.to(device, non_blocking=non_blocking)
conditioning still round-tripped through libx264 crf=33 -> C:\banyan-farm\ep2-b08-twofig-armonly-0817-out\cond-crf-08.png
-- stage1-denoise-352x640-8steps: phys 11.9/68.1GB, commit 62.4/115.3GB (load 17%)

  0%|          | 0/8 [00:00<?, ?it/s]
 12%|█▎        | 1/8 [01:07<07:55, 67.87s/it]
 25%|██▌       | 2/8 [01:21<03:37, 36.18s/it]
 38%|███▊      | 3/8 [01:30<01:58, 23.60s/it]
 50%|█████     | 4/8 [01:39<01:11, 17.78s/it]
 62%|██████▎   | 5/8 [01:48<00:44, 14.77s/it]
 75%|███████▌  | 6/8 [01:58<00:25, 12.89s/it]
 88%|████████▊ | 7/8 [02:06<00:11, 11.57s/it]
100%|██████████| 8/8 [02:15<00:00, 10.67s/it]
100%|██████████| 8/8 [02:15<00:00, 16.95s/it]
stage1 latents (1, 128, 13, 20, 11)
-- upsample-2x-latent: phys 56.8/68.1GB, commit 64.9/115.3GB (load 83%)
There are modules in LTX2LatentUpsamplerModel that should be kept in float32: []. Casting directly with `to()` can lead to inconsistent results; set `torch_dtype` in `from_pretrained()` instead to keep these modules in float32.
upsampled latents (1, 128, 13, 40, 22)
-- stage2-refine-704x1280-3steps: phys 59.0/68.1GB, commit 68.0/115.3GB (load 86%)

  0%|          | 0/3 [00:00<?, ?it/s]
 33%|███▎      | 1/3 [00:24<00:48, 24.39s/it]
 67%|██████▋   | 2/3 [00:51<00:25, 25.83s/it]
100%|██████████| 3/3 [01:17<00:00, 25.99s/it]
100%|██████████| 3/3 [01:17<00:00, 25.80s/it]
-- decode-and-export: phys 64.2/68.1GB, commit 71.2/115.3GB (load 94%)
[1/1] wrote C:\banyan-farm\ep2-b08-twofig-armonly-0817-out\08-inside-him-LTX-twofig-armonly.mp4 in 234s (97 frames, 704x1280, 8@352x640+3@704x1280 steps, peak torch 9.9GB, device 2.6/26GB)
THROUGHPUT 0.0172 s(video)/s(wall) (1 x 4.042s of video in 234s)
bench row -> C:\banyan-farm\ep2-b08-twofig-armonly-0817-out\bench-twofig-armonly.jsonl
{"sample_s": 234.3, "peak_gb": 9.9, "peak_commit_gb": 79.0, "frames": 97, "size": "704x1280", "steps": "8@352x640+3@704x1280", "batch": 1, "mode": "production", "throughput_s_per_s": 0.0172, "two_stage": true, "image_crf": 33, "offload": "sequential", "quantisation": null}
{"peak_commit_gb": 79.0, "peak_phys_gb": 64.9, "last_stage": "decode-and-export"}
==== step render END rc=0 2026-08-17T10:40:09Z ====

==== step stamp START 2026-08-17T10:40:09Z ====
argv: ["C:\\banyan-farm\\venv\\Scripts\\python.exe", "C:\\banyan-farm\\ep2-b08-twofig-armonly-0817\\stamp_sidecar.py", "C:\\banyan-farm\\ep2-b08-twofig-armonly-0817-out\\08-inside-him-LTX-twofig-armonly.mp4.meta.yaml"]
stamped C:\banyan-farm\ep2-b08-twofig-armonly-0817-out\08-inside-him-LTX-twofig-armonly.mp4.meta.yaml
==== step stamp END rc=0 2026-08-17T10:40:09Z ====

==== step publish START 2026-08-17T10:40:09Z ====
argv: ["C:\\banyan-farm\\venv\\Scripts\\python.exe", "-c", "# THE GLOB CARRIES THE BEAT SLUG (08-inside-him). Without it the glob matches\n# nothing and the step publishes nothing while returning a code that reads\n# like a render failure. farm-out is NOT gitignored, so the runner pushes\n# these itself.\nimport glob, hashlib, os, shutil\nout_dir = \"C:/banyan-farm/ep2-b08-twofig-armonly-0817-out\"\npay_dir = \"C:/banyan-farm/ep2-b08-twofig-armonly-0817\"\ndst = \"C:/banyan-farm/courier-box/farm-out/ep2-b08-twofig-armonly-0817\"\nos.makedirs(dst, exist_ok=True)\nsrc = sorted(glob.glob(out_dir + \"/08-inside-him-LTX-twofig-armonly.mp4*\")\n             + glob.glob(out_dir + \"/b08-init-704x1280.png\")\n             + glob.glob(out_dir + \"/bench-twofig-armonly.jsonl\")\n             + glob.glob(pay_dir + \"/b08-motion-prompt.txt\")\n             + glob.glob(pay_dir + \"/b08-negative.txt\"))\nlines = []\nfor f in src:\n    shutil.copy2(f, dst)\n    c = os.path.join(dst, os.path.basename(f))\n    with open(c, \"rb\") as fh:\n        h = hashlib.sha256(fh.read()).hexdigest()\n    lines.append(h + \"  \" + os.path.basename(f))\nwith open(os.path.join(dst, \"ep2-b08-twofig-armonly-0817.sha256\"), \"w\", newline=\"\\n\") as fh:\n    fh.write(\"\\n\".join(sorted(lines)) + \"\\n\")\nprint(\"published\", len(src), \"file(s) + manifest ->\", dst)\nraise SystemExit(0 if len(src) >= 3 else 1)\n"]
published 6 file(s) + manifest -> C:/banyan-farm/courier-box/farm-out/ep2-b08-twofig-armonly-0817
==== step publish END rc=0 2026-08-17T10:40:09Z ====
#### job ep2-b08-twofig-armonly-0817-1786961654 finished rc=0 2026-08-17T10:40:09Z
