#### job ep2-b15-long-0815-1786745024 attempt 1 start 2026-08-14T22:43:24Z

==== step crop START 2026-08-14T22:43:28Z ====
argv: ["C:\\banyan-farm\\venv\\Scripts\\python.exe", "C:\\banyan-farm\\ep2-b15-long-0815\\cover_crop.py", "--src", "C:\\banyan-farm\\courier-box\\farm-out\\ep2-b15-plate-0814\\15-good-listener-ipa-r0-w015-s0.png", "--sha256", "43648513f936a52f6b83f8c66b3f15b102f1c73c2a4fe2899c3e477e75618fb9", "--out", "C:\\banyan-farm\\ep2-b15-long-0815\\b15-init-704x1280.png", "--size", "704x1280"]
src 832x1216 sha 43648513f936a52f6b83f8c66b3f15b102f1c73c2a4fe2899c3e477e75618fb9
cover-crop scale=1.0526 -> 876x1280, centre box (86,0)
WROTE C:\banyan-farm\ep2-b15-long-0815\b15-init-704x1280.png
==== step crop END rc=0 2026-08-14T22:43:28Z ====

==== step encode START 2026-08-14T22:43:28Z ====
argv: ["C:\\banyan-video\\venv\\Scripts\\python.exe", "C:\\banyan-farm\\banyan-city\\pipeline\\ltx_i2v.py", "--stage", "encode", "--jobs", "C:\\banyan-farm\\ep2-b15-long-0815\\b15-jobs-encode.json"]
-- begin-encode: phys 10.0/68.1GB, commit 11.9/115.3GB (load 14%)
loading text encoder from C:\Users\artvn\.cache\huggingface\hub\models--Lightricks--gemma-3-12b-it-qat-q4_0-unquantized\snapshots\d62fe4f1995ade703b49a0f3c0d0f161237ef437

Loading weights:   0%|          | 0/1065 [00:00<?, ?it/s]
Loading weights:  35%|███▌      | 373/1065 [00:00<00:00, 3390.47it/s]
Loading weights:  67%|██████▋   | 717/1065 [00:00<00:00, 3240.55it/s]
Loading weights:  98%|█████████▊| 1042/1065 [00:00<00:00, 3110.65it/s]
Loading weights: 100%|██████████| 1065/1065 [00:00<00:00, 3230.50it/s]
-- encode-beat-15: phys 11.2/68.1GB, commit 38.7/115.3GB (load 16%)
[1/1] encoded beat 15 to C:\banyan-farm\ep2-b15-long-0815\b15-embeds.pt (1, 1024, 188160)
{"peak_commit_gb": 41.7, "peak_phys_gb": 37.2, "last_stage": "encode-beat-15"}
==== step encode END rc=0 2026-08-14T22:45:00Z ====

==== step render START 2026-08-14T22:45:00Z ====
argv: ["C:\\banyan-video\\venv\\Scripts\\python.exe", "C:\\banyan-farm\\banyan-city\\pipeline\\ltx_i2v.py", "--stage", "render", "--jobs", "C:\\banyan-farm\\ep2-b15-long-0815\\b15-jobs-render.json", "--size", "704x1280", "--frames", "193", "--fps", "24", "--guidance", "2.0", "--distilled-sigmas", "--two-stage", "--image-crf", "33", "--offload", "sequential", "--mode", "production", "--task", "ep2-b15-long-0815", "--worker", "rtx5090", "--bench-jsonl", "C:\\banyan-farm\\ep2-b15-long-0815\\bench-b15-long.jsonl", "--bench-label", "ep2-b15-long-0815"]
recipe: offload=sequential quantisation=none (bf16)
-- begin-render: phys 10.0/68.1GB, commit 12.0/115.3GB (load 14%)
transformer  C:\Users\artvn\.cache\huggingface\hub\models--diffusers--LTX-2.3-Distilled-Diffusers\snapshots\432e0d3c2d1769aaa4d295f9243f7062bf6b47ee [subfolder=transformer, bf16]
scheduler    C:\Users\artvn\.cache\huggingface\hub\models--diffusers--LTX-2.3-Distilled-Diffusers\snapshots\432e0d3c2d1769aaa4d295f9243f7062bf6b47ee [subfolder=scheduler, distilled]
other parts  C:\Users\artvn\.cache\huggingface\hub\models--diffusers--LTX-2.3-Diffusers\snapshots\8eee8edcf067e838b843f926ec4d4cc9b2be1aaf
-- load-transformer-bf16-38GB: phys 10.8/68.1GB, commit 13.8/115.3GB (load 15%)

Loading checkpoint shards:   0%|          | 0/8 [00:00<?, ?it/s]
Loading checkpoint shards:  12%|█▎        | 1/8 [00:00<00:00,  8.62it/s]
Loading checkpoint shards:  25%|██▌       | 2/8 [00:00<00:00,  9.21it/s]
Loading checkpoint shards:  50%|█████     | 4/8 [00:00<00:00,  8.60it/s]
Loading checkpoint shards: 100%|██████████| 8/8 [00:00<00:00, 17.04it/s]
Loading checkpoint shards: 100%|██████████| 8/8 [00:00<00:00, 14.10it/s]
-- load-connectors-12.7GB-and-vae: phys 10.8/68.1GB, commit 52.2/115.3GB (load 15%)

Loading checkpoint shards:   0%|          | 0/2 [00:00<?, ?it/s]
Loading checkpoint shards: 100%|██████████| 2/2 [00:00<00:00, 67.77it/s]
-- offload-setup-sequential: phys 10.8/68.1GB, commit 61.8/115.3GB (load 15%)
C:\banyan-video\venv\Lib\site-packages\accelerate\utils\modeling.py:345: UserWarning: expandable_segments not supported on this platform (Triggered internally at C:\actions-runner\_work\pytorch\pytorch\pytorch\c10/cuda/CUDAAllocatorConfig.h:39.)
  new_value = old_value.to(device, non_blocking=non_blocking)
conditioning still round-tripped through libx264 crf=33 -> C:\banyan-farm\ep2-b15-long-0815\cond-crf-15.png
-- stage1-denoise-352x640-8steps: phys 11.7/68.1GB, commit 62.1/115.3GB (load 17%)

  0%|          | 0/8 [00:00<?, ?it/s]
 12%|█▎        | 1/8 [01:13<08:34, 73.45s/it]
 25%|██▌       | 2/8 [01:31<04:04, 40.69s/it]
 38%|███▊      | 3/8 [01:46<02:26, 29.22s/it]
 50%|█████     | 4/8 [02:01<01:33, 23.30s/it]
 62%|██████▎   | 5/8 [02:14<00:59, 19.68s/it]
 75%|███████▌  | 6/8 [02:27<00:35, 17.54s/it]
 88%|████████▊ | 7/8 [02:41<00:16, 16.32s/it]
100%|██████████| 8/8 [02:55<00:00, 15.75s/it]
100%|██████████| 8/8 [02:56<00:00, 22.00s/it]
stage1 latents (1, 128, 25, 20, 11)
-- upsample-2x-latent: phys 55.5/68.1GB, commit 65.6/115.3GB (load 81%)
There are modules in LTX2LatentUpsamplerModel that should be kept in float32: []. Casting directly with `to()` can lead to inconsistent results; set `torch_dtype` in `from_pretrained()` instead to keep these modules in float32.
upsampled latents (1, 128, 25, 40, 22)
-- stage2-refine-704x1280-3steps: phys 58.4/68.1GB, commit 68.2/115.3GB (load 85%)

  0%|          | 0/3 [00:00<?, ?it/s]
 33%|███▎      | 1/3 [00:55<01:51, 55.72s/it]
 67%|██████▋   | 2/3 [01:48<00:54, 54.06s/it]
100%|██████████| 3/3 [02:45<00:00, 55.29s/it]
100%|██████████| 3/3 [02:45<00:00, 55.13s/it]
-- decode-and-export: phys 63.6/68.1GB, commit 73.3/115.3GB (load 93%)
[1/1] wrote C:\banyan-farm\ep2-b15-long-0815\15-good-listener-LTX-long.mp4 in 370s (193 frames, 704x1280, 8@352x640+3@704x1280 steps, peak torch 18.1GB, device 3.5/26GB)
THROUGHPUT 0.0217 s(video)/s(wall) (1 x 8.042s of video in 370s)
bench row -> C:\banyan-farm\ep2-b15-long-0815\bench-b15-long.jsonl
{"sample_s": 370.0, "peak_gb": 18.1, "peak_commit_gb": 87.7, "frames": 193, "size": "704x1280", "steps": "8@352x640+3@704x1280", "batch": 1, "mode": "production", "throughput_s_per_s": 0.0217, "two_stage": true, "image_crf": 33, "offload": "sequential", "quantisation": null}
{"peak_commit_gb": 87.7, "peak_phys_gb": 64.0, "last_stage": "decode-and-export"}
==== step render END rc=0 2026-08-14T22:51:25Z ====

==== step publish START 2026-08-14T22:51:25Z ====
argv: ["C:\\banyan-farm\\venv\\Scripts\\python.exe", "-c", "import glob, hashlib, os, shutil\ndst = \"C:/banyan-farm/courier-box/farm-out/ep2-b15-long-0815\"\nos.makedirs(dst, exist_ok=True)\nsrc = sorted(glob.glob(\"C:/banyan-farm/ep2-b15-long-0815/15-good-listener-LTX-long.mp4*\")\n             + glob.glob(\"C:/banyan-farm/ep2-b15-long-0815/b15-init-704x1280.png\")\n             + glob.glob(\"C:/banyan-farm/ep2-b15-long-0815/bench-b15-long.jsonl\"))\nlines = []\nfor f in src:\n    shutil.copy2(f, dst)\n    c = os.path.join(dst, os.path.basename(f))\n    with open(c, \"rb\") as fh:\n        h = hashlib.sha256(fh.read()).hexdigest()\n    lines.append(h + \"  \" + os.path.basename(f))\nwith open(os.path.join(dst, \"ep2-b15-long-0815.sha256\"), \"w\", newline=\"\\n\") as fh:\n    fh.write(\"\\n\".join(lines) + \"\\n\")\nprint(\"published\", len(src), \"file(s) + manifest ->\", dst)\nraise SystemExit(0 if len(src) >= 2 else 1)\n"]
published 4 file(s) + manifest -> C:/banyan-farm/courier-box/farm-out/ep2-b15-long-0815
==== step publish END rc=0 2026-08-14T22:51:25Z ====
#### job ep2-b15-long-0815-1786745024 finished rc=0 2026-08-14T22:51:25Z
