  5%|▌         | 2/40 [00:00<00:08,  4.67it/s]
  8%|▊         | 3/40 [00:00<00:08,  4.60it/s]
 10%|█         | 4/40 [00:00<00:08,  4.35it/s]
 12%|█▎        | 5/40 [00:01<00:08,  4.19it/s]
 15%|█▌        | 6/40 [00:01<00:07,  4.29it/s]
 18%|█▊        | 7/40 [00:01<00:07,  4.38it/s]
 20%|██        | 8/40 [00:01<00:07,  4.33it/s]
 22%|██▎       | 9/40 [00:02<00:07,  4.23it/s]
 25%|██▌       | 10/40 [00:02<00:07,  4.26it/s]
 28%|██▊       | 11/40 [00:02<00:06,  4.41it/s]
 30%|███       | 12/40 [00:02<00:06,  4.35it/s]
 32%|███▎      | 13/40 [00:02<00:06,  4.30it/s]
 35%|███▌      | 14/40 [00:03<00:06,  4.26it/s]
 38%|███▊      | 15/40 [00:03<00:05,  4.33it/s]
 40%|████      | 16/40 [00:03<00:05,  4.31it/s]
 42%|████▎     | 17/40 [00:03<00:05,  4.28it/s]
 45%|████▌     | 18/40 [00:04<00:05,  4.27it/s]
 48%|████▊     | 19/40 [00:04<00:04,  4.25it/s]
 50%|█████     | 20/40 [00:04<00:04,  4.35it/s]
 52%|█████▎    | 21/40 [00:04<00:04,  4.30it/s]
 55%|█████▌    | 22/40 [00:05<00:04,  4.22it/s]
 57%|█████▊    | 23/40 [00:05<00:03,  4.28it/s]
 60%|██████    | 24/40 [00:05<00:03,  4.35it/s]
 62%|██████▎   | 25/40 [00:05<00:03,  4.38it/s]
 65%|██████▌   | 26/40 [00:06<00:03,  4.33it/s]
 68%|██████▊   | 27/40 [00:06<00:03,  4.33it/s]
 70%|███████   | 28/40 [00:06<00:02,  4.37it/s]
 72%|███████▎  | 29/40 [00:06<00:02,  4.42it/s]
 75%|███████▌  | 30/40 [00:06<00:02,  4.36it/s]
 78%|███████▊  | 31/40 [00:07<00:02,  4.40it/s]
 80%|████████  | 32/40 [00:07<00:01,  4.38it/s]
 82%|████████▎ | 33/40 [00:07<00:01,  4.42it/s]
 85%|████████▌ | 34/40 [00:07<00:01,  4.33it/s]
 88%|████████▊ | 35/40 [00:08<00:01,  4.34it/s]
 90%|█████████ | 36/40 [00:08<00:00,  4.37it/s]
 92%|█████████▎| 37/40 [00:08<00:00,  4.41it/s]
 95%|█████████▌| 38/40 [00:08<00:00,  4.44it/s]
 98%|█████████▊| 39/40 [00:08<00:00,  4.38it/s]
100%|██████████| 40/40 [00:09<00:00,  4.42it/s]
100%|██████████| 40/40 [00:09<00:00,  4.35it/s]
   04-the-footnote-ipa-r0-w060-s0.png seed=20260723 10s  (13/16)

  0%|          | 0/40 [00:00<?, ?it/s]
  2%|▎         | 1/40 [00:00<00:08,  4.63it/s]
  5%|▌         | 2/40 [00:00<00:08,  4.62it/s]
  8%|▊         | 3/40 [00:00<00:07,  4.74it/s]
 10%|█         | 4/40 [00:00<00:08,  4.31it/s]
 12%|█▎        | 5/40 [00:01<00:08,  4.28it/s]
 15%|█▌        | 6/40 [00:01<00:07,  4.37it/s]
 18%|█▊        | 7/40 [00:01<00:07,  4.42it/s]
 20%|██        | 8/40 [00:01<00:07,  4.28it/s]
 22%|██▎       | 9/40 [00:02<00:07,  4.18it/s]
 25%|██▌       | 10/40 [00:02<00:07,  4.25it/s]
 28%|██▊       | 11/40 [00:02<00:06,  4.38it/s]
 30%|███       | 12/40 [00:02<00:06,  4.33it/s]
 32%|███▎      | 13/40 [00:03<00:06,  4.23it/s]
 35%|███▌      | 14/40 [00:03<00:06,  4.31it/s]
 38%|███▊      | 15/40 [00:03<00:05,  4.31it/s]
 40%|████      | 16/40 [00:03<00:05,  4.36it/s]
 42%|████▎     | 17/40 [00:03<00:05,  4.26it/s]
 45%|████▌     | 18/40 [00:04<00:05,  4.23it/s]
 48%|████▊     | 19/40 [00:04<00:04,  4.34it/s]
 50%|█████     | 20/40 [00:04<00:04,  4.41it/s]
 52%|█████▎    | 21/40 [00:04<00:04,  4.27it/s]
 55%|█████▌    | 22/40 [00:05<00:04,  4.26it/s]
 57%|█████▊    | 23/40 [00:05<00:03,  4.34it/s]
 60%|██████    | 24/40 [00:05<00:03,  4.24it/s]
 62%|██████▎   | 25/40 [00:05<00:03,  4.32it/s]
 65%|██████▌   | 26/40 [00:06<00:03,  4.30it/s]
 68%|██████▊   | 27/40 [00:06<00:02,  4.38it/s]
 70%|███████   | 28/40 [00:06<00:02,  4.41it/s]
 72%|███████▎  | 29/40 [00:06<00:02,  4.36it/s]
 75%|███████▌  | 30/40 [00:06<00:02,  4.40it/s]
 78%|███████▊  | 31/40 [00:07<00:02,  4.33it/s]
 80%|████████  | 32/40 [00:07<00:01,  4.38it/s]
 82%|████████▎ | 33/40 [00:07<00:01,  4.42it/s]
 85%|████████▌ | 34/40 [00:07<00:01,  4.37it/s]
 88%|████████▊ | 35/40 [00:08<00:01,  4.36it/s]
 90%|█████████ | 36/40 [00:08<00:00,  4.41it/s]
 92%|█████████▎| 37/40 [00:08<00:00,  4.39it/s]
 95%|█████████▌| 38/40 [00:08<00:00,  4.39it/s]
 98%|█████████▊| 39/40 [00:08<00:00,  4.43it/s]
100%|██████████| 40/40 [00:09<00:00,  4.36it/s]
100%|██████████| 40/40 [00:09<00:00,  4.35it/s]
   04-the-footnote-ipa-r0-w060-s1.png seed=20261723 10s  (14/16)

  0%|          | 0/40 [00:00<?, ?it/s]
  2%|▎         | 1/40 [00:00<00:07,  5.01it/s]
  5%|▌         | 2/40 [00:00<00:08,  4.71it/s]
  8%|▊         | 3/40 [00:00<00:08,  4.61it/s]
 10%|█         | 4/40 [00:00<00:08,  4.34it/s]
 12%|█▎        | 5/40 [00:01<00:08,  4.18it/s]
 15%|█▌        | 6/40 [00:01<00:07,  4.33it/s]
 18%|█▊        | 7/40 [00:01<00:07,  4.39it/s]
 20%|██        | 8/40 [00:01<00:07,  4.36it/s]
 22%|██▎       | 9/40 [00:02<00:07,  4.19it/s]
 25%|██▌       | 10/40 [00:02<00:07,  4.25it/s]
 28%|██▊       | 11/40 [00:02<00:06,  4.42it/s]
 30%|███       | 12/40 [00:02<00:06,  4.35it/s]
 32%|███▎      | 13/40 [00:02<00:06,  4.24it/s]
 35%|███▌      | 14/40 [00:03<00:06,  4.23it/s]
 38%|███▊      | 15/40 [00:03<00:05,  4.30it/s]
 40%|████      | 16/40 [00:03<00:05,  4.40it/s]
 42%|████▎     | 17/40 [00:03<00:05,  4.32it/s]
 45%|████▌     | 18/40 [00:04<00:05,  4.28it/s]
 48%|████▊     | 19/40 [00:04<00:04,  4.27it/s]
 50%|█████     | 20/40 [00:04<00:04,  4.33it/s]
 52%|█████▎    | 21/40 [00:04<00:04,  4.28it/s]
 55%|█████▌    | 22/40 [00:05<00:04,  4.27it/s]
 57%|█████▊    | 23/40 [00:05<00:03,  4.25it/s]
 60%|██████    | 24/40 [00:05<00:03,  4.26it/s]
 62%|██████▎   | 25/40 [00:05<00:03,  4.33it/s]
 65%|██████▌   | 26/40 [00:06<00:03,  4.33it/s]
 68%|██████▊   | 27/40 [00:06<00:02,  4.38it/s]
 70%|███████   | 28/40 [00:06<00:02,  4.41it/s]
 72%|███████▎  | 29/40 [00:06<00:02,  4.36it/s]
 75%|███████▌  | 30/40 [00:06<00:02,  4.40it/s]
 78%|███████▊  | 31/40 [00:07<00:02,  4.33it/s]
 80%|████████  | 32/40 [00:07<00:01,  4.39it/s]
 82%|████████▎ | 33/40 [00:07<00:01,  4.44it/s]
 85%|████████▌ | 34/40 [00:07<00:01,  4.36it/s]
 88%|████████▊ | 35/40 [00:08<00:01,  4.43it/s]
 90%|█████████ | 36/40 [00:08<00:00,  4.36it/s]
 92%|█████████▎| 37/40 [00:08<00:00,  4.42it/s]
 95%|█████████▌| 38/40 [00:08<00:00,  4.37it/s]
 98%|█████████▊| 39/40 [00:08<00:00,  4.42it/s]
100%|██████████| 40/40 [00:09<00:00,  4.36it/s]
100%|██████████| 40/40 [00:09<00:00,  4.35it/s]
   04-the-footnote-ipa-r0-w060-s2.png seed=20262723 10s  (15/16)

  0%|          | 0/40 [00:00<?, ?it/s]
  2%|▎         | 1/40 [00:00<00:08,  4.80it/s]
  5%|▌         | 2/40 [00:00<00:08,  4.62it/s]
  8%|▊         | 3/40 [00:00<00:07,  4.73it/s]
 10%|█         | 4/40 [00:00<00:08,  4.39it/s]
 12%|█▎        | 5/40 [00:01<00:08,  4.16it/s]
 15%|█▌        | 6/40 [00:01<00:07,  4.37it/s]
 18%|█▊        | 7/40 [00:01<00:07,  4.41it/s]
 20%|██        | 8/40 [00:01<00:07,  4.36it/s]
 22%|██▎       | 9/40 [00:02<00:07,  4.22it/s]
 25%|██▌       | 10/40 [00:02<00:07,  4.24it/s]
 28%|██▊       | 11/40 [00:02<00:06,  4.31it/s]
 30%|███       | 12/40 [00:02<00:06,  4.41it/s]
 32%|███▎      | 13/40 [00:03<00:06,  4.20it/s]
 35%|███▌      | 14/40 [00:03<00:06,  4.22it/s]
 38%|███▊      | 15/40 [00:03<00:05,  4.38it/s]
 40%|████      | 16/40 [00:03<00:05,  4.33it/s]
 42%|████▎     | 17/40 [00:03<00:05,  4.32it/s]
 45%|████▌     | 18/40 [00:04<00:05,  4.20it/s]
 48%|████▊     | 19/40 [00:04<00:04,  4.30it/s]
 50%|█████     | 20/40 [00:04<00:04,  4.36it/s]
 52%|█████▎    | 21/40 [00:04<00:04,  4.34it/s]
 55%|█████▌    | 22/40 [00:05<00:04,  4.22it/s]
 57%|█████▊    | 23/40 [00:05<00:03,  4.30it/s]
 60%|██████    | 24/40 [00:05<00:03,  4.25it/s]
 62%|██████▎   | 25/40 [00:05<00:03,  4.34it/s]
 65%|██████▌   | 26/40 [00:06<00:03,  4.32it/s]
 68%|██████▊   | 27/40 [00:06<00:02,  4.37it/s]
 70%|███████   | 28/40 [00:06<00:02,  4.43it/s]
 72%|███████▎  | 29/40 [00:06<00:02,  4.36it/s]
 75%|███████▌  | 30/40 [00:06<00:02,  4.41it/s]
 78%|███████▊  | 31/40 [00:07<00:02,  4.38it/s]
 80%|████████  | 32/40 [00:07<00:01,  4.33it/s]
 82%|████████▎ | 33/40 [00:07<00:01,  4.40it/s]
 85%|████████▌ | 34/40 [00:07<00:01,  4.35it/s]
 88%|████████▊ | 35/40 [00:08<00:01,  4.43it/s]
 90%|█████████ | 36/40 [00:08<00:00,  4.36it/s]
 92%|█████████▎| 37/40 [00:08<00:00,  4.37it/s]
 95%|█████████▌| 38/40 [00:08<00:00,  4.38it/s]
 98%|█████████▊| 39/40 [00:08<00:00,  4.42it/s]
100%|██████████| 40/40 [00:09<00:00,  4.37it/s]
100%|██████████| 40/40 [00:09<00:00,  4.35it/s]
   04-the-footnote-ipa-r0-w060-s3.png seed=20263723 10s  (16/16)

DONE 16 stills — ONE beat. The other fourteen wait on his verdict.
==== step sample END rc=0 2026-08-10T11:10:02Z ====

==== step measure START 2026-08-10T11:10:02Z ====
argv: ["C:\\banyan-farm\\venv\\Scripts\\python.exe", "C:\\banyan-farm\\wave-goblin-prep\\identity_agreement.py", "--group", "wave1-baseline=C:\\banyan-farm\\wave-goblin-prep\\out\\04-the-footnote-wave1-s*.png", "--group", "arm1-ref0-scale060=C:\\banyan-farm\\goblin-ipa-0810\\out\\04-the-footnote-ipa-r0-c060-s*.png", "--group", "arm3-ref0-window015=C:\\banyan-farm\\goblin-ipa-0810\\out3\\04-the-footnote-ipa-r0-w015-s*.png", "--group", "arm3-ref0-window025=C:\\banyan-farm\\goblin-ipa-0810\\out3\\04-the-footnote-ipa-r0-w025-s*.png", "--group", "arm3-ref0-window040=C:\\banyan-farm\\goblin-ipa-0810\\out3\\04-the-footnote-ipa-r0-w040-s*.png", "--group", "arm3-ref0-window060=C:\\banyan-farm\\goblin-ipa-0810\\out3\\04-the-footnote-ipa-r0-w060-s*.png", "--ref-for", "arm3-ref0-window015=C:\\banyan-farm\\wave-goblin-prep\\out\\04-the-footnote-wave1-s0.png", "--ref-for", "arm3-ref0-window025=C:\\banyan-farm\\wave-goblin-prep\\out\\04-the-footnote-wave1-s0.png", "--ref-for", "arm3-ref0-window040=C:\\banyan-farm\\wave-goblin-prep\\out\\04-the-footnote-wave1-s0.png", "--ref-for", "arm3-ref0-window060=C:\\banyan-farm\\wave-goblin-prep\\out\\04-the-footnote-wave1-s0.png", "--out", "C:\\banyan-farm\\goblin-ipa-0810\\out3\\identity-agreement-window.yaml"]
C:\banyan-farm\venv\Lib\site-packages\torch\nn\modules\module.py:1370: UserWarning: expandable_segments not supported on this platform (Triggered internally at C:\actions-runner\_work\pytorch\pytorch\pytorch\c10/cuda/CUDAAllocatorConfig.h:39.)
  return t.to(
C:\banyan-farm\venv\Lib\site-packages\transformers\tokenization_utils_base.py:1601: FutureWarning: `clean_up_tokenization_spaces` was not set. It will be set to `True` by default. This behavior will be depracted in transformers v4.45, and will be then set to `False` by default. For more details check this issue: https://github.com/huggingface/transformers/issues/31884
  warnings.warn(

group                n  DINO mean  DINO min  CLIP-I mean  to-ref DINO
wave1-baseline       4     0.6967    0.6420       0.8931            —
arm1-ref0-scale060   4     0.8069    0.7496       0.9276            —
arm3-ref0-window015  4     0.7556    0.6956       0.8837       0.7928
arm3-ref0-window025  4     0.7991    0.7671       0.8972       0.8151
arm3-ref0-window040  4     0.7991    0.7099       0.8971       0.8189
arm3-ref0-window060  4     0.8028    0.7726       0.9200       0.8068

wrote C:\banyan-farm\goblin-ipa-0810\out3\identity-agreement-window.yaml
==== step measure END rc=0 2026-08-10T11:10:11Z ====

==== step publish START 2026-08-10T11:10:11Z ====
argv: ["C:\\banyan-farm\\venv\\Scripts\\python.exe", "-c", "import glob, hashlib, os, shutil\ndst = \"C:/banyan-farm/courier-box/farm-out/ep2-b04-goblin-ipa-window\"\nos.makedirs(dst, exist_ok=True)\nsrc = sorted(glob.glob(\"C:/banyan-farm/goblin-ipa-0810/out3/*\"))\nlines = []\nfor f in src:\n    shutil.copy2(f, dst)\n    c = os.path.join(dst, os.path.basename(f))\n    with open(c, \"rb\") as fh:\n        h = hashlib.sha256(fh.read()).hexdigest()\n    lines.append(h + \"  \" + os.path.basename(f))\nwith open(os.path.join(dst, \"ep2-b04-goblin-ipa-window.sha256\"), \"w\") as fh:\n    fh.write(\"\\n\".join(lines) + \"\\n\")\nprint(\"published\", len(src), \"file(s) + manifest ->\", dst)\n# 16 stills + 16 sidecars + identity-agreement-window.yaml.\nraise SystemExit(0 if len(src) == 33 else 1)\n"]
published 33 file(s) + manifest -> C:/banyan-farm/courier-box/farm-out/ep2-b04-goblin-ipa-window
==== step publish END rc=0 2026-08-10T11:10:11Z ====
#### job ep2-b04-goblin-ipa-window-1786360023 finished rc=0 2026-08-10T11:10:11Z
