#### job ep2-b20-motion-0819-1787135952 attempt 1 start 2026-08-19T10:39:18Z

==== step crop START 2026-08-19T10:39:22Z ====
argv: ["C:\\banyan-farm\\venv\\Scripts\\python.exe", "C:\\banyan-farm\\ep2-b20-motion-0819\\cover_crop.py", "--src", "C:\\banyan-farm\\courier-box\\farm-out\\ep2-b20-plateship-0819\\20-evidence-mac-plate-r1s1.png", "--sha256", "4b87cf4f40772af7942077e9a1c30198aa78aaeac70b9a26dda5808d9a04d119", "--out", "C:\\banyan-farm\\ep2-b20-motion-0819-out\\b20-mac-init-704x1280.png", "--size", "704x1280"]
src 832x1216 sha 4b87cf4f40772af7942077e9a1c30198aa78aaeac70b9a26dda5808d9a04d119
cover-crop scale=1.0526 -> 876x1280, centre box (86,0)
WROTE C:\banyan-farm\ep2-b20-motion-0819-out\b20-mac-init-704x1280.png
==== step crop END rc=0 2026-08-19T10:39:22Z ====

==== step encode START 2026-08-19T10:39:22Z ====
argv: ["C:\\banyan-video\\venv\\Scripts\\python.exe", "C:\\banyan-farm\\banyan-city\\pipeline\\ltx_i2v.py", "--stage", "encode", "--jobs", "C:\\banyan-farm\\ep2-b20-motion-0819\\b20-jobs-encode.json"]
-- begin-encode: phys 10.7/68.1GB, commit 12.7/115.3GB (load 15%)
loading text encoder from C:\Users\artvn\.cache\huggingface\hub\models--Lightricks--gemma-3-12b-it-qat-q4_0-unquantized\snapshots\d62fe4f1995ade703b49a0f3c0d0f161237ef437

Loading weights:   0%|          | 0/1065 [00:00<?, ?it/s]
Loading weights:  30%|███       | 324/1065 [00:00<00:00, 2937.05it/s]
Loading weights:  63%|██████▎   | 673/1065 [00:00<00:00, 3065.25it/s]
Loading weights:  96%|█████████▌| 1021/1065 [00:00<00:00, 3111.50it/s]
Loading weights: 100%|██████████| 1065/1065 [00:00<00:00, 3219.17it/s]
-- encode-beat-20: phys 11.8/68.1GB, commit 39.5/115.3GB (load 17%)
[1/1] encoded beat 20 to C:\banyan-farm\ep2-b20-motion-0819-out\b20-embeds.pt (1, 1024, 188160)
{"peak_commit_gb": 41.7, "peak_phys_gb": 37.3, "last_stage": "encode-beat-20"}
==== step encode END rc=0 2026-08-19T10:40:54Z ====

==== step render START 2026-08-19T10:40:54Z ====
argv: ["C:\\banyan-video\\venv\\Scripts\\python.exe", "C:\\banyan-farm\\banyan-city\\pipeline\\ltx_i2v.py", "--stage", "render", "--jobs", "C:\\banyan-farm\\ep2-b20-motion-0819\\b20-jobs-render.json", "--size", "704x1280", "--frames", "121", "--fps", "24", "--guidance", "2.0", "--distilled-sigmas", "--two-stage", "--image-crf", "10", "--offload", "sequential", "--mode", "production", "--task", "ep2-b20-motion-0819", "--worker", "rtx5090", "--bench-jsonl", "C:\\banyan-farm\\ep2-b20-motion-0819-out\\bench-b20-macplate.jsonl", "--bench-label", "ep2-b20-motion-0819"]
recipe: offload=sequential quantisation=none (bf16)
-- begin-render: phys 10.7/68.1GB, commit 12.7/115.3GB (load 15%)
transformer  C:\Users\artvn\.cache\huggingface\hub\models--diffusers--LTX-2.3-Distilled-Diffusers\snapshots\432e0d3c2d1769aaa4d295f9243f7062bf6b47ee [subfolder=transformer, bf16]
scheduler    C:\Users\artvn\.cache\huggingface\hub\models--diffusers--LTX-2.3-Distilled-Diffusers\snapshots\432e0d3c2d1769aaa4d295f9243f7062bf6b47ee [subfolder=scheduler, distilled]
other parts  C:\Users\artvn\.cache\huggingface\hub\models--diffusers--LTX-2.3-Diffusers\snapshots\8eee8edcf067e838b843f926ec4d4cc9b2be1aaf
-- load-transformer-bf16-38GB: phys 11.4/68.1GB, commit 14.6/115.3GB (load 16%)

Loading checkpoint shards:   0%|          | 0/8 [00:00<?, ?it/s]
Loading checkpoint shards:  12%|█▎        | 1/8 [00:00<00:00,  9.40it/s]
Loading checkpoint shards:  25%|██▌       | 2/8 [00:00<00:00,  9.71it/s]
Loading checkpoint shards:  50%|█████     | 4/8 [00:00<00:00,  8.98it/s]
Loading checkpoint shards: 100%|██████████| 8/8 [00:00<00:00, 17.27it/s]
Loading checkpoint shards: 100%|██████████| 8/8 [00:00<00:00, 14.50it/s]
-- load-connectors-12.7GB-and-vae: phys 11.5/68.1GB, commit 52.9/115.3GB (load 16%)

Loading checkpoint shards:   0%|          | 0/2 [00:00<?, ?it/s]
Loading checkpoint shards: 100%|██████████| 2/2 [00:00<00:00, 63.46it/s]
-- offload-setup-sequential: phys 11.5/68.1GB, commit 62.5/115.3GB (load 16%)
C:\banyan-video\venv\Lib\site-packages\accelerate\utils\modeling.py:345: UserWarning: expandable_segments not supported on this platform (Triggered internally at C:\actions-runner\_work\pytorch\pytorch\pytorch\c10/cuda/CUDAAllocatorConfig.h:39.)
  new_value = old_value.to(device, non_blocking=non_blocking)
conditioning still round-tripped through libx264 crf=10 -> C:\banyan-farm\ep2-b20-motion-0819-out\cond-crf-20.png
-- stage1-denoise-352x640-8steps: phys 12.4/68.1GB, commit 63.0/115.3GB (load 18%)

  0%|          | 0/8 [00:00<?, ?it/s]
 12%|█▎        | 1/8 [01:13<08:31, 73.05s/it]
 25%|██▌       | 2/8 [01:27<03:51, 38.58s/it]
 38%|███▊      | 3/8 [01:37<02:06, 25.31s/it]
 50%|█████     | 4/8 [01:47<01:17, 19.50s/it]
 62%|██████▎   | 5/8 [01:58<00:48, 16.32s/it]
 75%|███████▌  | 6/8 [02:08<00:28, 14.10s/it]
 88%|████████▊ | 7/8 [02:17<00:12, 12.64s/it]
100%|██████████| 8/8 [02:27<00:00, 11.67s/it]
100%|██████████| 8/8 [02:27<00:00, 18.42s/it]
stage1 latents (1, 128, 16, 20, 11)
-- upsample-2x-latent: phys 56.0/68.1GB, commit 65.7/115.3GB (load 82%)
There are modules in LTX2LatentUpsamplerModel that should be kept in float32: []. Casting directly with `to()` can lead to inconsistent results; set `torch_dtype` in `from_pretrained()` instead to keep these modules in float32.
upsampled latents (1, 128, 16, 40, 22)
-- stage2-refine-704x1280-3steps: phys 59.0/68.1GB, commit 68.4/115.3GB (load 86%)

  0%|          | 0/3 [00:00<?, ?it/s]
 33%|███▎      | 1/3 [00:32<01:04, 32.09s/it]
 67%|██████▋   | 2/3 [01:04<00:32, 32.35s/it]
100%|██████████| 3/3 [01:35<00:00, 31.66s/it]
100%|██████████| 3/3 [01:35<00:00, 31.82s/it]
-- decode-and-export: phys 65.1/68.1GB, commit 72.7/115.3GB (load 95%)
[1/1] wrote C:\banyan-farm\ep2-b20-motion-0819-out\20-evidence-LTX-macplate-r1s1.mp4 in 268s (121 frames, 704x1280, 8@352x640+3@704x1280 steps, peak torch 12.0GB, device 3.1/26GB)
THROUGHPUT 0.0188 s(video)/s(wall) (1 x 5.042s of video in 268s)
bench row -> C:\banyan-farm\ep2-b20-motion-0819-out\bench-b20-macplate.jsonl
{"sample_s": 268.3, "peak_gb": 12.0, "peak_commit_gb": 81.8, "frames": 121, "size": "704x1280", "steps": "8@352x640+3@704x1280", "batch": 1, "mode": "production", "throughput_s_per_s": 0.0188, "two_stage": true, "image_crf": 10, "offload": "sequential", "quantisation": null}
{"peak_commit_gb": 81.8, "peak_phys_gb": 65.2, "last_stage": "decode-and-export"}
==== step render END rc=0 2026-08-19T10:45:40Z ====

==== step stamp START 2026-08-19T10:45:40Z ====
argv: ["C:\\banyan-farm\\venv\\Scripts\\python.exe", "C:\\banyan-farm\\ep2-b20-motion-0819\\stamp_sidecar.py", "C:\\banyan-farm\\ep2-b20-motion-0819-out\\20-evidence-LTX-macplate-r1s1.mp4.meta.yaml"]
stamped C:\banyan-farm\ep2-b20-motion-0819-out\20-evidence-LTX-macplate-r1s1.mp4.meta.yaml
==== step stamp END rc=0 2026-08-19T10:45:40Z ====

==== step publish START 2026-08-19T10:45:40Z ====
argv: ["C:\\banyan-farm\\venv\\Scripts\\python.exe", "-c", "# THE GLOB CARRIES THE BEAT SLUG (20-evidence). Without it the glob\n# matches nothing and the step publishes nothing while returning a code\n# that reads like a render failure. No allow_fail: a publish that cannot\n# find its files is a FAIL of the job, not a footnote.\nimport glob, hashlib, os, shutil\nout_dir = \"C:/banyan-farm/ep2-b20-motion-0819-out\"\npay_dir = \"C:/banyan-farm/ep2-b20-motion-0819\"\ndst = \"C:/banyan-farm/courier-box/farm-out/ep2-b20-motion-0819\"\nos.makedirs(dst, exist_ok=True)\nfiles = sorted(glob.glob(out_dir + \"/20-evidence-LTX-macplate-r1s1.mp4*\")\n               + glob.glob(out_dir + \"/b20-mac-init-704x1280.png\")\n               + glob.glob(out_dir + \"/bench-b20-macplate.jsonl\")\n               + glob.glob(pay_dir + \"/b20-motion-prompt.txt\")\n               + glob.glob(pay_dir + \"/b20-negative.txt\"))\nlines = []\nfor f in files:\n    shutil.copy2(f, dst)\n    c = os.path.join(dst, os.path.basename(f))\n    with open(c, \"rb\") as fh:\n        h = hashlib.sha256(fh.read()).hexdigest()\n    lines.append(h + \"  \" + os.path.basename(f))\nwith open(os.path.join(dst, \"ep2-b20-motion-0819.sha256\"), \"w\", newline=\"\\n\") as fh:\n    fh.write(\"\\n\".join(sorted(lines)) + \"\\n\")\nprint(\"published\", len(files), \"file(s) + manifest ->\", dst)\nraise SystemExit(0 if len(files) >= 6 else 1)"]
published 6 file(s) + manifest -> C:/banyan-farm/courier-box/farm-out/ep2-b20-motion-0819
==== step publish END rc=0 2026-08-19T10:45:40Z ====
#### job ep2-b20-motion-0819-1787135952 finished rc=0 2026-08-19T10:45:40Z
