#### job ep2-b05twin-wave-0813-1786616277 attempt 1 start 2026-08-13T10:18:14Z

==== step crop START 2026-08-13T10:18:18Z ====
argv: ["C:\\banyan-farm\\venv\\Scripts\\python.exe", "C:\\banyan-farm\\ep2-b05twin-wave-0813\\cover_crop.py", "--src", "C:\\banyan-farm\\goblin-ipa-0812\\out-b05-register-pose\\05-the-patrol-ipa-r2-w015-s2.png", "--sha256", "85f84a201eac433c582b5f60a7a9eee8a1a472f1da61ac145360fa5bcde722de", "--out", "C:\\banyan-farm\\ep2-b05twin-wave-0813\\b05-init-704x1280.png", "--size", "704x1280"]
src 832x1216 sha 85f84a201eac433c582b5f60a7a9eee8a1a472f1da61ac145360fa5bcde722de
cover-crop scale=1.0526 -> 876x1280, centre box (86,0)
WROTE C:\banyan-farm\ep2-b05twin-wave-0813\b05-init-704x1280.png
==== step crop END rc=0 2026-08-13T10:18:18Z ====

==== step encode START 2026-08-13T10:18:18Z ====
argv: ["C:\\banyan-video\\venv\\Scripts\\python.exe", "C:\\banyan-farm\\banyan-city\\pipeline\\ltx_i2v.py", "--stage", "encode", "--jobs", "C:\\banyan-farm\\ep2-b05twin-wave-0813\\b05-jobs-encode.json"]
-- begin-encode: phys 9.9/68.1GB, commit 11.9/115.3GB (load 14%)
loading text encoder from C:\Users\artvn\.cache\huggingface\hub\models--Lightricks--gemma-3-12b-it-qat-q4_0-unquantized\snapshots\d62fe4f1995ade703b49a0f3c0d0f161237ef437

Loading weights:   0%|          | 0/1065 [00:00<?, ?it/s]
Loading weights:  37%|███▋      | 394/1065 [00:00<00:00, 3556.12it/s]
Loading weights: 100%|██████████| 1065/1065 [00:00<00:00, 5176.29it/s]
-- encode-beat-05: phys 11.1/68.1GB, commit 38.7/115.3GB (load 16%)
[1/1] encoded beat 5 to C:\banyan-farm\ep2-b05twin-wave-0813\b05-embeds.pt (1, 1024, 188160)
{"peak_commit_gb": 41.0, "peak_phys_gb": 36.8, "last_stage": "encode-beat-05"}
==== step encode END rc=0 2026-08-13T10:19:57Z ====

==== step render START 2026-08-13T10:19:57Z ====
argv: ["C:\\banyan-video\\venv\\Scripts\\python.exe", "C:\\banyan-farm\\banyan-city\\pipeline\\ltx_i2v.py", "--stage", "render", "--jobs", "C:\\banyan-farm\\ep2-b05twin-wave-0813\\b05-jobs-render.json", "--size", "704x1280", "--frames", "121", "--fps", "24", "--guidance", "2.0", "--distilled-sigmas", "--two-stage", "--image-crf", "33", "--offload", "sequential", "--mode", "production", "--task", "ep2-b05twin-wave-0813", "--worker", "rtx5090", "--bench-jsonl", "C:\\banyan-farm\\ep2-b05twin-wave-0813\\bench-b05-register.jsonl", "--bench-label", "ep2-b05twin-wave-0813"]
recipe: offload=sequential quantisation=none (bf16)
-- begin-render: phys 9.9/68.1GB, commit 11.8/115.3GB (load 14%)
transformer  C:\Users\artvn\.cache\huggingface\hub\models--diffusers--LTX-2.3-Distilled-Diffusers\snapshots\432e0d3c2d1769aaa4d295f9243f7062bf6b47ee [subfolder=transformer, bf16]
scheduler    C:\Users\artvn\.cache\huggingface\hub\models--diffusers--LTX-2.3-Distilled-Diffusers\snapshots\432e0d3c2d1769aaa4d295f9243f7062bf6b47ee [subfolder=scheduler, distilled]
other parts  C:\Users\artvn\.cache\huggingface\hub\models--diffusers--LTX-2.3-Diffusers\snapshots\8eee8edcf067e838b843f926ec4d4cc9b2be1aaf
-- load-transformer-bf16-38GB: phys 10.6/68.1GB, commit 13.7/115.3GB (load 15%)

Loading checkpoint shards:   0%|          | 0/8 [00:00<?, ?it/s]
Loading checkpoint shards:  12%|█▎        | 1/8 [00:00<00:00,  9.22it/s]
Loading checkpoint shards:  25%|██▌       | 2/8 [00:00<00:00,  9.11it/s]
Loading checkpoint shards:  50%|█████     | 4/8 [00:00<00:00,  8.93it/s]
Loading checkpoint shards:  88%|████████▊ | 7/8 [00:00<00:00, 14.59it/s]
Loading checkpoint shards: 100%|██████████| 8/8 [00:00<00:00, 13.61it/s]
-- load-connectors-12.7GB-and-vae: phys 10.7/68.1GB, commit 52.0/115.3GB (load 15%)

Loading checkpoint shards:   0%|          | 0/2 [00:00<?, ?it/s]
Loading checkpoint shards: 100%|██████████| 2/2 [00:00<00:00, 56.25it/s]
-- offload-setup-sequential: phys 10.7/68.1GB, commit 61.6/115.3GB (load 15%)
C:\banyan-video\venv\Lib\site-packages\accelerate\utils\modeling.py:345: UserWarning: expandable_segments not supported on this platform (Triggered internally at C:\actions-runner\_work\pytorch\pytorch\pytorch\c10/cuda/CUDAAllocatorConfig.h:39.)
  new_value = old_value.to(device, non_blocking=non_blocking)
conditioning still round-tripped through libx264 crf=33 -> C:\banyan-farm\ep2-b05twin-wave-0813\cond-crf-05.png
-- stage1-denoise-352x640-8steps: phys 11.6/68.1GB, commit 62.0/115.3GB (load 17%)

  0%|          | 0/8 [00:00<?, ?it/s]
 12%|█▎        | 1/8 [01:11<08:18, 71.22s/it]
 25%|██▌       | 2/8 [01:25<03:46, 37.75s/it]
 38%|███▊      | 3/8 [01:35<02:04, 24.94s/it]
 50%|█████     | 4/8 [01:45<01:16, 19.24s/it]
 62%|██████▎   | 5/8 [01:55<00:47, 15.90s/it]
 75%|███████▌  | 6/8 [02:05<00:27, 13.74s/it]
 88%|████████▊ | 7/8 [02:14<00:12, 12.37s/it]
100%|██████████| 8/8 [02:24<00:00, 11.46s/it]
100%|██████████| 8/8 [02:24<00:00, 18.04s/it]
stage1 latents (1, 128, 16, 20, 11)
-- upsample-2x-latent: phys 55.4/68.1GB, commit 64.8/115.3GB (load 81%)
There are modules in LTX2LatentUpsamplerModel that should be kept in float32: []. Casting directly with `to()` can lead to inconsistent results; set `torch_dtype` in `from_pretrained()` instead to keep these modules in float32.
upsampled latents (1, 128, 16, 40, 22)
-- stage2-refine-704x1280-3steps: phys 58.4/68.1GB, commit 67.5/115.3GB (load 85%)

  0%|          | 0/3 [00:00<?, ?it/s]
 33%|███▎      | 1/3 [00:32<01:05, 32.61s/it]
 67%|██████▋   | 2/3 [01:06<00:33, 33.32s/it]
100%|██████████| 3/3 [01:38<00:00, 32.89s/it]
100%|██████████| 3/3 [01:38<00:00, 32.94s/it]
-- decode-and-export: phys 64.0/68.1GB, commit 71.8/115.3GB (load 94%)
[1/1] wrote C:\banyan-farm\ep2-b05twin-wave-0813\05-the-patrol-LTX-wave-0813.mp4 in 268s (121 frames, 704x1280, 8@352x640+3@704x1280 steps, peak torch 12.0GB, device 3.1/26GB)
THROUGHPUT 0.0188 s(video)/s(wall) (1 x 5.042s of video in 268s)
bench row -> C:\banyan-farm\ep2-b05twin-wave-0813\bench-b05-register.jsonl
{"sample_s": 268.0, "peak_gb": 12.0, "peak_commit_gb": 81.0, "frames": 121, "size": "704x1280", "steps": "8@352x640+3@704x1280", "batch": 1, "mode": "production", "throughput_s_per_s": 0.0188, "two_stage": true, "image_crf": 33, "offload": "sequential", "quantisation": null}
{"peak_commit_gb": 81.0, "peak_phys_gb": 64.2, "last_stage": "decode-and-export"}
==== step render END rc=0 2026-08-13T10:24:40Z ====

==== step publish START 2026-08-13T10:24:40Z ====
argv: ["C:\\banyan-farm\\venv\\Scripts\\python.exe", "-c", "import glob, hashlib, os, shutil\ndst = \"C:/banyan-farm/courier-box/farm-out/ep2-b05twin-wave-0813\"\nos.makedirs(dst, exist_ok=True)\nsrc = sorted(glob.glob(\"C:/banyan-farm/ep2-b05twin-wave-0813/05-the-patrol-LTX-wave-0813.mp4*\")\n             + glob.glob(\"C:/banyan-farm/ep2-b05twin-wave-0813/b05-init-704x1280.png\")\n             + glob.glob(\"C:/banyan-farm/ep2-b05twin-wave-0813/bench-b05-register.jsonl\"))\nlines = []\nfor f in src:\n    shutil.copy2(f, dst)\n    c = os.path.join(dst, os.path.basename(f))\n    with open(c, \"rb\") as fh:\n        h = hashlib.sha256(fh.read()).hexdigest()\n    lines.append(h + \"  \" + os.path.basename(f))\nwith open(os.path.join(dst, \"ep2-b05twin-wave-0813.sha256\"), \"w\", newline=\"\\n\") as fh:\n    fh.write(\"\\n\".join(lines) + \"\\n\")\nprint(\"published\", len(src), \"file(s) + manifest ->\", dst)\nraise SystemExit(0 if len(src) >= 2 else 1)\n"]
published 4 file(s) + manifest -> C:/banyan-farm/courier-box/farm-out/ep2-b05twin-wave-0813
==== step publish END rc=0 2026-08-13T10:24:40Z ====
#### job ep2-b05twin-wave-0813-1786616277 finished rc=0 2026-08-13T10:24:40Z
