Loading pipeline components...:  71%|███████▏  | 5/7 [00:00<00:00,  6.23it/s]
Loading pipeline components...:  86%|████████▌ | 6/7 [00:00<00:00,  6.07it/s]
Loading pipeline components...: 100%|██████████| 7/7 [00:02<00:00,  1.80it/s]
Loading pipeline components...: 100%|██████████| 7/7 [00:02<00:00,  2.80it/s]
C:\banyan-farm\venv\Lib\site-packages\torch\nn\modules\module.py:1370: UserWarning: expandable_segments not supported on this platform (Triggered internally at C:\actions-runner\_work\pytorch\pytorch\pytorch\c10/cuda/CUDAAllocatorConfig.h:39.)
  return t.to(
MODEL_LOADED cuda/bfloat16 in 8s

  0%|          | 0/40 [00:00<?, ?it/s]
  2%|▎         | 1/40 [00:00<00:15,  2.46it/s]
  5%|▌         | 2/40 [00:00<00:10,  3.47it/s]
  8%|▊         | 3/40 [00:00<00:09,  3.89it/s]
 10%|█         | 4/40 [00:01<00:08,  4.10it/s]
 12%|█▎        | 5/40 [00:01<00:08,  4.14it/s]
 15%|█▌        | 6/40 [00:01<00:08,  4.23it/s]
 18%|█▊        | 7/40 [00:01<00:07,  4.46it/s]
 20%|██        | 8/40 [00:01<00:07,  4.45it/s]
 22%|██▎       | 9/40 [00:02<00:07,  4.41it/s]
 25%|██▌       | 10/40 [00:02<00:06,  4.35it/s]
 28%|██▊       | 11/40 [00:02<00:06,  4.48it/s]
 30%|███       | 12/40 [00:02<00:06,  4.53it/s]
 32%|███▎      | 13/40 [00:03<00:05,  4.51it/s]
 35%|███▌      | 14/40 [00:03<00:05,  4.44it/s]
 38%|███▊      | 15/40 [00:03<00:05,  4.45it/s]
 40%|████      | 16/40 [00:03<00:05,  4.53it/s]
 42%|████▎     | 17/40 [00:03<00:04,  4.62it/s]
 45%|████▌     | 18/40 [00:04<00:04,  4.49it/s]
 48%|████▊     | 19/40 [00:04<00:04,  4.50it/s]
 50%|█████     | 20/40 [00:04<00:04,  4.50it/s]
 52%|█████▎    | 21/40 [00:04<00:04,  4.51it/s]
 55%|█████▌    | 22/40 [00:05<00:03,  4.51it/s]
 57%|█████▊    | 23/40 [00:05<00:03,  4.51it/s]
 60%|██████    | 24/40 [00:05<00:03,  4.45it/s]
 62%|██████▎   | 25/40 [00:05<00:03,  4.50it/s]
 65%|██████▌   | 26/40 [00:05<00:03,  4.54it/s]
 68%|██████▊   | 27/40 [00:06<00:02,  4.53it/s]
 70%|███████   | 28/40 [00:06<00:02,  4.53it/s]
 72%|███████▎  | 29/40 [00:06<00:02,  4.52it/s]
 75%|███████▌  | 30/40 [00:06<00:02,  4.52it/s]
 78%|███████▊  | 31/40 [00:07<00:01,  4.52it/s]
 80%|████████  | 32/40 [00:07<00:01,  4.51it/s]
 82%|████████▎ | 33/40 [00:07<00:01,  4.51it/s]
 85%|████████▌ | 34/40 [00:07<00:01,  4.45it/s]
 88%|████████▊ | 35/40 [00:07<00:01,  4.47it/s]
 90%|█████████ | 36/40 [00:08<00:00,  4.55it/s]
 92%|█████████▎| 37/40 [00:08<00:00,  4.45it/s]
 95%|█████████▌| 38/40 [00:08<00:00,  4.47it/s]
 98%|█████████▊| 39/40 [00:08<00:00,  4.49it/s]
100%|██████████| 40/40 [00:09<00:00,  4.49it/s]
100%|██████████| 40/40 [00:09<00:00,  4.42it/s]
   04-the-footnote-wave1-s0.png seed=20260723 10s  (1/4)

  0%|          | 0/40 [00:00<?, ?it/s]
  2%|▎         | 1/40 [00:00<00:07,  4.93it/s]
  5%|▌         | 2/40 [00:00<00:07,  4.84it/s]
  8%|▊         | 3/40 [00:00<00:07,  4.84it/s]
 10%|█         | 4/40 [00:00<00:07,  4.61it/s]
 12%|█▎        | 5/40 [00:01<00:07,  4.47it/s]
 15%|█▌        | 6/40 [00:01<00:07,  4.49it/s]
 18%|█▊        | 7/40 [00:01<00:07,  4.54it/s]
 20%|██        | 8/40 [00:01<00:06,  4.57it/s]
 22%|██▎       | 9/40 [00:01<00:06,  4.48it/s]
 25%|██▌       | 10/40 [00:02<00:06,  4.39it/s]
 28%|██▊       | 11/40 [00:02<00:06,  4.54it/s]
 30%|███       | 12/40 [00:02<00:06,  4.54it/s]
 32%|███▎      | 13/40 [00:02<00:06,  4.47it/s]
 35%|███▌      | 14/40 [00:03<00:05,  4.38it/s]
 38%|███▊      | 15/40 [00:03<00:05,  4.45it/s]
 40%|████      | 16/40 [00:03<00:05,  4.61it/s]
 42%|████▎     | 17/40 [00:03<00:05,  4.58it/s]
 45%|████▌     | 18/40 [00:03<00:04,  4.46it/s]
 48%|████▊     | 19/40 [00:04<00:04,  4.39it/s]
 50%|█████     | 20/40 [00:04<00:04,  4.54it/s]
 52%|█████▎    | 21/40 [00:04<00:04,  4.53it/s]
 55%|█████▌    | 22/40 [00:04<00:03,  4.53it/s]
 57%|█████▊    | 23/40 [00:05<00:03,  4.43it/s]
 60%|██████    | 24/40 [00:05<00:03,  4.44it/s]
 62%|██████▎   | 25/40 [00:05<00:03,  4.56it/s]
 65%|██████▌   | 26/40 [00:05<00:03,  4.45it/s]
 68%|██████▊   | 27/40 [00:05<00:02,  4.47it/s]
 70%|███████   | 28/40 [00:06<00:02,  4.49it/s]
 72%|███████▎  | 29/40 [00:06<00:02,  4.49it/s]
 75%|███████▌  | 30/40 [00:06<00:02,  4.50it/s]
 78%|███████▊  | 31/40 [00:06<00:01,  4.50it/s]
 80%|████████  | 32/40 [00:07<00:01,  4.50it/s]
 82%|████████▎ | 33/40 [00:07<00:01,  4.50it/s]
 85%|████████▌ | 34/40 [00:07<00:01,  4.49it/s]
 88%|████████▊ | 35/40 [00:07<00:01,  4.46it/s]
 90%|█████████ | 36/40 [00:07<00:00,  4.44it/s]
 92%|█████████▎| 37/40 [00:08<00:00,  4.47it/s]
 95%|█████████▌| 38/40 [00:08<00:00,  4.49it/s]
 98%|█████████▊| 39/40 [00:08<00:00,  4.50it/s]
100%|██████████| 40/40 [00:08<00:00,  4.48it/s]
100%|██████████| 40/40 [00:08<00:00,  4.50it/s]
   04-the-footnote-wave1-s1.png seed=20261723 9s  (2/4)

  0%|          | 0/40 [00:00<?, ?it/s]
  2%|▎         | 1/40 [00:00<00:07,  5.07it/s]
  5%|▌         | 2/40 [00:00<00:07,  4.96it/s]
  8%|▊         | 3/40 [00:00<00:07,  4.74it/s]
 10%|█         | 4/40 [00:00<00:07,  4.64it/s]
 12%|█▎        | 5/40 [00:01<00:08,  4.36it/s]
 15%|█▌        | 6/40 [00:01<00:07,  4.51it/s]
 18%|█▊        | 7/40 [00:01<00:07,  4.61it/s]
 20%|██        | 8/40 [00:01<00:06,  4.58it/s]
 22%|██▎       | 9/40 [00:01<00:07,  4.36it/s]
 25%|██▌       | 10/40 [00:02<00:06,  4.41it/s]
 28%|██▊       | 11/40 [00:02<00:06,  4.54it/s]
 30%|███       | 12/40 [00:02<00:06,  4.53it/s]
 32%|███▎      | 13/40 [00:02<00:05,  4.53it/s]
 35%|███▌      | 14/40 [00:03<00:05,  4.38it/s]
 38%|███▊      | 15/40 [00:03<00:05,  4.44it/s]
 40%|████      | 16/40 [00:03<00:05,  4.60it/s]
 42%|████▎     | 17/40 [00:03<00:05,  4.47it/s]
 45%|████▌     | 18/40 [00:03<00:04,  4.48it/s]
 48%|████▊     | 19/40 [00:04<00:04,  4.49it/s]
 50%|█████     | 20/40 [00:04<00:04,  4.50it/s]
 52%|█████▎    | 21/40 [00:04<00:04,  4.47it/s]
 55%|█████▌    | 22/40 [00:04<00:03,  4.52it/s]
 57%|█████▊    | 23/40 [00:05<00:03,  4.42it/s]
 60%|██████    | 24/40 [00:05<00:03,  4.45it/s]
 62%|██████▎   | 25/40 [00:05<00:03,  4.57it/s]
 65%|██████▌   | 26/40 [00:05<00:03,  4.45it/s]
 68%|██████▊   | 27/40 [00:06<00:02,  4.42it/s]
 70%|███████   | 28/40 [00:06<00:02,  4.49it/s]
 72%|███████▎  | 29/40 [00:06<00:02,  4.49it/s]
 75%|███████▌  | 30/40 [00:06<00:02,  4.49it/s]
 78%|███████▊  | 31/40 [00:06<00:02,  4.49it/s]
 80%|████████  | 32/40 [00:07<00:01,  4.50it/s]
 82%|████████▎ | 33/40 [00:07<00:01,  4.45it/s]
 85%|████████▌ | 34/40 [00:07<00:01,  4.53it/s]
 88%|████████▊ | 35/40 [00:07<00:01,  4.52it/s]
 90%|█████████ | 36/40 [00:08<00:00,  4.43it/s]
 92%|█████████▎| 37/40 [00:08<00:00,  4.44it/s]
 95%|█████████▌| 38/40 [00:08<00:00,  4.47it/s]
 98%|█████████▊| 39/40 [00:08<00:00,  4.48it/s]
100%|██████████| 40/40 [00:08<00:00,  4.50it/s]
100%|██████████| 40/40 [00:08<00:00,  4.50it/s]
   04-the-footnote-wave1-s2.png seed=20262723 9s  (3/4)

  0%|          | 0/40 [00:00<?, ?it/s]
  2%|▎         | 1/40 [00:00<00:08,  4.86it/s]
  5%|▌         | 2/40 [00:00<00:07,  4.86it/s]
  8%|▊         | 3/40 [00:00<00:07,  4.86it/s]
 10%|█         | 4/40 [00:00<00:07,  4.58it/s]
 12%|█▎        | 5/40 [00:01<00:07,  4.44it/s]
 15%|█▌        | 6/40 [00:01<00:07,  4.47it/s]
 18%|█▊        | 7/40 [00:01<00:07,  4.58it/s]
 20%|██        | 8/40 [00:01<00:07,  4.51it/s]
 22%|██▎       | 9/40 [00:01<00:07,  4.37it/s]
 25%|██▌       | 10/40 [00:02<00:06,  4.41it/s]
 28%|██▊       | 11/40 [00:02<00:06,  4.54it/s]
 30%|███       | 12/40 [00:02<00:06,  4.54it/s]
 32%|███▎      | 13/40 [00:02<00:06,  4.42it/s]
 35%|███▌      | 14/40 [00:03<00:05,  4.38it/s]
 38%|███▊      | 15/40 [00:03<00:05,  4.50it/s]
 40%|████      | 16/40 [00:03<00:05,  4.50it/s]
 42%|████▎     | 17/40 [00:03<00:05,  4.50it/s]
 45%|████▌     | 18/40 [00:04<00:04,  4.41it/s]
 48%|████▊     | 19/40 [00:04<00:04,  4.42it/s]
 50%|█████     | 20/40 [00:04<00:04,  4.56it/s]
 52%|█████▎    | 21/40 [00:04<00:04,  4.48it/s]
 55%|█████▌    | 22/40 [00:04<00:04,  4.46it/s]
 57%|█████▊    | 23/40 [00:05<00:03,  4.42it/s]
 60%|██████    | 24/40 [00:05<00:03,  4.46it/s]
 62%|██████▎   | 25/40 [00:05<00:03,  4.50it/s]
 65%|██████▌   | 26/40 [00:05<00:03,  4.53it/s]
 68%|██████▊   | 27/40 [00:06<00:02,  4.43it/s]
 70%|███████   | 28/40 [00:06<00:02,  4.46it/s]
 72%|███████▎  | 29/40 [00:06<00:02,  4.48it/s]
 75%|███████▌  | 30/40 [00:06<00:02,  4.48it/s]
 78%|███████▊  | 31/40 [00:06<00:02,  4.49it/s]
 80%|████████  | 32/40 [00:07<00:01,  4.50it/s]
 82%|████████▎ | 33/40 [00:07<00:01,  4.50it/s]
 85%|████████▌ | 34/40 [00:07<00:01,  4.50it/s]
 88%|████████▊ | 35/40 [00:07<00:01,  4.50it/s]
 90%|█████████ | 36/40 [00:08<00:00,  4.49it/s]
 92%|█████████▎| 37/40 [00:08<00:00,  4.49it/s]
 95%|█████████▌| 38/40 [00:08<00:00,  4.50it/s]
 98%|█████████▊| 39/40 [00:08<00:00,  4.49it/s]
100%|██████████| 40/40 [00:08<00:00,  4.40it/s]
100%|██████████| 40/40 [00:08<00:00,  4.49it/s]
   04-the-footnote-wave1-s3.png seed=20263723 9s  (4/4)

DONE 4 stills — ONE beat. The other fourteen wait on his verdict.
==== step sample END rc=0 2026-08-11T15:03:10Z ====

==== step publish START 2026-08-11T15:03:10Z ====
argv: ["C:\\banyan-farm\\venv\\Scripts\\python.exe", "-c", "import glob, hashlib, os, shutil\ndst = \"C:/banyan-farm/courier-box/farm-out/ep2-b04-goblin-field\"\nos.makedirs(dst, exist_ok=True)\nsrc = sorted(glob.glob(\"C:/banyan-farm/wave-goblin-prep/out-b04-field/04-the-footnote-wave1-s*.*\"))\nlines = []\nfor f in src:\n    shutil.copy2(f, dst)\n    # Hash the COPY, not the original: what this records has to be the bytes\n    # that get committed, or the manifest attests to the wrong file.\n    c = os.path.join(dst, os.path.basename(f))\n    with open(c, \"rb\") as fh:\n        h = hashlib.sha256(fh.read()).hexdigest()\n    lines.append(h + \"  \" + os.path.basename(f))\n    print(\"   \", os.path.basename(f), h[:16])\n# newline=\"\\n\" is load-bearing: Windows text mode rewrites \\n to \\r\\n and\n# every filename then carries a trailing \\r that shasum -c cannot open.\nwith open(os.path.join(dst, \"04-the-footnote-field.sha256\"), \"w\", newline=\"\\n\") as fh:\n    fh.write(\"\\n\".join(lines) + \"\\n\")\nprint(\"published\", len(src), \"file(s) + manifest ->\", dst)\n# 4 stills + 4 sidecars. Fewer means the render wrote less than it promised.\nraise SystemExit(0 if len(src) == 8 else 1)\n"]
    04-the-footnote-wave1-s0.png 368dfccadb6b3762
    04-the-footnote-wave1-s0.yaml f66941eb05b126fc
    04-the-footnote-wave1-s1.png 2d7c20c661ea9429
    04-the-footnote-wave1-s1.yaml 691db5dd66e54d7e
    04-the-footnote-wave1-s2.png d126ab2abc897c97
    04-the-footnote-wave1-s2.yaml 2237cd7cba728f9c
    04-the-footnote-wave1-s3.png 90eb932c0c71b985
    04-the-footnote-wave1-s3.yaml cc64cf1e4ee3a8c4
published 8 file(s) + manifest -> C:/banyan-farm/courier-box/farm-out/ep2-b04-goblin-field
==== step publish END rc=0 2026-08-11T15:03:10Z ====
#### job ep2-b04-goblin-field-0811-1786460465 finished rc=0 2026-08-11T15:03:10Z
