#### job ep2-b21-twoleaf-r2-0822-1787368102 attempt 1 start 2026-08-22T03:08:37Z

==== step crop START 2026-08-22T03:08:37Z ====
argv: ["C:\\banyan-farm\\venv\\Scripts\\python.exe", "C:\\banyan-farm\\ep2-b21-twoleaf-r2-0822\\cover_crop.py", "--src", "C:\\banyan-farm\\courier-box\\farm-out\\ep2-b21-sapnat2-0822\\b21-sapnat2-s20260820.png", "--sha256", "859243c1813812cad87cf2428b5e9068dbdf085cb7a066882164de0420461fc3", "--out", "C:\\banyan-farm\\ep2-b21-twoleaf-r2-0822\\b13-init-704x1280.png", "--size", "704x1280"]
src 704x1280 sha 859243c1813812cad87cf2428b5e9068dbdf085cb7a066882164de0420461fc3
cover-crop scale=1.0000 -> 704x1280, centre box (0,0)
WROTE C:\banyan-farm\ep2-b21-twoleaf-r2-0822\b13-init-704x1280.png
==== step crop END rc=0 2026-08-22T03:08:37Z ====

==== step encode START 2026-08-22T03:08:37Z ====
argv: ["C:\\banyan-video\\venv\\Scripts\\python.exe", "C:\\banyan-farm\\banyan-city\\pipeline\\ltx_i2v.py", "--stage", "encode", "--jobs", "C:\\banyan-farm\\ep2-b21-twoleaf-r2-0822\\b13-jobs-encode.json"]
-- begin-encode: phys 10.7/68.1GB, commit 13.0/115.3GB (load 15%)
loading text encoder from C:\Users\artvn\.cache\huggingface\hub\models--Lightricks--gemma-3-12b-it-qat-q4_0-unquantized\snapshots\d62fe4f1995ade703b49a0f3c0d0f161237ef437

Loading weights:   0%|          | 0/1065 [00:00<?, ?it/s]
Loading weights:  38%|███▊      | 403/1065 [00:00<00:00, 3602.45it/s]
Loading weights:  74%|███████▍  | 786/1065 [00:00<00:00, 3517.75it/s]
Loading weights: 100%|██████████| 1065/1065 [00:00<00:00, 3730.55it/s]
-- encode-beat-21: phys 11.9/68.1GB, commit 39.7/115.3GB (load 17%)
[1/1] encoded beat 21 to C:\banyan-farm\ep2-b21-twoleaf-r2-0822\b13-embeds.pt (1, 1024, 188160)
{"peak_commit_gb": 42.7, "peak_phys_gb": 37.8, "last_stage": "encode-beat-21"}
==== step encode END rc=0 2026-08-22T03:10:11Z ====

==== step render START 2026-08-22T03:10:11Z ====
argv: ["C:\\banyan-video\\venv\\Scripts\\python.exe", "C:\\banyan-farm\\banyan-city\\pipeline\\ltx_i2v.py", "--stage", "render", "--jobs", "C:\\banyan-farm\\ep2-b21-twoleaf-r2-0822\\b13-jobs-render.json", "--size", "704x1280", "--frames", "121", "--fps", "24", "--guidance", "2.0", "--distilled-sigmas", "--two-stage", "--image-crf", "33", "--offload", "sequential", "--mode", "production", "--task", "ep2-b21-twoleaf-r2-0822", "--worker", "rtx5090", "--bench-jsonl", "C:\\banyan-farm\\ep2-b21-twoleaf-r2-0822\\bench-ep2-b21-twoleaf-r2-0822.jsonl", "--bench-label", "ep2-b21-twoleaf-r2-0822"]
recipe: offload=sequential quantisation=none (bf16)
-- begin-render: phys 10.7/68.1GB, commit 12.9/115.3GB (load 15%)
transformer  C:\Users\artvn\.cache\huggingface\hub\models--diffusers--LTX-2.3-Distilled-Diffusers\snapshots\432e0d3c2d1769aaa4d295f9243f7062bf6b47ee [subfolder=transformer, bf16]
scheduler    C:\Users\artvn\.cache\huggingface\hub\models--diffusers--LTX-2.3-Distilled-Diffusers\snapshots\432e0d3c2d1769aaa4d295f9243f7062bf6b47ee [subfolder=scheduler, distilled]
other parts  C:\Users\artvn\.cache\huggingface\hub\models--diffusers--LTX-2.3-Diffusers\snapshots\8eee8edcf067e838b843f926ec4d4cc9b2be1aaf
-- load-transformer-bf16-38GB: phys 11.4/68.1GB, commit 14.8/115.3GB (load 16%)

Loading checkpoint shards:   0%|          | 0/8 [00:00<?, ?it/s]
Loading checkpoint shards:  12%|█▎        | 1/8 [00:00<00:00,  9.96it/s]
Loading checkpoint shards:  25%|██▌       | 2/8 [00:00<00:00,  9.74it/s]
Loading checkpoint shards:  50%|█████     | 4/8 [00:00<00:00,  8.83it/s]
Loading checkpoint shards: 100%|██████████| 8/8 [00:00<00:00, 14.93it/s]
-- load-connectors-12.7GB-and-vae: phys 11.5/68.1GB, commit 53.1/115.3GB (load 16%)

Loading checkpoint shards:   0%|          | 0/2 [00:00<?, ?it/s]
Loading checkpoint shards: 100%|██████████| 2/2 [00:00<00:00, 61.01it/s]
-- offload-setup-sequential: phys 11.5/68.1GB, commit 62.7/115.3GB (load 16%)
C:\banyan-video\venv\Lib\site-packages\accelerate\utils\modeling.py:345: UserWarning: expandable_segments not supported on this platform (Triggered internally at C:\actions-runner\_work\pytorch\pytorch\pytorch\c10/cuda/CUDAAllocatorConfig.h:39.)
  new_value = old_value.to(device, non_blocking=non_blocking)
conditioning still round-tripped through libx264 crf=33 -> C:\banyan-farm\ep2-b21-twoleaf-r2-0822\cond-crf-21.png
-- stage1-denoise-352x640-8steps: phys 12.4/68.1GB, commit 63.2/115.3GB (load 18%)

  0%|          | 0/8 [00:00<?, ?it/s]
 12%|█▎        | 1/8 [01:05<07:36, 65.19s/it]
 25%|██▌       | 2/8 [01:18<03:28, 34.78s/it]
 38%|███▊      | 3/8 [01:28<01:57, 23.58s/it]
 50%|█████     | 4/8 [01:38<01:12, 18.06s/it]
 62%|██████▎   | 5/8 [01:48<00:45, 15.16s/it]
 75%|███████▌  | 6/8 [01:59<00:27, 13.60s/it]
 88%|████████▊ | 7/8 [02:09<00:12, 12.63s/it]
100%|██████████| 8/8 [02:20<00:00, 12.06s/it]
100%|██████████| 8/8 [02:20<00:00, 17.57s/it]
stage1 latents (1, 128, 16, 20, 11)
-- upsample-2x-latent: phys 59.3/68.1GB, commit 66.0/115.3GB (load 87%)
There are modules in LTX2LatentUpsamplerModel that should be kept in float32: []. Casting directly with `to()` can lead to inconsistent results; set `torch_dtype` in `from_pretrained()` instead to keep these modules in float32.
upsampled latents (1, 128, 16, 40, 22)
-- stage2-refine-704x1280-3steps: phys 61.6/68.1GB, commit 68.7/115.3GB (load 90%)

  0%|          | 0/3 [00:00<?, ?it/s]
 33%|███▎      | 1/3 [00:30<01:01, 30.66s/it]
 67%|██████▋   | 2/3 [01:01<00:31, 31.03s/it]
100%|██████████| 3/3 [01:33<00:00, 31.36s/it]
100%|██████████| 3/3 [01:33<00:00, 31.23s/it]
-- decode-and-export: phys 64.7/68.1GB, commit 73.0/115.3GB (load 95%)
[1/1] wrote C:\banyan-farm\ep2-b21-twoleaf-r2-0822\21-the-answer-LTX-poolD-0812.mp4 in 257s (121 frames, 704x1280, 8@352x640+3@704x1280 steps, peak torch 12.0GB, device 3.1/26GB)
THROUGHPUT 0.0196 s(video)/s(wall) (1 x 5.042s of video in 257s)
bench row -> C:\banyan-farm\ep2-b21-twoleaf-r2-0822\bench-ep2-b21-twoleaf-r2-0822.jsonl
{"sample_s": 257.4, "peak_gb": 12.0, "peak_commit_gb": 82.2, "frames": 121, "size": "704x1280", "steps": "8@352x640+3@704x1280", "batch": 1, "mode": "production", "throughput_s_per_s": 0.0196, "two_stage": true, "image_crf": 33, "offload": "sequential", "quantisation": null}
{"peak_commit_gb": 82.2, "peak_phys_gb": 65.5, "last_stage": "decode-and-export"}
==== step render END rc=0 2026-08-22T03:14:45Z ====

==== step publish START 2026-08-22T03:14:45Z ====
argv: ["C:\\banyan-farm\\venv\\Scripts\\python.exe", "-c", "import glob, hashlib, os, shutil\ndst = \"C:/banyan-farm/courier-box/farm-out/ep2-b21-twoleaf-r2-0822\"\nos.makedirs(dst, exist_ok=True)\nsrc = sorted(glob.glob(\"C:/banyan-farm/ep2-b21-twoleaf-r2-0822/21-the-answer-LTX-poolD-0812.mp4*\")\n             + glob.glob(\"C:/banyan-farm/ep2-b21-twoleaf-r2-0822/b13-init-704x1280.png\")\n             + glob.glob(\"C:/banyan-farm/ep2-b21-twoleaf-r2-0822/bench-ep2-b21-twoleaf-r2-0822.jsonl\"))\nlines = []\nfor f in src:\n    shutil.copy2(f, dst)\n    c = os.path.join(dst, os.path.basename(f))\n    with open(c, \"rb\") as fh:\n        h = hashlib.sha256(fh.read()).hexdigest()\n    lines.append(h + \"  \" + os.path.basename(f))\nwith open(os.path.join(dst, \"ep2-b21-twoleaf-r2-0822.sha256\"), \"w\", newline=\"\\n\") as fh:\n    fh.write(\"\\n\".join(lines) + \"\\n\")\nprint(\"published\", len(src), \"file(s) + manifest ->\", dst)\nraise SystemExit(0 if len(src) >= 2 else 1)\n"]
published 4 file(s) + manifest -> C:/banyan-farm/courier-box/farm-out/ep2-b21-twoleaf-r2-0822
==== step publish END rc=0 2026-08-22T03:14:45Z ====
#### job ep2-b21-twoleaf-r2-0822-1787368102 finished rc=0 2026-08-22T03:14:45Z
