#### job ep2-b02-finishnat-0822-1787420718 attempt 1 start 2026-08-22T17:47:35Z

==== step fetch START 2026-08-22T17:47:35Z ====
argv: ["C:\\banyan-farm\\venv\\Scripts\\python.exe", "C:\\banyan-farm\\ep2-b02-finishnat-0822\\fetch_inits.py"]
fetched b02-comp-h520-graded.png 919675 bytes sha dcc2c5de124b7eb80491cbb8a00685beecd62fec0c0bb09cdfdaaacaa53098a2 OK
fetched b02-comp-h520-mask.png 3868 bytes sha 92615f19602156db0482bc876aa304e7dbcf4f3b841f8d975a4a87ab89804178 OK
==== step fetch END rc=0 2026-08-22T17:47:37Z ====

==== step dry START 2026-08-22T17:47:37Z ====
argv: ["C:\\banyan-farm\\venv\\Scripts\\python.exe", "C:\\banyan-farm\\b02finishnat-0822\\inpaint_fruit.py", "--init", "C:\\banyan-farm\\ep2-b02-finishnat-0822\\b02-comp-h520-graded.png", "--init-sha256", "dcc2c5de124b7eb80491cbb8a00685beecd62fec0c0bb09cdfdaaacaa53098a2", "--mask-png", "C:\\banyan-farm\\ep2-b02-finishnat-0822\\b02-comp-h520-mask.png", "--prompt-file", "C:\\banyan-farm\\b02finishnat-0822\\prompt.txt", "--negative-file", "C:\\banyan-farm\\b02finishnat-0822\\negative.txt", "--out", "C:\\banyan-farm\\b02finishnat-0822\\b02-finishnat-DRY.png", "--steps", "40", "--cfg", "7.5", "--strength", "0.30", "--pad-crop", "64", "--blur", "8", "--seed", "20260882", "--note", "ATTACHED TO BOTH THE DRY STEP AND THE RENDER STEP, and true of each. ON THE DRY STEP it is a MASK GEOMETRY CHECK: it writes the mask and exits BEFORE a model is loaded, so a wrong mask costs seconds instead of a GPU fire. WHAT TO CHECK: (1) one connected blob shaped like a stem with two leaves, not two blobs and not a rectangle; (2) it does not reach the top of the frame; (3) it does not cover the goblin's head or hands -- if it does, the pass will redraw HIM, which is a P4 fail by construction. ON THE RENDER STEP: one pass, one seed. 0.30 runs 12 of 40 steps from a latent that still holds the drawn structure, so the layout steps never run and the pass FINISHES the shape rather than inventing one. This is beat 03, whose motion take failed because the action names a trunk the plate does not contain -- same root cause as beat 02, and the b03 verdict says so.", "--dry-run"]
DRY RUN -- no model loaded, nothing rendered.
init_sha256 OK dcc2c5de124b7eb80491cbb8a00685beecd62fec0c0bb09cdfdaaacaa53098a2
mask png corners=- bbox=[20, 539, 418, 1176]  0.4784 x 0.5238 of 832x1216
WROTE C:\banyan-farm\b02finishnat-0822\b02-finishnat-DRY-mask.png
rc=0 dry_run=1
==== step dry END rc=0 2026-08-22T17:47:37Z ====

==== step s20260820 START 2026-08-22T17:47:37Z ====
argv: ["C:\\banyan-farm\\venv\\Scripts\\python.exe", "C:\\banyan-farm\\b02finishnat-0822\\inpaint_fruit.py", "--init", "C:\\banyan-farm\\ep2-b02-finishnat-0822\\b02-comp-h520-graded.png", "--init-sha256", "dcc2c5de124b7eb80491cbb8a00685beecd62fec0c0bb09cdfdaaacaa53098a2", "--mask-png", "C:\\banyan-farm\\ep2-b02-finishnat-0822\\b02-comp-h520-mask.png", "--prompt-file", "C:\\banyan-farm\\b02finishnat-0822\\prompt.txt", "--negative-file", "C:\\banyan-farm\\b02finishnat-0822\\negative.txt", "--out", "C:\\banyan-farm\\b02finishnat-0822\\b02-finishnat-s20260820.png", "--steps", "40", "--cfg", "7.5", "--strength", "0.30", "--pad-crop", "64", "--blur", "8", "--seed", "20260882", "--note", "ATTACHED TO BOTH THE DRY STEP AND THE RENDER STEP, and true of each. ON THE DRY STEP it is a MASK GEOMETRY CHECK: it writes the mask and exits BEFORE a model is loaded, so a wrong mask costs seconds instead of a GPU fire. WHAT TO CHECK: (1) one connected blob shaped like a stem with two leaves, not two blobs and not a rectangle; (2) it does not reach the top of the frame; (3) it does not cover the goblin's head or hands -- if it does, the pass will redraw HIM, which is a P4 fail by construction. ON THE RENDER STEP: one pass, one seed. 0.30 runs 12 of 40 steps from a latent that still holds the drawn structure, so the layout steps never run and the pass FINISHES the shape rather than inventing one. This is beat 03, whose motion take failed because the action names a trunk the plate does not contain -- same root cause as beat 02, and the b03 verdict says so."]

Loading pipeline components...:   0%|          | 0/7 [00:00<?, ?it/s]
Loading pipeline components...:  14%|█▍        | 1/7 [00:00<00:01,  3.11it/s]
Loading pipeline components...:  29%|██▊       | 2/7 [00:03<00:11,  2.26s/it]
Loading pipeline components...:  57%|█████▋    | 4/7 [00:04<00:02,  1.14it/s]
Loading pipeline components...: 100%|██████████| 7/7 [00:05<00:00,  1.67it/s]
Loading pipeline components...: 100%|██████████| 7/7 [00:05<00:00,  1.34it/s]
C:\banyan-farm\venv\Lib\site-packages\torch\nn\modules\module.py:1370: UserWarning: expandable_segments not supported on this platform (Triggered internally at C:\actions-runner\_work\pytorch\pytorch\pytorch\c10/cuda/CUDAAllocatorConfig.h:39.)
  return t.to(
MODEL_LOADED cagliostrolab/animagine-xl-3.1 cuda/bfloat16 unet.in_channels=4 in 9s
WROTE C:\banyan-farm\b02finishnat-0822\b02-finishnat-s20260820.png
WROTE C:\banyan-farm\b02finishnat-0822\b02-finishnat-s20260820-mask.png
WROTE C:\banyan-farm\b02finishnat-0822\b02-finishnat-s20260820.png.meta.yaml
rc=0 render_s=4.5
==== step s20260820 END rc=0 2026-08-22T17:47:54Z ====

==== step publish START 2026-08-22T17:47:54Z ====
argv: ["C:\\banyan-farm\\venv\\Scripts\\python.exe", "-c", "# EVERY FILE IS NAMED IN FULL, not matched by a glob. A glob that misses\n# publishes nothing while returning a code that reads like a render failure,\n# and box_enqueue.output_path_problems refuses a spec whose declared artifacts\n# are never named by any step -- which a wildcard defeats. Missing ONE file is\n# a FAIL of the job. No allow_fail anywhere in this spec.\nimport hashlib, os, shutil\nfrom_dir = \"C:/banyan-farm/b02finishnat-0822\"\ndst = \"C:/banyan-farm/courier-box/farm-out/ep2-b02-finishnat-0822\"\nNAMES = [\n    \"b02-finishnat-s20260820.png\",\n    \"b02-finishnat-s20260820-mask.png\",\n    \"b02-finishnat-s20260820.png.meta.yaml\",\n    \"b02-comp-h520-graded.png\",\n    \"b02-comp-h520-mask.png\",\n    \"prompt.txt\",\n    \"negative.txt\",\n]\nos.makedirs(dst, exist_ok=True)\nlines = []\nfor name in NAMES:\n    f = os.path.join(from_dir, name)\n    if not os.path.isfile(f):\n        raise SystemExit(\"!! missing %s -- refusing to call the job clean.\" % f)\n    shutil.copy2(f, dst)\n    with open(os.path.join(dst, name), \"rb\") as fh:\n        h = hashlib.sha256(fh.read()).hexdigest()\n    lines.append(h + \"  \" + name)\nwith open(os.path.join(dst, \"ep2-b02-finishnat-0822.sha256\"), \"w\",\n          newline=\"\\n\") as fh:\n    fh.write(\"\\n\".join(sorted(lines)) + \"\\n\")\nprint(\"published\", len(lines), \"file(s) + manifest ->\", dst)\nraise SystemExit(0 if len(lines) == len(NAMES) else 1)\n"]
!! missing C:/banyan-farm/b02finishnat-0822\b02-comp-h520-graded.png -- refusing to call the job clean.
==== step publish END rc=1 2026-08-22T17:47:54Z ====
#### job ep2-b02-finishnat-0822-1787420718 finished rc=1 2026-08-22T17:47:54Z
