#### job ep2-b06-f1neg-s2-0816-1786828285 attempt 1 start 2026-08-15T21:49:47Z

==== step crop START 2026-08-15T21:49:50Z ====
argv: ["C:\\banyan-farm\\venv\\Scripts\\python.exe", "C:\\banyan-farm\\ep2-b06-f1neg-s2-0816\\cover_crop.py", "--src", "C:\\banyan-farm\\courier-box\\farm-out\\ep2-bark-plates-0815\\b06-barkboard-pass-s10.png", "--sha256", "063ad56112a718006b6eb2d883e3c01bcb579aef90ea0b201de27a29123565f9", "--out", "C:\\banyan-farm\\ep2-b06-f1neg-s2-0816\\b06-init-704x1280.png", "--size", "704x1280"]
src 704x1280 sha 063ad56112a718006b6eb2d883e3c01bcb579aef90ea0b201de27a29123565f9
cover-crop scale=1.0000 -> 704x1280, centre box (0,0)
WROTE C:\banyan-farm\ep2-b06-f1neg-s2-0816\b06-init-704x1280.png
==== step crop END rc=0 2026-08-15T21:49:51Z ====

==== step encode START 2026-08-15T21:49:51Z ====
argv: ["C:\\banyan-video\\venv\\Scripts\\python.exe", "C:\\banyan-farm\\banyan-city\\pipeline\\ltx_i2v.py", "--stage", "encode", "--jobs", "C:\\banyan-farm\\ep2-b06-f1neg-s2-0816\\b06-jobs-encode.json"]
-- begin-encode: phys 9.9/68.1GB, commit 12.0/115.3GB (load 14%)
loading text encoder from C:\Users\artvn\.cache\huggingface\hub\models--Lightricks--gemma-3-12b-it-qat-q4_0-unquantized\snapshots\d62fe4f1995ade703b49a0f3c0d0f161237ef437

Loading weights:   0%|          | 0/1065 [00:00<?, ?it/s]
Loading weights:  31%|███       | 327/1065 [00:00<00:00, 2944.96it/s]
Loading weights:  58%|█████▊    | 622/1065 [00:00<00:00, 2773.76it/s]
Loading weights:  88%|████████▊ | 940/1065 [00:00<00:00, 2819.28it/s]
Loading weights: 100%|██████████| 1065/1065 [00:00<00:00, 2923.40it/s]
-- encode-beat-06: phys 11.1/68.1GB, commit 38.7/115.3GB (load 16%)
[1/1] encoded beat 6 to C:\banyan-farm\ep2-b06-f1neg-s2-0816\b06-embeds.pt (1, 1024, 188160)
{"peak_commit_gb": 41.6, "peak_phys_gb": 37.0, "last_stage": "encode-beat-06"}
==== step encode END rc=0 2026-08-15T21:51:21Z ====

==== step render START 2026-08-15T21:51:21Z ====
argv: ["C:\\banyan-video\\venv\\Scripts\\python.exe", "C:\\banyan-farm\\banyan-city\\pipeline\\ltx_i2v.py", "--stage", "render", "--jobs", "C:\\banyan-farm\\ep2-b06-f1neg-s2-0816\\b06-jobs-render.json", "--size", "704x1280", "--frames", "97", "--fps", "24", "--guidance", "2.0", "--distilled-sigmas", "--two-stage", "--image-crf", "33", "--offload", "sequential", "--mode", "production", "--task", "ep2-b06-f1neg-s2-0816", "--worker", "rtx5090", "--bench-jsonl", "C:\\banyan-farm\\ep2-b06-f1neg-s2-0816\\bench-f1neg-s2.jsonl", "--bench-label", "ep2-b06-f1neg-s2-0816"]
recipe: offload=sequential quantisation=none (bf16)
-- begin-render: phys 9.9/68.1GB, commit 12.0/115.3GB (load 14%)
transformer  C:\Users\artvn\.cache\huggingface\hub\models--diffusers--LTX-2.3-Distilled-Diffusers\snapshots\432e0d3c2d1769aaa4d295f9243f7062bf6b47ee [subfolder=transformer, bf16]
scheduler    C:\Users\artvn\.cache\huggingface\hub\models--diffusers--LTX-2.3-Distilled-Diffusers\snapshots\432e0d3c2d1769aaa4d295f9243f7062bf6b47ee [subfolder=scheduler, distilled]
other parts  C:\Users\artvn\.cache\huggingface\hub\models--diffusers--LTX-2.3-Diffusers\snapshots\8eee8edcf067e838b843f926ec4d4cc9b2be1aaf
-- load-transformer-bf16-38GB: phys 10.7/68.1GB, commit 13.8/115.3GB (load 15%)

Loading checkpoint shards:   0%|          | 0/8 [00:00<?, ?it/s]
Loading checkpoint shards:  12%|█▎        | 1/8 [00:00<00:00,  9.39it/s]
Loading checkpoint shards:  25%|██▌       | 2/8 [00:00<00:00,  9.40it/s]
Loading checkpoint shards:  50%|█████     | 4/8 [00:00<00:00,  8.55it/s]
Loading checkpoint shards: 100%|██████████| 8/8 [00:00<00:00, 16.69it/s]
Loading checkpoint shards: 100%|██████████| 8/8 [00:00<00:00, 14.00it/s]
-- load-connectors-12.7GB-and-vae: phys 10.7/68.1GB, commit 52.1/115.3GB (load 15%)

Loading checkpoint shards:   0%|          | 0/2 [00:00<?, ?it/s]
Loading checkpoint shards: 100%|██████████| 2/2 [00:00<00:00, 249.78it/s]
-- offload-setup-sequential: phys 10.7/68.1GB, commit 61.7/115.3GB (load 15%)
C:\banyan-video\venv\Lib\site-packages\accelerate\utils\modeling.py:345: UserWarning: expandable_segments not supported on this platform (Triggered internally at C:\actions-runner\_work\pytorch\pytorch\pytorch\c10/cuda/CUDAAllocatorConfig.h:39.)
  new_value = old_value.to(device, non_blocking=non_blocking)
conditioning still round-tripped through libx264 crf=33 -> C:\banyan-farm\ep2-b06-f1neg-s2-0816\cond-crf-06.png
-- stage1-denoise-352x640-8steps: phys 11.6/68.1GB, commit 62.1/115.3GB (load 16%)

  0%|          | 0/8 [00:00<?, ?it/s]
 12%|█▎        | 1/8 [01:09<08:03, 69.07s/it]
 25%|██▌       | 2/8 [01:21<03:34, 35.67s/it]
 38%|███▊      | 3/8 [01:30<01:57, 23.54s/it]
 50%|█████     | 4/8 [01:39<01:10, 17.69s/it]
 62%|██████▎   | 5/8 [01:48<00:43, 14.58s/it]
 75%|███████▌  | 6/8 [01:57<00:25, 12.72s/it]
 88%|████████▊ | 7/8 [02:06<00:11, 11.51s/it]
100%|██████████| 8/8 [02:15<00:00, 10.66s/it]
100%|██████████| 8/8 [02:15<00:00, 16.90s/it]
stage1 latents (1, 128, 13, 20, 11)
-- upsample-2x-latent: phys 54.0/68.1GB, commit 64.6/115.3GB (load 79%)
There are modules in LTX2LatentUpsamplerModel that should be kept in float32: []. Casting directly with `to()` can lead to inconsistent results; set `torch_dtype` in `from_pretrained()` instead to keep these modules in float32.
upsampled latents (1, 128, 13, 40, 22)
-- stage2-refine-704x1280-3steps: phys 57.0/68.1GB, commit 67.7/115.3GB (load 83%)

  0%|          | 0/3 [00:00<?, ?it/s]
 33%|███▎      | 1/3 [00:24<00:49, 24.77s/it]
 67%|██████▋   | 2/3 [00:53<00:26, 26.84s/it]
100%|██████████| 3/3 [01:19<00:00, 26.51s/it]
100%|██████████| 3/3 [01:19<00:00, 26.39s/it]
-- decode-and-export: phys 63.8/68.1GB, commit 70.9/115.3GB (load 93%)
[1/1] wrote C:\banyan-farm\ep2-b06-f1neg-s2-0816\06-the-clipboard-LTX-f1neg-s2.mp4 in 237s (97 frames, 704x1280, 8@352x640+3@704x1280 steps, peak torch 9.9GB, device 2.6/26GB)
THROUGHPUT 0.0171 s(video)/s(wall) (1 x 4.042s of video in 237s)
bench row -> C:\banyan-farm\ep2-b06-f1neg-s2-0816\bench-f1neg-s2.jsonl
{"sample_s": 237.0, "peak_gb": 9.9, "peak_commit_gb": 78.7, "frames": 97, "size": "704x1280", "steps": "8@352x640+3@704x1280", "batch": 1, "mode": "production", "throughput_s_per_s": 0.0171, "two_stage": true, "image_crf": 33, "offload": "sequential", "quantisation": null}
{"peak_commit_gb": 78.7, "peak_phys_gb": 64.5, "last_stage": "decode-and-export"}
==== step render END rc=0 2026-08-15T21:55:34Z ====

==== step publish START 2026-08-15T21:55:34Z ====
argv: ["C:\\banyan-farm\\venv\\Scripts\\python.exe", "-c", "# THE GLOB CARRIES THE BEAT SLUG (06-the-clipboard). Without it the glob matches\n# nothing and the step publishes nothing while returning a code that reads\n# like a render failure.\nimport glob, hashlib, os, shutil\nsrc_dir = \"C:/banyan-farm/ep2-b06-f1neg-s2-0816\"\ndst = \"C:/banyan-farm/courier-box/farm-out/ep2-b06-f1neg-s2-0816\"\nos.makedirs(dst, exist_ok=True)\nsrc = sorted(glob.glob(src_dir + \"/06-the-clipboard-LTX-f1neg-s2.mp4*\")\n             + glob.glob(src_dir + \"/b06-init-704x1280.png\")\n             + glob.glob(src_dir + \"/bench-f1neg-s2.jsonl\"))\nlines = []\nfor f in src:\n    shutil.copy2(f, dst)\n    c = os.path.join(dst, os.path.basename(f))\n    with open(c, \"rb\") as fh:\n        h = hashlib.sha256(fh.read()).hexdigest()\n    lines.append(h + \"  \" + os.path.basename(f))\nwith open(os.path.join(dst, \"ep2-b06-f1neg-s2-0816.sha256\"), \"w\", newline=\"\\n\") as fh:\n    fh.write(\"\\n\".join(lines) + \"\\n\")\nprint(\"published\", len(src), \"file(s) + manifest ->\", dst)\nraise SystemExit(0 if len(src) >= 2 else 1)\n"]
published 4 file(s) + manifest -> C:/banyan-farm/courier-box/farm-out/ep2-b06-f1neg-s2-0816
==== step publish END rc=0 2026-08-15T21:55:34Z ====
#### job ep2-b06-f1neg-s2-0816-1786828285 finished rc=0 2026-08-15T21:55:34Z
