#### job ep2-b15-refireB-0814-1786712818 attempt 1 start 2026-08-14T14:20:54Z

==== step crop START 2026-08-14T14:20:59Z ====
argv: ["C:\\banyan-farm\\venv\\Scripts\\python.exe", "C:\\banyan-farm\\ep2-b15-refireB-0814\\cover_crop.py", "--src", "C:\\banyan-farm\\courier-box\\farm-out\\ep2-b15-plate-0814\\15-good-listener-ipa-r0-w015-s0.png", "--sha256", "43648513f936a52f6b83f8c66b3f15b102f1c73c2a4fe2899c3e477e75618fb9", "--out", "C:\\banyan-farm\\ep2-b15-refireB-0814\\b13-init-704x1280.png", "--size", "704x1280"]
src 832x1216 sha 43648513f936a52f6b83f8c66b3f15b102f1c73c2a4fe2899c3e477e75618fb9
cover-crop scale=1.0526 -> 876x1280, centre box (86,0)
WROTE C:\banyan-farm\ep2-b15-refireB-0814\b13-init-704x1280.png
==== step crop END rc=0 2026-08-14T14:20:59Z ====

==== step encode START 2026-08-14T14:20:59Z ====
argv: ["C:\\banyan-video\\venv\\Scripts\\python.exe", "C:\\banyan-farm\\banyan-city\\pipeline\\ltx_i2v.py", "--stage", "encode", "--jobs", "C:\\banyan-farm\\ep2-b15-refireB-0814\\b13-jobs-encode.json"]
-- begin-encode: phys 9.9/68.1GB, commit 11.8/115.3GB (load 14%)
loading text encoder from C:\Users\artvn\.cache\huggingface\hub\models--Lightricks--gemma-3-12b-it-qat-q4_0-unquantized\snapshots\d62fe4f1995ade703b49a0f3c0d0f161237ef437

Loading weights:   0%|          | 0/1065 [00:00<?, ?it/s]
Loading weights:  32%|███▏      | 341/1065 [00:00<00:00, 3088.81it/s]
Loading weights:  61%|██████▏   | 654/1065 [00:00<00:00, 2938.01it/s]
Loading weights:  98%|█████████▊| 1044/1065 [00:00<00:00, 3198.95it/s]
Loading weights: 100%|██████████| 1065/1065 [00:00<00:00, 3206.93it/s]
-- encode-beat-15: phys 11.1/68.1GB, commit 38.6/115.3GB (load 16%)
[1/1] encoded beat 15 to C:\banyan-farm\ep2-b15-refireB-0814\b13-embeds.pt (1, 1024, 188160)
{"peak_commit_gb": 40.8, "peak_phys_gb": 36.6, "last_stage": "encode-beat-15"}
==== step encode END rc=0 2026-08-14T14:22:32Z ====

==== step render START 2026-08-14T14:22:32Z ====
argv: ["C:\\banyan-video\\venv\\Scripts\\python.exe", "C:\\banyan-farm\\banyan-city\\pipeline\\ltx_i2v.py", "--stage", "render", "--jobs", "C:\\banyan-farm\\ep2-b15-refireB-0814\\b13-jobs-render.json", "--size", "704x1280", "--frames", "97", "--fps", "24", "--guidance", "2.0", "--distilled-sigmas", "--two-stage", "--image-crf", "33", "--offload", "sequential", "--mode", "production", "--task", "ep2-b15-refireB-0814", "--worker", "rtx5090", "--bench-jsonl", "C:\\banyan-farm\\ep2-b15-refireB-0814\\bench-b13-remake.jsonl", "--bench-label", "ep2-b15-refireB-0814"]
recipe: offload=sequential quantisation=none (bf16)
-- begin-render: phys 10.0/68.1GB, commit 11.9/115.3GB (load 14%)
transformer  C:\Users\artvn\.cache\huggingface\hub\models--diffusers--LTX-2.3-Distilled-Diffusers\snapshots\432e0d3c2d1769aaa4d295f9243f7062bf6b47ee [subfolder=transformer, bf16]
scheduler    C:\Users\artvn\.cache\huggingface\hub\models--diffusers--LTX-2.3-Distilled-Diffusers\snapshots\432e0d3c2d1769aaa4d295f9243f7062bf6b47ee [subfolder=scheduler, distilled]
other parts  C:\Users\artvn\.cache\huggingface\hub\models--diffusers--LTX-2.3-Diffusers\snapshots\8eee8edcf067e838b843f926ec4d4cc9b2be1aaf
-- load-transformer-bf16-38GB: phys 10.7/68.1GB, commit 13.7/115.3GB (load 15%)

Loading checkpoint shards:   0%|          | 0/8 [00:00<?, ?it/s]
Loading checkpoint shards:  12%|█▎        | 1/8 [00:00<00:00,  8.62it/s]
Loading checkpoint shards:  25%|██▌       | 2/8 [00:00<00:00,  9.27it/s]
Loading checkpoint shards:  50%|█████     | 4/8 [00:00<00:00,  8.55it/s]
Loading checkpoint shards: 100%|██████████| 8/8 [00:00<00:00, 16.70it/s]
Loading checkpoint shards: 100%|██████████| 8/8 [00:00<00:00, 13.91it/s]
-- load-connectors-12.7GB-and-vae: phys 10.7/68.1GB, commit 52.1/115.3GB (load 15%)

Loading checkpoint shards:   0%|          | 0/2 [00:00<?, ?it/s]
Loading checkpoint shards: 100%|██████████| 2/2 [00:00<00:00, 67.77it/s]
-- offload-setup-sequential: phys 10.7/68.1GB, commit 61.7/115.3GB (load 15%)
C:\banyan-video\venv\Lib\site-packages\accelerate\utils\modeling.py:345: UserWarning: expandable_segments not supported on this platform (Triggered internally at C:\actions-runner\_work\pytorch\pytorch\pytorch\c10/cuda/CUDAAllocatorConfig.h:39.)
  new_value = old_value.to(device, non_blocking=non_blocking)
conditioning still round-tripped through libx264 crf=33 -> C:\banyan-farm\ep2-b15-refireB-0814\cond-crf-15.png
-- stage1-denoise-352x640-8steps: phys 11.6/68.1GB, commit 62.0/115.3GB (load 17%)

  0%|          | 0/8 [00:00<?, ?it/s]
 12%|█▎        | 1/8 [01:08<08:01, 68.74s/it]
 25%|██▌       | 2/8 [01:21<03:34, 35.81s/it]
 38%|███▊      | 3/8 [01:30<01:58, 23.61s/it]
 50%|█████     | 4/8 [01:39<01:11, 17.84s/it]
 62%|██████▎   | 5/8 [01:49<00:44, 14.83s/it]
 75%|███████▌  | 6/8 [01:58<00:25, 12.82s/it]
 88%|████████▊ | 7/8 [02:06<00:11, 11.43s/it]
100%|██████████| 8/8 [02:15<00:00, 10.55s/it]
100%|██████████| 8/8 [02:15<00:00, 16.91s/it]
stage1 latents (1, 128, 13, 20, 11)
-- upsample-2x-latent: phys 56.6/68.1GB, commit 64.5/115.3GB (load 83%)
There are modules in LTX2LatentUpsamplerModel that should be kept in float32: []. Casting directly with `to()` can lead to inconsistent results; set `torch_dtype` in `from_pretrained()` instead to keep these modules in float32.
upsampled latents (1, 128, 13, 40, 22)
-- stage2-refine-704x1280-3steps: phys 58.4/68.1GB, commit 67.6/115.3GB (load 85%)

  0%|          | 0/3 [00:00<?, ?it/s]
 33%|███▎      | 1/3 [00:23<00:47, 23.82s/it]
 67%|██████▋   | 2/3 [00:49<00:24, 24.94s/it]
100%|██████████| 3/3 [01:17<00:00, 26.27s/it]
100%|██████████| 3/3 [01:17<00:00, 25.80s/it]
-- decode-and-export: phys 63.7/68.1GB, commit 70.8/115.3GB (load 93%)
[1/1] wrote C:\banyan-farm\ep2-b15-refireB-0814\13-remake-LTX-0813.mp4 in 236s (97 frames, 704x1280, 8@352x640+3@704x1280 steps, peak torch 9.9GB, device 2.6/26GB)
THROUGHPUT 0.0171 s(video)/s(wall) (1 x 4.042s of video in 236s)
bench row -> C:\banyan-farm\ep2-b15-refireB-0814\bench-b13-remake.jsonl
{"sample_s": 236.2, "peak_gb": 9.9, "peak_commit_gb": 78.6, "frames": 97, "size": "704x1280", "steps": "8@352x640+3@704x1280", "batch": 1, "mode": "production", "throughput_s_per_s": 0.0171, "two_stage": true, "image_crf": 33, "offload": "sequential", "quantisation": null}
{"peak_commit_gb": 78.6, "peak_phys_gb": 63.9, "last_stage": "decode-and-export"}
==== step render END rc=0 2026-08-14T14:26:45Z ====

==== step publish START 2026-08-14T14:26:45Z ====
argv: ["C:\\banyan-farm\\venv\\Scripts\\python.exe", "-c", "import glob, hashlib, os, shutil\ndst = \"C:/banyan-farm/courier-box/farm-out/ep2-b15-refireB\"\nos.makedirs(dst, exist_ok=True)\nsrc = sorted(glob.glob(\"C:/banyan-farm/ep2-b15-refireB-0814/13-remake-LTX-0813.mp4*\")\n             + glob.glob(\"C:/banyan-farm/ep2-b15-refireB-0814/b13-init-704x1280.png\")\n             + glob.glob(\"C:/banyan-farm/ep2-b15-refireB-0814/bench-b13-remake.jsonl\"))\nlines = []\nfor f in src:\n    shutil.copy2(f, dst)\n    c = os.path.join(dst, os.path.basename(f))\n    with open(c, \"rb\") as fh:\n        h = hashlib.sha256(fh.read()).hexdigest()\n    lines.append(h + \"  \" + os.path.basename(f))\nwith open(os.path.join(dst, \"ep2-b15-refireB-0814.sha256\"), \"w\", newline=\"\\n\") as fh:\n    fh.write(\"\\n\".join(lines) + \"\\n\")\nprint(\"published\", len(src), \"file(s) + manifest ->\", dst)\nraise SystemExit(0 if len(src) >= 2 else 1)\n"]
published 4 file(s) + manifest -> C:/banyan-farm/courier-box/farm-out/ep2-b15-refireB
==== step publish END rc=0 2026-08-14T14:26:45Z ====
#### job ep2-b15-refireB-0814-1786712818 finished rc=0 2026-08-14T14:26:45Z
