!! negative prompt over CLIP's 77-token budget; deduplicated: text; DROPPED: realistic skin texture, jpeg artifacts

  0%|          | 0/10 [00:00<?, ?it/s]
 10%|█         | 1/10 [00:00<00:02,  4.49it/s]
 20%|██        | 2/10 [00:00<00:01,  4.70it/s]
 30%|███       | 3/10 [00:00<00:01,  4.77it/s]
 40%|████      | 4/10 [00:00<00:01,  4.53it/s]
 50%|█████     | 5/10 [00:01<00:01,  4.33it/s]
 60%|██████    | 6/10 [00:01<00:00,  4.47it/s]
 70%|███████   | 7/10 [00:01<00:00,  4.57it/s]
 80%|████████  | 8/10 [00:01<00:00,  4.53it/s]
 90%|█████████ | 9/10 [00:02<00:00,  4.42it/s]
100%|██████████| 10/10 [00:02<00:00,  4.46it/s]
100%|██████████| 10/10 [00:02<00:00,  4.50it/s]
  01-cold-open-s0.png in 3s

  0%|          | 0/10 [00:00<?, ?it/s]
 10%|█         | 1/10 [00:00<00:01,  5.28it/s]
 20%|██        | 2/10 [00:00<00:01,  4.81it/s]
 30%|███       | 3/10 [00:00<00:01,  4.84it/s]
 40%|████      | 4/10 [00:00<00:01,  4.32it/s]
 50%|█████     | 5/10 [00:01<00:01,  4.50it/s]
 60%|██████    | 6/10 [00:01<00:00,  4.62it/s]
 70%|███████   | 7/10 [00:01<00:00,  4.58it/s]
 80%|████████  | 8/10 [00:01<00:00,  4.46it/s]
 90%|█████████ | 9/10 [00:01<00:00,  4.38it/s]
100%|██████████| 10/10 [00:02<00:00,  4.46it/s]
100%|██████████| 10/10 [00:02<00:00,  4.53it/s]
  01-cold-open-s1.png in 3s
RENDER_COMPLETE
C:\banyan-farm\venv\Lib\site-packages\transformers\tokenization_utils_base.py:1601: FutureWarning: `clean_up_tokenization_spaces` was not set. It will be set to `True` by default. This behavior will be depracted in transformers v4.45, and will be then set to `False` by default. For more details check this issue: https://github.com/huggingface/transformers/issues/31884
  warnings.warn(
Token indices sequence length is longer than the specified maximum sequence length for this model (85 > 77). Running this sequence through the model will result in indexing errors
!! negative prompt over CLIP's 77-token budget; deduplicated: text; DROPPED: realistic skin texture, jpeg artifacts
   b01-styleprobe-i25-s0.png  cfc434872197bca8
   b01-styleprobe-i25-s1.png  53c846716c9501dd
arm i25 wrote 2 frame(s)
==== step i25 END rc=0 2026-08-11T22:08:52Z ====

==== step i40 START 2026-08-11T22:08:52Z ====
argv: ["C:\\banyan-farm\\venv\\Scripts\\python.exe", "-c", "import hashlib, json, os, shutil, subprocess, sys\nfrom pathlib import Path\nARM   = \"i40\"\nCLONE = r\"C:\\banyan-farm\\banyan-city\"\nSC    = CLONE + r\"\\pipeline\\runpod_render.py\"\nRAW   = os.path.join(CLONE, \"runpod-out\")\nOUT   = r\"C:\\banyan-farm\\out-b01-styleprobe\"\nsys.path.insert(0, CLONE + r\"\\pipeline\")\n\nstrength = os.environ[\"STRENGTH\"]\ninit     = os.environ[\"INIT\"]\ninit_sha = hashlib.sha256(open(init, \"rb\").read()).hexdigest()\nprint(\"arm %s strength %s init %s sha256 %s\" % (ARM, strength, init, init_sha), flush=True)\n\nrc = subprocess.call([sys.executable, SC])\nif rc:\n    sys.exit(rc)\n\nimport runpod_render as rr\nfrom generate_shots import parse_shots\nshots = Path(CLONE) / \"genomes/sapling/nodes/002b-first-citizen/shots.md\"\ns = [x for x in parse_shots(shots.read_text(encoding=\"utf-8\")) if x[\"num\"] == 1][0]\npos, _ = rr.compress(s[\"prompt\"])\nneg = rr.beat_negative(rr.NEG, s[\"prompt\"])\nshots_sha = hashlib.sha256(shots.read_bytes()).hexdigest()\nharness_sha = hashlib.sha256(open(SC, \"rb\").read()).hexdigest()\ntry:\n    commit = subprocess.run([\"git\", \"-C\", CLONE, \"rev-parse\", \"HEAD\"],\n                            capture_output=True, text=True).stdout.strip() or \"unknown\"\nexcept OSError:\n    commit = \"unknown\"\n\nos.makedirs(OUT, exist_ok=True)\nmoved = 0\nfor k in range(2):\n    src = os.path.join(RAW, \"01-%s-s%d.png\" % (s[\"slug\"], k))\n    if not os.path.isfile(src):\n        print(\"   !! missing %s\" % src, flush=True)\n        continue\n    dst = os.path.join(OUT, \"b01-styleprobe-%s-s%d.png\" % (ARM, k))\n    shutil.move(src, dst)\n    moved += 1\n    sha = hashlib.sha256(open(dst, \"rb\").read()).hexdigest()\n    seed = rr.SEED + 1 + k * 1000\n    with open(dst + \".meta.yaml\", \"w\", encoding=\"utf-8\", newline=\"\\n\") as fh:\n        fh.write(\"\\n\".join([\n            \"task: ep2-b01-styleprobe-0812\",\n            \"node: 002b-first-citizen\",\n            \"beat: 1\",\n            \"arm: \" + ARM,\n            \"strength: \" + strength,\n            \"model: \" + rr.BASE,\n            \"dtype: bfloat16\",\n            \"pipeline: StableDiffusionXLImg2ImgPipeline\",\n            \"harness: pipeline/runpod_render.py\",\n            \"harness_sha256: \" + harness_sha,\n            \"harness_modified_for_this_round: false\",\n            \"init_image: \" + json.dumps(init),\n            \"init_sha256: \" + init_sha,\n            \"init_provenance: >-\",\n            \"  ep2-b01-t2i-fig-0811 seed s2, the frame the founder called \\\"really\",\n            \"  good\\\" at ~23:45 on 2026-08-11. Also committed on farm-results-rtx5090\",\n            \"  at farm-out/ep2-b01-t2i-fig/01-cold-open-wave1-s2.png.\",\n            \"size: 832x1216\",\n            \"steps: 40\",\n            \"guidance: 7.5\",\n            \"seed: %d\" % seed,\n            \"seed_rule: SEED(%d) + BEAT(1) + k*1000\" % rr.SEED,\n            \"prompt_source: genomes/sapling/nodes/002b-first-citizen/shots.md beat 1\",\n            \"prompt_source_sha256: \" + shots_sha,\n            \"positive: \" + json.dumps(pos),\n            \"negative: \" + json.dumps(neg),\n            \"positive_recomputed_not_captured: true\",\n            \"positive_delta_vs_r8_sent: >-\",\n            \"  this positive is r8's SENT positive plus the height predicate\",\n            \"  ` no taller than the grass around it`, which runpod_render.py cannot\",\n            \"  strip and r8 deletes script-side. Asserted exact by the dry step.\",\n            \"negative_carries_lighting_block: false\",\n            \"repo_commit: \" + commit,\n            \"cost_usd: 0\",\n            \"sha256: \" + sha,\n            \"provisional: >-\",\n            \"  Not a pick, not canon, not published, not assembled. A three-arm\",\n            \"  strength probe; the verdict on it is R4's.\",\n            \"\",\n        ]))\n    print(\"   %s  %s\" % (os.path.basename(dst), sha[:16]), flush=True)\nshutil.rmtree(RAW, ignore_errors=True)\nprint(\"arm %s wrote %d frame(s)\" % (ARM, moved), flush=True)\nraise SystemExit(0 if moved == 2 else 1)\n"]
arm i40 strength 0.40 init C:\banyan-farm\wave-goblin-prep\out-b01-t2i\01-cold-open-wave1-s2.png sha256 874d36f566cf251753a6835144eed76fbbef558df65a30f3efa913c75d942454

Loading pipeline components...:   0%|          | 0/7 [00:00<?, ?it/s]
Loading pipeline components...:  14%|█▍        | 1/7 [00:00<00:03,  1.90it/s]
Loading pipeline components...:  43%|████▎     | 3/7 [00:00<00:00,  4.68it/s]
Loading pipeline components...:  86%|████████▌ | 6/7 [00:02<00:00,  2.48it/s]
Loading pipeline components...: 100%|██████████| 7/7 [00:02<00:00,  2.93it/s]
C:\banyan-farm\venv\Lib\site-packages\torch\nn\modules\module.py:1370: UserWarning: expandable_segments not supported on this platform (Triggered internally at C:\actions-runner\_work\pytorch\pytorch\pytorch\c10/cuda/CUDAAllocatorConfig.h:39.)
  return t.to(
pipeline ready (torch.bfloat16)
C:\banyan-farm\venv\Lib\site-packages\transformers\tokenization_utils_base.py:1601: FutureWarning: `clean_up_tokenization_spaces` was not set. It will be set to `True` by default. This behavior will be depracted in transformers v4.45, and will be then set to `False` by default. For more details check this issue: https://github.com/huggingface/transformers/issues/31884
  warnings.warn(
Token indices sequence length is longer than the specified maximum sequence length for this model (85 > 77). Running this sequence through the model will result in indexing errors
!! negative prompt over CLIP's 77-token budget; deduplicated: text; DROPPED: realistic skin texture, jpeg artifacts

  0%|          | 0/16 [00:00<?, ?it/s]
  6%|▋         | 1/16 [00:00<00:03,  4.44it/s]
 12%|█▎        | 2/16 [00:00<00:02,  4.69it/s]
 19%|█▉        | 3/16 [00:00<00:02,  4.73it/s]
 25%|██▌       | 4/16 [00:00<00:02,  4.47it/s]
 31%|███▏      | 5/16 [00:01<00:02,  4.42it/s]
 38%|███▊      | 6/16 [00:01<00:02,  4.56it/s]
 44%|████▍     | 7/16 [00:01<00:01,  4.56it/s]
 50%|█████     | 8/16 [00:01<00:01,  4.52it/s]
 56%|█████▋    | 9/16 [00:01<00:01,  4.43it/s]
 62%|██████▎   | 10/16 [00:02<00:01,  4.45it/s]
 69%|██████▉   | 11/16 [00:02<00:01,  4.57it/s]
 75%|███████▌  | 12/16 [00:02<00:00,  4.53it/s]
 81%|████████▏ | 13/16 [00:02<00:00,  4.45it/s]
 88%|████████▊ | 14/16 [00:03<00:00,  4.48it/s]
 94%|█████████▍| 15/16 [00:03<00:00,  4.49it/s]
100%|██████████| 16/16 [00:03<00:00,  4.57it/s]
100%|██████████| 16/16 [00:03<00:00,  4.52it/s]
  01-cold-open-s0.png in 5s

  0%|          | 0/16 [00:00<?, ?it/s]
  6%|▋         | 1/16 [00:00<00:02,  5.13it/s]
 12%|█▎        | 2/16 [00:00<00:02,  4.82it/s]
 19%|█▉        | 3/16 [00:00<00:02,  4.81it/s]
 25%|██▌       | 4/16 [00:00<00:02,  4.42it/s]
 31%|███▏      | 5/16 [00:01<00:02,  4.45it/s]
 38%|███▊      | 6/16 [00:01<00:02,  4.58it/s]
 44%|████▍     | 7/16 [00:01<00:01,  4.66it/s]
 50%|█████     | 8/16 [00:01<00:01,  4.50it/s]
 56%|█████▋    | 9/16 [00:01<00:01,  4.41it/s]
 62%|██████▎   | 10/16 [00:02<00:01,  4.44it/s]
 69%|██████▉   | 11/16 [00:02<00:01,  4.56it/s]
 75%|███████▌  | 12/16 [00:02<00:00,  4.55it/s]
 81%|████████▏ | 13/16 [00:02<00:00,  4.44it/s]
 88%|████████▊ | 14/16 [00:03<00:00,  4.38it/s]
 94%|█████████▍| 15/16 [00:03<00:00,  4.51it/s]
100%|██████████| 16/16 [00:03<00:00,  4.52it/s]
100%|██████████| 16/16 [00:03<00:00,  4.53it/s]
  01-cold-open-s1.png in 4s
RENDER_COMPLETE
C:\banyan-farm\venv\Lib\site-packages\transformers\tokenization_utils_base.py:1601: FutureWarning: `clean_up_tokenization_spaces` was not set. It will be set to `True` by default. This behavior will be depracted in transformers v4.45, and will be then set to `False` by default. For more details check this issue: https://github.com/huggingface/transformers/issues/31884
  warnings.warn(
Token indices sequence length is longer than the specified maximum sequence length for this model (85 > 77). Running this sequence through the model will result in indexing errors
!! negative prompt over CLIP's 77-token budget; deduplicated: text; DROPPED: realistic skin texture, jpeg artifacts
   b01-styleprobe-i40-s0.png  424279db1aceb3ee
   b01-styleprobe-i40-s1.png  ae941d120eb9ce33
arm i40 wrote 2 frame(s)
==== step i40 END rc=0 2026-08-11T22:09:14Z ====

==== step i55 START 2026-08-11T22:09:14Z ====
argv: ["C:\\banyan-farm\\venv\\Scripts\\python.exe", "-c", "import hashlib, json, os, shutil, subprocess, sys\nfrom pathlib import Path\nARM   = \"i55\"\nCLONE = r\"C:\\banyan-farm\\banyan-city\"\nSC    = CLONE + r\"\\pipeline\\runpod_render.py\"\nRAW   = os.path.join(CLONE, \"runpod-out\")\nOUT   = r\"C:\\banyan-farm\\out-b01-styleprobe\"\nsys.path.insert(0, CLONE + r\"\\pipeline\")\n\nstrength = os.environ[\"STRENGTH\"]\ninit     = os.environ[\"INIT\"]\ninit_sha = hashlib.sha256(open(init, \"rb\").read()).hexdigest()\nprint(\"arm %s strength %s init %s sha256 %s\" % (ARM, strength, init, init_sha), flush=True)\n\nrc = subprocess.call([sys.executable, SC])\nif rc:\n    sys.exit(rc)\n\nimport runpod_render as rr\nfrom generate_shots import parse_shots\nshots = Path(CLONE) / \"genomes/sapling/nodes/002b-first-citizen/shots.md\"\ns = [x for x in parse_shots(shots.read_text(encoding=\"utf-8\")) if x[\"num\"] == 1][0]\npos, _ = rr.compress(s[\"prompt\"])\nneg = rr.beat_negative(rr.NEG, s[\"prompt\"])\nshots_sha = hashlib.sha256(shots.read_bytes()).hexdigest()\nharness_sha = hashlib.sha256(open(SC, \"rb\").read()).hexdigest()\ntry:\n    commit = subprocess.run([\"git\", \"-C\", CLONE, \"rev-parse\", \"HEAD\"],\n                            capture_output=True, text=True).stdout.strip() or \"unknown\"\nexcept OSError:\n    commit = \"unknown\"\n\nos.makedirs(OUT, exist_ok=True)\nmoved = 0\nfor k in range(2):\n    src = os.path.join(RAW, \"01-%s-s%d.png\" % (s[\"slug\"], k))\n    if not os.path.isfile(src):\n        print(\"   !! missing %s\" % src, flush=True)\n        continue\n    dst = os.path.join(OUT, \"b01-styleprobe-%s-s%d.png\" % (ARM, k))\n    shutil.move(src, dst)\n    moved += 1\n    sha = hashlib.sha256(open(dst, \"rb\").read()).hexdigest()\n    seed = rr.SEED + 1 + k * 1000\n    with open(dst + \".meta.yaml\", \"w\", encoding=\"utf-8\", newline=\"\\n\") as fh:\n        fh.write(\"\\n\".join([\n            \"task: ep2-b01-styleprobe-0812\",\n            \"node: 002b-first-citizen\",\n            \"beat: 1\",\n            \"arm: \" + ARM,\n            \"strength: \" + strength,\n            \"model: \" + rr.BASE,\n            \"dtype: bfloat16\",\n            \"pipeline: StableDiffusionXLImg2ImgPipeline\",\n            \"harness: pipeline/runpod_render.py\",\n            \"harness_sha256: \" + harness_sha,\n            \"harness_modified_for_this_round: false\",\n            \"init_image: \" + json.dumps(init),\n            \"init_sha256: \" + init_sha,\n            \"init_provenance: >-\",\n            \"  ep2-b01-t2i-fig-0811 seed s2, the frame the founder called \\\"really\",\n            \"  good\\\" at ~23:45 on 2026-08-11. Also committed on farm-results-rtx5090\",\n            \"  at farm-out/ep2-b01-t2i-fig/01-cold-open-wave1-s2.png.\",\n            \"size: 832x1216\",\n            \"steps: 40\",\n            \"guidance: 7.5\",\n            \"seed: %d\" % seed,\n            \"seed_rule: SEED(%d) + BEAT(1) + k*1000\" % rr.SEED,\n            \"prompt_source: genomes/sapling/nodes/002b-first-citizen/shots.md beat 1\",\n            \"prompt_source_sha256: \" + shots_sha,\n            \"positive: \" + json.dumps(pos),\n            \"negative: \" + json.dumps(neg),\n            \"positive_recomputed_not_captured: true\",\n            \"positive_delta_vs_r8_sent: >-\",\n            \"  this positive is r8's SENT positive plus the height predicate\",\n            \"  ` no taller than the grass around it`, which runpod_render.py cannot\",\n            \"  strip and r8 deletes script-side. Asserted exact by the dry step.\",\n            \"negative_carries_lighting_block: false\",\n            \"repo_commit: \" + commit,\n            \"cost_usd: 0\",\n            \"sha256: \" + sha,\n            \"provisional: >-\",\n            \"  Not a pick, not canon, not published, not assembled. A three-arm\",\n            \"  strength probe; the verdict on it is R4's.\",\n            \"\",\n        ]))\n    print(\"   %s  %s\" % (os.path.basename(dst), sha[:16]), flush=True)\nshutil.rmtree(RAW, ignore_errors=True)\nprint(\"arm %s wrote %d frame(s)\" % (ARM, moved), flush=True)\nraise SystemExit(0 if moved == 2 else 1)\n"]
arm i55 strength 0.55 init C:\banyan-farm\wave-goblin-prep\out-b01-t2i\01-cold-open-wave1-s2.png sha256 874d36f566cf251753a6835144eed76fbbef558df65a30f3efa913c75d942454

Loading pipeline components...:   0%|          | 0/7 [00:00<?, ?it/s]
Loading pipeline components...:  29%|██▊       | 2/7 [00:00<00:00, 11.05it/s]
Loading pipeline components...:  57%|█████▋    | 4/7 [00:00<00:00,  5.19it/s]
Loading pipeline components...:  86%|████████▌ | 6/7 [00:02<00:00,  2.10it/s]
Loading pipeline components...: 100%|██████████| 7/7 [00:02<00:00,  2.96it/s]
C:\banyan-farm\venv\Lib\site-packages\torch\nn\modules\module.py:1370: UserWarning: expandable_segments not supported on this platform (Triggered internally at C:\actions-runner\_work\pytorch\pytorch\pytorch\c10/cuda/CUDAAllocatorConfig.h:39.)
  return t.to(
pipeline ready (torch.bfloat16)
C:\banyan-farm\venv\Lib\site-packages\transformers\tokenization_utils_base.py:1601: FutureWarning: `clean_up_tokenization_spaces` was not set. It will be set to `True` by default. This behavior will be depracted in transformers v4.45, and will be then set to `False` by default. For more details check this issue: https://github.com/huggingface/transformers/issues/31884
  warnings.warn(
Token indices sequence length is longer than the specified maximum sequence length for this model (85 > 77). Running this sequence through the model will result in indexing errors
!! negative prompt over CLIP's 77-token budget; deduplicated: text; DROPPED: realistic skin texture, jpeg artifacts

  0%|          | 0/22 [00:00<?, ?it/s]
  5%|▍         | 1/22 [00:00<00:04,  4.52it/s]
  9%|▉         | 2/22 [00:00<00:04,  4.72it/s]
 14%|█▎        | 3/22 [00:00<00:04,  4.65it/s]
 18%|█▊        | 4/22 [00:00<00:04,  4.46it/s]
 23%|██▎       | 5/22 [00:01<00:03,  4.35it/s]
 27%|██▋       | 6/22 [00:01<00:03,  4.54it/s]
 32%|███▏      | 7/22 [00:01<00:03,  4.56it/s]
 36%|███▋      | 8/22 [00:01<00:03,  4.52it/s]
 41%|████      | 9/22 [00:02<00:02,  4.37it/s]
 45%|████▌     | 10/22 [00:02<00:02,  4.43it/s]
 50%|█████     | 11/22 [00:02<00:02,  4.55it/s]
 55%|█████▍    | 12/22 [00:02<00:02,  4.54it/s]
 59%|█████▉    | 13/22 [00:02<00:02,  4.49it/s]
 64%|██████▎   | 14/22 [00:03<00:01,  4.50it/s]
 68%|██████▊   | 15/22 [00:03<00:01,  4.47it/s]
 73%|███████▎  | 16/22 [00:03<00:01,  4.61it/s]
 77%|███████▋  | 17/22 [00:03<00:01,  4.49it/s]
 82%|████████▏ | 18/22 [00:03<00:00,  4.50it/s]
 86%|████████▋ | 19/22 [00:04<00:00,  4.50it/s]
 91%|█████████ | 20/22 [00:04<00:00,  4.50it/s]
 95%|█████████▌| 21/22 [00:04<00:00,  4.50it/s]
100%|██████████| 22/22 [00:04<00:00,  4.50it/s]
100%|██████████| 22/22 [00:04<00:00,  4.50it/s]
  01-cold-open-s0.png in 6s

  0%|          | 0/22 [00:00<?, ?it/s]
  5%|▍         | 1/22 [00:00<00:04,  4.94it/s]
  9%|▉         | 2/22 [00:00<00:04,  4.91it/s]
 14%|█▎        | 3/22 [00:00<00:03,  4.88it/s]
 18%|█▊        | 4/22 [00:00<00:04,  4.35it/s]
 23%|██▎       | 5/22 [00:01<00:03,  4.40it/s]
 27%|██▋       | 6/22 [00:01<00:03,  4.55it/s]
 32%|███▏      | 7/22 [00:01<00:03,  4.64it/s]
 36%|███▋      | 8/22 [00:01<00:03,  4.39it/s]
 41%|████      | 9/22 [00:02<00:02,  4.34it/s]
 45%|████▌     | 10/22 [00:02<00:02,  4.49it/s]
 50%|█████     | 11/22 [00:02<00:02,  4.60it/s]
 55%|█████▍    | 12/22 [00:02<00:02,  4.47it/s]
 59%|█████▉    | 13/22 [00:02<00:02,  4.39it/s]
 64%|██████▎   | 14/22 [00:03<00:01,  4.43it/s]
 68%|██████▊   | 15/22 [00:03<00:01,  4.55it/s]
 73%|███████▎  | 16/22 [00:03<00:01,  4.54it/s]
 77%|███████▋  | 17/22 [00:03<00:01,  4.43it/s]
 82%|████████▏ | 18/22 [00:04<00:00,  4.46it/s]
 86%|████████▋ | 19/22 [00:04<00:00,  4.47it/s]
 91%|█████████ | 20/22 [00:04<00:00,  4.49it/s]
 95%|█████████▌| 21/22 [00:04<00:00,  4.49it/s]
100%|██████████| 22/22 [00:04<00:00,  4.50it/s]
100%|██████████| 22/22 [00:04<00:00,  4.50it/s]
  01-cold-open-s1.png in 5s
RENDER_COMPLETE
C:\banyan-farm\venv\Lib\site-packages\transformers\tokenization_utils_base.py:1601: FutureWarning: `clean_up_tokenization_spaces` was not set. It will be set to `True` by default. This behavior will be depracted in transformers v4.45, and will be then set to `False` by default. For more details check this issue: https://github.com/huggingface/transformers/issues/31884
  warnings.warn(
Token indices sequence length is longer than the specified maximum sequence length for this model (85 > 77). Running this sequence through the model will result in indexing errors
!! negative prompt over CLIP's 77-token budget; deduplicated: text; DROPPED: realistic skin texture, jpeg artifacts
   b01-styleprobe-i55-s0.png  61f311b8b971002b
   b01-styleprobe-i55-s1.png  8caad7862dc62351
arm i55 wrote 2 frame(s)
==== step i55 END rc=0 2026-08-11T22:09:38Z ====

==== step publish START 2026-08-11T22:09:38Z ====
argv: ["C:\\banyan-farm\\venv\\Scripts\\python.exe", "-c", "import glob, hashlib, os, shutil\ndst = \"C:/banyan-farm/courier-box/farm-out/ep2-b01-styleprobe\"\nos.makedirs(dst, exist_ok=True)\nsrc = sorted(glob.glob(\"C:/banyan-farm/out-b01-styleprobe/b01-styleprobe-*\"))\nlines = []\nfor f in src:\n    shutil.copy2(f, dst)\n    # Hash the COPY: what this records has to be the bytes that get committed,\n    # or the manifest attests to a file nobody will ever read.\n    c = os.path.join(dst, os.path.basename(f))\n    with open(c, \"rb\") as fh:\n        h = hashlib.sha256(fh.read()).hexdigest()\n    lines.append(h + \"  \" + os.path.basename(f))\n    print(\"   \", os.path.basename(f), h[:16])\n# newline=\"\\n\" is load-bearing: Windows text mode rewrites \\n to \\r\\n and every\n# filename then carries a trailing \\r that shasum -c cannot open.\nwith open(os.path.join(dst, \"ep2-b01-styleprobe.sha256\"), \"w\", newline=\"\\n\") as fh:\n    fh.write(\"\\n\".join(lines) + \"\\n\")\nprint(\"published\", len(src), \"file(s) + manifest ->\", dst)\n# 3 arms x 2 seeds x (png + sidecar) = 12. Fewer means the round wrote less\n# than it promised.\nraise SystemExit(0 if len(src) == 12 else 1)\n"]
    b01-styleprobe-i25-s0.png cfc434872197bca8
    b01-styleprobe-i25-s0.png.meta.yaml c0c9b3b82f4cc6c1
    b01-styleprobe-i25-s1.png 53c846716c9501dd
    b01-styleprobe-i25-s1.png.meta.yaml 19ba31a2c0e8013c
    b01-styleprobe-i40-s0.png 424279db1aceb3ee
    b01-styleprobe-i40-s0.png.meta.yaml 78eb36ffaaf513a2
    b01-styleprobe-i40-s1.png ae941d120eb9ce33
    b01-styleprobe-i40-s1.png.meta.yaml 195404952aaa3115
    b01-styleprobe-i55-s0.png 61f311b8b971002b
    b01-styleprobe-i55-s0.png.meta.yaml 6ee48c332466a604
    b01-styleprobe-i55-s1.png 8caad7862dc62351
    b01-styleprobe-i55-s1.png.meta.yaml 01fff6ec38e92a0f
published 12 file(s) + manifest -> C:/banyan-farm/courier-box/farm-out/ep2-b01-styleprobe
==== step publish END rc=0 2026-08-11T22:09:38Z ====
#### job ep2-b01-styleprobe-0812-1786486098 finished rc=0 2026-08-11T22:09:38Z
