#### job ep2-jerry-expref-r2-0821-1787307550 attempt 1 start 2026-08-21T10:19:19Z

==== step stage START 2026-08-21T10:19:19Z ====
argv: ["C:\\banyan-farm\\venv\\Scripts\\python.exe", "-c", "from PIL import Image, ImageDraw\nimport hashlib, os, urllib.request\nroot = r'C:\\banyan-farm\\jerryexpref-r2-0821'\nos.makedirs(root, exist_ok=True)\nurl = 'https://raw.githubusercontent.com/olegmalk/banyan-city/main/review/ep2-goblin-design-0819/adult-b19-0819.jpg'\nwith urllib.request.urlopen(url, timeout=180) as r:\n    blob = r.read()\ngot = hashlib.sha256(blob).hexdigest()\nif got != '1a71fb920807bd15399f8a516d3b26979fd65f7b122a11b49a74f0fa8bc5c2eb':\n    print('!! tile sha', got); raise SystemExit(1)\ntile = os.path.join(root, 'tile.jpg')\nopen(tile, 'wb').write(blob)\nim = Image.open(tile).convert('RGB')\ncrop = im.crop([142, 244, 366, 468])\nif crop.size[0] % 8 or crop.size[1] % 8:\n    print('!! crop', crop.size, 'not divisible by 8'); raise SystemExit(1)\ncrop.save(os.path.join(root, 'head.png'))\nm = Image.new('L', crop.size, 0)\nd = ImageDraw.Draw(m)\nd.rectangle([58, 92, 163, 122], fill=255)\nd.rectangle([80, 172, 158, 196], fill=255)\nm.save(os.path.join(root, 'mask.png'))\nprint('staged tile', got, im.size, '-> head crop', crop.size)\n"]
staged tile 1a71fb920807bd15399f8a516d3b26979fd65f7b122a11b49a74f0fa8bc5c2eb (680, 1236) -> head crop (224, 224)
==== step stage END rc=0 2026-08-21T10:19:19Z ====

==== step soft045 START 2026-08-21T10:19:19Z ====
argv: ["C:\\banyan-farm\\venv\\Scripts\\python.exe", "-c", "import hashlib, subprocess, sys\nroot = r'C:\\banyan-farm\\jerryexpref-r2-0821'\ninit = root + r'\\head.png'\nsha = hashlib.sha256(open(init, 'rb').read()).hexdigest()\nprint('init', init, sha)\nrc = subprocess.call([r'C:\\banyan-farm\\venv\\Scripts\\python.exe', root + r'\\inpaint_fruit.py',\n    '--init', init, '--init-sha256', sha,\n    '--mask-png', root + r'\\mask.png',\n    '--prompt-file', root + r'\\prompt.txt',\n    '--negative-file', root + r'\\negative.txt',\n    '--out', root + r'\\expref-s045.png',\n    '--steps', '40', '--cfg', '7.5', '--strength', '0.45',\n    '--seed', '20260823', '--pad-crop', '64', '--blur', '8',\n    '--note', 'THE EXPRESSIVE REFERENCE, strength 0.45. Brow and mouth bands only, on a 224x224 crop centred on HEAD_CROP; the EYES ARE NOT IN THE MASK because T1 is the one identity clause the adapter is provably carrying and the mood is not in the eyes.'])\nraise SystemExit(rc)\n"]
init C:\banyan-farm\jerryexpref-r2-0821\head.png f7666fd52130f6e95539a3d34704fe00da835d80ee64e8a7d34de469a1fd318c
Couldn't connect to the Hub: Cannot reach https://huggingface.co/api/models/cagliostrolab/animagine-xl-3.1: offline mode is enabled. To disable it, please unset the `HF_HUB_OFFLINE` environment variable..
Will try to load from local cache.

Loading pipeline components...:   0%|          | 0/7 [00:00<?, ?it/s]
Loading pipeline components...:  29%|██▊       | 2/7 [00:01<00:04,  1.24it/s]
Loading pipeline components...:  57%|█████▋    | 4/7 [00:01<00:01,  2.71it/s]
Loading pipeline components...:  86%|████████▌ | 6/7 [00:01<00:00,  4.15it/s]
Loading pipeline components...: 100%|██████████| 7/7 [00:02<00:00,  2.92it/s]
C:\banyan-farm\venv\Lib\site-packages\torch\nn\modules\module.py:1370: UserWarning: expandable_segments not supported on this platform (Triggered internally at C:\actions-runner\_work\pytorch\pytorch\pytorch\c10/cuda/CUDAAllocatorConfig.h:39.)
  return t.to(
MODEL_LOADED cagliostrolab/animagine-xl-3.1 cuda/bfloat16 unet.in_channels=4 in 5s
WROTE C:\banyan-farm\jerryexpref-r2-0821\expref-s045.png
WROTE C:\banyan-farm\jerryexpref-r2-0821\expref-s045-mask.png
WROTE C:\banyan-farm\jerryexpref-r2-0821\expref-s045.png.meta.yaml
rc=0 render_s=1.6
==== step soft045 END rc=0 2026-08-21T10:19:29Z ====

==== step soft035 START 2026-08-21T10:19:29Z ====
argv: ["C:\\banyan-farm\\venv\\Scripts\\python.exe", "-c", "import hashlib, subprocess, sys\nroot = r'C:\\banyan-farm\\jerryexpref-r2-0821'\ninit = root + r'\\head.png'\nsha = hashlib.sha256(open(init, 'rb').read()).hexdigest()\nprint('init', init, sha)\nrc = subprocess.call([r'C:\\banyan-farm\\venv\\Scripts\\python.exe', root + r'\\inpaint_fruit.py',\n    '--init', init, '--init-sha256', sha,\n    '--mask-png', root + r'\\mask.png',\n    '--prompt-file', root + r'\\prompt.txt',\n    '--negative-file', root + r'\\negative.txt',\n    '--out', root + r'\\expref-s035.png',\n    '--steps', '40', '--cfg', '7.5', '--strength', '0.35',\n    '--seed', '20260823', '--pad-crop', '64', '--blur', '8',\n    '--note', 'THE EXPRESSIVE REFERENCE, strength 0.35. Brow and mouth bands only, on a 224x224 crop centred on HEAD_CROP; the EYES ARE NOT IN THE MASK because T1 is the one identity clause the adapter is provably carrying and the mood is not in the eyes.'])\nraise SystemExit(rc)\n"]
init C:\banyan-farm\jerryexpref-r2-0821\head.png f7666fd52130f6e95539a3d34704fe00da835d80ee64e8a7d34de469a1fd318c
Couldn't connect to the Hub: Cannot reach https://huggingface.co/api/models/cagliostrolab/animagine-xl-3.1: offline mode is enabled. To disable it, please unset the `HF_HUB_OFFLINE` environment variable..
Will try to load from local cache.

Loading pipeline components...:   0%|          | 0/7 [00:00<?, ?it/s]
Loading pipeline components...:  29%|██▊       | 2/7 [00:01<00:04,  1.22it/s]
Loading pipeline components...:  43%|████▎     | 3/7 [00:02<00:02,  1.44it/s]
Loading pipeline components...:  71%|███████▏  | 5/7 [00:02<00:00,  2.74it/s]
Loading pipeline components...: 100%|██████████| 7/7 [00:02<00:00,  2.87it/s]
C:\banyan-farm\venv\Lib\site-packages\torch\nn\modules\module.py:1370: UserWarning: expandable_segments not supported on this platform (Triggered internally at C:\actions-runner\_work\pytorch\pytorch\pytorch\c10/cuda/CUDAAllocatorConfig.h:39.)
  return t.to(
MODEL_LOADED cagliostrolab/animagine-xl-3.1 cuda/bfloat16 unet.in_channels=4 in 5s
WROTE C:\banyan-farm\jerryexpref-r2-0821\expref-s035.png
WROTE C:\banyan-farm\jerryexpref-r2-0821\expref-s035-mask.png
WROTE C:\banyan-farm\jerryexpref-r2-0821\expref-s035.png.meta.yaml
rc=0 render_s=1.4
==== step soft035 END rc=0 2026-08-21T10:19:38Z ====

==== step publish START 2026-08-21T10:19:38Z ====
argv: ["C:\\banyan-farm\\venv\\Scripts\\python.exe", "-c", "import glob, hashlib, os, shutil\nsrc = 'C:/banyan-farm/jerryexpref-r2-0821'\ndst = 'C:/banyan-farm/courier-box/farm-out/ep2-jerry-expref-r2-0821'\nos.makedirs(dst, exist_ok=True)\nfiles = sorted(glob.glob(src + '/expref-*.png')\n               + glob.glob(src + '/head.png')\n               + glob.glob(src + '/mask.png')\n               + glob.glob(src + '/prompt.txt')\n               + glob.glob(src + '/negative.txt'))\nlines = []\nfor f in files:\n    shutil.copy2(f, dst)\n    c = os.path.join(dst, os.path.basename(f))\n    with open(c, 'rb') as fh:\n        lines.append(hashlib.sha256(fh.read()).hexdigest() + '  '\n                     + os.path.basename(f))\nwith open(os.path.join(dst, 'ep2-jerry-expref-r2-0821.sha256'), 'w', newline='\\n') as fh:\n    fh.write('\\n'.join(sorted(lines)) + '\\n')\nprint('published', len(files), '->', dst)\nraise SystemExit(0 if len(files) >= 6 else 1)\n"]
published 8 -> C:/banyan-farm/courier-box/farm-out/ep2-jerry-expref-r2-0821
==== step publish END rc=0 2026-08-21T10:19:38Z ====
#### job ep2-jerry-expref-r2-0821-1787307550 finished rc=0 2026-08-21T10:19:38Z
