#### job ep2-b08-cnetplate-r5-0819-1787123556 attempt 1 start 2026-08-19T07:15:04Z

==== step hintskel START 2026-08-19T07:15:07Z ====
argv: ["C:\\banyan-farm\\venv\\Scripts\\python.exe", "C:\\banyan-farm\\b08cnetplate-r5-0819\\src\\pipeline\\controlnet_plate.py", "--root", "C:\\banyan-farm\\b08cnetplate-r5-0819\\src", "--repo-commit", "dc7348f36d6ffaf218a9d423a80072f0efb6fdf3", "--task", "ep2-b08-cnetplate-r5-0819", "--arm", "hintskel", "--control", "pipeline/control/b08-pose-skel-0819.png", "--control-sha256", "09200bdf0d293f2555a4ee5430c3f9787dcccba8a6d783b7ff62cebafae89ac3", "--scale", "0.45", "--seed", "20260819", "--prompt-file", "C:\\banyan-farm\\b08cnetplate-r5-0819\\prompt.txt", "--negative-file", "C:\\banyan-farm\\b08cnetplate-r5-0819\\negative.txt", "--out", "C:\\banyan-farm\\b08cnetplate-r5-0819\\out"]
  prompt tokens: 64 (limit 77)
  negative tokens: 69 (limit 77)
C:\banyan-farm\venv\Lib\site-packages\diffusers\models\vq_model.py:20: FutureWarning: `VQEncoderOutput` is deprecated and will be removed in version 0.31. Importing `VQEncoderOutput` from `diffusers.models.vq_model` is deprecated and this will be removed in a future version. Please use `from diffusers.models.autoencoders.vq_model import VQEncoderOutput`, instead.
  deprecate("VQEncoderOutput", "0.31", deprecation_message)
C:\banyan-farm\venv\Lib\site-packages\diffusers\models\vq_model.py:25: FutureWarning: `VQModel` is deprecated and will be removed in version 0.31. Importing `VQModel` from `diffusers.models.vq_model` is deprecated and this will be removed in a future version. Please use `from diffusers.models.autoencoders.vq_model import VQModel`, instead.
  deprecate("VQModel", "0.31", deprecation_message)
Couldn't connect to the Hub: Cannot reach https://huggingface.co/api/models/cagliostrolab/animagine-xl-3.1: offline mode is enabled. To disable it, please unset the `HF_HUB_OFFLINE` environment variable..
Will try to load from local cache.

Loading pipeline components...:   0%|          | 0/7 [00:00<?, ?it/s]
Loading pipeline components...:  14%|█▍        | 1/7 [00:01<00:09,  1.58s/it]
Loading pipeline components...:  43%|████▎     | 3/7 [00:02<00:02,  1.54it/s]
Loading pipeline components...:  71%|███████▏  | 5/7 [00:02<00:00,  2.72it/s]
Loading pipeline components...: 100%|██████████| 7/7 [00:02<00:00,  4.26it/s]
Loading pipeline components...: 100%|██████████| 7/7 [00:02<00:00,  2.76it/s]
C:\banyan-farm\venv\Lib\site-packages\torch\nn\modules\module.py:1370: UserWarning: expandable_segments not supported on this platform (Triggered internally at C:\actions-runner\_work\pytorch\pytorch\pytorch\c10/cuda/CUDAAllocatorConfig.h:39.)
  return t.to(

  0%|          | 0/40 [00:00<?, ?it/s]
  2%|▎         | 1/40 [00:00<00:19,  1.96it/s]
  5%|▌         | 2/40 [00:00<00:12,  3.04it/s]
  8%|▊         | 3/40 [00:01<00:12,  3.06it/s]
 10%|█         | 4/40 [00:01<00:12,  2.99it/s]
 12%|█▎        | 5/40 [00:01<00:11,  3.09it/s]
 15%|█▌        | 6/40 [00:02<00:10,  3.12it/s]
 18%|█▊        | 7/40 [00:02<00:10,  3.03it/s]
 20%|██        | 8/40 [00:02<00:10,  3.12it/s]
 22%|██▎       | 9/40 [00:02<00:09,  3.11it/s]
 25%|██▌       | 10/40 [00:03<00:09,  3.01it/s]
 28%|██▊       | 11/40 [00:03<00:09,  3.10it/s]
 30%|███       | 12/40 [00:03<00:08,  3.11it/s]
 32%|███▎      | 13/40 [00:04<00:08,  3.04it/s]
 35%|███▌      | 14/40 [00:04<00:08,  3.09it/s]
 38%|███▊      | 15/40 [00:04<00:08,  3.12it/s]
 40%|████      | 16/40 [00:05<00:07,  3.06it/s]
 42%|████▎     | 17/40 [00:05<00:07,  3.09it/s]
 45%|████▌     | 18/40 [00:05<00:07,  3.13it/s]
 48%|████▊     | 19/40 [00:06<00:06,  3.08it/s]
 50%|█████     | 20/40 [00:06<00:06,  3.08it/s]
 52%|█████▎    | 21/40 [00:06<00:06,  3.11it/s]
 55%|█████▌    | 22/40 [00:07<00:05,  3.05it/s]
 57%|█████▊    | 23/40 [00:07<00:05,  3.08it/s]
 60%|██████    | 24/40 [00:07<00:05,  3.10it/s]
 62%|██████▎   | 25/40 [00:08<00:04,  3.12it/s]
 65%|██████▌   | 26/40 [00:08<00:04,  3.08it/s]
 68%|██████▊   | 27/40 [00:08<00:04,  3.06it/s]
 70%|███████   | 28/40 [00:09<00:03,  3.09it/s]
 72%|███████▎  | 29/40 [00:09<00:03,  3.11it/s]
 75%|███████▌  | 30/40 [00:09<00:03,  3.13it/s]
 78%|███████▊  | 31/40 [00:10<00:02,  3.09it/s]
 80%|████████  | 32/40 [00:10<00:02,  3.07it/s]
 82%|████████▎ | 33/40 [00:10<00:02,  3.09it/s]
 85%|████████▌ | 34/40 [00:11<00:01,  3.07it/s]
 88%|████████▊ | 35/40 [00:11<00:01,  3.09it/s]
 90%|█████████ | 36/40 [00:11<00:01,  3.11it/s]
 92%|█████████▎| 37/40 [00:12<00:00,  3.03it/s]
 95%|█████████▌| 38/40 [00:12<00:00,  3.07it/s]
 98%|█████████▊| 39/40 [00:12<00:00,  3.05it/s]
100%|██████████| 40/40 [00:13<00:00,  3.08it/s]
100%|██████████| 40/40 [00:13<00:00,  3.07it/s]
OK ep2-b08-cnetplate-r5-0819-hintskel.png load=6.2s render=13.7s
rc=0
==== step hintskel END rc=0 2026-08-19T07:15:31Z ====

==== step publish START 2026-08-19T07:15:31Z ====
argv: ["C:\\banyan-farm\\venv\\Scripts\\python.exe", "-c", "# Required by box_enqueue.courier_problems (2026-08-19): a job whose\n# artifacts live outside courier-box\\farm-out must have a step that\n# carries them there, because the courier pushes from farm-out and from\n# nowhere else. ep2-cnet-probe-0817 rendered perfectly and was invisible\n# for two days for want of exactly this.\nimport glob, hashlib, os, shutil\nout_dir = \"C:/banyan-farm/b08cnetplate-r5-0819/out\"\npay_dir = \"C:/banyan-farm/b08cnetplate-r5-0819\"\ndst = \"C:/banyan-farm/courier-box/farm-out/ep2-b08-cnetplate-r5-0819\"\nos.makedirs(dst, exist_ok=True)\nfiles = sorted(glob.glob(out_dir + \"/ep2-b08-cnetplate-r5-0819-hintskel.png*\")\n               + glob.glob(pay_dir + \"/prompt.txt\")\n               + glob.glob(pay_dir + \"/negative.txt\"))\nlines = []\nfor f in files:\n    shutil.copy2(f, dst)\n    c = os.path.join(dst, os.path.basename(f))\n    with open(c, \"rb\") as fh:\n        h = hashlib.sha256(fh.read()).hexdigest()\n    lines.append(h + \"  \" + os.path.basename(f))\nwith open(os.path.join(dst, \"ep2-b08-cnetplate-r5-0819.sha256\"), \"w\",\n          newline=\"\\n\") as fh:\n    fh.write(\"\\n\".join(sorted(lines)) + \"\\n\")\nprint(\"published\", len(files), \"file(s) + manifest ->\", dst)\nraise SystemExit(0 if len(files) >= 4 else 1)"]
published 4 file(s) + manifest -> C:/banyan-farm/courier-box/farm-out/ep2-b08-cnetplate-r5-0819
==== step publish END rc=0 2026-08-19T07:15:31Z ====
#### job ep2-b08-cnetplate-r5-0819-1787123556 finished rc=0 2026-08-19T07:15:31Z
