#### job ep2-b17-nearworld-0812-1786471128 attempt 1 start 2026-08-12T18:05:29Z

==== step crop START 2026-08-12T18:08:50Z ====
argv: ["C:\\banyan-farm\\venv\\Scripts\\python.exe", "C:\\banyan-farm\\ep2-b17-nearworld-0812\\cover_crop.py", "--src", "C:\\banyan-farm\\goblin-ipa-0812\\out-b17-crossbeat\\17-goodbye-ipa-r0-w015-s1.png", "--sha256", "f6d516a5b4ac869038aecfc1b80fc7e37da464a85e595a17d9472196f5ae4aa2", "--out", "C:\\banyan-farm\\ep2-b17-nearworld-0812\\b17-init-704x1280.png", "--size", "704x1280"]
src 832x1216 sha f6d516a5b4ac869038aecfc1b80fc7e37da464a85e595a17d9472196f5ae4aa2
cover-crop scale=1.0526 -> 876x1280, centre box (86,0)
WROTE C:\banyan-farm\ep2-b17-nearworld-0812\b17-init-704x1280.png
==== step crop END rc=0 2026-08-12T18:08:50Z ====

==== step encode START 2026-08-12T18:08:50Z ====
argv: ["C:\\banyan-video\\venv\\Scripts\\python.exe", "C:\\banyan-farm\\banyan-city\\pipeline\\ltx_i2v.py", "--stage", "encode", "--jobs", "C:\\banyan-farm\\ep2-b17-nearworld-0812\\b17-jobs-encode.json"]
-- begin-encode: phys 10.1/68.1GB, commit 11.6/115.3GB (load 14%)
loading text encoder from C:\Users\artvn\.cache\huggingface\hub\models--Lightricks--gemma-3-12b-it-qat-q4_0-unquantized\snapshots\d62fe4f1995ade703b49a0f3c0d0f161237ef437

Loading weights:   0%|          | 0/1065 [00:00<?, ?it/s]
Loading weights:  27%|██▋       | 290/1065 [00:00<00:00, 2618.11it/s]
Loading weights:  52%|█████▏    | 557/1065 [00:00<00:00, 2502.14it/s]
Loading weights:  80%|████████  | 857/1065 [00:00<00:00, 2605.99it/s]
Loading weights: 100%|██████████| 1065/1065 [00:00<00:00, 2692.74it/s]
-- encode-beat-17: phys 11.3/68.1GB, commit 38.5/115.3GB (load 16%)
[1/1] encoded beat 17 to C:\banyan-farm\ep2-b17-nearworld-0812\b17-embeds.pt (1, 1024, 188160)
{"peak_commit_gb": 40.8, "peak_phys_gb": 37.0, "last_stage": "encode-beat-17"}
==== step encode END rc=0 2026-08-12T18:10:23Z ====

==== step render START 2026-08-12T18:10:23Z ====
argv: ["C:\\banyan-video\\venv\\Scripts\\python.exe", "C:\\banyan-farm\\banyan-city\\pipeline\\ltx_i2v.py", "--stage", "render", "--jobs", "C:\\banyan-farm\\ep2-b17-nearworld-0812\\b17-jobs-render.json", "--size", "704x1280", "--frames", "121", "--fps", "24", "--guidance", "2.0", "--distilled-sigmas", "--two-stage", "--image-crf", "33", "--offload", "sequential", "--mode", "production", "--task", "ep2-b17-nearworld-0812", "--worker", "rtx5090", "--bench-jsonl", "C:\\banyan-farm\\ep2-b17-nearworld-0812\\bench-b17-nearworld.jsonl", "--bench-label", "ep2-b17-nearworld-0812"]
recipe: offload=sequential quantisation=none (bf16)
-- begin-render: phys 10.2/68.1GB, commit 11.7/115.3GB (load 14%)
transformer  C:\Users\artvn\.cache\huggingface\hub\models--diffusers--LTX-2.3-Distilled-Diffusers\snapshots\432e0d3c2d1769aaa4d295f9243f7062bf6b47ee [subfolder=transformer, bf16]
scheduler    C:\Users\artvn\.cache\huggingface\hub\models--diffusers--LTX-2.3-Distilled-Diffusers\snapshots\432e0d3c2d1769aaa4d295f9243f7062bf6b47ee [subfolder=scheduler, distilled]
other parts  C:\Users\artvn\.cache\huggingface\hub\models--diffusers--LTX-2.3-Diffusers\snapshots\8eee8edcf067e838b843f926ec4d4cc9b2be1aaf
-- load-transformer-bf16-38GB: phys 10.9/68.1GB, commit 13.6/115.3GB (load 16%)

Loading checkpoint shards:   0%|          | 0/8 [00:00<?, ?it/s]
Loading checkpoint shards:  12%|█▎        | 1/8 [00:00<00:00,  9.46it/s]
Loading checkpoint shards:  25%|██▌       | 2/8 [00:00<00:00,  9.48it/s]
Loading checkpoint shards:  50%|█████     | 4/8 [00:00<00:00,  8.67it/s]
Loading checkpoint shards: 100%|██████████| 8/8 [00:00<00:00, 16.61it/s]
Loading checkpoint shards: 100%|██████████| 8/8 [00:00<00:00, 14.00it/s]
-- load-connectors-12.7GB-and-vae: phys 11.0/68.1GB, commit 51.9/115.3GB (load 16%)

Loading checkpoint shards:   0%|          | 0/2 [00:00<?, ?it/s]
Loading checkpoint shards: 100%|██████████| 2/2 [00:00<00:00, 67.20it/s]
-- offload-setup-sequential: phys 11.0/68.1GB, commit 61.5/115.3GB (load 16%)
C:\banyan-video\venv\Lib\site-packages\accelerate\utils\modeling.py:345: UserWarning: expandable_segments not supported on this platform (Triggered internally at C:\actions-runner\_work\pytorch\pytorch\pytorch\c10/cuda/CUDAAllocatorConfig.h:39.)
  new_value = old_value.to(device, non_blocking=non_blocking)
conditioning still round-tripped through libx264 crf=33 -> C:\banyan-farm\ep2-b17-nearworld-0812\cond-crf-17.png
-- stage1-denoise-352x640-8steps: phys 11.9/68.1GB, commit 61.9/115.3GB (load 17%)

  0%|          | 0/8 [00:00<?, ?it/s]
 12%|█▎        | 1/8 [01:09<08:09, 69.90s/it]
 25%|██▌       | 2/8 [01:25<03:48, 38.08s/it]
 38%|███▊      | 3/8 [01:35<02:05, 25.05s/it]
 50%|█████     | 4/8 [01:45<01:16, 19.02s/it]
 62%|██████▎   | 5/8 [01:55<00:48, 16.10s/it]
 75%|███████▌  | 6/8 [02:05<00:27, 13.80s/it]
 88%|████████▊ | 7/8 [02:14<00:12, 12.44s/it]
100%|██████████| 8/8 [02:24<00:00, 11.45s/it]
100%|██████████| 8/8 [02:24<00:00, 18.03s/it]
stage1 latents (1, 128, 16, 20, 11)
-- upsample-2x-latent: phys 55.7/68.1GB, commit 64.8/115.3GB (load 81%)
There are modules in LTX2LatentUpsamplerModel that should be kept in float32: []. Casting directly with `to()` can lead to inconsistent results; set `torch_dtype` in `from_pretrained()` instead to keep these modules in float32.
upsampled latents (1, 128, 16, 40, 22)
-- stage2-refine-704x1280-3steps: phys 58.7/68.1GB, commit 67.5/115.3GB (load 86%)

  0%|          | 0/3 [00:00<?, ?it/s]
 33%|███▎      | 1/3 [00:30<01:00, 30.46s/it]
 67%|██████▋   | 2/3 [01:01<00:31, 31.01s/it]
100%|██████████| 3/3 [01:33<00:00, 31.44s/it]
100%|██████████| 3/3 [01:33<00:00, 31.27s/it]
-- decode-and-export: phys 64.2/68.1GB, commit 71.3/115.3GB (load 94%)
[1/1] wrote C:\banyan-farm\ep2-b17-nearworld-0812\17-goodbye-LTX-nearworld-0812.mp4 in 261s (121 frames, 704x1280, 8@352x640+3@704x1280 steps, peak torch 12.0GB, device 3.1/26GB)
THROUGHPUT 0.0193 s(video)/s(wall) (1 x 5.042s of video in 261s)
bench row -> C:\banyan-farm\ep2-b17-nearworld-0812\bench-b17-nearworld.jsonl
{"sample_s": 261.3, "peak_gb": 12.0, "peak_commit_gb": 80.6, "frames": 121, "size": "704x1280", "steps": "8@352x640+3@704x1280", "batch": 1, "mode": "production", "throughput_s_per_s": 0.0193, "two_stage": true, "image_crf": 33, "offload": "sequential", "quantisation": null}
{"peak_commit_gb": 80.6, "peak_phys_gb": 64.5, "last_stage": "decode-and-export"}
==== step render END rc=0 2026-08-12T18:14:59Z ====

==== step publish START 2026-08-12T18:14:59Z ====
argv: ["C:\\banyan-farm\\venv\\Scripts\\python.exe", "-c", "import glob, hashlib, os, shutil\ndst = \"C:/banyan-farm/courier-box/farm-out/ep2-b17-nearworld\"\nos.makedirs(dst, exist_ok=True)\nsrc = sorted(glob.glob(\"C:/banyan-farm/ep2-b17-nearworld-0812/17-goodbye-LTX-nearworld-0812.mp4*\")\n             + glob.glob(\"C:/banyan-farm/ep2-b17-nearworld-0812/b17-init-704x1280.png\")\n             + glob.glob(\"C:/banyan-farm/ep2-b17-nearworld-0812/bench-b17-nearworld.jsonl\"))\nlines = []\nfor f in src:\n    shutil.copy2(f, dst)\n    c = os.path.join(dst, os.path.basename(f))\n    with open(c, \"rb\") as fh:\n        h = hashlib.sha256(fh.read()).hexdigest()\n    lines.append(h + \"  \" + os.path.basename(f))\nwith open(os.path.join(dst, \"ep2-b17-nearworld-0812.sha256\"), \"w\", newline=\"\\n\") as fh:\n    fh.write(\"\\n\".join(lines) + \"\\n\")\nprint(\"published\", len(src), \"file(s) + manifest ->\", dst)\nraise SystemExit(0 if len(src) >= 2 else 1)\n"]
published 4 file(s) + manifest -> C:/banyan-farm/courier-box/farm-out/ep2-b17-nearworld
==== step publish END rc=0 2026-08-12T18:14:59Z ====
#### job ep2-b17-nearworld-0812-1786471128 finished rc=0 2026-08-12T18:14:59Z
