#### job ep2-b03-covermotion-0820-1787181676 attempt 1 start 2026-08-19T23:24:04Z

==== step fetch START 2026-08-19T23:24:04Z ====
argv: ["C:\\banyan-farm\\venv\\Scripts\\python.exe", "C:\\banyan-farm\\ep2-b03-covermotion-0820\\fetch_init.py"]
fetched b03-sapcomp-s20260820.png 1263175 bytes sha 7d3ab86a3f419f0d39c3c8960483008e61da99592dc77b4ff5cbb46cd2471671 OK
fetched 03-bad-cover-sapcomp-mask-0820.png 3624 bytes sha 5bd2074189015a87a52e9872bf16d1a21211a4b22ccab3010bfd78ac1ccf3e6c OK
==== step fetch END rc=0 2026-08-19T23:24:05Z ====

==== step crop START 2026-08-19T23:24:05Z ====
argv: ["C:\\banyan-farm\\venv\\Scripts\\python.exe", "C:\\banyan-farm\\ep2-b03-covermotion-0820\\cover_crop.py", "--src", "C:\\banyan-farm\\courier-box\\farm-out\\ep2-b03-sapcomp-0820\\b03-sapcomp-s20260820.png", "--sha256", "7d3ab86a3f419f0d39c3c8960483008e61da99592dc77b4ff5cbb46cd2471671", "--out", "C:\\banyan-farm\\ep2-b03-covermotion-0820-out\\b03-init-704x1280.png", "--size", "704x1280", "--anchor", "left"]
src 832x1216 sha 7d3ab86a3f419f0d39c3c8960483008e61da99592dc77b4ff5cbb46cd2471671
cover-crop scale=1.0526 -> 876x1280, anchor=left box (0,0)
WROTE C:\banyan-farm\ep2-b03-covermotion-0820-out\b03-init-704x1280.png
==== step crop END rc=0 2026-08-19T23:24:05Z ====

==== step framing START 2026-08-19T23:24:05Z ====
argv: ["C:\\banyan-farm\\venv\\Scripts\\python.exe", "C:\\banyan-farm\\ep2-b03-covermotion-0820\\assert_framing.py", "C:\\banyan-farm\\ep2-b03-covermotion-0820-out\\b03-init-704x1280.png"]
mask bbox x 70..485 y 561..1235 (anchor=left, want x 70..485 y 561..1235)
FRAMING OK -- the composited sapling is wholly inside the cropped init. margins L70 R218 T561 B44
==== step framing END rc=0 2026-08-19T23:24:05Z ====

==== step encode START 2026-08-19T23:24:05Z ====
argv: ["C:\\banyan-video\\venv\\Scripts\\python.exe", "C:\\banyan-farm\\banyan-city\\pipeline\\ltx_i2v.py", "--stage", "encode", "--jobs", "C:\\banyan-farm\\ep2-b03-covermotion-0820\\b03-jobs-encode.json"]
-- begin-encode: phys 10.9/68.1GB, commit 12.7/115.3GB (load 15%)
loading text encoder from C:\Users\artvn\.cache\huggingface\hub\models--Lightricks--gemma-3-12b-it-qat-q4_0-unquantized\snapshots\d62fe4f1995ade703b49a0f3c0d0f161237ef437

Loading weights:   0%|          | 0/1065 [00:00<?, ?it/s]
Loading weights:  26%|██▌       | 272/1065 [00:00<00:00, 2476.94it/s]
Loading weights:  51%|█████     | 540/1065 [00:00<00:00, 2452.19it/s]
Loading weights:  80%|███████▉  | 847/1065 [00:00<00:00, 2608.61it/s]
Loading weights: 100%|██████████| 1065/1065 [00:00<00:00, 2712.66it/s]
-- encode-beat-03: phys 12.0/68.1GB, commit 39.5/115.3GB (load 17%)
[1/1] encoded beat 3 to C:\banyan-farm\ep2-b03-covermotion-0820-out\b03-embeds.pt (1, 1024, 188160)
{"peak_commit_gb": 41.7, "peak_phys_gb": 37.5, "last_stage": "encode-beat-03"}
==== step encode END rc=0 2026-08-19T23:25:38Z ====

==== step render START 2026-08-19T23:25:38Z ====
argv: ["C:\\banyan-video\\venv\\Scripts\\python.exe", "C:\\banyan-farm\\banyan-city\\pipeline\\ltx_i2v.py", "--stage", "render", "--jobs", "C:\\banyan-farm\\ep2-b03-covermotion-0820\\b03-jobs-render.json", "--size", "704x1280", "--frames", "121", "--fps", "24", "--guidance", "2.0", "--distilled-sigmas", "--two-stage", "--image-crf", "10", "--offload", "sequential", "--mode", "production", "--task", "ep2-b03-covermotion-0820", "--worker", "rtx5090", "--bench-jsonl", "C:\\banyan-farm\\ep2-b03-covermotion-0820-out\\bench-b03-covermotion.jsonl", "--bench-label", "ep2-b03-covermotion-0820"]
recipe: offload=sequential quantisation=none (bf16)
-- begin-render: phys 10.9/68.1GB, commit 12.7/115.3GB (load 16%)
transformer  C:\Users\artvn\.cache\huggingface\hub\models--diffusers--LTX-2.3-Distilled-Diffusers\snapshots\432e0d3c2d1769aaa4d295f9243f7062bf6b47ee [subfolder=transformer, bf16]
scheduler    C:\Users\artvn\.cache\huggingface\hub\models--diffusers--LTX-2.3-Distilled-Diffusers\snapshots\432e0d3c2d1769aaa4d295f9243f7062bf6b47ee [subfolder=scheduler, distilled]
other parts  C:\Users\artvn\.cache\huggingface\hub\models--diffusers--LTX-2.3-Diffusers\snapshots\8eee8edcf067e838b843f926ec4d4cc9b2be1aaf
-- load-transformer-bf16-38GB: phys 11.6/68.1GB, commit 14.6/115.3GB (load 17%)

Loading checkpoint shards:   0%|          | 0/8 [00:00<?, ?it/s]
Loading checkpoint shards:  12%|█▎        | 1/8 [00:00<00:00,  9.74it/s]
Loading checkpoint shards:  25%|██▌       | 2/8 [00:00<00:00,  9.71it/s]
Loading checkpoint shards:  50%|█████     | 4/8 [00:00<00:00,  7.71it/s]
Loading checkpoint shards:  75%|███████▌  | 6/8 [00:00<00:00,  8.75it/s]
Loading checkpoint shards: 100%|██████████| 8/8 [00:00<00:00, 11.30it/s]
Loading checkpoint shards: 100%|██████████| 8/8 [00:00<00:00, 10.10it/s]
-- load-connectors-12.7GB-and-vae: phys 11.7/68.1GB, commit 53.0/115.3GB (load 17%)

Loading checkpoint shards:   0%|          | 0/2 [00:00<?, ?it/s]
Loading checkpoint shards: 100%|██████████| 2/2 [00:00<00:00, 69.06it/s]
-- offload-setup-sequential: phys 11.7/68.1GB, commit 62.6/115.3GB (load 17%)
C:\banyan-video\venv\Lib\site-packages\accelerate\utils\modeling.py:345: UserWarning: expandable_segments not supported on this platform (Triggered internally at C:\actions-runner\_work\pytorch\pytorch\pytorch\c10/cuda/CUDAAllocatorConfig.h:39.)
  new_value = old_value.to(device, non_blocking=non_blocking)
conditioning still round-tripped through libx264 crf=10 -> C:\banyan-farm\ep2-b03-covermotion-0820-out\cond-crf-03.png
-- stage1-denoise-352x640-8steps: phys 12.6/68.1GB, commit 62.9/115.3GB (load 18%)

  0%|          | 0/8 [00:00<?, ?it/s]
 12%|█▎        | 1/8 [01:11<08:18, 71.26s/it]
 25%|██▌       | 2/8 [01:25<03:45, 37.51s/it]
 38%|███▊      | 3/8 [01:34<02:04, 24.80s/it]
 50%|█████     | 4/8 [01:46<01:17, 19.48s/it]
 62%|██████▎   | 5/8 [01:56<00:48, 16.05s/it]
 75%|███████▌  | 6/8 [02:06<00:27, 14.00s/it]
 88%|████████▊ | 7/8 [02:15<00:12, 12.58s/it]
100%|██████████| 8/8 [02:25<00:00, 11.66s/it]
100%|██████████| 8/8 [02:25<00:00, 18.18s/it]
stage1 latents (1, 128, 16, 20, 11)
-- upsample-2x-latent: phys 55.0/68.1GB, commit 65.6/115.3GB (load 80%)
There are modules in LTX2LatentUpsamplerModel that should be kept in float32: []. Casting directly with `to()` can lead to inconsistent results; set `torch_dtype` in `from_pretrained()` instead to keep these modules in float32.
upsampled latents (1, 128, 16, 40, 22)
-- stage2-refine-704x1280-3steps: phys 58.0/68.1GB, commit 68.3/115.3GB (load 85%)

  0%|          | 0/3 [00:00<?, ?it/s]
 33%|███▎      | 1/3 [00:30<01:01, 30.57s/it]
 67%|██████▋   | 2/3 [01:04<00:32, 32.52s/it]
100%|██████████| 3/3 [01:35<00:00, 31.84s/it]
100%|██████████| 3/3 [01:35<00:00, 31.83s/it]
-- decode-and-export: phys 64.7/68.1GB, commit 72.5/115.3GB (load 95%)
[1/1] wrote C:\banyan-farm\ep2-b03-covermotion-0820-out\03-bad-cover-LTX-sapcomp-0820.mp4 in 268s (121 frames, 704x1280, 8@352x640+3@704x1280 steps, peak torch 12.0GB, device 3.1/26GB)
THROUGHPUT 0.0188 s(video)/s(wall) (1 x 5.042s of video in 268s)
bench row -> C:\banyan-farm\ep2-b03-covermotion-0820-out\bench-b03-covermotion.jsonl
{"sample_s": 267.6, "peak_gb": 12.0, "peak_commit_gb": 81.7, "frames": 121, "size": "704x1280", "steps": "8@352x640+3@704x1280", "batch": 1, "mode": "production", "throughput_s_per_s": 0.0188, "two_stage": true, "image_crf": 10, "offload": "sequential", "quantisation": null}
{"peak_commit_gb": 81.7, "peak_phys_gb": 65.0, "last_stage": "decode-and-export"}
==== step render END rc=0 2026-08-19T23:30:22Z ====

==== step stamp START 2026-08-19T23:30:22Z ====
argv: ["C:\\banyan-farm\\venv\\Scripts\\python.exe", "C:\\banyan-farm\\ep2-b03-covermotion-0820\\stamp_sidecar.py", "C:\\banyan-farm\\ep2-b03-covermotion-0820-out\\03-bad-cover-LTX-sapcomp-0820.mp4.meta.yaml"]
stamped C:\banyan-farm\ep2-b03-covermotion-0820-out\03-bad-cover-LTX-sapcomp-0820.mp4.meta.yaml
==== step stamp END rc=0 2026-08-19T23:30:22Z ====

==== step publish START 2026-08-19T23:30:22Z ====
argv: ["C:\\banyan-farm\\venv\\Scripts\\python.exe", "-c", "# EVERY FILE IS NAMED IN FULL, not matched by a glob. A glob that misses\n# publishes nothing while returning a code that reads like a render\n# failure, and box_enqueue.output_path_problems refuses a spec whose\n# declared artifacts are never named by any step -- which a wildcard\n# defeats. Missing ONE file is a FAIL of the job. No allow_fail anywhere.\nimport hashlib, os, shutil\nout_dir = \"C:/banyan-farm/ep2-b03-covermotion-0820-out\"\npay_dir = \"C:/banyan-farm/ep2-b03-covermotion-0820\"\ndst = \"C:/banyan-farm/courier-box/farm-out/ep2-b03-covermotion-0820\"\nPAIRS = [\n    (out_dir, \"03-bad-cover-LTX-sapcomp-0820.mp4\"),\n    (out_dir, \"03-bad-cover-LTX-sapcomp-0820.mp4.meta.yaml\"),\n    (out_dir, \"b03-init-704x1280.png\"),\n    (out_dir, \"bench-b03-covermotion.jsonl\"),\n    (pay_dir, \"b03-motion-prompt.txt\"),\n    (pay_dir, \"b03-negative.txt\"),\n]\nos.makedirs(dst, exist_ok=True)\nlines = []\nfor d, name in PAIRS:\n    f = os.path.join(d, name)\n    if not os.path.isfile(f):\n        raise SystemExit(\"!! missing %s -- refusing to call the job clean.\" % f)\n    shutil.copy2(f, dst)\n    with open(os.path.join(dst, name), \"rb\") as fh:\n        lines.append(hashlib.sha256(fh.read()).hexdigest() + \"  \" + name)\nwith open(os.path.join(dst, \"ep2-b03-covermotion-0820.sha256\"), \"w\",\n          newline=\"\\n\") as fh:\n    fh.write(\"\\n\".join(sorted(lines)) + \"\\n\")\nprint(\"published\", len(lines), \"file(s) + manifest ->\", dst)\nraise SystemExit(0 if len(lines) == len(PAIRS) else 1)\n"]
published 6 file(s) + manifest -> C:/banyan-farm/courier-box/farm-out/ep2-b03-covermotion-0820
==== step publish END rc=0 2026-08-19T23:30:22Z ====
#### job ep2-b03-covermotion-0820-1787181676 finished rc=0 2026-08-19T23:30:22Z
