Loading pipeline components...:  71%|███████▏  | 5/7 [00:01<00:00,  2.91it/s]
Loading pipeline components...:  86%|████████▌ | 6/7 [00:05<00:01,  1.21s/it]
Loading pipeline components...: 100%|██████████| 7/7 [00:05<00:00,  1.06it/s]
Loading pipeline components...: 100%|██████████| 7/7 [00:05<00:00,  1.23it/s]
C:\banyan-farm\venv\Lib\site-packages\torch\nn\modules\module.py:1370: UserWarning: expandable_segments not supported on this platform (Triggered internally at C:\actions-runner\_work\pytorch\pytorch\pytorch\c10/cuda/CUDAAllocatorConfig.h:39.)
  return t.to(
MODEL_LOADED cuda/bfloat16 in 9s

  0%|          | 0/40 [00:00<?, ?it/s]
  2%|▎         | 1/40 [00:00<00:33,  1.15it/s]
  5%|▌         | 2/40 [00:01<00:18,  2.08it/s]
  8%|▊         | 3/40 [00:01<00:13,  2.82it/s]
 10%|█         | 4/40 [00:01<00:10,  3.38it/s]
 12%|█▎        | 5/40 [00:01<00:09,  3.64it/s]
 15%|█▌        | 6/40 [00:01<00:08,  3.81it/s]
 18%|█▊        | 7/40 [00:02<00:08,  4.01it/s]
 20%|██        | 8/40 [00:02<00:07,  4.26it/s]
 22%|██▎       | 9/40 [00:02<00:07,  4.32it/s]
 25%|██▌       | 10/40 [00:02<00:06,  4.30it/s]
 28%|██▊       | 11/40 [00:03<00:06,  4.36it/s]
 30%|███       | 12/40 [00:03<00:06,  4.41it/s]
 32%|███▎      | 13/40 [00:03<00:05,  4.54it/s]
 35%|███▌      | 14/40 [00:03<00:05,  4.43it/s]
 38%|███▊      | 15/40 [00:03<00:05,  4.44it/s]
 40%|████      | 16/40 [00:04<00:05,  4.46it/s]
 42%|████▎     | 17/40 [00:04<00:05,  4.49it/s]
 45%|████▌     | 18/40 [00:04<00:04,  4.48it/s]
 48%|████▊     | 19/40 [00:04<00:04,  4.49it/s]
 50%|█████     | 20/40 [00:05<00:04,  4.49it/s]
 52%|█████▎    | 21/40 [00:05<00:04,  4.49it/s]
 55%|█████▌    | 22/40 [00:05<00:03,  4.59it/s]
 57%|█████▊    | 23/40 [00:05<00:03,  4.44it/s]
 60%|██████    | 24/40 [00:05<00:03,  4.48it/s]
 62%|██████▎   | 25/40 [00:06<00:03,  4.48it/s]
 65%|██████▌   | 26/40 [00:06<00:03,  4.59it/s]
 68%|██████▊   | 27/40 [00:06<00:02,  4.48it/s]
 70%|███████   | 28/40 [00:06<00:02,  4.48it/s]
 72%|███████▎  | 29/40 [00:07<00:02,  4.49it/s]
 75%|███████▌  | 30/40 [00:07<00:02,  4.49it/s]
 78%|███████▊  | 31/40 [00:07<00:01,  4.60it/s]
 80%|████████  | 32/40 [00:07<00:01,  4.45it/s]
 82%|████████▎ | 33/40 [00:07<00:01,  4.50it/s]
 85%|████████▌ | 34/40 [00:08<00:01,  4.47it/s]
 88%|████████▊ | 35/40 [00:08<00:01,  4.51it/s]
 90%|█████████ | 36/40 [00:08<00:00,  4.53it/s]
 92%|█████████▎| 37/40 [00:08<00:00,  4.46it/s]
 95%|█████████▌| 38/40 [00:09<00:00,  4.47it/s]
 98%|█████████▊| 39/40 [00:09<00:00,  4.50it/s]
100%|██████████| 40/40 [00:09<00:00,  4.57it/s]
100%|██████████| 40/40 [00:09<00:00,  4.21it/s]
   04-the-footnote-wave1-s0.png seed=20260723 11s  (1/4)

  0%|          | 0/40 [00:00<?, ?it/s]
  2%|▎         | 1/40 [00:00<00:07,  5.23it/s]
  5%|▌         | 2/40 [00:00<00:07,  4.79it/s]
  8%|▊         | 3/40 [00:00<00:07,  4.83it/s]
 10%|█         | 4/40 [00:00<00:07,  4.50it/s]
 12%|█▎        | 5/40 [00:01<00:07,  4.39it/s]
 15%|█▌        | 6/40 [00:01<00:07,  4.49it/s]
 18%|█▊        | 7/40 [00:01<00:07,  4.61it/s]
 20%|██        | 8/40 [00:01<00:06,  4.58it/s]
 22%|██▎       | 9/40 [00:01<00:06,  4.45it/s]
 25%|██▌       | 10/40 [00:02<00:06,  4.46it/s]
 28%|██▊       | 11/40 [00:02<00:06,  4.58it/s]
 30%|███       | 12/40 [00:02<00:06,  4.56it/s]
 32%|███▎      | 13/40 [00:02<00:06,  4.42it/s]
 35%|███▌      | 14/40 [00:03<00:05,  4.49it/s]
 38%|███▊      | 15/40 [00:03<00:05,  4.49it/s]
 40%|████      | 16/40 [00:03<00:05,  4.49it/s]
 42%|████▎     | 17/40 [00:03<00:05,  4.47it/s]
 45%|████▌     | 18/40 [00:03<00:04,  4.50it/s]
 48%|████▊     | 19/40 [00:04<00:04,  4.51it/s]
 50%|█████     | 20/40 [00:04<00:04,  4.44it/s]
 52%|█████▎    | 21/40 [00:04<00:04,  4.53it/s]
 55%|█████▌    | 22/40 [00:04<00:04,  4.43it/s]
 57%|█████▊    | 23/40 [00:05<00:03,  4.45it/s]
 60%|██████    | 24/40 [00:05<00:03,  4.45it/s]
 62%|██████▎   | 25/40 [00:05<00:03,  4.50it/s]
 65%|██████▌   | 26/40 [00:05<00:03,  4.50it/s]
 68%|██████▊   | 27/40 [00:05<00:02,  4.45it/s]
 70%|███████   | 28/40 [00:06<00:02,  4.53it/s]
 72%|███████▎  | 29/40 [00:06<00:02,  4.52it/s]
 75%|███████▌  | 30/40 [00:06<00:02,  4.52it/s]
 78%|███████▊  | 31/40 [00:06<00:01,  4.52it/s]
 80%|████████  | 32/40 [00:07<00:01,  4.42it/s]
 82%|████████▎ | 33/40 [00:07<00:01,  4.54it/s]
 85%|████████▌ | 34/40 [00:07<00:01,  4.54it/s]
 88%|████████▊ | 35/40 [00:07<00:01,  4.52it/s]
 90%|█████████ | 36/40 [00:07<00:00,  4.42it/s]
 92%|█████████▎| 37/40 [00:08<00:00,  4.45it/s]
 95%|█████████▌| 38/40 [00:08<00:00,  4.47it/s]
 98%|█████████▊| 39/40 [00:08<00:00,  4.47it/s]
100%|██████████| 40/40 [00:08<00:00,  4.50it/s]
100%|██████████| 40/40 [00:08<00:00,  4.50it/s]
   04-the-footnote-wave1-s1.png seed=20261723 9s  (2/4)

  0%|          | 0/40 [00:00<?, ?it/s]
  2%|▎         | 1/40 [00:00<00:07,  5.17it/s]
  5%|▌         | 2/40 [00:00<00:07,  4.99it/s]
  8%|▊         | 3/40 [00:00<00:07,  4.76it/s]
 10%|█         | 4/40 [00:00<00:07,  4.51it/s]
 12%|█▎        | 5/40 [00:01<00:07,  4.40it/s]
 15%|█▌        | 6/40 [00:01<00:07,  4.54it/s]
 18%|█▊        | 7/40 [00:01<00:07,  4.53it/s]
 20%|██        | 8/40 [00:01<00:07,  4.51it/s]
 22%|██▎       | 9/40 [00:01<00:07,  4.41it/s]
 25%|██▌       | 10/40 [00:02<00:06,  4.44it/s]
 28%|██▊       | 11/40 [00:02<00:06,  4.56it/s]
 30%|███       | 12/40 [00:02<00:06,  4.55it/s]
 32%|███▎      | 13/40 [00:02<00:06,  4.44it/s]
 35%|███▌      | 14/40 [00:03<00:05,  4.46it/s]
 38%|███▊      | 15/40 [00:03<00:05,  4.47it/s]
 40%|████      | 16/40 [00:03<00:05,  4.49it/s]
 42%|████▎     | 17/40 [00:03<00:05,  4.50it/s]
 45%|████▌     | 18/40 [00:03<00:04,  4.40it/s]
 48%|████▊     | 19/40 [00:04<00:04,  4.44it/s]
 50%|█████     | 20/40 [00:04<00:04,  4.56it/s]
 52%|█████▎    | 21/40 [00:04<00:04,  4.47it/s]
 55%|█████▌    | 22/40 [00:04<00:04,  4.46it/s]
 57%|█████▊    | 23/40 [00:05<00:03,  4.48it/s]
 60%|██████    | 24/40 [00:05<00:03,  4.49it/s]
 62%|██████▎   | 25/40 [00:05<00:03,  4.49it/s]
 65%|██████▌   | 26/40 [00:05<00:03,  4.46it/s]
 68%|██████▊   | 27/40 [00:05<00:02,  4.53it/s]
 70%|███████   | 28/40 [00:06<00:02,  4.52it/s]
 72%|███████▎  | 29/40 [00:06<00:02,  4.52it/s]
 75%|███████▌  | 30/40 [00:06<00:02,  4.52it/s]
 78%|███████▊  | 31/40 [00:06<00:02,  4.42it/s]
 80%|████████  | 32/40 [00:07<00:01,  4.45it/s]
 82%|████████▎ | 33/40 [00:07<00:01,  4.44it/s]
 85%|████████▌ | 34/40 [00:07<00:01,  4.46it/s]
 88%|████████▊ | 35/40 [00:07<00:01,  4.46it/s]
 90%|█████████ | 36/40 [00:08<00:00,  4.45it/s]
 92%|█████████▎| 37/40 [00:08<00:00,  4.46it/s]
 95%|█████████▌| 38/40 [00:08<00:00,  4.57it/s]
 98%|█████████▊| 39/40 [00:08<00:00,  4.46it/s]
100%|██████████| 40/40 [00:08<00:00,  4.47it/s]
100%|██████████| 40/40 [00:08<00:00,  4.49it/s]
   04-the-footnote-wave1-s2.png seed=20262723 9s  (3/4)

  0%|          | 0/40 [00:00<?, ?it/s]
  2%|▎         | 1/40 [00:00<00:08,  4.87it/s]
  5%|▌         | 2/40 [00:00<00:07,  4.76it/s]
  8%|▊         | 3/40 [00:00<00:07,  4.65it/s]
 10%|█         | 4/40 [00:00<00:08,  4.47it/s]
 12%|█▎        | 5/40 [00:01<00:07,  4.49it/s]
 15%|█▌        | 6/40 [00:01<00:07,  4.50it/s]
 18%|█▊        | 7/40 [00:01<00:07,  4.50it/s]
 20%|██        | 8/40 [00:01<00:07,  4.51it/s]
 22%|██▎       | 9/40 [00:01<00:07,  4.41it/s]
 25%|██▌       | 10/40 [00:02<00:06,  4.46it/s]
 28%|██▊       | 11/40 [00:02<00:06,  4.56it/s]
 30%|███       | 12/40 [00:02<00:06,  4.55it/s]
 32%|███▎      | 13/40 [00:02<00:06,  4.42it/s]
 35%|███▌      | 14/40 [00:03<00:05,  4.43it/s]
 38%|███▊      | 15/40 [00:03<00:05,  4.47it/s]
 40%|████      | 16/40 [00:03<00:05,  4.52it/s]
 42%|████▎     | 17/40 [00:03<00:05,  4.52it/s]
 45%|████▌     | 18/40 [00:04<00:04,  4.42it/s]
 48%|████▊     | 19/40 [00:04<00:04,  4.45it/s]
 50%|█████     | 20/40 [00:04<00:04,  4.57it/s]
 52%|█████▎    | 21/40 [00:04<00:04,  4.46it/s]
 55%|█████▌    | 22/40 [00:04<00:04,  4.47it/s]
 57%|█████▊    | 23/40 [00:05<00:03,  4.48it/s]
 60%|██████    | 24/40 [00:05<00:03,  4.44it/s]
 62%|██████▎   | 25/40 [00:05<00:03,  4.51it/s]
 65%|██████▌   | 26/40 [00:05<00:03,  4.51it/s]
 68%|██████▊   | 27/40 [00:06<00:02,  4.41it/s]
 70%|███████   | 28/40 [00:06<00:02,  4.53it/s]
 72%|███████▎  | 29/40 [00:06<00:02,  4.52it/s]
 75%|███████▌  | 30/40 [00:06<00:02,  4.43it/s]
 78%|███████▊  | 31/40 [00:06<00:02,  4.45it/s]
 80%|████████  | 32/40 [00:07<00:01,  4.47it/s]
 82%|████████▎ | 33/40 [00:07<00:01,  4.49it/s]
 85%|████████▌ | 34/40 [00:07<00:01,  4.49it/s]
 88%|████████▊ | 35/40 [00:07<00:01,  4.50it/s]
 90%|█████████ | 36/40 [00:08<00:00,  4.41it/s]
 92%|█████████▎| 37/40 [00:08<00:00,  4.44it/s]
 95%|█████████▌| 38/40 [00:08<00:00,  4.46it/s]
 98%|█████████▊| 39/40 [00:08<00:00,  4.47it/s]
100%|██████████| 40/40 [00:08<00:00,  4.43it/s]
100%|██████████| 40/40 [00:08<00:00,  4.48it/s]
   04-the-footnote-wave1-s3.png seed=20263723 9s  (4/4)

DONE 4 stills — ONE beat. The other fourteen wait on his verdict.
==== step sample END rc=0 2026-08-15T01:31:07Z ====

==== step publish START 2026-08-15T01:31:07Z ====
argv: ["C:\\banyan-farm\\venv\\Scripts\\python.exe", "-c", "import glob, hashlib, os, shutil\ndst = \"C:/banyan-farm/courier-box/farm-out/ep2-goblin-design-d1-0814\"\nos.makedirs(dst, exist_ok=True)\nsrc = sorted(glob.glob(\"C:/banyan-farm/wave-goblin-prep/out-goblin-design-d1/04-the-footnote-wave1-s*.*\"))\nlines = []\nfor f in src:\n    shutil.copy2(f, dst)\n    # Hash the COPY, not the original: what this records has to be the bytes\n    # that get committed, or the manifest attests to the wrong file.\n    c = os.path.join(dst, os.path.basename(f))\n    with open(c, \"rb\") as fh:\n        h = hashlib.sha256(fh.read()).hexdigest()\n    lines.append(h + \"  \" + os.path.basename(f))\n    print(\"   \", os.path.basename(f), h[:16])\nwith open(os.path.join(dst, \"ep2-goblin-design-d1-0814.sha256\"), \"w\", newline=\"\\n\") as fh:\n    fh.write(\"\\n\".join(lines) + \"\\n\")\nprint(\"published\", len(src), \"file(s) + manifest ->\", dst)\nraise SystemExit(0 if len(src) == 8 else 1)\n"]
    04-the-footnote-wave1-s0.png dd73eb20203b0fbe
    04-the-footnote-wave1-s0.yaml e8f350cd31b0b618
    04-the-footnote-wave1-s1.png 389c763783efdb10
    04-the-footnote-wave1-s1.yaml 20c9a597281a77cf
    04-the-footnote-wave1-s2.png 516a3651223e7f03
    04-the-footnote-wave1-s2.yaml 89af96483772abca
    04-the-footnote-wave1-s3.png dacdef097b6a4907
    04-the-footnote-wave1-s3.yaml a8051e924c31d66f
published 8 file(s) + manifest -> C:/banyan-farm/courier-box/farm-out/ep2-goblin-design-d1-0814
==== step publish END rc=0 2026-08-15T01:31:07Z ====
#### job ep2-goblin-design-d1-0814-1786757405 finished rc=0 2026-08-15T01:31:07Z
