#### job ep2-b04-tempo-t2-0820-1787255821 attempt 1 start 2026-08-20T20:03:32Z

==== step crop START 2026-08-20T20:03:32Z ====
argv: ["C:\\banyan-farm\\venv\\Scripts\\python.exe", "C:\\banyan-farm\\ep2-b04-tempo-t2-0820\\cover_crop.py", "--src", "C:\\banyan-farm\\courier-box\\farm-out\\ep2-b04-mac-plate-0819\\04-the-footnote-mac-plate-r1s1.png", "--sha256", "5dd35da532612e5d85c15ef3353068bf1e44675f8ddfc73c316ac2f654d4e350", "--out", "C:\\banyan-farm\\ep2-b04-tempo-t2-0820\\b04-init-704x1280.png", "--size", "704x1280"]
src 832x1216 sha 5dd35da532612e5d85c15ef3353068bf1e44675f8ddfc73c316ac2f654d4e350
cover-crop scale=1.0526 -> 876x1280, centre box (86,0)
WROTE C:\banyan-farm\ep2-b04-tempo-t2-0820\b04-init-704x1280.png
==== step crop END rc=0 2026-08-20T20:03:32Z ====

==== step encode START 2026-08-20T20:03:32Z ====
argv: ["C:\\banyan-video\\venv\\Scripts\\python.exe", "C:\\banyan-farm\\banyan-city\\pipeline\\ltx_i2v.py", "--stage", "encode", "--jobs", "C:\\banyan-farm\\ep2-b04-tempo-t2-0820\\b04-jobs-encode.json"]
-- begin-encode: phys 10.8/68.1GB, commit 12.8/115.3GB (load 15%)
loading text encoder from C:\Users\artvn\.cache\huggingface\hub\models--Lightricks--gemma-3-12b-it-qat-q4_0-unquantized\snapshots\d62fe4f1995ade703b49a0f3c0d0f161237ef437

Loading weights:   0%|          | 0/1065 [00:00<?, ?it/s]
Loading weights:  30%|███       | 324/1065 [00:00<00:00, 2938.14it/s]
Loading weights:  58%|█████▊    | 618/1065 [00:00<00:00, 2777.55it/s]
Loading weights:  84%|████████▍ | 899/1065 [00:00<00:00, 2675.39it/s]
Loading weights: 100%|██████████| 1065/1065 [00:00<00:00, 2820.23it/s]
-- encode-beat-04: phys 12.0/68.1GB, commit 39.6/115.3GB (load 17%)
[1/1] encoded beat 4 to C:\banyan-farm\ep2-b04-tempo-t2-0820\b04-embeds.pt (1, 1024, 188160)
{"peak_commit_gb": 42.1, "peak_phys_gb": 37.8, "last_stage": "encode-beat-04"}
==== step encode END rc=0 2026-08-20T20:05:04Z ====

==== step render START 2026-08-20T20:05:04Z ====
argv: ["C:\\banyan-video\\venv\\Scripts\\python.exe", "C:\\banyan-farm\\banyan-city\\pipeline\\ltx_i2v.py", "--stage", "render", "--jobs", "C:\\banyan-farm\\ep2-b04-tempo-t2-0820\\b04-jobs-render.json", "--size", "704x1280", "--frames", "121", "--fps", "24", "--guidance", "2.0", "--distilled-sigmas", "--two-stage", "--image-crf", "10", "--offload", "sequential", "--mode", "production", "--task", "ep2-b04-tempo-t2-0820", "--worker", "rtx5090", "--bench-jsonl", "C:\\banyan-farm\\ep2-b04-tempo-t2-0820\\bench-ep2-b04-tempo-t2-0820.jsonl", "--bench-label", "ep2-b04-tempo-t2-0820"]
recipe: offload=sequential quantisation=none (bf16)
-- begin-render: phys 10.8/68.1GB, commit 12.8/115.3GB (load 15%)
transformer  C:\Users\artvn\.cache\huggingface\hub\models--diffusers--LTX-2.3-Distilled-Diffusers\snapshots\432e0d3c2d1769aaa4d295f9243f7062bf6b47ee [subfolder=transformer, bf16]
scheduler    C:\Users\artvn\.cache\huggingface\hub\models--diffusers--LTX-2.3-Distilled-Diffusers\snapshots\432e0d3c2d1769aaa4d295f9243f7062bf6b47ee [subfolder=scheduler, distilled]
other parts  C:\Users\artvn\.cache\huggingface\hub\models--diffusers--LTX-2.3-Diffusers\snapshots\8eee8edcf067e838b843f926ec4d4cc9b2be1aaf
-- load-transformer-bf16-38GB: phys 11.6/68.1GB, commit 14.6/115.3GB (load 16%)

Loading checkpoint shards:   0%|          | 0/8 [00:00<?, ?it/s]
Loading checkpoint shards:  12%|█▎        | 1/8 [00:00<00:00,  8.63it/s]
Loading checkpoint shards:  25%|██▌       | 2/8 [00:00<00:00,  9.38it/s]
Loading checkpoint shards:  50%|█████     | 4/8 [00:00<00:00,  8.73it/s]
Loading checkpoint shards: 100%|██████████| 8/8 [00:00<00:00, 16.93it/s]
Loading checkpoint shards: 100%|██████████| 8/8 [00:00<00:00, 14.11it/s]
-- load-connectors-12.7GB-and-vae: phys 11.6/68.1GB, commit 53.0/115.3GB (load 17%)

Loading checkpoint shards:   0%|          | 0/2 [00:00<?, ?it/s]
Loading checkpoint shards: 100%|██████████| 2/2 [00:00<00:00, 68.12it/s]
-- offload-setup-sequential: phys 11.6/68.1GB, commit 62.6/115.3GB (load 17%)
C:\banyan-video\venv\Lib\site-packages\accelerate\utils\modeling.py:345: UserWarning: expandable_segments not supported on this platform (Triggered internally at C:\actions-runner\_work\pytorch\pytorch\pytorch\c10/cuda/CUDAAllocatorConfig.h:39.)
  new_value = old_value.to(device, non_blocking=non_blocking)
conditioning still round-tripped through libx264 crf=10 -> C:\banyan-farm\ep2-b04-tempo-t2-0820\cond-crf-04.png
-- stage1-denoise-352x640-8steps: phys 12.5/68.1GB, commit 63.0/115.3GB (load 18%)

  0%|          | 0/8 [00:00<?, ?it/s]
 12%|█▎        | 1/8 [01:06<07:46, 66.65s/it]
 25%|██▌       | 2/8 [01:21<03:38, 36.40s/it]
 38%|███▊      | 3/8 [01:31<02:01, 24.22s/it]
 50%|█████     | 4/8 [01:42<01:15, 18.84s/it]
 62%|██████▎   | 5/8 [01:52<00:47, 15.83s/it]
 75%|███████▌  | 6/8 [02:02<00:27, 13.66s/it]
 88%|████████▊ | 7/8 [02:11<00:12, 12.26s/it]
100%|██████████| 8/8 [02:20<00:00, 11.29s/it]
100%|██████████| 8/8 [02:20<00:00, 17.59s/it]
stage1 latents (1, 128, 16, 20, 11)
-- upsample-2x-latent: phys 55.1/68.1GB, commit 65.7/115.3GB (load 80%)
There are modules in LTX2LatentUpsamplerModel that should be kept in float32: []. Casting directly with `to()` can lead to inconsistent results; set `torch_dtype` in `from_pretrained()` instead to keep these modules in float32.
upsampled latents (1, 128, 16, 40, 22)
-- stage2-refine-704x1280-3steps: phys 58.1/68.1GB, commit 68.5/115.3GB (load 85%)

  0%|          | 0/3 [00:00<?, ?it/s]
 33%|███▎      | 1/3 [00:31<01:03, 31.98s/it]
 67%|██████▋   | 2/3 [01:04<00:32, 32.09s/it]
100%|██████████| 3/3 [01:35<00:00, 31.90s/it]
100%|██████████| 3/3 [01:35<00:00, 31.94s/it]
-- decode-and-export: phys 64.9/68.1GB, commit 72.8/115.3GB (load 95%)
[1/1] wrote C:\banyan-farm\ep2-b04-tempo-t2-0820\04-the-footnote-LTX-ep2-b04-tempo-t2-0820.mp4 in 262s (121 frames, 704x1280, 8@352x640+3@704x1280 steps, peak torch 12.0GB, device 3.1/26GB)
THROUGHPUT 0.0192 s(video)/s(wall) (1 x 5.042s of video in 262s)
bench row -> C:\banyan-farm\ep2-b04-tempo-t2-0820\bench-ep2-b04-tempo-t2-0820.jsonl
{"sample_s": 262.2, "peak_gb": 12.0, "peak_commit_gb": 82.1, "frames": 121, "size": "704x1280", "steps": "8@352x640+3@704x1280", "batch": 1, "mode": "production", "throughput_s_per_s": 0.0192, "two_stage": true, "image_crf": 10, "offload": "sequential", "quantisation": null}
{"peak_commit_gb": 82.1, "peak_phys_gb": 65.6, "last_stage": "decode-and-export"}
==== step render END rc=0 2026-08-20T20:09:42Z ====

==== step publish START 2026-08-20T20:09:42Z ====
argv: ["C:\\banyan-farm\\venv\\Scripts\\python.exe", "-c", "import glob, hashlib, os, shutil\n# farm-out is NOT gitignored: the runner pushes whatever lands here itself,\n# so a clip that reaches this dir survives without any change to the runner.\ndst = \"C:/banyan-farm/courier-box/farm-out/ep2-b04-tempo-t2-0820\"\nos.makedirs(dst, exist_ok=True)\nsrc = sorted(glob.glob(\"C:/banyan-farm/ep2-b04-tempo-t2-0820/04-the-footnote-LTX-ep2-b04-tempo-t2-0820.mp4*\")\n             + glob.glob(\"C:/banyan-farm/ep2-b04-tempo-t2-0820/b04-init-704x1280.png\")\n             + glob.glob(\"C:/banyan-farm/ep2-b04-tempo-t2-0820/bench-ep2-b04-tempo-t2-0820.jsonl\"))\nlines = []\nfor f in src:\n    shutil.copy2(f, dst)\n    c = os.path.join(dst, os.path.basename(f))\n    with open(c, \"rb\") as fh:\n        h = hashlib.sha256(fh.read()).hexdigest()\n    lines.append(h + \"  \" + os.path.basename(f))\nwith open(os.path.join(dst, \"ep2-b04-tempo-t2-0820.sha256\"), \"w\", newline=\"\\n\") as fh:\n    fh.write(\"\\n\".join(lines) + \"\\n\")\nprint(\"published\", len(src), \"file(s) + manifest ->\", dst)\n# >=2 so a run that wrote the init but no clip cannot pass silently.\nraise SystemExit(0 if len(src) >= 2 else 1)\n"]
published 4 file(s) + manifest -> C:/banyan-farm/courier-box/farm-out/ep2-b04-tempo-t2-0820
==== step publish END rc=0 2026-08-20T20:09:42Z ====
#### job ep2-b04-tempo-t2-0820-1787255821 finished rc=0 2026-08-20T20:09:42Z
