#### job ep2-b08-canon-w4-0821-1787348574 attempt 1 start 2026-08-21T21:45:01Z

==== step stage START 2026-08-21T21:45:01Z ====
argv: ["C:\\banyan-farm\\venv\\Scripts\\python.exe", "-c", "# EVERY INPUT THIS FRAME IS CONDITIONED ON IS FETCHED AND SHA-CHECKED\n# BEFORE A GPU SECOND IS SPENT -- driver, skeleton AND the IP-Adapter\n# reference. Emitted by pipeline/jerry_canon_0821.py.\nimport hashlib, os, urllib.request\nbase = \"https://raw.githubusercontent.com/olegmalk/banyan-city/main/farm-out/jerry-canon-assets-0821/\"\nroot = r\"C:\\banyan-farm\\b08canon-w4-0821\\src\"\nwant = [(\"controlnet_plate.py\", os.path.join(root, \"pipeline\"),\n         \"ece54f687d892d1fb1df17211331919bfcb04faac4fe0ee6aa9b0bb231adcc32\"),\n        (\"jerry-canon-h37f-0821.png\", os.path.join(root, \"pipeline\", \"control\"),\n         \"2b50d9e8076eab57373cafbe506f8f7ce73f6abbec3c65eacffcf877234ec13b\"),\n        (\"jerry-canon-sq45-0821.png\", os.path.join(root, \"pipeline\", \"control\"),\n         \"066e0457d060960e470c4ebc4f9936284b08e64550be8b89b1881dc7c7899a4c\")]\nfor name, dst, sha in want:\n    os.makedirs(dst, exist_ok=True)\n    with urllib.request.urlopen(base + name, timeout=120) as r:\n        blob = r.read()\n    got = hashlib.sha256(blob).hexdigest()\n    if got != sha:\n        print(\"!! %s fetched with sha %s, expected %s\"\n              % (name, got, sha))\n        raise SystemExit(1)\n    with open(os.path.join(dst, name), \"wb\") as fh:\n        fh.write(blob)\n    print(\"staged\", name, got, \"->\", dst)\n"]
staged controlnet_plate.py ece54f687d892d1fb1df17211331919bfcb04faac4fe0ee6aa9b0bb231adcc32 -> C:\banyan-farm\b08canon-w4-0821\src\pipeline
staged jerry-canon-h37f-0821.png 2b50d9e8076eab57373cafbe506f8f7ce73f6abbec3c65eacffcf877234ec13b -> C:\banyan-farm\b08canon-w4-0821\src\pipeline\control
staged jerry-canon-sq45-0821.png 066e0457d060960e470c4ebc4f9936284b08e64550be8b89b1881dc7c7899a4c -> C:\banyan-farm\b08canon-w4-0821\src\pipeline\control
==== step stage END rc=0 2026-08-21T21:45:01Z ====

==== step posehint START 2026-08-21T21:45:01Z ====
argv: ["C:\\banyan-farm\\venv\\Scripts\\python.exe", "C:\\banyan-farm\\b08canon-w4-0821\\src\\pipeline\\controlnet_plate.py", "--root", "C:\\banyan-farm\\b08canon-w4-0821\\src", "--repo-commit", "f57013b31", "--task", "ep2-b08-canon-w4-0821", "--arm", "ipahead", "--controlnet", "xinsir/controlnet-openpose-sdxl-1.0", "--control", "pipeline/control/jerry-canon-h37f-0821.png", "--control-sha256", "2b50d9e8076eab57373cafbe506f8f7ce73f6abbec3c65eacffcf877234ec13b", "--scale", "1.0", "--seed", "20260823", "--ip-ref", "pipeline/control/jerry-canon-sq45-0821.png", "--ip-mask", "154,35,678,480", "--ip-ref-sha256", "066e0457d060960e470c4ebc4f9936284b08e64550be8b89b1881dc7c7899a4c", "--ip-scale", "1.0", "--ip-weight", "ip-adapter-plus-face_sdxl_vit-h.safetensors", "--prompt-file", "C:\\banyan-farm\\b08canon-w4-0821\\prompt.txt", "--negative-file", "C:\\banyan-farm\\b08canon-w4-0821\\negative.txt", "--out", "C:\\banyan-farm\\b08canon-w4-0821\\out"]
  prompt tokens: 62 (limit 77)
  negative tokens: 71 (limit 77)
C:\banyan-farm\venv\Lib\site-packages\diffusers\models\vq_model.py:20: FutureWarning: `VQEncoderOutput` is deprecated and will be removed in version 0.31. Importing `VQEncoderOutput` from `diffusers.models.vq_model` is deprecated and this will be removed in a future version. Please use `from diffusers.models.autoencoders.vq_model import VQEncoderOutput`, instead.
  deprecate("VQEncoderOutput", "0.31", deprecation_message)
C:\banyan-farm\venv\Lib\site-packages\diffusers\models\vq_model.py:25: FutureWarning: `VQModel` is deprecated and will be removed in version 0.31. Importing `VQModel` from `diffusers.models.vq_model` is deprecated and this will be removed in a future version. Please use `from diffusers.models.autoencoders.vq_model import VQModel`, instead.
  deprecate("VQModel", "0.31", deprecation_message)
Couldn't connect to the Hub: Cannot reach https://huggingface.co/api/models/cagliostrolab/animagine-xl-3.1: offline mode is enabled. To disable it, please unset the `HF_HUB_OFFLINE` environment variable..
Will try to load from local cache.

Loading pipeline components...:   0%|          | 0/7 [00:00<?, ?it/s]
Loading pipeline components...:  43%|████▎     | 3/7 [00:01<00:02,  1.87it/s]
Loading pipeline components...:  57%|█████▋    | 4/7 [00:01<00:01,  2.35it/s]
Loading pipeline components...:  86%|████████▌ | 6/7 [00:01<00:00,  4.00it/s]
Loading pipeline components...: 100%|██████████| 7/7 [00:02<00:00,  2.99it/s]
Loading pipeline components...: 100%|██████████| 7/7 [00:02<00:00,  2.78it/s]
C:\banyan-farm\venv\Lib\site-packages\torch\nn\modules\module.py:1370: UserWarning: expandable_segments not supported on this platform (Triggered internally at C:\actions-runner\_work\pytorch\pytorch\pytorch\c10/cuda/CUDAAllocatorConfig.h:39.)
  return t.to(
  ip-adapter: sdxl_models/ip-adapter-plus-face_sdxl_vit-h.safetensors, 1 ref(s), scale [[1.0]], masks [(154, 35, 678, 480)]

  0%|          | 0/40 [00:00<?, ?it/s]
  2%|▎         | 1/40 [00:00<00:20,  1.95it/s]
  5%|▌         | 2/40 [00:00<00:15,  2.45it/s]
  8%|▊         | 3/40 [00:01<00:15,  2.44it/s]
 10%|█         | 4/40 [00:01<00:14,  2.52it/s]
 12%|█▎        | 5/40 [00:02<00:14,  2.42it/s]
 15%|█▌        | 6/40 [00:02<00:13,  2.48it/s]
 18%|█▊        | 7/40 [00:02<00:13,  2.53it/s]
 20%|██        | 8/40 [00:03<00:12,  2.54it/s]
 22%|██▎       | 9/40 [00:03<00:12,  2.58it/s]
 25%|██▌       | 10/40 [00:04<00:11,  2.56it/s]
 28%|██▊       | 11/40 [00:04<00:11,  2.58it/s]
 30%|███       | 12/40 [00:04<00:10,  2.59it/s]
 32%|███▎      | 13/40 [00:05<00:10,  2.58it/s]
 35%|███▌      | 14/40 [00:05<00:10,  2.59it/s]
 38%|███▊      | 15/40 [00:05<00:09,  2.59it/s]
 40%|████      | 16/40 [00:06<00:09,  2.59it/s]
 42%|████▎     | 17/40 [00:06<00:08,  2.60it/s]
 45%|████▌     | 18/40 [00:07<00:08,  2.60it/s]
 48%|████▊     | 19/40 [00:07<00:08,  2.60it/s]
 50%|█████     | 20/40 [00:07<00:07,  2.61it/s]
 52%|█████▎    | 21/40 [00:08<00:07,  2.61it/s]
 55%|█████▌    | 22/40 [00:08<00:06,  2.61it/s]
 57%|█████▊    | 23/40 [00:08<00:06,  2.61it/s]
 60%|██████    | 24/40 [00:09<00:06,  2.61it/s]
 62%|██████▎   | 25/40 [00:09<00:05,  2.61it/s]
 65%|██████▌   | 26/40 [00:10<00:05,  2.60it/s]
 68%|██████▊   | 27/40 [00:10<00:04,  2.61it/s]
 70%|███████   | 28/40 [00:10<00:04,  2.61it/s]
 72%|███████▎  | 29/40 [00:11<00:04,  2.61it/s]
 75%|███████▌  | 30/40 [00:11<00:03,  2.62it/s]
 78%|███████▊  | 31/40 [00:12<00:03,  2.61it/s]
 80%|████████  | 32/40 [00:12<00:03,  2.61it/s]
 82%|████████▎ | 33/40 [00:12<00:02,  2.61it/s]
 85%|████████▌ | 34/40 [00:13<00:02,  2.60it/s]
 88%|████████▊ | 35/40 [00:13<00:01,  2.59it/s]
 90%|█████████ | 36/40 [00:13<00:01,  2.59it/s]
 92%|█████████▎| 37/40 [00:14<00:01,  2.59it/s]
 95%|█████████▌| 38/40 [00:14<00:00,  2.59it/s]
 98%|█████████▊| 39/40 [00:15<00:00,  2.60it/s]
100%|██████████| 40/40 [00:15<00:00,  2.60it/s]
100%|██████████| 40/40 [00:15<00:00,  2.58it/s]
OK ep2-b08-canon-w4-0821-ipahead.png load=7.2s render=16.2s
rc=0
==== step posehint END rc=0 2026-08-21T21:45:29Z ====

==== step publish START 2026-08-21T21:45:29Z ====
argv: ["C:\\banyan-farm\\venv\\Scripts\\python.exe", "-c", "# The courier pushes from farm-out and from nowhere else.\n# The CONDITIONS travel with the frame: a reader scoring whether the\n# adapter carried the EAR needs the ear it was shown.\nimport glob, hashlib, os, shutil\nout_dir = \"C:/banyan-farm/b08canon-w4-0821/out\"\npay_dir = \"C:/banyan-farm/b08canon-w4-0821\"\nctl_dir = \"C:/banyan-farm/b08canon-w4-0821/src/pipeline/control\"\ndst = \"C:/banyan-farm/courier-box/farm-out/ep2-b08-canon-w4-0821\"\nos.makedirs(dst, exist_ok=True)\nfiles = sorted(glob.glob(out_dir + \"/ep2-b08-canon-w4-0821-ipahead.png*\")\n               + glob.glob(pay_dir + \"/prompt.txt\")\n               + glob.glob(pay_dir + \"/negative.txt\")\n               + glob.glob(ctl_dir + \"/jerry-canon-h37f-0821.png\")\n               + glob.glob(ctl_dir + \"/jerry-canon-sq45-0821.png\"))\nlines = []\nfor f in files:\n    shutil.copy2(f, dst)\n    c = os.path.join(dst, os.path.basename(f))\n    with open(c, \"rb\") as fh:\n        h = hashlib.sha256(fh.read()).hexdigest()\n    lines.append(h + \"  \" + os.path.basename(f))\nwith open(os.path.join(dst, \"ep2-b08-canon-w4-0821.sha256\"), \"w\", newline=\"\\n\") as fh:\n    fh.write(\"\\n\".join(sorted(lines)) + \"\\n\")\nprint(\"published\", len(files), \"file(s) + manifest ->\", dst)\nraise SystemExit(0 if len(files) >= 6 else 1)\n"]
published 6 file(s) + manifest -> C:/banyan-farm/courier-box/farm-out/ep2-b08-canon-w4-0821
==== step publish END rc=0 2026-08-21T21:45:29Z ====
#### job ep2-b08-canon-w4-0821-1787348574 finished rc=0 2026-08-21T21:45:29Z
