#### job ep2-b04-goblin-ipa-content-1786354532 attempt 1 start 2026-08-10T09:35:42Z

==== step sample START 2026-08-10T09:35:51Z ====
argv: ["C:\\banyan-farm\\venv\\Scripts\\python.exe", "C:\\banyan-farm\\wave-goblin-prep\\goblin_ipa_sample.py", "--harness", "C:\\banyan-farm\\wave-goblin-prep", "--root", "C:\\banyan-farm\\wave-goblin-prep\\repo", "--refs", "C:\\banyan-farm\\wave-goblin-prep\\out", "--out", "C:\\banyan-farm\\goblin-ipa-0810\\out2", "--arm", "content", "--task", "ep2-b04-goblin-ipa-content-0810"]
C:\banyan-farm\venv\Lib\site-packages\transformers\tokenization_utils_base.py:1601: FutureWarning: `clean_up_tokenization_spaces` was not set. It will be set to `True` by default. This behavior will be depracted in transformers v4.45, and will be then set to `False` by default. For more details check this issue: https://github.com/huggingface/transformers/issues/31884
  warnings.warn(

== beat 04 the-footnote [goblin] — face close-up
   AUTHORED: A small goblin boy, green skin, tusks, solo, his face filling the frame, holding his breath with cheeks puffed and huge eyes darting, enormous ears twitching. Slow push-in, close-up, soft morning light, cinematic lighting, detailed, newest, masterpiece, best quality, very aesthetic No girl, no child. No photorealism, no 3D render look. 9:16 vertical, no text.
   POS: 1boy, a small goblin boy, green skin, tusks, solo, his face filling the frame, holding his breath with cheeks puffed and huge eyes darting, enormous ears twitching. Slow push-in, close-up, soft morning light, cinematic lighting, detailed, newest, masterpiece, best quality, very aesthetic
   NEG(sent): photorealistic, 3d render, abstract, text, watermark, signature, low quality, blurry, extra limbs, deformed, jpeg artifacts, realistic skin texture, girl, child, photorealism, text, female goblin, elf
   positive tokens (real CLIP): 69/77   headroom for the goblin definition: 8
   negative tokens: recipe 50 -> sent 50 (budget 77)
   count tag: '1boy' (draft declares '1boy')
   STYLE ANCHOR PRESENT: True
   'text' negated: True
   scale negatives: False   'tall tree' removed: 0
   person singulars in negative: ['girl', 'child']

ONE SAMPLE — beat 04 the-footnote, consistency mechanism, $0
   mechanism: IP-Adapter Plus, arm=content, 4 cells x 4 seeds = 16 frames
   seeds (identical to wave-1): [20260723, 20261723, 20262723, 20263723]
   prompt tokens: 69 (mechanism adds 0)
   task: ep2-b04-goblin-ipa-content-0810
   sampler sha256: b560c112f971bc0ab19fb12eed229b2d85cf9b88a8e89d91b82be1b80e20da57

Loading pipeline components...:   0%|          | 0/7 [00:00<?, ?it/s]
Loading pipeline components...:  29%|██▊       | 2/7 [00:01<00:04,  1.12it/s]
Loading pipeline components...:  43%|████▎     | 3/7 [00:01<00:02,  1.67it/s]
Loading pipeline components...:  86%|████████▌ | 6/7 [00:02<00:00,  2.75it/s]
Loading pipeline components...: 100%|██████████| 7/7 [00:02<00:00,  2.57it/s]
C:\banyan-farm\venv\Lib\site-packages\torch\nn\modules\module.py:1370: UserWarning: expandable_segments not supported on this platform (Triggered internally at C:\actions-runner\_work\pytorch\pytorch\pytorch\c10/cuda/CUDAAllocatorConfig.h:39.)
  return t.to(
MODEL_LOADED cuda/bfloat16 + IP-Adapter Plus in 8s

  0%|          | 0/40 [00:00<?, ?it/s]
  2%|▎         | 1/40 [00:00<00:19,  2.05it/s]
  5%|▌         | 2/40 [00:00<00:12,  3.10it/s]
  8%|▊         | 3/40 [00:00<00:09,  3.71it/s]
 10%|█         | 4/40 [00:01<00:09,  3.98it/s]
 12%|█▎        | 5/40 [00:01<00:08,  3.97it/s]
 15%|█▌        | 6/40 [00:01<00:08,  4.13it/s]
 18%|█▊        | 7/40 [00:01<00:07,  4.34it/s]
 20%|██        | 8/40 [00:02<00:07,  4.39it/s]
 22%|██▎       | 9/40 [00:02<00:07,  4.43it/s]
 25%|██▌       | 10/40 [00:02<00:06,  4.36it/s]
 28%|██▊       | 11/40 [00:02<00:06,  4.40it/s]
 30%|███       | 12/40 [00:02<00:06,  4.53it/s]
 32%|███▎      | 13/40 [00:03<00:06,  4.45it/s]
 35%|███▌      | 14/40 [00:03<00:05,  4.46it/s]
 38%|███▊      | 15/40 [00:03<00:05,  4.47it/s]
 40%|████      | 16/40 [00:03<00:05,  4.49it/s]
 42%|████▎     | 17/40 [00:04<00:05,  4.50it/s]
 45%|████▌     | 18/40 [00:04<00:04,  4.41it/s]
 48%|████▊     | 19/40 [00:04<00:04,  4.44it/s]
 50%|█████     | 20/40 [00:04<00:04,  4.47it/s]
 52%|█████▎    | 21/40 [00:04<00:04,  4.48it/s]
 55%|█████▌    | 22/40 [00:05<00:04,  4.49it/s]
 57%|█████▊    | 23/40 [00:05<00:03,  4.50it/s]
 60%|██████    | 24/40 [00:05<00:03,  4.41it/s]
 62%|██████▎   | 25/40 [00:05<00:03,  4.54it/s]
 65%|██████▌   | 26/40 [00:06<00:03,  4.54it/s]
 68%|██████▊   | 27/40 [00:06<00:02,  4.43it/s]
 70%|███████   | 28/40 [00:06<00:02,  4.45it/s]
 72%|███████▎  | 29/40 [00:06<00:02,  4.47it/s]
 75%|███████▌  | 30/40 [00:06<00:02,  4.48it/s]
 78%|███████▊  | 31/40 [00:07<00:02,  4.49it/s]
 80%|████████  | 32/40 [00:07<00:01,  4.41it/s]
 82%|████████▎ | 33/40 [00:07<00:01,  4.44it/s]
 85%|████████▌ | 34/40 [00:07<00:01,  4.46it/s]
 88%|████████▊ | 35/40 [00:08<00:01,  4.48it/s]
 90%|█████████ | 36/40 [00:08<00:00,  4.49it/s]
 92%|█████████▎| 37/40 [00:08<00:00,  4.43it/s]
 95%|█████████▌| 38/40 [00:08<00:00,  4.53it/s]
 98%|█████████▊| 39/40 [00:08<00:00,  4.44it/s]
100%|██████████| 40/40 [00:09<00:00,  4.45it/s]
100%|██████████| 40/40 [00:09<00:00,  4.35it/s]
Traceback (most recent call last):
  File "C:\banyan-farm\wave-goblin-prep\goblin_ipa_sample.py", line 309, in <module>
    sys.exit(main())
             ^^^^^^
  File "C:\banyan-farm\wave-goblin-prep\goblin_ipa_sample.py", line 300, in main
    print(f"   {f.name} seed={seed} {secs:.0f}s  ({n}/{len(CELLS) * 4})",
                                                           ^^^^^
NameError: name 'CELLS' is not defined
==== step sample END rc=1 2026-08-10T09:36:12Z ====
#### job ep2-b04-goblin-ipa-content-1786354532 finished rc=1 2026-08-10T09:36:12Z
