#### job ep2-b13-lowerbody-oneknee-0822-1787411184 attempt 1 start 2026-08-22T15:06:31Z

==== step fetch START 2026-08-22T15:06:31Z ====
argv: ["C:\\banyan-farm\\venv\\Scripts\\python.exe", "C:\\banyan-farm\\b13lowerbodyoneknee-0822\\fetch_init.py"]
fetched jerry-seat-init-0822.png 808705 bytes sha 67ad5c8ba2082496780cdadbe93883835ae9df6e147b0663d9aafefb5e1323c9 OK
fetched jerry-seat-mask-0822.png 1724 bytes sha 81357e39419054bd594f631e1de6f2c3f77de44b3239a0cb2acc2dc7b873919b OK
fetched jerry-oneknee-hint-0822.png 9268 bytes sha 659f9f46eda2d2411f0c27d87854fe866705fc503fac9e7551cf4891d87973a9 OK
==== step fetch END rc=0 2026-08-22T15:06:32Z ====

==== step dry START 2026-08-22T15:06:32Z ====
argv: ["C:\\banyan-farm\\venv\\Scripts\\python.exe", "C:\\banyan-farm\\b13lowerbodyoneknee-0822\\inpaint_fruit.py", "--init", "C:\\banyan-farm\\b13lowerbodyoneknee-0822\\jerry-seat-init-0822.png", "--init-sha256", "67ad5c8ba2082496780cdadbe93883835ae9df6e147b0663d9aafefb5e1323c9", "--mask-png", "C:\\banyan-farm\\b13lowerbodyoneknee-0822\\jerry-seat-mask-0822.png", "--prompt-file", "C:\\banyan-farm\\b13lowerbodyoneknee-0822\\prompt.txt", "--negative-file", "C:\\banyan-farm\\b13lowerbodyoneknee-0822\\negative.txt", "--out", "C:\\banyan-farm\\b13lowerbodyoneknee-0822\\b13-lowerbody-oneknee-DRY.png", "--steps", "40", "--cfg", "7.5", "--strength", "0.95", "--pad-crop", "0", "--blur", "8", "--seed", "20260823", "--note", "THE GENERALISATION GATE. Round two proved the masked lower-body route on ONE skeleton -- a seat. The v3 stance set needs four to six distinct poses, so whether the route makes A POSE or makes THE SEAT is the gate on the whole set, and this cell is that question. The ONE variable is the hint: jerry-seat-hint-0822.png -> jerry-kneel-hint-0822.png, knees DOWN and forward instead of up and out, shins folded back and splayed. THE PROMPT IS NOT TOUCHED and still says `seated`, deliberately: that points the two conditioning channels at each other and reads off which one carries the geometry. Everything else byte-identical to round two -- same init sha 67ad5c8b, same mask sha 81357e39, same net, scale 1.0, --pad-crop 0, 40 steps, cfg 7.5, strength 0.95, seed 20260823, no LoRA. WHAT TO CHECK ON THE DRY PNG: white starts at row 890 and nowhere above it, full width -- byte-identical to rounds one, two and three.", "--dry-run", "--controlnet", "xinsir/controlnet-openpose-sdxl-1.0", "--control", "C:\\banyan-farm\\b13lowerbodyoneknee-0822\\jerry-oneknee-hint-0822.png", "--control-sha256", "659f9f46eda2d2411f0c27d87854fe866705fc503fac9e7551cf4891d87973a9", "--scale", "1.0"]
HINT MAGNIFICATION 1.000x (ceiling 1.05) -- the hint reaches the net at the scale it was authored
DRY RUN -- no model loaded, nothing rendered.
init_sha256 OK 67ad5c8ba2082496780cdadbe93883835ae9df6e147b0663d9aafefb5e1323c9
mask png corners=- bbox=[0, 890, 831, 1215]  0.9988 x 0.2673 of 832x1216
hint 1 jerry-oneknee-hint-0822.png scale 1.0 sha 659f9f46eda2d241 -- 832x1216, MATCHES the init
pad_crop region (vendored get_crop_region on the blurred mask) = None -- diffusers applies THIS SAME box to the init, the mask and every hint
WROTE C:\banyan-farm\b13lowerbodyoneknee-0822\b13-lowerbody-oneknee-DRY-mask.png
rc=0 dry_run=1
==== step dry END rc=0 2026-08-22T15:06:32Z ====

==== step s20260823 START 2026-08-22T15:06:32Z ====
argv: ["C:\\banyan-farm\\venv\\Scripts\\python.exe", "C:\\banyan-farm\\b13lowerbodyoneknee-0822\\inpaint_fruit.py", "--init", "C:\\banyan-farm\\b13lowerbodyoneknee-0822\\jerry-seat-init-0822.png", "--init-sha256", "67ad5c8ba2082496780cdadbe93883835ae9df6e147b0663d9aafefb5e1323c9", "--mask-png", "C:\\banyan-farm\\b13lowerbodyoneknee-0822\\jerry-seat-mask-0822.png", "--prompt-file", "C:\\banyan-farm\\b13lowerbodyoneknee-0822\\prompt.txt", "--negative-file", "C:\\banyan-farm\\b13lowerbodyoneknee-0822\\negative.txt", "--out", "C:\\banyan-farm\\b13lowerbodyoneknee-0822\\b13-lowerbody-oneknee-s20260823.png", "--steps", "40", "--cfg", "7.5", "--strength", "0.95", "--pad-crop", "0", "--blur", "8", "--seed", "20260823", "--note", "THE GENERALISATION GATE. Round two proved the masked lower-body route on ONE skeleton -- a seat. The v3 stance set needs four to six distinct poses, so whether the route makes A POSE or makes THE SEAT is the gate on the whole set, and this cell is that question. The ONE variable is the hint: jerry-seat-hint-0822.png -> jerry-kneel-hint-0822.png, knees DOWN and forward instead of up and out, shins folded back and splayed. THE PROMPT IS NOT TOUCHED and still says `seated`, deliberately: that points the two conditioning channels at each other and reads off which one carries the geometry. Everything else byte-identical to round two -- same init sha 67ad5c8b, same mask sha 81357e39, same net, scale 1.0, --pad-crop 0, 40 steps, cfg 7.5, strength 0.95, seed 20260823, no LoRA. WHAT TO CHECK ON THE DRY PNG: white starts at row 890 and nowhere above it, full width -- byte-identical to rounds one, two and three.", "--controlnet", "xinsir/controlnet-openpose-sdxl-1.0", "--control", "C:\\banyan-farm\\b13lowerbodyoneknee-0822\\jerry-oneknee-hint-0822.png", "--control-sha256", "659f9f46eda2d2411f0c27d87854fe866705fc503fac9e7551cf4891d87973a9", "--scale", "1.0"]
HINT MAGNIFICATION 1.000x (ceiling 1.05) -- the hint reaches the net at the scale it was authored

Loading pipeline components...:   0%|          | 0/7 [00:00<?, ?it/s]
Loading pipeline components...:  29%|██▊       | 2/7 [00:01<00:04,  1.15it/s]
Loading pipeline components...:  43%|████▎     | 3/7 [00:01<00:02,  1.71it/s]
Loading pipeline components...: 100%|██████████| 7/7 [00:02<00:00,  3.62it/s]
Loading pipeline components...: 100%|██████████| 7/7 [00:02<00:00,  2.79it/s]
C:\banyan-farm\venv\Lib\site-packages\torch\nn\modules\module.py:1370: UserWarning: expandable_segments not supported on this platform (Triggered internally at C:\actions-runner\_work\pytorch\pytorch\pytorch\c10/cuda/CUDAAllocatorConfig.h:39.)
  return t.to(
MODEL_LOADED cagliostrolab/animagine-xl-3.1 cuda/bfloat16 unet.in_channels=4 in 6s
C:\banyan-farm\venv\Lib\site-packages\diffusers\models\vq_model.py:20: FutureWarning: `VQEncoderOutput` is deprecated and will be removed in version 0.31. Importing `VQEncoderOutput` from `diffusers.models.vq_model` is deprecated and this will be removed in a future version. Please use `from diffusers.models.autoencoders.vq_model import VQEncoderOutput`, instead.
  deprecate("VQEncoderOutput", "0.31", deprecation_message)
C:\banyan-farm\venv\Lib\site-packages\diffusers\models\vq_model.py:25: FutureWarning: `VQModel` is deprecated and will be removed in version 0.31. Importing `VQModel` from `diffusers.models.vq_model` is deprecated and this will be removed in a future version. Please use `from diffusers.models.autoencoders.vq_model import VQModel`, instead.
  deprecate("VQModel", "0.31", deprecation_message)
PIPELINE StableDiffusionXLControlNetInpaintPipeline, 1 net(s), scales 1.0

  0%|          | 0/38 [00:00<?, ?it/s]
  3%|▎         | 1/38 [00:00<00:12,  2.99it/s]
  5%|▌         | 2/38 [00:00<00:11,  3.09it/s]
  8%|▊         | 3/38 [00:01<00:11,  2.96it/s]
 11%|█         | 4/38 [00:01<00:11,  3.07it/s]
 13%|█▎        | 5/38 [00:01<00:10,  3.09it/s]
 16%|█▌        | 6/38 [00:01<00:10,  3.07it/s]
 18%|█▊        | 7/38 [00:02<00:10,  3.08it/s]
 21%|██        | 8/38 [00:02<00:09,  3.12it/s]
 24%|██▎       | 9/38 [00:02<00:09,  3.04it/s]
 26%|██▋       | 10/38 [00:03<00:09,  3.07it/s]
 29%|██▉       | 11/38 [00:03<00:08,  3.10it/s]
 32%|███▏      | 12/38 [00:03<00:08,  3.06it/s]
 34%|███▍      | 13/38 [00:04<00:08,  3.10it/s]
 37%|███▋      | 14/38 [00:04<00:07,  3.08it/s]
 39%|███▉      | 15/38 [00:04<00:07,  3.09it/s]
 42%|████▏     | 16/38 [00:05<00:07,  3.11it/s]
 45%|████▍     | 17/38 [00:05<00:06,  3.07it/s]
 47%|████▋     | 18/38 [00:05<00:06,  3.06it/s]
 50%|█████     | 19/38 [00:06<00:06,  3.09it/s]
 53%|█████▎    | 20/38 [00:06<00:05,  3.11it/s]
 55%|█████▌    | 21/38 [00:06<00:05,  3.08it/s]
 58%|█████▊    | 22/38 [00:07<00:05,  3.06it/s]
 61%|██████    | 23/38 [00:07<00:04,  3.09it/s]
 63%|██████▎   | 24/38 [00:07<00:04,  3.06it/s]
 66%|██████▌   | 25/38 [00:08<00:04,  3.09it/s]
 68%|██████▊   | 26/38 [00:08<00:03,  3.08it/s]
 71%|███████   | 27/38 [00:08<00:03,  3.07it/s]
 74%|███████▎  | 28/38 [00:09<00:03,  3.12it/s]
 76%|███████▋  | 29/38 [00:09<00:02,  3.08it/s]
 79%|███████▉  | 30/38 [00:09<00:02,  3.06it/s]
 82%|████████▏ | 31/38 [00:10<00:02,  3.09it/s]
 84%|████████▍ | 32/38 [00:10<00:01,  3.11it/s]
 87%|████████▋ | 33/38 [00:10<00:01,  3.06it/s]
 89%|████████▉ | 34/38 [00:11<00:01,  3.07it/s]
 92%|█████████▏| 35/38 [00:11<00:00,  3.07it/s]
 95%|█████████▍| 36/38 [00:11<00:00,  3.08it/s]
 97%|█████████▋| 37/38 [00:12<00:00,  3.10it/s]
100%|██████████| 38/38 [00:12<00:00,  3.42it/s]
100%|██████████| 38/38 [00:12<00:00,  3.11it/s]
WROTE C:\banyan-farm\b13lowerbodyoneknee-0822\b13-lowerbody-oneknee-s20260823.png
WROTE C:\banyan-farm\b13lowerbodyoneknee-0822\b13-lowerbody-oneknee-s20260823-mask.png
WROTE C:\banyan-farm\b13lowerbodyoneknee-0822\b13-lowerbody-oneknee-s20260823.png.meta.yaml
rc=0 render_s=13.4
==== step s20260823 END rc=0 2026-08-22T15:06:57Z ====

==== step publish START 2026-08-22T15:06:57Z ====
argv: ["C:\\banyan-farm\\venv\\Scripts\\python.exe", "-c", "# EVERY FILE IS NAMED IN FULL, not matched by a glob. A glob that misses\n# publishes nothing while returning a code that reads like a render failure,\n# and box_enqueue.output_path_problems refuses a spec whose declared artifacts\n# are never named by any step -- which a wildcard defeats. Missing ONE file is\n# a FAIL of the job. No allow_fail anywhere in this spec.\nimport hashlib, os, shutil\nfrom_dir = \"C:/banyan-farm/b13lowerbodyoneknee-0822\"\ndst = \"C:/banyan-farm/courier-box/farm-out/ep2-b13-lowerbody-oneknee-0822\"\nNAMES = [\n    \"b13-lowerbody-oneknee-s20260823.png\",\n    \"b13-lowerbody-oneknee-s20260823-mask.png\",\n    \"b13-lowerbody-oneknee-s20260823.png.meta.yaml\",\n    \"jerry-seat-init-0822.png\",\n    \"jerry-seat-mask-0822.png\",\n    \"jerry-oneknee-hint-0822.png\",\n    \"prompt.txt\",\n    \"negative.txt\",\n]\nos.makedirs(dst, exist_ok=True)\nlines = []\nfor name in NAMES:\n    f = os.path.join(from_dir, name)\n    if not os.path.isfile(f):\n        raise SystemExit(\"!! missing %s -- refusing to call the job clean.\" % f)\n    shutil.copy2(f, dst)\n    with open(os.path.join(dst, name), \"rb\") as fh:\n        h = hashlib.sha256(fh.read()).hexdigest()\n    lines.append(h + \"  \" + name)\nwith open(os.path.join(dst, \"ep2-b13-lowerbody-oneknee-0822.sha256\"), \"w\",\n          newline=\"\\n\") as fh:\n    fh.write(\"\\n\".join(sorted(lines)) + \"\\n\")\nprint(\"published\", len(lines), \"file(s) + manifest ->\", dst)\nraise SystemExit(0 if len(lines) == len(NAMES) else 1)\n"]
published 8 file(s) + manifest -> C:/banyan-farm/courier-box/farm-out/ep2-b13-lowerbody-oneknee-0822
==== step publish END rc=0 2026-08-22T15:06:57Z ====
#### job ep2-b13-lowerbody-oneknee-0822-1787411184 finished rc=0 2026-08-22T15:06:57Z
