#### job ep2-b12-sapnat3-0822-1787369759 attempt 1 start 2026-08-22T03:36:12Z

==== step fetch START 2026-08-22T03:36:12Z ====
argv: ["C:\\banyan-farm\\venv\\Scripts\\python.exe", "C:\\banyan-farm\\b12sapnat3-0822\\fetch_init.py"]
fetched b12-sapnat3-in-0822.png 608090 bytes sha 2333d9174dc4c058f54e26496821353a035f1a45f6c006a452443e1afde51a7d OK
fetched b12-sapnat3-in-mask-0822.png 7989 bytes sha 3f46ee698fbde9d9461f51e98a7a955d5994894eaf1ab87b9bc05f153ca720bc OK
==== step fetch END rc=0 2026-08-22T03:36:14Z ====

==== step dry START 2026-08-22T03:36:14Z ====
argv: ["C:\\banyan-farm\\venv\\Scripts\\python.exe", "C:\\banyan-farm\\b12sapnat3-0822\\inpaint_fruit.py", "--init", "C:\\banyan-farm\\b12sapnat3-0822\\b12-sapnat3-in-0822.png", "--init-sha256", "2333d9174dc4c058f54e26496821353a035f1a45f6c006a452443e1afde51a7d", "--mask-png", "C:\\banyan-farm\\b12sapnat3-0822\\b12-sapnat3-in-mask-0822.png", "--prompt-file", "C:\\banyan-farm\\b12sapnat3-0822\\prompt.txt", "--negative-file", "C:\\banyan-farm\\b12sapnat3-0822\\negative.txt", "--out", "C:\\banyan-farm\\b12sapnat3-0822\\b12-sapnat2-DRY.png", "--steps", "40", "--cfg", "7.5", "--strength", "0.30", "--pad-crop", "64", "--blur", "8", "--seed", "20260820", "--note", "ATTACHED TO BOTH THE DRY STEP AND THE RENDER STEP, and true of each. ON THE DRY STEP it is a MASK GEOMETRY CHECK: it writes the mask and exits BEFORE a model is loaded, so a wrong mask costs seconds instead of a GPU fire. WHAT TO CHECK on beat 12: (1) one connected blob shaped like a stem with two leaves plus the region the OLD plant was erased out of -- this mask is deliberately larger than the b16 rung's because it has to cover the hole as well as the drawing; (2) it does not reach the top of the frame; (3) THERE IS NO PERSON IN THIS PLATE and the negative bans one, so a figure appearing inside the mask is a hard fail and not a curiosity. ON THE RENDER STEP: one pass, one seed. 0.30 runs 12 of 40 steps from a latent that still holds the drawn structure, so the layout steps never run and the pass FINISHES the shape rather than inventing one.", "--dry-run"]
DRY RUN -- no model loaded, nothing rendered.
init_sha256 OK 2333d9174dc4c058f54e26496821353a035f1a45f6c006a452443e1afde51a7d
mask png corners=- bbox=[0, 323, 703, 1022]  0.9986 x 0.5461 of 704x1280
WROTE C:\banyan-farm\b12sapnat3-0822\b12-sapnat2-DRY-mask.png
rc=0 dry_run=1
==== step dry END rc=0 2026-08-22T03:36:14Z ====

==== step s20260820 START 2026-08-22T03:36:14Z ====
argv: ["C:\\banyan-farm\\venv\\Scripts\\python.exe", "C:\\banyan-farm\\b12sapnat3-0822\\inpaint_fruit.py", "--init", "C:\\banyan-farm\\b12sapnat3-0822\\b12-sapnat3-in-0822.png", "--init-sha256", "2333d9174dc4c058f54e26496821353a035f1a45f6c006a452443e1afde51a7d", "--mask-png", "C:\\banyan-farm\\b12sapnat3-0822\\b12-sapnat3-in-mask-0822.png", "--prompt-file", "C:\\banyan-farm\\b12sapnat3-0822\\prompt.txt", "--negative-file", "C:\\banyan-farm\\b12sapnat3-0822\\negative.txt", "--out", "C:\\banyan-farm\\b12sapnat3-0822\\b12-sapnat3-s20260820.png", "--steps", "40", "--cfg", "7.5", "--strength", "0.30", "--pad-crop", "64", "--blur", "8", "--seed", "20260820", "--note", "ATTACHED TO BOTH THE DRY STEP AND THE RENDER STEP, and true of each. ON THE DRY STEP it is a MASK GEOMETRY CHECK: it writes the mask and exits BEFORE a model is loaded, so a wrong mask costs seconds instead of a GPU fire. WHAT TO CHECK on beat 12: (1) one connected blob shaped like a stem with two leaves plus the region the OLD plant was erased out of -- this mask is deliberately larger than the b16 rung's because it has to cover the hole as well as the drawing; (2) it does not reach the top of the frame; (3) THERE IS NO PERSON IN THIS PLATE and the negative bans one, so a figure appearing inside the mask is a hard fail and not a curiosity. ON THE RENDER STEP: one pass, one seed. 0.30 runs 12 of 40 steps from a latent that still holds the drawn structure, so the layout steps never run and the pass FINISHES the shape rather than inventing one."]

Loading pipeline components...:   0%|          | 0/7 [00:00<?, ?it/s]
Loading pipeline components...:  29%|██▊       | 2/7 [00:00<00:01,  3.52it/s]
Loading pipeline components...:  57%|█████▋    | 4/7 [00:02<00:01,  1.60it/s]
Loading pipeline components...: 100%|██████████| 7/7 [00:02<00:00,  3.14it/s]
Loading pipeline components...: 100%|██████████| 7/7 [00:02<00:00,  2.78it/s]
C:\banyan-farm\venv\Lib\site-packages\torch\nn\modules\module.py:1370: UserWarning: expandable_segments not supported on this platform (Triggered internally at C:\actions-runner\_work\pytorch\pytorch\pytorch\c10/cuda/CUDAAllocatorConfig.h:39.)
  return t.to(
MODEL_LOADED cagliostrolab/animagine-xl-3.1 cuda/bfloat16 unet.in_channels=4 in 5s
WROTE C:\banyan-farm\b12sapnat3-0822\b12-sapnat3-s20260820.png
WROTE C:\banyan-farm\b12sapnat3-0822\b12-sapnat3-s20260820-mask.png
WROTE C:\banyan-farm\b12sapnat3-0822\b12-sapnat3-s20260820.png.meta.yaml
rc=0 render_s=3.5
==== step s20260820 END rc=0 2026-08-22T03:36:25Z ====

==== step publish START 2026-08-22T03:36:25Z ====
argv: ["C:\\banyan-farm\\venv\\Scripts\\python.exe", "-c", "# EVERY FILE IS NAMED IN FULL, not matched by a glob. A glob that misses\n# publishes nothing while returning a code that reads like a render failure,\n# and box_enqueue.output_path_problems refuses a spec whose declared artifacts\n# are never named by any step -- which a wildcard defeats. Missing ONE file is\n# a FAIL of the job. No allow_fail anywhere in this spec.\nimport hashlib, os, shutil\nfrom_dir = \"C:/banyan-farm/b12sapnat3-0822\"\ndst = \"C:/banyan-farm/courier-box/farm-out/ep2-b12-sapnat3-0822\"\nNAMES = [\n    \"b12-sapnat3-s20260820.png\",\n    \"b12-sapnat3-s20260820-mask.png\",\n    \"b12-sapnat3-s20260820.png.meta.yaml\",\n    \"b12-sapnat3-in-0822.png\",\n    \"b12-sapnat3-in-mask-0822.png\",\n    \"prompt.txt\",\n    \"negative.txt\",\n]\nos.makedirs(dst, exist_ok=True)\nlines = []\nfor name in NAMES:\n    f = os.path.join(from_dir, name)\n    if not os.path.isfile(f):\n        raise SystemExit(\"!! missing %s -- refusing to call the job clean.\" % f)\n    shutil.copy2(f, dst)\n    with open(os.path.join(dst, name), \"rb\") as fh:\n        h = hashlib.sha256(fh.read()).hexdigest()\n    lines.append(h + \"  \" + name)\nwith open(os.path.join(dst, \"ep2-b12-sapnat3-0822.sha256\"), \"w\",\n          newline=\"\\n\") as fh:\n    fh.write(\"\\n\".join(sorted(lines)) + \"\\n\")\nprint(\"published\", len(lines), \"file(s) + manifest ->\", dst)\nraise SystemExit(0 if len(lines) == len(NAMES) else 1)\n"]
published 7 file(s) + manifest -> C:/banyan-farm/courier-box/farm-out/ep2-b12-sapnat3-0822
==== step publish END rc=0 2026-08-22T03:36:25Z ====
#### job ep2-b12-sapnat3-0822-1787369759 finished rc=0 2026-08-22T03:36:25Z
