#### job ep2-b20-place-0812-1786473623 attempt 1 start 2026-08-12T19:07:19Z

==== step crop START 2026-08-12T19:07:22Z ====
argv: ["C:\\banyan-farm\\venv\\Scripts\\python.exe", "C:\\banyan-farm\\ep2-b20-place-0812\\cover_crop.py", "--src", "C:\\banyan-farm\\goblin-ipa-0812\\out-b20-frozen\\20-evidence-ipa-r0-w015-s1.png", "--sha256", "9e29f0faa823a2cc140655f8a4f8449751074a548a71208a48d304d27083acc8", "--out", "C:\\banyan-farm\\ep2-b20-place-0812\\b20-init-704x1280.png", "--size", "704x1280"]
src 832x1216 sha 9e29f0faa823a2cc140655f8a4f8449751074a548a71208a48d304d27083acc8
cover-crop scale=1.0526 -> 876x1280, centre box (86,0)
WROTE C:\banyan-farm\ep2-b20-place-0812\b20-init-704x1280.png
==== step crop END rc=0 2026-08-12T19:07:22Z ====

==== step encode START 2026-08-12T19:07:22Z ====
argv: ["C:\\banyan-video\\venv\\Scripts\\python.exe", "C:\\banyan-farm\\banyan-city\\pipeline\\ltx_i2v.py", "--stage", "encode", "--jobs", "C:\\banyan-farm\\ep2-b20-place-0812\\b20-jobs-encode.json"]
-- begin-encode: phys 10.1/68.1GB, commit 11.7/115.3GB (load 14%)
loading text encoder from C:\Users\artvn\.cache\huggingface\hub\models--Lightricks--gemma-3-12b-it-qat-q4_0-unquantized\snapshots\d62fe4f1995ade703b49a0f3c0d0f161237ef437

Loading weights:   0%|          | 0/1065 [00:00<?, ?it/s]
Loading weights:  25%|██▌       | 271/1065 [00:00<00:00, 2440.94it/s]
Loading weights:  49%|████▉     | 521/1065 [00:00<00:00, 2337.83it/s]
Loading weights:  75%|███████▍  | 797/1065 [00:00<00:00, 2413.36it/s]
Loading weights: 100%|██████████| 1065/1065 [00:00<00:00, 2496.36it/s]
-- encode-beat-20: phys 11.3/68.1GB, commit 38.5/115.3GB (load 16%)
[1/1] encoded beat 20 to C:\banyan-farm\ep2-b20-place-0812\b20-embeds.pt (1, 1024, 188160)
{"peak_commit_gb": 41.1, "peak_phys_gb": 37.2, "last_stage": "encode-beat-20"}
==== step encode END rc=0 2026-08-12T19:08:55Z ====

==== step render START 2026-08-12T19:08:55Z ====
argv: ["C:\\banyan-video\\venv\\Scripts\\python.exe", "C:\\banyan-farm\\banyan-city\\pipeline\\ltx_i2v.py", "--stage", "render", "--jobs", "C:\\banyan-farm\\ep2-b20-place-0812\\b20-jobs-render.json", "--size", "704x1280", "--frames", "73", "--fps", "24", "--guidance", "2.0", "--distilled-sigmas", "--two-stage", "--image-crf", "33", "--offload", "sequential", "--mode", "production", "--task", "ep2-b20-place-0812", "--worker", "rtx5090", "--bench-jsonl", "C:\\banyan-farm\\ep2-b20-place-0812\\bench-b20-place.jsonl", "--bench-label", "ep2-b20-place-0812"]
recipe: offload=sequential quantisation=none (bf16)
-- begin-render: phys 10.3/68.1GB, commit 11.8/115.3GB (load 15%)
transformer  C:\Users\artvn\.cache\huggingface\hub\models--diffusers--LTX-2.3-Distilled-Diffusers\snapshots\432e0d3c2d1769aaa4d295f9243f7062bf6b47ee [subfolder=transformer, bf16]
scheduler    C:\Users\artvn\.cache\huggingface\hub\models--diffusers--LTX-2.3-Distilled-Diffusers\snapshots\432e0d3c2d1769aaa4d295f9243f7062bf6b47ee [subfolder=scheduler, distilled]
other parts  C:\Users\artvn\.cache\huggingface\hub\models--diffusers--LTX-2.3-Diffusers\snapshots\8eee8edcf067e838b843f926ec4d4cc9b2be1aaf
-- load-transformer-bf16-38GB: phys 11.0/68.1GB, commit 13.7/115.3GB (load 16%)

Loading checkpoint shards:   0%|          | 0/8 [00:00<?, ?it/s]
Loading checkpoint shards:  12%|█▎        | 1/8 [00:00<00:00,  9.38it/s]
Loading checkpoint shards:  25%|██▌       | 2/8 [00:00<00:00,  9.28it/s]
Loading checkpoint shards:  50%|█████     | 4/8 [00:00<00:00,  8.39it/s]
Loading checkpoint shards: 100%|██████████| 8/8 [00:00<00:00, 16.05it/s]
Loading checkpoint shards: 100%|██████████| 8/8 [00:00<00:00, 13.57it/s]
-- load-connectors-12.7GB-and-vae: phys 11.1/68.1GB, commit 52.0/115.3GB (load 16%)

Loading checkpoint shards:   0%|          | 0/2 [00:00<?, ?it/s]
Loading checkpoint shards: 100%|██████████| 2/2 [00:00<00:00, 64.99it/s]
-- offload-setup-sequential: phys 11.1/68.1GB, commit 61.6/115.3GB (load 16%)
C:\banyan-video\venv\Lib\site-packages\accelerate\utils\modeling.py:345: UserWarning: expandable_segments not supported on this platform (Triggered internally at C:\actions-runner\_work\pytorch\pytorch\pytorch\c10/cuda/CUDAAllocatorConfig.h:39.)
  new_value = old_value.to(device, non_blocking=non_blocking)
conditioning still round-tripped through libx264 crf=33 -> C:\banyan-farm\ep2-b20-place-0812\cond-crf-20.png
-- stage1-denoise-352x640-8steps: phys 12.1/68.1GB, commit 62.1/115.3GB (load 17%)

  0%|          | 0/8 [00:00<?, ?it/s]
 12%|█▎        | 1/8 [01:11<08:23, 71.95s/it]
 25%|██▌       | 2/8 [01:25<03:44, 37.49s/it]
 38%|███▊      | 3/8 [01:32<01:58, 23.79s/it]
 50%|█████     | 4/8 [01:40<01:09, 17.50s/it]
 62%|██████▎   | 5/8 [01:48<00:42, 14.17s/it]
 75%|███████▌  | 6/8 [01:56<00:23, 11.86s/it]
 88%|████████▊ | 7/8 [02:03<00:10, 10.35s/it]
100%|██████████| 8/8 [02:10<00:00,  9.42s/it]
100%|██████████| 8/8 [02:10<00:00, 16.37s/it]
stage1 latents (1, 128, 10, 20, 11)
-- upsample-2x-latent: phys 56.9/68.1GB, commit 64.3/115.3GB (load 83%)
There are modules in LTX2LatentUpsamplerModel that should be kept in float32: []. Casting directly with `to()` can lead to inconsistent results; set `torch_dtype` in `from_pretrained()` instead to keep these modules in float32.
upsampled latents (1, 128, 10, 40, 22)
-- stage2-refine-704x1280-3steps: phys 58.8/68.1GB, commit 67.5/115.3GB (load 86%)

  0%|          | 0/3 [00:00<?, ?it/s]
 33%|███▎      | 1/3 [00:19<00:39, 19.63s/it]
 67%|██████▋   | 2/3 [00:40<00:20, 20.57s/it]
100%|██████████| 3/3 [01:03<00:00, 21.31s/it]
100%|██████████| 3/3 [01:03<00:00, 21.02s/it]
-- decode-and-export: phys 64.2/68.1GB, commit 70.5/115.3GB (load 94%)
[1/1] wrote C:\banyan-farm\ep2-b20-place-0812\20-evidence-LTX-place-0812.mp4 in 215s (73 frames, 704x1280, 8@352x640+3@704x1280 steps, peak torch 7.9GB, device 2.6/26GB)
THROUGHPUT 0.0142 s(video)/s(wall) (1 x 3.042s of video in 215s)
bench row -> C:\banyan-farm\ep2-b20-place-0812\bench-b20-place.jsonl
{"sample_s": 214.7, "peak_gb": 7.9, "peak_commit_gb": 76.3, "frames": 73, "size": "704x1280", "steps": "8@352x640+3@704x1280", "batch": 1, "mode": "production", "throughput_s_per_s": 0.0142, "two_stage": true, "image_crf": 33, "offload": "sequential", "quantisation": null}
{"peak_commit_gb": 76.3, "peak_phys_gb": 64.2, "last_stage": "decode-and-export"}
==== step render END rc=0 2026-08-12T19:12:45Z ====

==== step publish START 2026-08-12T19:12:45Z ====
argv: ["C:\\banyan-farm\\venv\\Scripts\\python.exe", "-c", "import glob, hashlib, os, shutil\ndst = \"C:/banyan-farm/courier-box/farm-out/ep2-b20-place\"\nos.makedirs(dst, exist_ok=True)\nsrc = sorted(glob.glob(\"C:/banyan-farm/ep2-b20-place-0812/20-evidence-LTX-place-0812.mp4*\")\n             + glob.glob(\"C:/banyan-farm/ep2-b20-place-0812/b20-init-704x1280.png\")\n             + glob.glob(\"C:/banyan-farm/ep2-b20-place-0812/bench-b20-place.jsonl\"))\nlines = []\nfor f in src:\n    shutil.copy2(f, dst)\n    c = os.path.join(dst, os.path.basename(f))\n    with open(c, \"rb\") as fh:\n        h = hashlib.sha256(fh.read()).hexdigest()\n    lines.append(h + \"  \" + os.path.basename(f))\nwith open(os.path.join(dst, \"ep2-b20-place-0812.sha256\"), \"w\", newline=\"\\n\") as fh:\n    fh.write(\"\\n\".join(lines) + \"\\n\")\nprint(\"published\", len(src), \"file(s) + manifest ->\", dst)\nraise SystemExit(0 if len(src) >= 2 else 1)\n"]
published 4 file(s) + manifest -> C:/banyan-farm/courier-box/farm-out/ep2-b20-place
==== step publish END rc=0 2026-08-12T19:12:45Z ====
#### job ep2-b20-place-0812-1786473623 finished rc=0 2026-08-12T19:12:45Z
