Loading pipeline components...:  71%|███████▏  | 5/7 [00:01<00:00,  3.05it/s]
Loading pipeline components...:  86%|████████▌ | 6/7 [00:01<00:00,  3.48it/s]
Loading pipeline components...: 100%|██████████| 7/7 [00:05<00:00,  1.28s/it]
Loading pipeline components...: 100%|██████████| 7/7 [00:05<00:00,  1.21it/s]
C:\banyan-farm\venv\Lib\site-packages\torch\nn\modules\module.py:1370: UserWarning: expandable_segments not supported on this platform (Triggered internally at C:\actions-runner\_work\pytorch\pytorch\pytorch\c10/cuda/CUDAAllocatorConfig.h:39.)
  return t.to(
MODEL_LOADED cuda/bfloat16 in 9s

  0%|          | 0/40 [00:00<?, ?it/s]
  2%|▎         | 1/40 [00:00<00:31,  1.24it/s]
  5%|▌         | 2/40 [00:01<00:17,  2.21it/s]
  8%|▊         | 3/40 [00:01<00:12,  2.94it/s]
 10%|█         | 4/40 [00:01<00:10,  3.41it/s]
 12%|█▎        | 5/40 [00:01<00:09,  3.66it/s]
 15%|█▌        | 6/40 [00:01<00:08,  3.80it/s]
 18%|█▊        | 7/40 [00:02<00:08,  4.08it/s]
 20%|██        | 8/40 [00:02<00:07,  4.27it/s]
 22%|██▎       | 9/40 [00:02<00:07,  4.32it/s]
 25%|██▌       | 10/40 [00:02<00:06,  4.31it/s]
 28%|██▊       | 11/40 [00:03<00:06,  4.37it/s]
 30%|███       | 12/40 [00:03<00:06,  4.44it/s]
 32%|███▎      | 13/40 [00:03<00:05,  4.54it/s]
 35%|███▌      | 14/40 [00:03<00:05,  4.39it/s]
 38%|███▊      | 15/40 [00:03<00:05,  4.38it/s]
 40%|████      | 16/40 [00:04<00:05,  4.52it/s]
 42%|████▎     | 17/40 [00:04<00:05,  4.51it/s]
 45%|████▌     | 18/40 [00:04<00:04,  4.52it/s]
 48%|████▊     | 19/40 [00:04<00:04,  4.41it/s]
 50%|█████     | 20/40 [00:05<00:04,  4.45it/s]
 52%|█████▎    | 21/40 [00:05<00:04,  4.56it/s]
 55%|█████▌    | 22/40 [00:05<00:03,  4.54it/s]
 57%|█████▊    | 23/40 [00:05<00:03,  4.43it/s]
 60%|██████    | 24/40 [00:05<00:03,  4.47it/s]
 62%|██████▎   | 25/40 [00:06<00:03,  4.48it/s]
 65%|██████▌   | 26/40 [00:06<00:03,  4.49it/s]
 68%|██████▊   | 27/40 [00:06<00:02,  4.50it/s]
 70%|███████   | 28/40 [00:06<00:02,  4.42it/s]
 72%|███████▎  | 29/40 [00:07<00:02,  4.46it/s]
 75%|███████▌  | 30/40 [00:07<00:02,  4.56it/s]
 78%|███████▊  | 31/40 [00:07<00:01,  4.54it/s]
 80%|████████  | 32/40 [00:07<00:01,  4.44it/s]
 82%|████████▎ | 33/40 [00:07<00:01,  4.46it/s]
 85%|████████▌ | 34/40 [00:08<00:01,  4.48it/s]
 88%|████████▊ | 35/40 [00:08<00:01,  4.49it/s]
 90%|█████████ | 36/40 [00:08<00:00,  4.50it/s]
 92%|█████████▎| 37/40 [00:08<00:00,  4.50it/s]
 95%|█████████▌| 38/40 [00:09<00:00,  4.51it/s]
 98%|█████████▊| 39/40 [00:09<00:00,  4.51it/s]
100%|██████████| 40/40 [00:09<00:00,  4.47it/s]
100%|██████████| 40/40 [00:09<00:00,  4.22it/s]
   06-the-clipboard-wave1-s0.png seed=20260725 11s  (1/4)

  0%|          | 0/40 [00:00<?, ?it/s]
  2%|▎         | 1/40 [00:00<00:07,  4.93it/s]
  5%|▌         | 2/40 [00:00<00:07,  4.88it/s]
  8%|▊         | 3/40 [00:00<00:07,  4.71it/s]
 10%|█         | 4/40 [00:00<00:08,  4.49it/s]
 12%|█▎        | 5/40 [00:01<00:07,  4.49it/s]
 15%|█▌        | 6/40 [00:01<00:07,  4.49it/s]
 18%|█▊        | 7/40 [00:01<00:07,  4.59it/s]
 20%|██        | 8/40 [00:01<00:06,  4.57it/s]
 22%|██▎       | 9/40 [00:01<00:07,  4.35it/s]
 25%|██▌       | 10/40 [00:02<00:06,  4.50it/s]
 28%|██▊       | 11/40 [00:02<00:06,  4.51it/s]
 30%|███       | 12/40 [00:02<00:06,  4.50it/s]
 32%|███▎      | 13/40 [00:02<00:06,  4.41it/s]
 35%|███▌      | 14/40 [00:03<00:05,  4.44it/s]
 38%|███▊      | 15/40 [00:03<00:05,  4.47it/s]
 40%|████      | 16/40 [00:03<00:05,  4.57it/s]
 42%|████▎     | 17/40 [00:03<00:05,  4.46it/s]
 45%|████▌     | 18/40 [00:03<00:04,  4.48it/s]
 48%|████▊     | 19/40 [00:04<00:04,  4.42it/s]
 50%|█████     | 20/40 [00:04<00:04,  4.51it/s]
 52%|█████▎    | 21/40 [00:04<00:04,  4.51it/s]
 55%|█████▌    | 22/40 [00:04<00:03,  4.51it/s]
 57%|█████▊    | 23/40 [00:05<00:03,  4.42it/s]
 60%|██████    | 24/40 [00:05<00:03,  4.45it/s]
 62%|██████▎   | 25/40 [00:05<00:03,  4.47it/s]
 65%|██████▌   | 26/40 [00:05<00:03,  4.48it/s]
 68%|██████▊   | 27/40 [00:06<00:02,  4.43it/s]
 70%|███████   | 28/40 [00:06<00:02,  4.52it/s]
 72%|███████▎  | 29/40 [00:06<00:02,  4.52it/s]
 75%|███████▌  | 30/40 [00:06<00:02,  4.52it/s]
 78%|███████▊  | 31/40 [00:06<00:02,  4.42it/s]
 80%|████████  | 32/40 [00:07<00:01,  4.45it/s]
 82%|████████▎ | 33/40 [00:07<00:01,  4.47it/s]
 85%|████████▌ | 34/40 [00:07<00:01,  4.48it/s]
 88%|████████▊ | 35/40 [00:07<00:01,  4.49it/s]
 90%|█████████ | 36/40 [00:08<00:00,  4.50it/s]
 92%|█████████▎| 37/40 [00:08<00:00,  4.50it/s]
 95%|█████████▌| 38/40 [00:08<00:00,  4.50it/s]
 98%|█████████▊| 39/40 [00:08<00:00,  4.51it/s]
100%|██████████| 40/40 [00:08<00:00,  4.41it/s]
100%|██████████| 40/40 [00:08<00:00,  4.49it/s]
   06-the-clipboard-wave1-s1.png seed=20261725 9s  (2/4)

  0%|          | 0/40 [00:00<?, ?it/s]
  2%|▎         | 1/40 [00:00<00:07,  5.07it/s]
  5%|▌         | 2/40 [00:00<00:08,  4.73it/s]
  8%|▊         | 3/40 [00:00<00:08,  4.58it/s]
 10%|█         | 4/40 [00:00<00:08,  4.47it/s]
 12%|█▎        | 5/40 [00:01<00:07,  4.48it/s]
 15%|█▌        | 6/40 [00:01<00:07,  4.50it/s]
 18%|█▊        | 7/40 [00:01<00:07,  4.50it/s]
 20%|██        | 8/40 [00:01<00:07,  4.50it/s]
 22%|██▎       | 9/40 [00:02<00:07,  4.41it/s]
 25%|██▌       | 10/40 [00:02<00:06,  4.54it/s]
 28%|██▊       | 11/40 [00:02<00:06,  4.53it/s]
 30%|███       | 12/40 [00:02<00:06,  4.52it/s]
 32%|███▎      | 13/40 [00:02<00:06,  4.43it/s]
 35%|███▌      | 14/40 [00:03<00:05,  4.45it/s]
 38%|███▊      | 15/40 [00:03<00:05,  4.48it/s]
 40%|████      | 16/40 [00:03<00:05,  4.49it/s]
 42%|████▎     | 17/40 [00:03<00:05,  4.49it/s]
 45%|████▌     | 18/40 [00:04<00:05,  4.40it/s]
 48%|████▊     | 19/40 [00:04<00:04,  4.43it/s]
 50%|█████     | 20/40 [00:04<00:04,  4.45it/s]
 52%|█████▎    | 21/40 [00:04<00:04,  4.46it/s]
 55%|█████▌    | 22/40 [00:04<00:04,  4.42it/s]
 57%|█████▊    | 23/40 [00:05<00:03,  4.51it/s]
 60%|██████    | 24/40 [00:05<00:03,  4.51it/s]
 62%|██████▎   | 25/40 [00:05<00:03,  4.48it/s]
 65%|██████▌   | 26/40 [00:05<00:03,  4.42it/s]
 68%|██████▊   | 27/40 [00:06<00:02,  4.45it/s]
 70%|███████   | 28/40 [00:06<00:02,  4.47it/s]
 72%|███████▎  | 29/40 [00:06<00:02,  4.47it/s]
 75%|███████▌  | 30/40 [00:06<00:02,  4.48it/s]
 78%|███████▊  | 31/40 [00:06<00:02,  4.48it/s]
 80%|████████  | 32/40 [00:07<00:01,  4.46it/s]
 82%|████████▎ | 33/40 [00:07<00:01,  4.44it/s]
 85%|████████▌ | 34/40 [00:07<00:01,  4.44it/s]
 88%|████████▊ | 35/40 [00:07<00:01,  4.46it/s]
 90%|█████████ | 36/40 [00:08<00:00,  4.42it/s]
 92%|█████████▎| 37/40 [00:08<00:00,  4.51it/s]
 95%|█████████▌| 38/40 [00:08<00:00,  4.51it/s]
 98%|█████████▊| 39/40 [00:08<00:00,  4.42it/s]
100%|██████████| 40/40 [00:08<00:00,  4.43it/s]
100%|██████████| 40/40 [00:08<00:00,  4.47it/s]
   06-the-clipboard-wave1-s2.png seed=20262725 9s  (3/4)

  0%|          | 0/40 [00:00<?, ?it/s]
  2%|▎         | 1/40 [00:00<00:07,  4.92it/s]
  5%|▌         | 2/40 [00:00<00:07,  4.87it/s]
  8%|▊         | 3/40 [00:00<00:07,  4.70it/s]
 10%|█         | 4/40 [00:00<00:08,  4.42it/s]
 12%|█▎        | 5/40 [00:01<00:07,  4.42it/s]
 15%|█▌        | 6/40 [00:01<00:07,  4.47it/s]
 18%|█▊        | 7/40 [00:01<00:07,  4.58it/s]
 20%|██        | 8/40 [00:01<00:07,  4.45it/s]
 22%|██▎       | 9/40 [00:01<00:06,  4.47it/s]
 25%|██▌       | 10/40 [00:02<00:06,  4.48it/s]
 28%|██▊       | 11/40 [00:02<00:06,  4.44it/s]
 30%|███       | 12/40 [00:02<00:06,  4.45it/s]
 32%|███▎      | 13/40 [00:02<00:06,  4.41it/s]
 35%|███▌      | 14/40 [00:03<00:05,  4.47it/s]
 38%|███▊      | 15/40 [00:03<00:05,  4.46it/s]
 40%|████      | 16/40 [00:03<00:05,  4.47it/s]
 42%|████▎     | 17/40 [00:03<00:05,  4.51it/s]
 45%|████▌     | 18/40 [00:04<00:05,  4.40it/s]
 48%|████▊     | 19/40 [00:04<00:04,  4.44it/s]
 50%|█████     | 20/40 [00:04<00:04,  4.46it/s]
 52%|█████▎    | 21/40 [00:04<00:04,  4.46it/s]
 55%|█████▌    | 22/40 [00:04<00:04,  4.43it/s]
 57%|█████▊    | 23/40 [00:05<00:03,  4.45it/s]
 60%|██████    | 24/40 [00:05<00:03,  4.47it/s]
 62%|██████▎   | 25/40 [00:05<00:03,  4.48it/s]
 65%|██████▌   | 26/40 [00:05<00:03,  4.49it/s]
 68%|██████▊   | 27/40 [00:06<00:02,  4.49it/s]
 70%|███████   | 28/40 [00:06<00:02,  4.49it/s]
 72%|███████▎  | 29/40 [00:06<00:02,  4.50it/s]
 75%|███████▌  | 30/40 [00:06<00:02,  4.39it/s]
 78%|███████▊  | 31/40 [00:06<00:02,  4.44it/s]
 80%|████████  | 32/40 [00:07<00:01,  4.46it/s]
 82%|████████▎ | 33/40 [00:07<00:01,  4.43it/s]
 85%|████████▌ | 34/40 [00:07<00:01,  4.50it/s]
 88%|████████▊ | 35/40 [00:07<00:01,  4.40it/s]
 90%|█████████ | 36/40 [00:08<00:00,  4.44it/s]
 92%|█████████▎| 37/40 [00:08<00:00,  4.45it/s]
 95%|█████████▌| 38/40 [00:08<00:00,  4.47it/s]
 98%|█████████▊| 39/40 [00:08<00:00,  4.48it/s]
100%|██████████| 40/40 [00:08<00:00,  4.49it/s]
100%|██████████| 40/40 [00:08<00:00,  4.47it/s]
   06-the-clipboard-wave1-s3.png seed=20263725 9s  (4/4)

DONE 4 stills — ONE beat. The other fourteen wait on his verdict.
==== step sample END rc=0 2026-08-14T11:40:06Z ====

==== step publish START 2026-08-14T11:40:06Z ====
argv: ["C:\\banyan-farm\\venv\\Scripts\\python.exe", "-c", "import glob, hashlib, os, shutil\ndst = \"C:/banyan-farm/courier-box/farm-out/ep2-guard-sheet-a-r2-0814\"\nos.makedirs(dst, exist_ok=True)\nsrc = sorted(glob.glob(\"C:/banyan-farm/wave-goblin-prep/out-guard-sheet-a-r2/06-the-clipboard-wave1-s*.*\"))\nlines = []\nfor f in src:\n    shutil.copy2(f, dst)\n    # Hash the COPY, not the original: what this records has to be the bytes\n    # that get committed, or the manifest attests to the wrong file.\n    c = os.path.join(dst, os.path.basename(f))\n    with open(c, \"rb\") as fh:\n        h = hashlib.sha256(fh.read()).hexdigest()\n    lines.append(h + \"  \" + os.path.basename(f))\n    print(\"   \", os.path.basename(f), h[:16])\nwith open(os.path.join(dst, \"ep2-guard-sheet-a-r2-0814.sha256\"), \"w\", newline=\"\\n\") as fh:\n    fh.write(\"\\n\".join(lines) + \"\\n\")\nprint(\"published\", len(src), \"file(s) + manifest ->\", dst)\nraise SystemExit(0 if len(src) == 8 else 1)\n"]
    06-the-clipboard-wave1-s0.png 2b507cea475659d9
    06-the-clipboard-wave1-s0.yaml 0cda5c63701160e6
    06-the-clipboard-wave1-s1.png 09e0a52d14783305
    06-the-clipboard-wave1-s1.yaml acde7efc04c99988
    06-the-clipboard-wave1-s2.png 83419083246d4179
    06-the-clipboard-wave1-s2.yaml 455eaa912467e41c
    06-the-clipboard-wave1-s3.png 58d5145007e104af
    06-the-clipboard-wave1-s3.yaml 8e4f986ec8399df3
published 8 file(s) + manifest -> C:/banyan-farm/courier-box/farm-out/ep2-guard-sheet-a-r2-0814
==== step publish END rc=0 2026-08-14T11:40:06Z ====
#### job ep2-guard-sheet-a-r2-0814-1786707392 finished rc=0 2026-08-14T11:40:06Z
