#### job ep2-b13-shade-breath-0815-1786809447 attempt 1 start 2026-08-15T16:02:11Z

==== step crop START 2026-08-15T16:02:14Z ====
argv: ["C:\\banyan-farm\\venv\\Scripts\\python.exe", "C:\\banyan-farm\\ep2-b13-shade-breath-0815\\cover_crop.py", "--src", "C:\\banyan-farm\\courier-box\\farm-out\\ep2-b13-plate-0814\\13-the-shade-ipa-r0-w015-s0.png", "--sha256", "1745a491db3c95c7c6d1d6a601a18e7ff1f825ef90f6169140de35ed10a4e921", "--out", "C:\\banyan-farm\\ep2-b13-shade-breath-0815\\b13-init-704x1280.png", "--size", "704x1280"]
src 832x1216 sha 1745a491db3c95c7c6d1d6a601a18e7ff1f825ef90f6169140de35ed10a4e921
cover-crop scale=1.0526 -> 876x1280, centre box (86,0)
WROTE C:\banyan-farm\ep2-b13-shade-breath-0815\b13-init-704x1280.png
==== step crop END rc=0 2026-08-15T16:02:15Z ====

==== step encode START 2026-08-15T16:02:15Z ====
argv: ["C:\\banyan-video\\venv\\Scripts\\python.exe", "C:\\banyan-farm\\banyan-city\\pipeline\\ltx_i2v.py", "--stage", "encode", "--jobs", "C:\\banyan-farm\\ep2-b13-shade-breath-0815\\b13-jobs-encode.json"]
-- begin-encode: phys 9.9/68.1GB, commit 11.9/115.3GB (load 14%)
loading text encoder from C:\Users\artvn\.cache\huggingface\hub\models--Lightricks--gemma-3-12b-it-qat-q4_0-unquantized\snapshots\d62fe4f1995ade703b49a0f3c0d0f161237ef437

Loading weights:   0%|          | 0/1065 [00:00<?, ?it/s]
Loading weights:  27%|██▋       | 288/1065 [00:00<00:00, 2605.63it/s]
Loading weights:  52%|█████▏    | 550/1065 [00:00<00:00, 2476.31it/s]
Loading weights:  80%|███████▉  | 849/1065 [00:00<00:00, 2584.04it/s]
Loading weights: 100%|██████████| 1065/1065 [00:00<00:00, 2703.87it/s]
-- encode-beat-13: phys 11.1/68.1GB, commit 38.8/115.3GB (load 16%)
[1/1] encoded beat 13 to C:\banyan-farm\ep2-b13-shade-breath-0815\b13-embeds.pt (1, 1024, 188160)
{"peak_commit_gb": 55.0, "peak_phys_gb": 36.6, "last_stage": "encode-beat-13"}
==== step encode END rc=0 2026-08-15T16:03:52Z ====

==== step render START 2026-08-15T16:03:52Z ====
argv: ["C:\\banyan-video\\venv\\Scripts\\python.exe", "C:\\banyan-farm\\banyan-city\\pipeline\\ltx_i2v.py", "--stage", "render", "--jobs", "C:\\banyan-farm\\ep2-b13-shade-breath-0815\\b13-jobs-render.json", "--size", "704x1280", "--frames", "97", "--fps", "24", "--guidance", "2.0", "--distilled-sigmas", "--two-stage", "--image-crf", "33", "--offload", "sequential", "--mode", "production", "--task", "ep2-b13-shade-breath-0815", "--worker", "rtx5090", "--bench-jsonl", "C:\\banyan-farm\\ep2-b13-shade-breath-0815\\bench-b13-shade-breath.jsonl", "--bench-label", "ep2-b13-shade-breath-0815"]
recipe: offload=sequential quantisation=none (bf16)
-- begin-render: phys 10.5/68.1GB, commit 13.6/115.3GB (load 15%)
transformer  C:\Users\artvn\.cache\huggingface\hub\models--diffusers--LTX-2.3-Distilled-Diffusers\snapshots\432e0d3c2d1769aaa4d295f9243f7062bf6b47ee [subfolder=transformer, bf16]
scheduler    C:\Users\artvn\.cache\huggingface\hub\models--diffusers--LTX-2.3-Distilled-Diffusers\snapshots\432e0d3c2d1769aaa4d295f9243f7062bf6b47ee [subfolder=scheduler, distilled]
other parts  C:\Users\artvn\.cache\huggingface\hub\models--diffusers--LTX-2.3-Diffusers\snapshots\8eee8edcf067e838b843f926ec4d4cc9b2be1aaf
-- load-transformer-bf16-38GB: phys 12.9/68.1GB, commit 18.2/115.3GB (load 18%)

Loading checkpoint shards:   0%|          | 0/8 [00:00<?, ?it/s]
Loading checkpoint shards:  12%|█▎        | 1/8 [00:00<00:00,  8.62it/s]
Loading checkpoint shards:  25%|██▌       | 2/8 [00:00<00:00,  9.00it/s]
Loading checkpoint shards:  50%|█████     | 4/8 [00:00<00:00,  7.26it/s]
Loading checkpoint shards:  88%|████████▊ | 7/8 [00:00<00:00, 11.86it/s]
Loading checkpoint shards: 100%|██████████| 8/8 [00:00<00:00, 11.46it/s]
-- load-connectors-12.7GB-and-vae: phys 18.0/68.1GB, commit 64.0/115.3GB (load 26%)

Loading checkpoint shards:   0%|          | 0/2 [00:00<?, ?it/s]
Loading checkpoint shards: 100%|██████████| 2/2 [00:00<00:00, 60.13it/s]
-- offload-setup-sequential: phys 20.7/68.1GB, commit 75.3/115.3GB (load 30%)
C:\banyan-video\venv\Lib\site-packages\accelerate\utils\modeling.py:345: UserWarning: expandable_segments not supported on this platform (Triggered internally at C:\actions-runner\_work\pytorch\pytorch\pytorch\c10/cuda/CUDAAllocatorConfig.h:39.)
  new_value = old_value.to(device, non_blocking=non_blocking)
conditioning still round-tripped through libx264 crf=33 -> C:\banyan-farm\ep2-b13-shade-breath-0815\cond-crf-13.png
-- stage1-denoise-352x640-8steps: phys 19.4/68.1GB, commit 72.2/115.3GB (load 28%)

  0%|          | 0/8 [00:00<?, ?it/s]
 12%|█▎        | 1/8 [01:05<07:41, 65.92s/it]
 25%|██▌       | 2/8 [01:18<03:28, 34.75s/it]
 38%|███▊      | 3/8 [01:27<01:54, 22.95s/it]
 50%|█████     | 4/8 [01:36<01:09, 17.28s/it]
 62%|██████▎   | 5/8 [01:45<00:43, 14.41s/it]
 75%|███████▌  | 6/8 [01:55<00:25, 12.73s/it]
 88%|████████▊ | 7/8 [02:03<00:11, 11.42s/it]
100%|██████████| 8/8 [02:16<00:00, 11.95s/it]
100%|██████████| 8/8 [02:16<00:00, 17.12s/it]
stage1 latents (1, 128, 13, 20, 11)
-- upsample-2x-latent: phys 55.9/68.1GB, commit 77.2/115.3GB (load 82%)
There are modules in LTX2LatentUpsamplerModel that should be kept in float32: []. Casting directly with `to()` can lead to inconsistent results; set `torch_dtype` in `from_pretrained()` instead to keep these modules in float32.
upsampled latents (1, 128, 13, 40, 22)
-- stage2-refine-704x1280-3steps: phys 58.9/68.1GB, commit 82.0/115.3GB (load 86%)

  0%|          | 0/3 [00:00<?, ?it/s]
 33%|███▎      | 1/3 [00:30<01:01, 30.71s/it]
 67%|██████▋   | 2/3 [00:58<00:29, 29.01s/it]
100%|██████████| 3/3 [01:27<00:00, 28.99s/it]
100%|██████████| 3/3 [01:27<00:00, 29.16s/it]
-- decode-and-export: phys 58.2/68.1GB, commit 70.8/115.3GB (load 85%)
[1/1] wrote C:\banyan-farm\ep2-b13-shade-breath-0815\13-the-shade-LTX-breath.mp4 in 251s (97 frames, 704x1280, 8@352x640+3@704x1280 steps, peak torch 9.9GB, device 2.6/26GB)
THROUGHPUT 0.0161 s(video)/s(wall) (1 x 4.042s of video in 251s)
bench row -> C:\banyan-farm\ep2-b13-shade-breath-0815\bench-b13-shade-breath.jsonl
{"sample_s": 251.5, "peak_gb": 9.9, "peak_commit_gb": 92.2, "frames": 97, "size": "704x1280", "steps": "8@352x640+3@704x1280", "batch": 1, "mode": "production", "throughput_s_per_s": 0.0161, "two_stage": true, "image_crf": 33, "offload": "sequential", "quantisation": null}
{"peak_commit_gb": 92.2, "peak_phys_gb": 68.1, "last_stage": "decode-and-export"}
==== step render END rc=0 2026-08-15T16:08:18Z ====

==== step publish START 2026-08-15T16:08:18Z ====
argv: ["C:\\banyan-farm\\venv\\Scripts\\python.exe", "-c", "import glob, hashlib, os, shutil\ndst = \"C:/banyan-farm/courier-box/farm-out/ep2-b13-shade-breath-0815\"\nos.makedirs(dst, exist_ok=True)\nsrc = sorted(glob.glob(\"C:/banyan-farm/ep2-b13-shade-breath-0815/13-the-shade-LTX-breath.mp4*\")\n             + glob.glob(\"C:/banyan-farm/ep2-b13-shade-breath-0815/b13-init-704x1280.png\")\n             + glob.glob(\"C:/banyan-farm/ep2-b13-shade-breath-0815/bench-b13-shade-breath.jsonl\"))\nlines = []\nfor f in src:\n    shutil.copy2(f, dst)\n    c = os.path.join(dst, os.path.basename(f))\n    with open(c, \"rb\") as fh:\n        h = hashlib.sha256(fh.read()).hexdigest()\n    lines.append(h + \"  \" + os.path.basename(f))\nwith open(os.path.join(dst, \"ep2-b13-shade-breath-0815.sha256\"), \"w\", newline=\"\\n\") as fh:\n    fh.write(\"\\n\".join(lines) + \"\\n\")\nprint(\"published\", len(src), \"file(s) + manifest ->\", dst)\nraise SystemExit(0 if len(src) >= 2 else 1)\n"]
published 4 file(s) + manifest -> C:/banyan-farm/courier-box/farm-out/ep2-b13-shade-breath-0815
==== step publish END rc=0 2026-08-15T16:08:18Z ====
#### job ep2-b13-shade-breath-0815-1786809447 finished rc=0 2026-08-15T16:08:18Z
