Loading pipeline components...:  43%|████▎     | 3/7 [00:02<00:02,  1.39it/s]
Loading pipeline components...:  86%|████████▌ | 6/7 [00:02<00:00,  3.23it/s]
Loading pipeline components...: 100%|██████████| 7/7 [00:02<00:00,  3.57it/s]
Loading pipeline components...: 100%|██████████| 7/7 [00:02<00:00,  2.87it/s]
C:\banyan-farm\venv\Lib\site-packages\torch\nn\modules\module.py:1370: UserWarning: expandable_segments not supported on this platform (Triggered internally at C:\actions-runner\_work\pytorch\pytorch\pytorch\c10/cuda/CUDAAllocatorConfig.h:39.)
  return t.to(
MODEL_LOADED cuda/bfloat16 in 5s

  0%|          | 0/40 [00:00<?, ?it/s]
  2%|▎         | 1/40 [00:00<00:19,  1.97it/s]
  5%|▌         | 2/40 [00:00<00:12,  3.00it/s]
  8%|▊         | 3/40 [00:00<00:10,  3.67it/s]
 10%|█         | 4/40 [00:01<00:09,  3.87it/s]
 12%|█▎        | 5/40 [00:01<00:08,  4.00it/s]
 15%|█▌        | 6/40 [00:01<00:08,  4.25it/s]
 18%|█▊        | 7/40 [00:01<00:07,  4.33it/s]
 20%|██        | 8/40 [00:02<00:07,  4.45it/s]
 22%|██▎       | 9/40 [00:02<00:07,  4.41it/s]
 25%|██▌       | 10/40 [00:02<00:06,  4.37it/s]
 28%|██▊       | 11/40 [00:02<00:06,  4.47it/s]
 30%|███       | 12/40 [00:02<00:06,  4.61it/s]
 32%|███▎      | 13/40 [00:03<00:05,  4.57it/s]
 35%|███▌      | 14/40 [00:03<00:05,  4.47it/s]
 38%|███▊      | 15/40 [00:03<00:05,  4.48it/s]
 40%|████      | 16/40 [00:03<00:05,  4.52it/s]
 42%|████▎     | 17/40 [00:04<00:05,  4.54it/s]
 45%|████▌     | 18/40 [00:04<00:04,  4.58it/s]
 48%|████▊     | 19/40 [00:04<00:04,  4.46it/s]
 50%|█████     | 20/40 [00:04<00:04,  4.54it/s]
 52%|█████▎    | 21/40 [00:04<00:04,  4.57it/s]
 55%|█████▌    | 22/40 [00:05<00:03,  4.55it/s]
 57%|█████▊    | 23/40 [00:05<00:03,  4.54it/s]
 60%|██████    | 24/40 [00:05<00:03,  4.53it/s]
 62%|██████▎   | 25/40 [00:05<00:03,  4.53it/s]
 65%|██████▌   | 26/40 [00:06<00:03,  4.53it/s]
 68%|██████▊   | 27/40 [00:06<00:02,  4.52it/s]
 70%|███████   | 28/40 [00:06<00:02,  4.51it/s]
 72%|███████▎  | 29/40 [00:06<00:02,  4.51it/s]
 75%|███████▌  | 30/40 [00:06<00:02,  4.60it/s]
 78%|███████▊  | 31/40 [00:07<00:02,  4.49it/s]
 80%|████████  | 32/40 [00:07<00:01,  4.49it/s]
 82%|████████▎ | 33/40 [00:07<00:01,  4.49it/s]
 85%|████████▌ | 34/40 [00:07<00:01,  4.59it/s]
 88%|████████▊ | 35/40 [00:07<00:01,  4.57it/s]
 90%|█████████ | 36/40 [00:08<00:00,  4.55it/s]
 92%|█████████▎| 37/40 [00:08<00:00,  4.53it/s]
 95%|█████████▌| 38/40 [00:08<00:00,  4.52it/s]
 98%|█████████▊| 39/40 [00:08<00:00,  4.51it/s]
100%|██████████| 40/40 [00:09<00:00,  4.51it/s]
100%|██████████| 40/40 [00:09<00:00,  4.39it/s]
   20-evidence-wave1-s0.png seed=20260739 10s  (1/4)

  0%|          | 0/40 [00:00<?, ?it/s]
  2%|▎         | 1/40 [00:00<00:07,  5.35it/s]
  5%|▌         | 2/40 [00:00<00:07,  4.83it/s]
  8%|▊         | 3/40 [00:00<00:07,  4.84it/s]
 10%|█         | 4/40 [00:00<00:07,  4.71it/s]
 12%|█▎        | 5/40 [00:01<00:07,  4.41it/s]
 15%|█▌        | 6/40 [00:01<00:07,  4.54it/s]
 18%|█▊        | 7/40 [00:01<00:07,  4.63it/s]
 20%|██        | 8/40 [00:01<00:06,  4.59it/s]
 22%|██▎       | 9/40 [00:01<00:06,  4.46it/s]
 25%|██▌       | 10/40 [00:02<00:06,  4.39it/s]
 28%|██▊       | 11/40 [00:02<00:06,  4.50it/s]
 30%|███       | 12/40 [00:02<00:06,  4.61it/s]
 32%|███▎      | 13/40 [00:02<00:06,  4.48it/s]
 35%|███▌      | 14/40 [00:03<00:05,  4.48it/s]
 38%|███▊      | 15/40 [00:03<00:05,  4.50it/s]
 40%|████      | 16/40 [00:03<00:05,  4.60it/s]
 42%|████▎     | 17/40 [00:03<00:05,  4.57it/s]
 45%|████▌     | 18/40 [00:03<00:04,  4.46it/s]
 48%|████▊     | 19/40 [00:04<00:04,  4.47it/s]
 50%|█████     | 20/40 [00:04<00:04,  4.47it/s]
 52%|█████▎    | 21/40 [00:04<00:04,  4.59it/s]
 55%|█████▌    | 22/40 [00:04<00:04,  4.47it/s]
 57%|█████▊    | 23/40 [00:05<00:03,  4.48it/s]
 60%|██████    | 24/40 [00:05<00:03,  4.48it/s]
 62%|██████▎   | 25/40 [00:05<00:03,  4.59it/s]
 65%|██████▌   | 26/40 [00:05<00:03,  4.55it/s]
 68%|██████▊   | 27/40 [00:05<00:02,  4.44it/s]
 70%|███████   | 28/40 [00:06<00:02,  4.46it/s]
 72%|███████▎  | 29/40 [00:06<00:02,  4.58it/s]
 75%|███████▌  | 30/40 [00:06<00:02,  4.49it/s]
 78%|███████▊  | 31/40 [00:06<00:01,  4.56it/s]
 80%|████████  | 32/40 [00:07<00:01,  4.45it/s]
 82%|████████▎ | 33/40 [00:07<00:01,  4.47it/s]
 85%|████████▌ | 34/40 [00:07<00:01,  4.58it/s]
 88%|████████▊ | 35/40 [00:07<00:01,  4.56it/s]
 90%|█████████ | 36/40 [00:07<00:00,  4.45it/s]
 92%|█████████▎| 37/40 [00:08<00:00,  4.45it/s]
 95%|█████████▌| 38/40 [00:08<00:00,  4.49it/s]
 98%|█████████▊| 39/40 [00:08<00:00,  4.59it/s]
100%|██████████| 40/40 [00:08<00:00,  4.46it/s]
100%|██████████| 40/40 [00:08<00:00,  4.52it/s]
   20-evidence-wave1-s1.png seed=20261739 9s  (2/4)

  0%|          | 0/40 [00:00<?, ?it/s]
  2%|▎         | 1/40 [00:00<00:07,  4.91it/s]
  5%|▌         | 2/40 [00:00<00:07,  4.88it/s]
  8%|▊         | 3/40 [00:00<00:07,  4.87it/s]
 10%|█         | 4/40 [00:00<00:07,  4.59it/s]
 12%|█▎        | 5/40 [00:01<00:07,  4.44it/s]
 15%|█▌        | 6/40 [00:01<00:07,  4.57it/s]
 18%|█▊        | 7/40 [00:01<00:07,  4.56it/s]
 20%|██        | 8/40 [00:01<00:07,  4.55it/s]
 22%|██▎       | 9/40 [00:01<00:06,  4.44it/s]
 25%|██▌       | 10/40 [00:02<00:06,  4.46it/s]
 28%|██▊       | 11/40 [00:02<00:06,  4.57it/s]
 30%|███       | 12/40 [00:02<00:06,  4.55it/s]
 32%|███▎      | 13/40 [00:02<00:05,  4.54it/s]
 35%|███▌      | 14/40 [00:03<00:05,  4.42it/s]
 38%|███▊      | 15/40 [00:03<00:05,  4.45it/s]
 40%|████      | 16/40 [00:03<00:05,  4.58it/s]
 42%|████▎     | 17/40 [00:03<00:05,  4.56it/s]
 45%|████▌     | 18/40 [00:03<00:04,  4.45it/s]
 48%|████▊     | 19/40 [00:04<00:04,  4.47it/s]
 50%|█████     | 20/40 [00:04<00:04,  4.48it/s]
 52%|█████▎    | 21/40 [00:04<00:04,  4.59it/s]
 55%|█████▌    | 22/40 [00:04<00:04,  4.47it/s]
 57%|█████▊    | 23/40 [00:05<00:03,  4.48it/s]
 60%|██████    | 24/40 [00:05<00:03,  4.49it/s]
 62%|██████▎   | 25/40 [00:05<00:03,  4.49it/s]
 65%|██████▌   | 26/40 [00:05<00:03,  4.50it/s]
 68%|██████▊   | 27/40 [00:05<00:02,  4.51it/s]
 70%|███████   | 28/40 [00:06<00:02,  4.51it/s]
 72%|███████▎  | 29/40 [00:06<00:02,  4.51it/s]
 75%|███████▌  | 30/40 [00:06<00:02,  4.52it/s]
 78%|███████▊  | 31/40 [00:06<00:01,  4.52it/s]
 80%|████████  | 32/40 [00:07<00:01,  4.42it/s]
 82%|████████▎ | 33/40 [00:07<00:01,  4.49it/s]
 85%|████████▌ | 34/40 [00:07<00:01,  4.55it/s]
 88%|████████▊ | 35/40 [00:07<00:01,  4.55it/s]
 90%|█████████ | 36/40 [00:07<00:00,  4.42it/s]
 92%|█████████▎| 37/40 [00:08<00:00,  4.48it/s]
 95%|█████████▌| 38/40 [00:08<00:00,  4.49it/s]
 98%|█████████▊| 39/40 [00:08<00:00,  4.50it/s]
100%|██████████| 40/40 [00:08<00:00,  4.47it/s]
100%|██████████| 40/40 [00:08<00:00,  4.51it/s]
   20-evidence-wave1-s2.png seed=20262739 9s  (3/4)

  0%|          | 0/40 [00:00<?, ?it/s]
  2%|▎         | 1/40 [00:00<00:07,  4.97it/s]
  5%|▌         | 2/40 [00:00<00:07,  4.90it/s]
  8%|▊         | 3/40 [00:00<00:07,  4.78it/s]
 10%|█         | 4/40 [00:00<00:07,  4.56it/s]
 12%|█▎        | 5/40 [00:01<00:07,  4.49it/s]
 15%|█▌        | 6/40 [00:01<00:07,  4.49it/s]
 18%|█▊        | 7/40 [00:01<00:07,  4.61it/s]
 20%|██        | 8/40 [00:01<00:06,  4.58it/s]
 22%|██▎       | 9/40 [00:01<00:06,  4.46it/s]
 25%|██▌       | 10/40 [00:02<00:06,  4.48it/s]
 28%|██▊       | 11/40 [00:02<00:06,  4.46it/s]
 30%|███       | 12/40 [00:02<00:06,  4.60it/s]
 32%|███▎      | 13/40 [00:02<00:06,  4.48it/s]
 35%|███▌      | 14/40 [00:03<00:05,  4.39it/s]
 38%|███▊      | 15/40 [00:03<00:05,  4.43it/s]
 40%|████      | 16/40 [00:03<00:05,  4.55it/s]
 42%|████▎     | 17/40 [00:03<00:05,  4.54it/s]
 45%|████▌     | 18/40 [00:03<00:04,  4.44it/s]
 48%|████▊     | 19/40 [00:04<00:04,  4.41it/s]
 50%|█████     | 20/40 [00:04<00:04,  4.51it/s]
 52%|█████▎    | 21/40 [00:04<00:04,  4.51it/s]
 55%|█████▌    | 22/40 [00:04<00:03,  4.50it/s]
 57%|█████▊    | 23/40 [00:05<00:03,  4.50it/s]
 60%|██████    | 24/40 [00:05<00:03,  4.51it/s]
 62%|██████▎   | 25/40 [00:05<00:03,  4.51it/s]
 65%|██████▌   | 26/40 [00:05<00:03,  4.51it/s]
 68%|██████▊   | 27/40 [00:05<00:02,  4.42it/s]
 70%|███████   | 28/40 [00:06<00:02,  4.44it/s]
 72%|███████▎  | 29/40 [00:06<00:02,  4.46it/s]
 75%|███████▌  | 30/40 [00:06<00:02,  4.57it/s]
 78%|███████▊  | 31/40 [00:06<00:02,  4.46it/s]
 80%|████████  | 32/40 [00:07<00:01,  4.48it/s]
 82%|████████▎ | 33/40 [00:07<00:01,  4.48it/s]
 85%|████████▌ | 34/40 [00:07<00:01,  4.49it/s]
 88%|████████▊ | 35/40 [00:07<00:01,  4.46it/s]
 90%|█████████ | 36/40 [00:07<00:00,  4.52it/s]
 92%|█████████▎| 37/40 [00:08<00:00,  4.52it/s]
 95%|█████████▌| 38/40 [00:08<00:00,  4.51it/s]
 98%|█████████▊| 39/40 [00:08<00:00,  4.51it/s]
100%|██████████| 40/40 [00:08<00:00,  4.51it/s]
100%|██████████| 40/40 [00:08<00:00,  4.51it/s]
   20-evidence-wave1-s3.png seed=20263739 9s  (4/4)

DONE 4 stills — ONE beat. The other fourteen wait on his verdict.
==== step sample END rc=0 2026-08-11T19:02:15Z ====

==== step publish START 2026-08-11T19:02:15Z ====
argv: ["C:\\banyan-farm\\venv\\Scripts\\python.exe", "-c", "import glob, hashlib, os, shutil\ndst = \"C:/banyan-farm/courier-box/farm-out/ep2-b20-refresh\"\nos.makedirs(dst, exist_ok=True)\nsrc = sorted(glob.glob(\"C:/banyan-farm/wave-goblin-prep/out-b20-refresh/20-evidence-wave1-s*.*\"))\nlines = []\nfor f in src:\n    shutil.copy2(f, dst)\n    # Hash the COPY, not the original: what this records has to be the bytes\n    # that get committed, or the manifest attests to the wrong file.\n    c = os.path.join(dst, os.path.basename(f))\n    with open(c, \"rb\") as fh:\n        h = hashlib.sha256(fh.read()).hexdigest()\n    lines.append(h + \"  \" + os.path.basename(f))\n    print(\"   \", os.path.basename(f), h[:16])\n# newline=\"\\n\" is load-bearing: Windows text mode rewrites \\n to \\r\\n and\n# every filename then carries a trailing \\r that shasum -c cannot open.\nwith open(os.path.join(dst, \"20-evidence-refresh.sha256\"), \"w\", newline=\"\\n\") as fh:\n    fh.write(\"\\n\".join(lines) + \"\\n\")\nprint(\"published\", len(src), \"file(s) + manifest ->\", dst)\n# 4 stills + 4 sidecars. Fewer means the render wrote less than it promised.\nraise SystemExit(0 if len(src) == 8 else 1)\n"]
    20-evidence-wave1-s0.png 650d2ccd1adcfc06
    20-evidence-wave1-s0.yaml 2a07de82dbe4ad55
    20-evidence-wave1-s1.png ecb31c6e7b728ce3
    20-evidence-wave1-s1.yaml b598214e8d957732
    20-evidence-wave1-s2.png 16e1f2e61d806a5a
    20-evidence-wave1-s2.yaml a9788dd0ce2ea9d5
    20-evidence-wave1-s3.png 2a18ecc0c9ae1268
    20-evidence-wave1-s3.yaml 7ff82410398ddb7a
published 8 file(s) + manifest -> C:/banyan-farm/courier-box/farm-out/ep2-b20-refresh
==== step publish END rc=0 2026-08-11T19:02:15Z ====
#### job ep2-b20-refresh-0811-1786474879 finished rc=0 2026-08-11T19:02:15Z
