Loading pipeline components...:  57%|█████▋    | 4/7 [00:01<00:01,  2.61it/s]
Loading pipeline components...:  71%|███████▏  | 5/7 [00:05<00:02,  1.33s/it]
Loading pipeline components...:  86%|████████▌ | 6/7 [00:05<00:01,  1.05s/it]
Loading pipeline components...: 100%|██████████| 7/7 [00:05<00:00,  1.23it/s]
C:\banyan-farm\venv\Lib\site-packages\torch\nn\modules\module.py:1370: UserWarning: expandable_segments not supported on this platform (Triggered internally at C:\actions-runner\_work\pytorch\pytorch\pytorch\c10/cuda/CUDAAllocatorConfig.h:39.)
  return t.to(
MODEL_LOADED cuda/bfloat16 in 9s

  0%|          | 0/40 [00:00<?, ?it/s]
  2%|▎         | 1/40 [00:00<00:28,  1.35it/s]
  5%|▌         | 2/40 [00:00<00:16,  2.34it/s]
  8%|▊         | 3/40 [00:01<00:12,  3.07it/s]
 10%|█         | 4/40 [00:01<00:10,  3.51it/s]
 12%|█▎        | 5/40 [00:01<00:09,  3.74it/s]
 15%|█▌        | 6/40 [00:01<00:08,  3.87it/s]
 18%|█▊        | 7/40 [00:02<00:07,  4.16it/s]
 20%|██        | 8/40 [00:02<00:07,  4.29it/s]
 22%|██▎       | 9/40 [00:02<00:07,  4.35it/s]
 25%|██▌       | 10/40 [00:02<00:06,  4.31it/s]
 28%|██▊       | 11/40 [00:02<00:06,  4.37it/s]
 30%|███       | 12/40 [00:03<00:06,  4.51it/s]
 32%|███▎      | 13/40 [00:03<00:05,  4.51it/s]
 35%|███▌      | 14/40 [00:03<00:05,  4.51it/s]
 38%|███▊      | 15/40 [00:03<00:05,  4.42it/s]
 40%|████      | 16/40 [00:04<00:05,  4.54it/s]
 42%|████▎     | 17/40 [00:04<00:05,  4.49it/s]
 45%|████▌     | 18/40 [00:04<00:04,  4.55it/s]
 48%|████▊     | 19/40 [00:04<00:04,  4.44it/s]
 50%|█████     | 20/40 [00:04<00:04,  4.46it/s]
 52%|█████▎    | 21/40 [00:05<00:04,  4.58it/s]
 55%|█████▌    | 22/40 [00:05<00:04,  4.49it/s]
 57%|█████▊    | 23/40 [00:05<00:03,  4.48it/s]
 60%|██████    | 24/40 [00:05<00:03,  4.49it/s]
 62%|██████▎   | 25/40 [00:06<00:03,  4.47it/s]
 65%|██████▌   | 26/40 [00:06<00:03,  4.51it/s]
 68%|██████▊   | 27/40 [00:06<00:02,  4.51it/s]
 70%|███████   | 28/40 [00:06<00:02,  4.51it/s]
 72%|███████▎  | 29/40 [00:06<00:02,  4.51it/s]
 75%|███████▌  | 30/40 [00:07<00:02,  4.51it/s]
 78%|███████▊  | 31/40 [00:07<00:01,  4.51it/s]
 80%|████████  | 32/40 [00:07<00:01,  4.51it/s]
 82%|████████▎ | 33/40 [00:07<00:01,  4.51it/s]
 85%|████████▌ | 34/40 [00:08<00:01,  4.48it/s]
 88%|████████▊ | 35/40 [00:08<00:01,  4.52it/s]
 90%|█████████ | 36/40 [00:08<00:00,  4.49it/s]
 92%|█████████▎| 37/40 [00:08<00:00,  4.53it/s]
 95%|█████████▌| 38/40 [00:08<00:00,  4.53it/s]
 98%|█████████▊| 39/40 [00:09<00:00,  4.53it/s]
100%|██████████| 40/40 [00:09<00:00,  4.47it/s]
100%|██████████| 40/40 [00:09<00:00,  4.26it/s]
   05-the-patrol-wave1-s0.png seed=20260724 10s  (1/4)

  0%|          | 0/40 [00:00<?, ?it/s]
  2%|▎         | 1/40 [00:00<00:07,  4.88it/s]
  5%|▌         | 2/40 [00:00<00:07,  4.85it/s]
  8%|▊         | 3/40 [00:00<00:07,  4.90it/s]
 10%|█         | 4/40 [00:00<00:07,  4.54it/s]
 12%|█▎        | 5/40 [00:01<00:08,  4.36it/s]
 15%|█▌        | 6/40 [00:01<00:07,  4.47it/s]
 18%|█▊        | 7/40 [00:01<00:07,  4.57it/s]
 20%|██        | 8/40 [00:01<00:07,  4.55it/s]
 22%|██▎       | 9/40 [00:01<00:07,  4.42it/s]
 25%|██▌       | 10/40 [00:02<00:06,  4.41it/s]
 28%|██▊       | 11/40 [00:02<00:06,  4.58it/s]
 30%|███       | 12/40 [00:02<00:06,  4.52it/s]
 32%|███▎      | 13/40 [00:02<00:06,  4.47it/s]
 35%|███▌      | 14/40 [00:03<00:05,  4.39it/s]
 38%|███▊      | 15/40 [00:03<00:05,  4.53it/s]
 40%|████      | 16/40 [00:03<00:05,  4.52it/s]
 42%|████▎     | 17/40 [00:03<00:05,  4.52it/s]
 45%|████▌     | 18/40 [00:03<00:04,  4.42it/s]
 48%|████▊     | 19/40 [00:04<00:04,  4.45it/s]
 50%|█████     | 20/40 [00:04<00:04,  4.57it/s]
 52%|█████▎    | 21/40 [00:04<00:04,  4.54it/s]
 55%|█████▌    | 22/40 [00:04<00:04,  4.43it/s]
 57%|█████▊    | 23/40 [00:05<00:03,  4.45it/s]
 60%|██████    | 24/40 [00:05<00:03,  4.47it/s]
 62%|██████▎   | 25/40 [00:05<00:03,  4.48it/s]
 65%|██████▌   | 26/40 [00:05<00:03,  4.50it/s]
 68%|██████▊   | 27/40 [00:05<00:02,  4.51it/s]
 70%|███████   | 28/40 [00:06<00:02,  4.50it/s]
 72%|███████▎  | 29/40 [00:06<00:02,  4.45it/s]
 75%|███████▌  | 30/40 [00:06<00:02,  4.47it/s]
 78%|███████▊  | 31/40 [00:06<00:01,  4.55it/s]
 80%|████████  | 32/40 [00:07<00:01,  4.44it/s]
 82%|████████▎ | 33/40 [00:07<00:01,  4.47it/s]
 85%|████████▌ | 34/40 [00:07<00:01,  4.48it/s]
 88%|████████▊ | 35/40 [00:07<00:01,  4.49it/s]
 90%|█████████ | 36/40 [00:07<00:00,  4.50it/s]
 92%|█████████▎| 37/40 [00:08<00:00,  4.50it/s]
 95%|█████████▌| 38/40 [00:08<00:00,  4.51it/s]
 98%|█████████▊| 39/40 [00:08<00:00,  4.51it/s]
100%|██████████| 40/40 [00:08<00:00,  4.51it/s]
100%|██████████| 40/40 [00:08<00:00,  4.50it/s]
   05-the-patrol-wave1-s1.png seed=20261724 9s  (2/4)

  0%|          | 0/40 [00:00<?, ?it/s]
  2%|▎         | 1/40 [00:00<00:07,  5.08it/s]
  5%|▌         | 2/40 [00:00<00:07,  4.94it/s]
  8%|▊         | 3/40 [00:00<00:07,  4.74it/s]
 10%|█         | 4/40 [00:00<00:07,  4.51it/s]
 12%|█▎        | 5/40 [00:01<00:07,  4.39it/s]
 15%|█▌        | 6/40 [00:01<00:07,  4.53it/s]
 18%|█▊        | 7/40 [00:01<00:07,  4.52it/s]
 20%|██        | 8/40 [00:01<00:07,  4.51it/s]
 22%|██▎       | 9/40 [00:01<00:07,  4.41it/s]
 25%|██▌       | 10/40 [00:02<00:06,  4.44it/s]
 28%|██▊       | 11/40 [00:02<00:06,  4.56it/s]
 30%|███       | 12/40 [00:02<00:06,  4.49it/s]
 32%|███▎      | 13/40 [00:02<00:06,  4.46it/s]
 35%|███▌      | 14/40 [00:03<00:05,  4.48it/s]
 38%|███▊      | 15/40 [00:03<00:05,  4.43it/s]
 40%|████      | 16/40 [00:03<00:05,  4.52it/s]
 42%|████▎     | 17/40 [00:03<00:05,  4.52it/s]
 45%|████▌     | 18/40 [00:04<00:04,  4.42it/s]
 48%|████▊     | 19/40 [00:04<00:04,  4.43it/s]
 50%|█████     | 20/40 [00:04<00:04,  4.47it/s]
 52%|█████▎    | 21/40 [00:04<00:04,  4.49it/s]
 55%|█████▌    | 22/40 [00:04<00:04,  4.50it/s]
 57%|█████▊    | 23/40 [00:05<00:03,  4.41it/s]
 60%|██████    | 24/40 [00:05<00:03,  4.53it/s]
 62%|██████▎   | 25/40 [00:05<00:03,  4.45it/s]
 65%|██████▌   | 26/40 [00:05<00:03,  4.45it/s]
 68%|██████▊   | 27/40 [00:06<00:02,  4.47it/s]
 70%|███████   | 28/40 [00:06<00:02,  4.48it/s]
 72%|███████▎  | 29/40 [00:06<00:02,  4.50it/s]
 75%|███████▌  | 30/40 [00:06<00:02,  4.44it/s]
 78%|███████▊  | 31/40 [00:06<00:02,  4.43it/s]
 80%|████████  | 32/40 [00:07<00:01,  4.45it/s]
 82%|████████▎ | 33/40 [00:07<00:01,  4.46it/s]
 85%|████████▌ | 34/40 [00:07<00:01,  4.48it/s]
 88%|████████▊ | 35/40 [00:07<00:01,  4.48it/s]
 90%|█████████ | 36/40 [00:08<00:00,  4.49it/s]
 92%|█████████▎| 37/40 [00:08<00:00,  4.50it/s]
 95%|█████████▌| 38/40 [00:08<00:00,  4.50it/s]
 98%|█████████▊| 39/40 [00:08<00:00,  4.51it/s]
100%|██████████| 40/40 [00:08<00:00,  4.42it/s]
100%|██████████| 40/40 [00:08<00:00,  4.48it/s]
   05-the-patrol-wave1-s2.png seed=20262724 9s  (3/4)

  0%|          | 0/40 [00:00<?, ?it/s]
  2%|▎         | 1/40 [00:00<00:07,  4.88it/s]
  5%|▌         | 2/40 [00:00<00:07,  4.79it/s]
  8%|▊         | 3/40 [00:00<00:07,  4.72it/s]
 10%|█         | 4/40 [00:00<00:07,  4.51it/s]
 12%|█▎        | 5/40 [00:01<00:07,  4.39it/s]
 15%|█▌        | 6/40 [00:01<00:07,  4.55it/s]
 18%|█▊        | 7/40 [00:01<00:07,  4.54it/s]
 20%|██        | 8/40 [00:01<00:07,  4.53it/s]
 22%|██▎       | 9/40 [00:01<00:07,  4.43it/s]
 25%|██▌       | 10/40 [00:02<00:06,  4.39it/s]
 28%|██▊       | 11/40 [00:02<00:06,  4.47it/s]
 30%|███       | 12/40 [00:02<00:06,  4.51it/s]
 32%|███▎      | 13/40 [00:02<00:06,  4.42it/s]
 35%|███▌      | 14/40 [00:03<00:05,  4.40it/s]
 38%|███▊      | 15/40 [00:03<00:05,  4.48it/s]
 40%|████      | 16/40 [00:03<00:05,  4.48it/s]
 42%|████▎     | 17/40 [00:03<00:05,  4.45it/s]
 45%|████▌     | 18/40 [00:04<00:04,  4.43it/s]
 48%|████▊     | 19/40 [00:04<00:04,  4.46it/s]
 50%|█████     | 20/40 [00:04<00:04,  4.47it/s]
 52%|█████▎    | 21/40 [00:04<00:04,  4.48it/s]
 55%|█████▌    | 22/40 [00:04<00:04,  4.49it/s]
 57%|█████▊    | 23/40 [00:05<00:03,  4.50it/s]
 60%|██████    | 24/40 [00:05<00:03,  4.50it/s]
 62%|██████▎   | 25/40 [00:05<00:03,  4.51it/s]
 65%|██████▌   | 26/40 [00:05<00:03,  4.42it/s]
 68%|██████▊   | 27/40 [00:06<00:02,  4.45it/s]
 70%|███████   | 28/40 [00:06<00:02,  4.47it/s]
 72%|███████▎  | 29/40 [00:06<00:02,  4.43it/s]
 75%|███████▌  | 30/40 [00:06<00:02,  4.51it/s]
 78%|███████▊  | 31/40 [00:06<00:02,  4.42it/s]
 80%|████████  | 32/40 [00:07<00:01,  4.45it/s]
 82%|████████▎ | 33/40 [00:07<00:01,  4.47it/s]
 85%|████████▌ | 34/40 [00:07<00:01,  4.44it/s]
 88%|████████▊ | 35/40 [00:07<00:01,  4.51it/s]
 90%|█████████ | 36/40 [00:08<00:00,  4.42it/s]
 92%|█████████▎| 37/40 [00:08<00:00,  4.43it/s]
 95%|█████████▌| 38/40 [00:08<00:00,  4.46it/s]
 98%|█████████▊| 39/40 [00:08<00:00,  4.45it/s]
100%|██████████| 40/40 [00:08<00:00,  4.45it/s]
100%|██████████| 40/40 [00:08<00:00,  4.47it/s]
   05-the-patrol-wave1-s3.png seed=20263724 9s  (4/4)

DONE 4 stills — ONE beat. The other fourteen wait on his verdict.
==== step sample END rc=0 2026-08-12T09:14:32Z ====

==== step publish START 2026-08-12T09:14:32Z ====
argv: ["C:\\banyan-farm\\venv\\Scripts\\python.exe", "-c", "import glob, hashlib, os, shutil\ndst = \"C:/banyan-farm/courier-box/farm-out/ep2-charref-guards-0812\"\nos.makedirs(dst, exist_ok=True)\nsrc = sorted(glob.glob(\"C:/banyan-farm/wave-goblin-prep/out-charref-guards/05-the-patrol-wave1-s*.*\"))\nlines = []\nfor f in src:\n    shutil.copy2(f, dst)\n    c = os.path.join(dst, os.path.basename(f))\n    with open(c, \"rb\") as fh:\n        h = hashlib.sha256(fh.read()).hexdigest()\n    lines.append(h + \"  \" + os.path.basename(f))\n    print(\"   \", os.path.basename(f), h[:16])\nwith open(os.path.join(dst, \"ep2-charref-guards-0812.sha256\"), \"w\", newline=\"\\n\") as fh:\n    fh.write(\"\\n\".join(lines) + \"\\n\")\nprint(\"published\", len(src), \"file(s) + manifest ->\", dst)\nraise SystemExit(0 if len(src) == 8 else 1)\n"]
    05-the-patrol-wave1-s0.png a949ea79ac456a60
    05-the-patrol-wave1-s0.yaml 75897f06808d1e11
    05-the-patrol-wave1-s1.png 9db8cdf0be2249a9
    05-the-patrol-wave1-s1.yaml 3268070fa5f97b82
    05-the-patrol-wave1-s2.png d84b3d0f40a6d16a
    05-the-patrol-wave1-s2.yaml 6d19361403c92e8c
    05-the-patrol-wave1-s3.png 022045d6575edfb0
    05-the-patrol-wave1-s3.yaml 93636c4947f44b19
published 8 file(s) + manifest -> C:/banyan-farm/courier-box/farm-out/ep2-charref-guards-0812
==== step publish END rc=0 2026-08-12T09:14:32Z ====
#### job ep2-charref-guards-0812-1786525096 finished rc=0 2026-08-12T09:14:32Z
