  2%|▎         | 1/40 [00:00<00:08,  4.75it/s]
  5%|▌         | 2/40 [00:00<00:07,  4.81it/s]
  8%|▊         | 3/40 [00:00<00:08,  4.57it/s]
 10%|█         | 4/40 [00:00<00:08,  4.31it/s]
 12%|█▎        | 5/40 [00:01<00:08,  4.24it/s]
 15%|█▌        | 6/40 [00:01<00:07,  4.33it/s]
 18%|█▊        | 7/40 [00:01<00:07,  4.39it/s]
 20%|██        | 8/40 [00:01<00:07,  4.37it/s]
 22%|██▎       | 9/40 [00:02<00:07,  4.29it/s]
 25%|██▌       | 10/40 [00:02<00:06,  4.32it/s]
 28%|██▊       | 11/40 [00:02<00:06,  4.42it/s]
 30%|███       | 12/40 [00:02<00:06,  4.45it/s]
 32%|███▎      | 13/40 [00:02<00:06,  4.38it/s]
 35%|███▌      | 14/40 [00:03<00:06,  4.33it/s]
 38%|███▊      | 15/40 [00:03<00:05,  4.39it/s]
 40%|████      | 16/40 [00:03<00:05,  4.52it/s]
 42%|████▎     | 17/40 [00:03<00:05,  4.39it/s]
 45%|████▌     | 18/40 [00:04<00:05,  4.37it/s]
 48%|████▊     | 19/40 [00:04<00:04,  4.41it/s]
 50%|█████     | 20/40 [00:04<00:04,  4.44it/s]
 52%|█████▎    | 21/40 [00:04<00:04,  4.47it/s]
 55%|█████▌    | 22/40 [00:04<00:04,  4.39it/s]
 57%|█████▊    | 23/40 [00:05<00:03,  4.33it/s]
 60%|██████    | 24/40 [00:05<00:03,  4.38it/s]
 62%|██████▎   | 25/40 [00:05<00:03,  4.42it/s]
 65%|██████▌   | 26/40 [00:05<00:03,  4.36it/s]
 68%|██████▊   | 27/40 [00:06<00:02,  4.40it/s]
 70%|███████   | 28/40 [00:06<00:02,  4.43it/s]
 72%|███████▎  | 29/40 [00:06<00:02,  4.46it/s]
 75%|███████▌  | 30/40 [00:06<00:02,  4.38it/s]
 78%|███████▊  | 31/40 [00:07<00:02,  4.42it/s]
 80%|████████  | 32/40 [00:07<00:01,  4.36it/s]
 82%|████████▎ | 33/40 [00:07<00:01,  4.40it/s]
 85%|████████▌ | 34/40 [00:07<00:01,  4.43it/s]
 88%|████████▊ | 35/40 [00:07<00:01,  4.46it/s]
 90%|█████████ | 36/40 [00:08<00:00,  4.38it/s]
 92%|█████████▎| 37/40 [00:08<00:00,  4.42it/s]
 95%|█████████▌| 38/40 [00:08<00:00,  4.45it/s]
 98%|█████████▊| 39/40 [00:08<00:00,  4.37it/s]
100%|██████████| 40/40 [00:09<00:00,  4.37it/s]
100%|██████████| 40/40 [00:09<00:00,  4.40it/s]
   07-confiscate-ipa-r2-w015-s0.png seed=20260726 9s  (9/12)

  0%|          | 0/40 [00:00<?, ?it/s]
  2%|▎         | 1/40 [00:00<00:08,  4.74it/s]
  5%|▌         | 2/40 [00:00<00:07,  4.80it/s]
  8%|▊         | 3/40 [00:00<00:08,  4.51it/s]
 10%|█         | 4/40 [00:00<00:08,  4.27it/s]
 12%|█▎        | 5/40 [00:01<00:08,  4.25it/s]
 15%|█▌        | 6/40 [00:01<00:07,  4.34it/s]
 18%|█▊        | 7/40 [00:01<00:07,  4.39it/s]
 20%|██        | 8/40 [00:01<00:07,  4.33it/s]
 22%|██▎       | 9/40 [00:02<00:07,  4.29it/s]
 25%|██▌       | 10/40 [00:02<00:06,  4.36it/s]
 28%|██▊       | 11/40 [00:02<00:06,  4.50it/s]
 30%|███       | 12/40 [00:02<00:06,  4.41it/s]
 32%|███▎      | 13/40 [00:02<00:06,  4.35it/s]
 35%|███▌      | 14/40 [00:03<00:05,  4.40it/s]
 38%|███▊      | 15/40 [00:03<00:05,  4.43it/s]
 40%|████      | 16/40 [00:03<00:05,  4.45it/s]
 42%|████▎     | 17/40 [00:03<00:05,  4.38it/s]
 45%|████▌     | 18/40 [00:04<00:05,  4.32it/s]
 48%|████▊     | 19/40 [00:04<00:04,  4.38it/s]
 50%|█████     | 20/40 [00:04<00:04,  4.42it/s]
 52%|█████▎    | 21/40 [00:04<00:04,  4.45it/s]
 55%|█████▌    | 22/40 [00:05<00:04,  4.37it/s]
 57%|█████▊    | 23/40 [00:05<00:03,  4.41it/s]
 60%|██████    | 24/40 [00:05<00:03,  4.44it/s]
 62%|██████▎   | 25/40 [00:05<00:03,  4.46it/s]
 65%|██████▌   | 26/40 [00:05<00:03,  4.38it/s]
 68%|██████▊   | 27/40 [00:06<00:02,  4.42it/s]
 70%|███████   | 28/40 [00:06<00:02,  4.44it/s]
 72%|███████▎  | 29/40 [00:06<00:02,  4.37it/s]
 75%|███████▌  | 30/40 [00:06<00:02,  4.40it/s]
 78%|███████▊  | 31/40 [00:07<00:02,  4.43it/s]
 80%|████████  | 32/40 [00:07<00:01,  4.36it/s]
 82%|████████▎ | 33/40 [00:07<00:01,  4.40it/s]
 85%|████████▌ | 34/40 [00:07<00:01,  4.43it/s]
 88%|████████▊ | 35/40 [00:07<00:01,  4.37it/s]
 90%|█████████ | 36/40 [00:08<00:00,  4.41it/s]
 92%|█████████▎| 37/40 [00:08<00:00,  4.44it/s]
 95%|█████████▌| 38/40 [00:08<00:00,  4.37it/s]
 98%|█████████▊| 39/40 [00:08<00:00,  4.42it/s]
100%|██████████| 40/40 [00:09<00:00,  4.44it/s]
100%|██████████| 40/40 [00:09<00:00,  4.41it/s]
   07-confiscate-ipa-r2-w015-s1.png seed=20261726 9s  (10/12)

  0%|          | 0/40 [00:00<?, ?it/s]
  2%|▎         | 1/40 [00:00<00:07,  4.93it/s]
  5%|▌         | 2/40 [00:00<00:08,  4.68it/s]
  8%|▊         | 3/40 [00:00<00:08,  4.61it/s]
 10%|█         | 4/40 [00:00<00:08,  4.32it/s]
 12%|█▎        | 5/40 [00:01<00:08,  4.18it/s]
 15%|█▌        | 6/40 [00:01<00:07,  4.29it/s]
 18%|█▊        | 7/40 [00:01<00:07,  4.37it/s]
 20%|██        | 8/40 [00:01<00:07,  4.41it/s]
 22%|██▎       | 9/40 [00:02<00:07,  4.25it/s]
 25%|██▌       | 10/40 [00:02<00:06,  4.33it/s]
 28%|██▊       | 11/40 [00:02<00:06,  4.48it/s]
 30%|███       | 12/40 [00:02<00:06,  4.49it/s]
 32%|███▎      | 13/40 [00:02<00:06,  4.31it/s]
 35%|███▌      | 14/40 [00:03<00:05,  4.37it/s]
 38%|███▊      | 15/40 [00:03<00:05,  4.41it/s]
 40%|████      | 16/40 [00:03<00:05,  4.45it/s]
 42%|████▎     | 17/40 [00:03<00:05,  4.37it/s]
 45%|████▌     | 18/40 [00:04<00:05,  4.32it/s]
 48%|████▊     | 19/40 [00:04<00:04,  4.38it/s]
 50%|█████     | 20/40 [00:04<00:04,  4.42it/s]
 52%|█████▎    | 21/40 [00:04<00:04,  4.45it/s]
 55%|█████▌    | 22/40 [00:05<00:04,  4.38it/s]
 57%|█████▊    | 23/40 [00:05<00:03,  4.41it/s]
 60%|██████    | 24/40 [00:05<00:03,  4.38it/s]
 62%|██████▎   | 25/40 [00:05<00:03,  4.40it/s]
 65%|██████▌   | 26/40 [00:05<00:03,  4.37it/s]
 68%|██████▊   | 27/40 [00:06<00:02,  4.36it/s]
 70%|███████   | 28/40 [00:06<00:02,  4.40it/s]
 72%|███████▎  | 29/40 [00:06<00:02,  4.42it/s]
 75%|███████▌  | 30/40 [00:06<00:02,  4.42it/s]
 78%|███████▊  | 31/40 [00:07<00:02,  4.45it/s]
 80%|████████  | 32/40 [00:07<00:01,  4.37it/s]
 82%|████████▎ | 33/40 [00:07<00:01,  4.40it/s]
 85%|████████▌ | 34/40 [00:07<00:01,  4.39it/s]
 88%|████████▊ | 35/40 [00:07<00:01,  4.38it/s]
 90%|█████████ | 36/40 [00:08<00:00,  4.45it/s]
 92%|█████████▎| 37/40 [00:08<00:00,  4.38it/s]
 95%|█████████▌| 38/40 [00:08<00:00,  4.40it/s]
 98%|█████████▊| 39/40 [00:08<00:00,  4.38it/s]
100%|██████████| 40/40 [00:09<00:00,  4.38it/s]
100%|██████████| 40/40 [00:09<00:00,  4.39it/s]
   07-confiscate-ipa-r2-w015-s2.png seed=20262726 10s  (11/12)

  0%|          | 0/40 [00:00<?, ?it/s]
  2%|▎         | 1/40 [00:00<00:08,  4.72it/s]
  5%|▌         | 2/40 [00:00<00:08,  4.65it/s]
  8%|▊         | 3/40 [00:00<00:07,  4.63it/s]
 10%|█         | 4/40 [00:00<00:08,  4.31it/s]
 12%|█▎        | 5/40 [00:01<00:08,  4.21it/s]
 15%|█▌        | 6/40 [00:01<00:07,  4.27it/s]
 18%|█▊        | 7/40 [00:01<00:07,  4.43it/s]
 20%|██        | 8/40 [00:01<00:07,  4.45it/s]
 22%|██▎       | 9/40 [00:02<00:07,  4.23it/s]
 25%|██▌       | 10/40 [00:02<00:06,  4.32it/s]
 28%|██▊       | 11/40 [00:02<00:06,  4.41it/s]
 30%|███       | 12/40 [00:02<00:06,  4.43it/s]
 32%|███▎      | 13/40 [00:02<00:06,  4.39it/s]
 35%|███▌      | 14/40 [00:03<00:05,  4.34it/s]
 38%|███▊      | 15/40 [00:03<00:05,  4.38it/s]
 40%|████      | 16/40 [00:03<00:05,  4.52it/s]
 42%|████▎     | 17/40 [00:03<00:05,  4.34it/s]
 45%|████▌     | 18/40 [00:04<00:05,  4.39it/s]
 48%|████▊     | 19/40 [00:04<00:04,  4.42it/s]
 50%|█████     | 20/40 [00:04<00:04,  4.45it/s]
 52%|█████▎    | 21/40 [00:04<00:04,  4.36it/s]
 55%|█████▌    | 22/40 [00:05<00:04,  4.32it/s]
 57%|█████▊    | 23/40 [00:05<00:03,  4.34it/s]
 60%|██████    | 24/40 [00:05<00:03,  4.45it/s]
 62%|██████▎   | 25/40 [00:05<00:03,  4.46it/s]
 65%|██████▌   | 26/40 [00:05<00:03,  4.38it/s]
 68%|██████▊   | 27/40 [00:06<00:03,  4.33it/s]
 70%|███████   | 28/40 [00:06<00:02,  4.38it/s]
 72%|███████▎  | 29/40 [00:06<00:02,  4.42it/s]
 75%|███████▌  | 30/40 [00:06<00:02,  4.38it/s]
 78%|███████▊  | 31/40 [00:07<00:02,  4.40it/s]
 80%|████████  | 32/40 [00:07<00:01,  4.37it/s]
 82%|████████▎ | 33/40 [00:07<00:01,  4.48it/s]
 85%|████████▌ | 34/40 [00:07<00:01,  4.40it/s]
 88%|████████▊ | 35/40 [00:07<00:01,  4.36it/s]
 90%|█████████ | 36/40 [00:08<00:00,  4.36it/s]
 92%|█████████▎| 37/40 [00:08<00:00,  4.44it/s]
 95%|█████████▌| 38/40 [00:08<00:00,  4.38it/s]
 98%|█████████▊| 39/40 [00:08<00:00,  4.41it/s]
100%|██████████| 40/40 [00:09<00:00,  4.44it/s]
100%|██████████| 40/40 [00:09<00:00,  4.40it/s]
   07-confiscate-ipa-r2-w015-s3.png seed=20263726 10s  (12/12)

DONE 12 stills — ONE beat. The other fourteen wait on his verdict.
==== step sample END rc=0 2026-08-19T07:48:50Z ====

==== step publish START 2026-08-19T07:48:50Z ====
argv: ["C:\\banyan-farm\\venv\\Scripts\\python.exe", "-c", "import glob, hashlib, os, shutil\nsrcdir = \"C:/banyan-farm/goblin-ipa-0812/out-b07-scavcostume-0819\"\ndst = \"C:/banyan-farm/courier-box/farm-out/ep2-b07-scavcostume-0819\"\nos.makedirs(dst, exist_ok=True)\nsrc = sorted(glob.glob(srcdir + \"/07-confiscate-*\"))\npngs = [f for f in src if f.lower().endswith(\".png\")]\nlines = []\nfor f in src:\n    shutil.copy2(f, dst)\n    c = os.path.join(dst, os.path.basename(f))\n    with open(c, \"rb\") as fh:\n        h = hashlib.sha256(fh.read()).hexdigest()\n    lines.append(h + \"  \" + os.path.basename(f))\nwith open(os.path.join(dst, \"ep2-b07-scavcostume-0819.sha256\"), \"w\", newline=\"\\n\") as fh:\n    fh.write(\"\\n\".join(lines) + \"\\n\")\nprint(\"published\", len(src), \"file(s),\", len(pngs), \"png + manifest ->\", dst)\n# frame count is 12, not 16: 4 seeds x 3 DISTINCT reference sha256s. refs-guards-twoinfield-nos2-0815 holds 3 distinct images in 4 slots (s0 and s3 are the same bytes; hashed on the box 2026-08-17), and dedup_cells drops the cell that would redraw s0, so the grid is 3 cells x 4 seeds. Hardcoded rather than derived from seeds x distinct-ref-sha256 because deriving it means mirroring the sampler slot enumeration while another lane is editing the sampler; derive it when that settles.\nraise SystemExit(0 if len(pngs) >= 12 else 1)\n"]
published 24 file(s), 12 png + manifest -> C:/banyan-farm/courier-box/farm-out/ep2-b07-scavcostume-0819
==== step publish END rc=0 2026-08-19T07:48:50Z ====

==== step verify START 2026-08-19T07:48:50Z ====
argv: ["C:\\banyan-farm\\venv\\Scripts\\python.exe", "-c", "import glob, sys\nd = \"C:/banyan-farm/courier-box/farm-out/ep2-b07-scavcostume-0819\"\np = sorted(glob.glob(d + \"/07-confiscate-*.png\"))\nprint(\"published pngs:\", len(p))\nfor f in p:\n    print(\"   \", f.rsplit(\"/\", 1)[-1])\nif len(p) < 12:\n    sys.exit(\"FAILED: %d published png(s), expected 12 (3 distinct reference cells x 4 seeds). A short grid is not a sample, and the manifest alone cannot tell the difference.\" % len(p))\n"]
published pngs: 12
    ep2-b07-scavcostume-0819\07-confiscate-ipa-r0-w015-s0.png
    ep2-b07-scavcostume-0819\07-confiscate-ipa-r0-w015-s1.png
    ep2-b07-scavcostume-0819\07-confiscate-ipa-r0-w015-s2.png
    ep2-b07-scavcostume-0819\07-confiscate-ipa-r0-w015-s3.png
    ep2-b07-scavcostume-0819\07-confiscate-ipa-r1-w015-s0.png
    ep2-b07-scavcostume-0819\07-confiscate-ipa-r1-w015-s1.png
    ep2-b07-scavcostume-0819\07-confiscate-ipa-r1-w015-s2.png
    ep2-b07-scavcostume-0819\07-confiscate-ipa-r1-w015-s3.png
    ep2-b07-scavcostume-0819\07-confiscate-ipa-r2-w015-s0.png
    ep2-b07-scavcostume-0819\07-confiscate-ipa-r2-w015-s1.png
    ep2-b07-scavcostume-0819\07-confiscate-ipa-r2-w015-s2.png
    ep2-b07-scavcostume-0819\07-confiscate-ipa-r2-w015-s3.png
==== step verify END rc=0 2026-08-19T07:48:50Z ====
#### job ep2-b07-scavcostume-0819-1787125588 finished rc=0 2026-08-19T07:48:50Z
