 82%|████████▎ | 33/40 [00:07<00:01,  4.41it/s]
 85%|████████▌ | 34/40 [00:07<00:01,  4.44it/s]
 88%|████████▊ | 35/40 [00:07<00:01,  4.47it/s]
 90%|█████████ | 36/40 [00:08<00:00,  4.39it/s]
 92%|█████████▎| 37/40 [00:08<00:00,  4.42it/s]
 95%|█████████▌| 38/40 [00:08<00:00,  4.45it/s]
 98%|█████████▊| 39/40 [00:08<00:00,  4.38it/s]
100%|██████████| 40/40 [00:09<00:00,  4.42it/s]
100%|██████████| 40/40 [00:09<00:00,  4.41it/s]
   01-cold-open-ipa-r2-w015-s3.png seed=20263720 10s  (12/16)

  0%|          | 0/40 [00:00<?, ?it/s]
  2%|▎         | 1/40 [00:00<00:07,  5.01it/s]
  5%|▌         | 2/40 [00:00<00:08,  4.70it/s]
  8%|▊         | 3/40 [00:00<00:08,  4.61it/s]
 10%|█         | 4/40 [00:00<00:08,  4.23it/s]
 12%|█▎        | 5/40 [00:01<00:08,  4.20it/s]
 15%|█▌        | 6/40 [00:01<00:08,  4.21it/s]
 18%|█▊        | 7/40 [00:01<00:07,  4.40it/s]
 20%|██        | 8/40 [00:01<00:07,  4.33it/s]
 22%|██▎       | 9/40 [00:02<00:07,  4.30it/s]
 25%|██▌       | 10/40 [00:02<00:06,  4.36it/s]
 28%|██▊       | 11/40 [00:02<00:06,  4.40it/s]
 30%|███       | 12/40 [00:02<00:06,  4.44it/s]
 32%|███▎      | 13/40 [00:02<00:06,  4.37it/s]
 35%|███▌      | 14/40 [00:03<00:06,  4.31it/s]
 38%|███▊      | 15/40 [00:03<00:05,  4.37it/s]
 40%|████      | 16/40 [00:03<00:05,  4.41it/s]
 42%|████▎     | 17/40 [00:03<00:05,  4.43it/s]
 45%|████▌     | 18/40 [00:04<00:05,  4.37it/s]
 48%|████▊     | 19/40 [00:04<00:04,  4.41it/s]
 50%|█████     | 20/40 [00:04<00:04,  4.45it/s]
 52%|█████▎    | 21/40 [00:04<00:04,  4.46it/s]
 55%|█████▌    | 22/40 [00:05<00:04,  4.38it/s]
 57%|█████▊    | 23/40 [00:05<00:03,  4.42it/s]
 60%|██████    | 24/40 [00:05<00:03,  4.36it/s]
 62%|██████▎   | 25/40 [00:05<00:03,  4.40it/s]
 65%|██████▌   | 26/40 [00:05<00:03,  4.43it/s]
 68%|██████▊   | 27/40 [00:06<00:02,  4.37it/s]
 70%|███████   | 28/40 [00:06<00:02,  4.40it/s]
 72%|███████▎  | 29/40 [00:06<00:02,  4.45it/s]
 75%|███████▌  | 30/40 [00:06<00:02,  4.41it/s]
 78%|███████▊  | 31/40 [00:07<00:02,  4.41it/s]
 80%|████████  | 32/40 [00:07<00:01,  4.44it/s]
 82%|████████▎ | 33/40 [00:07<00:01,  4.46it/s]
 85%|████████▌ | 34/40 [00:07<00:01,  4.48it/s]
 88%|████████▊ | 35/40 [00:07<00:01,  4.39it/s]
 90%|█████████ | 36/40 [00:08<00:00,  4.42it/s]
 92%|█████████▎| 37/40 [00:08<00:00,  4.44it/s]
 95%|█████████▌| 38/40 [00:08<00:00,  4.47it/s]
 98%|█████████▊| 39/40 [00:08<00:00,  4.39it/s]
100%|██████████| 40/40 [00:09<00:00,  4.43it/s]
100%|██████████| 40/40 [00:09<00:00,  4.40it/s]
   01-cold-open-ipa-r3-w015-s0.png seed=20260720 10s  (13/16)

  0%|          | 0/40 [00:00<?, ?it/s]
  2%|▎         | 1/40 [00:00<00:07,  4.92it/s]
  5%|▌         | 2/40 [00:00<00:08,  4.67it/s]
  8%|▊         | 3/40 [00:00<00:07,  4.76it/s]
 10%|█         | 4/40 [00:00<00:08,  4.29it/s]
 12%|█▎        | 5/40 [00:01<00:08,  4.26it/s]
 15%|█▌        | 6/40 [00:01<00:08,  4.25it/s]
 18%|█▊        | 7/40 [00:01<00:07,  4.43it/s]
 20%|██        | 8/40 [00:01<00:07,  4.36it/s]
 22%|██▎       | 9/40 [00:02<00:07,  4.22it/s]
 25%|██▌       | 10/40 [00:02<00:06,  4.30it/s]
 28%|██▊       | 11/40 [00:02<00:06,  4.46it/s]
 30%|███       | 12/40 [00:02<00:06,  4.47it/s]
 32%|███▎      | 13/40 [00:02<00:06,  4.39it/s]
 35%|███▌      | 14/40 [00:03<00:05,  4.34it/s]
 38%|███▊      | 15/40 [00:03<00:05,  4.39it/s]
 40%|████      | 16/40 [00:03<00:05,  4.43it/s]
 42%|████▎     | 17/40 [00:03<00:05,  4.45it/s]
 45%|████▌     | 18/40 [00:04<00:05,  4.38it/s]
 48%|████▊     | 19/40 [00:04<00:04,  4.42it/s]
 50%|█████     | 20/40 [00:04<00:04,  4.38it/s]
 52%|█████▎    | 21/40 [00:04<00:04,  4.39it/s]
 55%|█████▌    | 22/40 [00:05<00:04,  4.36it/s]
 57%|█████▊    | 23/40 [00:05<00:03,  4.38it/s]
 60%|██████    | 24/40 [00:05<00:03,  4.42it/s]
 62%|██████▎   | 25/40 [00:05<00:03,  4.45it/s]
 65%|██████▌   | 26/40 [00:05<00:03,  4.46it/s]
 68%|██████▊   | 27/40 [00:06<00:02,  4.38it/s]
 70%|███████   | 28/40 [00:06<00:02,  4.42it/s]
 72%|███████▎  | 29/40 [00:06<00:02,  4.44it/s]
 75%|███████▌  | 30/40 [00:06<00:02,  4.41it/s]
 78%|███████▊  | 31/40 [00:07<00:02,  4.40it/s]
 80%|████████  | 32/40 [00:07<00:01,  4.43it/s]
 82%|████████▎ | 33/40 [00:07<00:01,  4.46it/s]
 85%|████████▌ | 34/40 [00:07<00:01,  4.42it/s]
 88%|████████▊ | 35/40 [00:07<00:01,  4.41it/s]
 90%|█████████ | 36/40 [00:08<00:00,  4.40it/s]
 92%|█████████▎| 37/40 [00:08<00:00,  4.42it/s]
 95%|█████████▌| 38/40 [00:08<00:00,  4.43it/s]
 98%|█████████▊| 39/40 [00:08<00:00,  4.44it/s]
100%|██████████| 40/40 [00:09<00:00,  4.46it/s]
100%|██████████| 40/40 [00:09<00:00,  4.41it/s]
   01-cold-open-ipa-r3-w015-s1.png seed=20261720 10s  (14/16)

  0%|          | 0/40 [00:00<?, ?it/s]
  2%|▎         | 1/40 [00:00<00:08,  4.61it/s]
  5%|▌         | 2/40 [00:00<00:08,  4.75it/s]
  8%|▊         | 3/40 [00:00<00:07,  4.64it/s]
 10%|█         | 4/40 [00:00<00:08,  4.34it/s]
 12%|█▎        | 5/40 [00:01<00:08,  4.18it/s]
 15%|█▌        | 6/40 [00:01<00:07,  4.29it/s]
 18%|█▊        | 7/40 [00:01<00:07,  4.36it/s]
 20%|██        | 8/40 [00:01<00:07,  4.40it/s]
 22%|██▎       | 9/40 [00:02<00:07,  4.25it/s]
 25%|██▌       | 10/40 [00:02<00:06,  4.33it/s]
 28%|██▊       | 11/40 [00:02<00:06,  4.48it/s]
 30%|███       | 12/40 [00:02<00:06,  4.49it/s]
 32%|███▎      | 13/40 [00:02<00:06,  4.31it/s]
 35%|███▌      | 14/40 [00:03<00:05,  4.37it/s]
 38%|███▊      | 15/40 [00:03<00:05,  4.41it/s]
 40%|████      | 16/40 [00:03<00:05,  4.44it/s]
 42%|████▎     | 17/40 [00:03<00:05,  4.46it/s]
 45%|████▌     | 18/40 [00:04<00:05,  4.39it/s]
 48%|████▊     | 19/40 [00:04<00:04,  4.42it/s]
 50%|█████     | 20/40 [00:04<00:04,  4.41it/s]
 52%|█████▎    | 21/40 [00:04<00:04,  4.49it/s]
 55%|█████▌    | 22/40 [00:04<00:04,  4.40it/s]
 57%|█████▊    | 23/40 [00:05<00:03,  4.35it/s]
 60%|██████    | 24/40 [00:05<00:03,  4.48it/s]
 62%|██████▎   | 25/40 [00:05<00:03,  4.40it/s]
 65%|██████▌   | 26/40 [00:05<00:03,  4.43it/s]
 68%|██████▊   | 27/40 [00:06<00:02,  4.36it/s]
 70%|███████   | 28/40 [00:06<00:02,  4.41it/s]
 72%|███████▎  | 29/40 [00:06<00:02,  4.44it/s]
 75%|███████▌  | 30/40 [00:06<00:02,  4.46it/s]
 78%|███████▊  | 31/40 [00:07<00:02,  4.38it/s]
 80%|████████  | 32/40 [00:07<00:01,  4.40it/s]
 82%|████████▎ | 33/40 [00:07<00:01,  4.42it/s]
 85%|████████▌ | 34/40 [00:07<00:01,  4.43it/s]
 88%|████████▊ | 35/40 [00:07<00:01,  4.43it/s]
 90%|█████████ | 36/40 [00:08<00:00,  4.45it/s]
 92%|█████████▎| 37/40 [00:08<00:00,  4.47it/s]
 95%|█████████▌| 38/40 [00:08<00:00,  4.39it/s]
 98%|█████████▊| 39/40 [00:08<00:00,  4.41it/s]
100%|██████████| 40/40 [00:09<00:00,  4.43it/s]
100%|██████████| 40/40 [00:09<00:00,  4.41it/s]
   01-cold-open-ipa-r3-w015-s2.png seed=20262720 10s  (15/16)

  0%|          | 0/40 [00:00<?, ?it/s]
  2%|▎         | 1/40 [00:00<00:08,  4.77it/s]
  5%|▌         | 2/40 [00:00<00:08,  4.62it/s]
  8%|▊         | 3/40 [00:00<00:07,  4.73it/s]
 10%|█         | 4/40 [00:00<00:08,  4.27it/s]
 12%|█▎        | 5/40 [00:01<00:08,  4.25it/s]
 15%|█▌        | 6/40 [00:01<00:08,  4.24it/s]
 18%|█▊        | 7/40 [00:01<00:07,  4.33it/s]
 20%|██        | 8/40 [00:01<00:07,  4.38it/s]
 22%|██▎       | 9/40 [00:02<00:07,  4.32it/s]
 25%|██▌       | 10/40 [00:02<00:06,  4.29it/s]
 28%|██▊       | 11/40 [00:02<00:06,  4.45it/s]
 30%|███       | 12/40 [00:02<00:06,  4.39it/s]
 32%|███▎      | 13/40 [00:02<00:06,  4.33it/s]
 35%|███▌      | 14/40 [00:03<00:05,  4.38it/s]
 38%|███▊      | 15/40 [00:03<00:05,  4.36it/s]
 40%|████      | 16/40 [00:03<00:05,  4.46it/s]
 42%|████▎     | 17/40 [00:03<00:05,  4.47it/s]
 45%|████▌     | 18/40 [00:04<00:05,  4.39it/s]
 48%|████▊     | 19/40 [00:04<00:04,  4.34it/s]
 50%|█████     | 20/40 [00:04<00:04,  4.48it/s]
 52%|█████▎    | 21/40 [00:04<00:04,  4.40it/s]
 55%|█████▌    | 22/40 [00:05<00:04,  4.43it/s]
 57%|█████▊    | 23/40 [00:05<00:03,  4.36it/s]
 60%|██████    | 24/40 [00:05<00:03,  4.41it/s]
 62%|██████▎   | 25/40 [00:05<00:03,  4.44it/s]
 65%|██████▌   | 26/40 [00:05<00:03,  4.47it/s]
 68%|██████▊   | 27/40 [00:06<00:02,  4.38it/s]
 70%|███████   | 28/40 [00:06<00:02,  4.42it/s]
 72%|███████▎  | 29/40 [00:06<00:02,  4.45it/s]
 75%|███████▌  | 30/40 [00:06<00:02,  4.47it/s]
 78%|███████▊  | 31/40 [00:07<00:02,  4.39it/s]
 80%|████████  | 32/40 [00:07<00:01,  4.42it/s]
 82%|████████▎ | 33/40 [00:07<00:01,  4.45it/s]
 85%|████████▌ | 34/40 [00:07<00:01,  4.46it/s]
 88%|████████▊ | 35/40 [00:07<00:01,  4.38it/s]
 90%|█████████ | 36/40 [00:08<00:00,  4.37it/s]
 92%|█████████▎| 37/40 [00:08<00:00,  4.39it/s]
 95%|█████████▌| 38/40 [00:08<00:00,  4.42it/s]
 98%|█████████▊| 39/40 [00:08<00:00,  4.44it/s]
100%|██████████| 40/40 [00:09<00:00,  4.46it/s]
100%|██████████| 40/40 [00:09<00:00,  4.41it/s]
   01-cold-open-ipa-r3-w015-s3.png seed=20263720 10s  (16/16)

DONE 16 stills — ONE beat. The other fourteen wait on his verdict.
==== step sample END rc=0 2026-08-17T18:37:57Z ====

==== step stamp START 2026-08-17T18:37:57Z ====
argv: ["C:\\banyan-farm\\venv\\Scripts\\python.exe", "-c", "# Stamp EVERY sidecar in the out dir as an unapproved provisional take.\n# goblin_ipa_sample.py writes model, prompt, negative, seed, cost_usd 0.00 and\n# `scored: false` at render time, and it does NOT write whether the still may\n# ship. REFUSES if it found no sidecar -- a run whose provenance files did not\n# get written must not pass silently.\nimport glob, os\nout_dir = \"C:/banyan-farm/goblin-ipa-0812/out-b01-nodecount-0817\"\nside = sorted(glob.glob(out_dir + \"/*.yaml\"))\nif not side:\n    raise SystemExit(\"!! no sidecar yaml in %s -- refusing to call the job clean.\" % out_dir)\nfor p in side:\n    with open(p, \"a\", encoding=\"utf-8\", newline=\"\\n\") as fh:\n        fh.write(\n            \"# --- appended after the render by the count-control lane, 2026-08-17.\\n\"\n            \"approved: false\\n\"\n            \"provisional: true\\n\"\n            \"cost_usd_confirmed: 0\\n\"\n            \"note: |\\n\"\n            \"  ONE SAMPLE of ONE re-cut draft key (authored_b01_nodecount_0817). Not a pick,\\n\"\n            \"  not a seed confirmation, not approved for any cut. A lane reads the\\n\"\n            \"  sixteen frames against THIS BEAT's pre-registered bar -- leaf count, node\\n\"\n            \"  count and height scored SEPARATELY -- before anything built on it is\\n\"\n            \"  filed. Taste and trunk/graft calls are R4's and this run makes none.\\n\")\nprint(\"stamped\", len(side), \"sidecar(s) in\", out_dir)\n"]
stamped 17 sidecar(s) in C:/banyan-farm/goblin-ipa-0812/out-b01-nodecount-0817
==== step stamp END rc=0 2026-08-17T18:37:57Z ====

==== step publish START 2026-08-17T18:37:57Z ====
argv: ["C:\\banyan-farm\\venv\\Scripts\\python.exe", "-c", "# THE GLOB CARRIES THE BEAT SLUG (01-cold-open). Without it the glob matches\n# nothing and the step publishes nothing while returning a code that reads like\n# a render failure. farm-out is not gitignored, so the runner pushes these itself.\n# The manifest is written from the files ACTUALLY COPIED, and the sha is read back\n# off the COPY at the destination -- a publish step has written a manifest for\n# files it never copied before.\nimport glob, hashlib, os, shutil\nout_dir = \"C:/banyan-farm/goblin-ipa-0812/out-b01-nodecount-0817\"\ndst = \"C:/banyan-farm/courier-box/farm-out/ep2-b01-nodecount-0817\"\nos.makedirs(dst, exist_ok=True)\nsrc = sorted(glob.glob(out_dir + \"/01-cold-open-ipa-r*-w015-s*.png\")\n             + glob.glob(out_dir + \"/01-cold-open-ipa-r*-w015-s*.yaml\"))\nlines = []\nfor f in src:\n    shutil.copy2(f, dst)\n    c = os.path.join(dst, os.path.basename(f))\n    with open(c, \"rb\") as fh:\n        h = hashlib.sha256(fh.read()).hexdigest()\n    lines.append(h + \"  \" + os.path.basename(f))\nwith open(os.path.join(dst, \"ep2-b01-nodecount-0817.sha256\"), \"w\", newline=\"\\n\") as fh:\n    fh.write(\"\\n\".join(sorted(lines)) + \"\\n\")\npngs = [f for f in src if f.endswith(\".png\")]\nprint(\"published\", len(src), \"file(s),\", len(pngs), \"png ->\", dst)\nraise SystemExit(0 if len(pngs) >= 16 else 1)\n"]
published 32 file(s), 16 png -> C:/banyan-farm/courier-box/farm-out/ep2-b01-nodecount-0817
==== step publish END rc=0 2026-08-17T18:37:57Z ====
#### job ep2-b01-nodecount-0817-1786991583 finished rc=0 2026-08-17T18:37:57Z
