#### job ep2-b06-guard1-0822-1787354108 attempt 1 start 2026-08-21T23:22:56Z

==== step stage START 2026-08-21T23:22:56Z ====
argv: ["C:\\banyan-farm\\venv\\Scripts\\python.exe", "-c", "import hashlib, os, shutil, urllib.request\ndst = r\"C:\\banyan-farm\\ep2-b06-guard1-0822\\refs\"\nos.makedirs(dst, exist_ok=True)\nwant = \"f78336496ce9d1c7f67978b58885e5f1ac259b532a2f8e4aed578af4080ef22c\"\nwith urllib.request.urlopen(\"https://raw.githubusercontent.com/olegmalk/banyan-city/main/taste/refs/guard1-canon-founder-0822-sq.png\", timeout=120) as r:\n    blob = r.read()\ngot = hashlib.sha256(blob).hexdigest()\nif got != want:\n    raise SystemExit(\"!! guard-1 reference sha %s, wanted %s -- \"\n                     \"refusing to condition on unknown bytes\"\n                     % (got, want))\nfirst = os.path.join(dst, \"guard1sq-s0.png\")\nwith open(first, \"wb\") as fh:\n    fh.write(blob)\nfor i in (1, 2, 3):\n    shutil.copy2(first, os.path.join(dst, \"guard1sq-s%d.png\" % i))\nprint(\"reference verified\", got[:12], \"-> 4 slots (3 are byte-copies; \"\n      \"dedup_cells drops them and one cell is drawn)\")\n"]
reference verified f78336496ce9 -> 4 slots (3 are byte-copies; dedup_cells drops them and one cell is drawn)
==== step stage END rc=0 2026-08-21T23:22:56Z ====

==== step dry START 2026-08-21T23:22:56Z ====
argv: ["C:\\banyan-farm\\venv\\Scripts\\python.exe", "C:\\banyan-farm\\wave-goblin-prep\\goblin_ipa_beat.py", "--beat", "6", "--character", "guard", "--harness", "C:\\banyan-farm\\wave-goblin-prep", "--root", "C:\\banyan-farm\\wave-goblin-prep\\repo", "--refs", "C:\\banyan-farm\\ep2-b06-guard1-0822\\refs", "--ref-prefix", "guard1sq", "--out", "C:\\banyan-farm\\ep2-b06-guard1-0822\\out", "--draft-key", "authored_b06_guard1canon_0822", "--arm", "window4", "--seeds", "1", "--seed-start", "0", "--expect-drafts-sha256", "568990bcf4d3a483593575af6c18f237bdc97b3cceacabb1b05e27e6891d03a4", "--task", "ep2-b06-guard1-0822", "--dry"]
== goblin window mechanism on BEAT 06, references held at beat 04. Recipe unchanged; the beat is the variable.

!! DRAFTS CHANGED UNDER THIS JOB — nothing drawn.
     enqueued against  568990bcf4d3a483593575af6c18f237bdc97b3cceacabb1b05e27e6891d03a4
     harness holds now 3b69a82245bb78db256be12d4fbaa0f432f7bfe568301e87ac79bffbcbd9b0f6
   This job was cleared against wording that is no longer what the
   harness would render, so every frame it drew would be published as
   canon under a prompt nobody approved. Enqueue time and run time are
   not the same moment and this job sat between them.
   FIX, one of:
     re-enqueue against the wording now on the harness (check the repo
     file first: shasum -a 256 pipeline/wave-drafts.yaml)
     put the intended wave-drafts.yaml back on the harness
       (python3 pipeline/box_enqueue.py --sync-drafts, which refuses
        while the queue is busy — that refusal is why jobs get
        hand-synced and why this check exists)
   Do NOT widen --expect-drafts-sha256 to make this pass.
==== step dry END rc=12 2026-08-21T23:22:56Z ====
#### job ep2-b06-guard1-0822-1787354108 finished rc=12 2026-08-21T23:22:56Z
