#### job ep2-b21-leafmotion-0822-1787362480 attempt 1 start 2026-08-22T01:41:05Z

==== step crop START 2026-08-22T01:41:05Z ====
argv: ["C:\\banyan-farm\\venv\\Scripts\\python.exe", "C:\\banyan-farm\\ep2-b21-leafmotion-0822\\cover_crop.py", "--src", "C:\\banyan-farm\\courier-box\\farm-out\\ep2-b21-sapnat2-0822\\b21-sapnat2-s20260820.png", "--sha256", "859243c1813812cad87cf2428b5e9068dbdf085cb7a066882164de0420461fc3", "--out", "C:\\banyan-farm\\ep2-b21-leafmotion-0822\\b13-init-704x1280.png", "--size", "704x1280"]
src 704x1280 sha 859243c1813812cad87cf2428b5e9068dbdf085cb7a066882164de0420461fc3
cover-crop scale=1.0000 -> 704x1280, centre box (0,0)
WROTE C:\banyan-farm\ep2-b21-leafmotion-0822\b13-init-704x1280.png
==== step crop END rc=0 2026-08-22T01:41:06Z ====

==== step encode START 2026-08-22T01:41:06Z ====
argv: ["C:\\banyan-video\\venv\\Scripts\\python.exe", "C:\\banyan-farm\\banyan-city\\pipeline\\ltx_i2v.py", "--stage", "encode", "--jobs", "C:\\banyan-farm\\ep2-b21-leafmotion-0822\\b13-jobs-encode.json"]
-- begin-encode: phys 11.1/68.1GB, commit 13.0/115.3GB (load 16%)
loading text encoder from C:\Users\artvn\.cache\huggingface\hub\models--Lightricks--gemma-3-12b-it-qat-q4_0-unquantized\snapshots\d62fe4f1995ade703b49a0f3c0d0f161237ef437

Loading weights:   0%|          | 0/1065 [00:00<?, ?it/s]
Loading weights:  31%|███▏      | 335/1065 [00:00<00:00, 3036.83it/s]
Loading weights:  68%|██████▊   | 719/1065 [00:00<00:00, 3280.48it/s]
Loading weights: 100%|██████████| 1065/1065 [00:00<00:00, 3731.16it/s]
-- encode-beat-21: phys 12.2/68.1GB, commit 39.8/115.3GB (load 17%)
[1/1] encoded beat 21 to C:\banyan-farm\ep2-b21-leafmotion-0822\b13-embeds.pt (1, 1024, 188160)
{"peak_commit_gb": 41.9, "peak_phys_gb": 37.7, "last_stage": "encode-beat-21"}
==== step encode END rc=0 2026-08-22T01:42:38Z ====

==== step render START 2026-08-22T01:42:38Z ====
argv: ["C:\\banyan-video\\venv\\Scripts\\python.exe", "C:\\banyan-farm\\banyan-city\\pipeline\\ltx_i2v.py", "--stage", "render", "--jobs", "C:\\banyan-farm\\ep2-b21-leafmotion-0822\\b13-jobs-render.json", "--size", "704x1280", "--frames", "121", "--fps", "24", "--guidance", "2.0", "--distilled-sigmas", "--two-stage", "--image-crf", "33", "--offload", "sequential", "--mode", "production", "--task", "ep2-b21-leafmotion-0822", "--worker", "rtx5090", "--bench-jsonl", "C:\\banyan-farm\\ep2-b21-leafmotion-0822\\bench-ep2-b21-leafmotion-0822.jsonl", "--bench-label", "ep2-b21-leafmotion-0822"]
recipe: offload=sequential quantisation=none (bf16)
-- begin-render: phys 11.1/68.1GB, commit 12.9/115.3GB (load 16%)
transformer  C:\Users\artvn\.cache\huggingface\hub\models--diffusers--LTX-2.3-Distilled-Diffusers\snapshots\432e0d3c2d1769aaa4d295f9243f7062bf6b47ee [subfolder=transformer, bf16]
scheduler    C:\Users\artvn\.cache\huggingface\hub\models--diffusers--LTX-2.3-Distilled-Diffusers\snapshots\432e0d3c2d1769aaa4d295f9243f7062bf6b47ee [subfolder=scheduler, distilled]
other parts  C:\Users\artvn\.cache\huggingface\hub\models--diffusers--LTX-2.3-Diffusers\snapshots\8eee8edcf067e838b843f926ec4d4cc9b2be1aaf
-- load-transformer-bf16-38GB: phys 11.8/68.1GB, commit 14.8/115.3GB (load 17%)

Loading checkpoint shards:   0%|          | 0/8 [00:00<?, ?it/s]
Loading checkpoint shards:  12%|█▎        | 1/8 [00:00<00:00,  8.78it/s]
Loading checkpoint shards:  25%|██▌       | 2/8 [00:00<00:00,  9.21it/s]
Loading checkpoint shards:  50%|█████     | 4/8 [00:00<00:00,  8.50it/s]
Loading checkpoint shards: 100%|██████████| 8/8 [00:00<00:00, 16.70it/s]
Loading checkpoint shards: 100%|██████████| 8/8 [00:00<00:00, 13.90it/s]
-- load-connectors-12.7GB-and-vae: phys 11.8/68.1GB, commit 53.1/115.3GB (load 17%)

Loading checkpoint shards:   0%|          | 0/2 [00:00<?, ?it/s]
Loading checkpoint shards: 100%|██████████| 2/2 [00:00<00:00, 205.11it/s]
-- offload-setup-sequential: phys 11.8/68.1GB, commit 62.7/115.3GB (load 17%)
C:\banyan-video\venv\Lib\site-packages\accelerate\utils\modeling.py:345: UserWarning: expandable_segments not supported on this platform (Triggered internally at C:\actions-runner\_work\pytorch\pytorch\pytorch\c10/cuda/CUDAAllocatorConfig.h:39.)
  new_value = old_value.to(device, non_blocking=non_blocking)
conditioning still round-tripped through libx264 crf=33 -> C:\banyan-farm\ep2-b21-leafmotion-0822\cond-crf-21.png
-- stage1-denoise-352x640-8steps: phys 12.7/68.1GB, commit 63.1/115.3GB (load 18%)

  0%|          | 0/8 [00:00<?, ?it/s]
 12%|█▎        | 1/8 [01:09<08:09, 69.95s/it]
 25%|██▌       | 2/8 [01:25<03:48, 38.07s/it]
 38%|███▊      | 3/8 [01:35<02:06, 25.28s/it]
 50%|█████     | 4/8 [01:45<01:16, 19.21s/it]
 62%|██████▎   | 5/8 [01:55<00:47, 15.92s/it]
 75%|███████▌  | 6/8 [02:06<00:28, 14.20s/it]
 88%|████████▊ | 7/8 [02:16<00:12, 12.74s/it]
100%|██████████| 8/8 [02:26<00:00, 11.76s/it]
100%|██████████| 8/8 [02:26<00:00, 18.25s/it]
stage1 latents (1, 128, 16, 20, 11)
-- upsample-2x-latent: phys 59.3/68.1GB, commit 65.9/115.3GB (load 87%)
There are modules in LTX2LatentUpsamplerModel that should be kept in float32: []. Casting directly with `to()` can lead to inconsistent results; set `torch_dtype` in `from_pretrained()` instead to keep these modules in float32.
upsampled latents (1, 128, 16, 40, 22)
-- stage2-refine-704x1280-3steps: phys 61.7/68.1GB, commit 68.6/115.3GB (load 90%)

  0%|          | 0/3 [00:00<?, ?it/s]
 33%|███▎      | 1/3 [00:29<00:59, 29.71s/it]
 67%|██████▋   | 2/3 [01:02<00:31, 31.81s/it]
100%|██████████| 3/3 [01:35<00:00, 32.16s/it]
100%|██████████| 3/3 [01:35<00:00, 31.86s/it]
-- decode-and-export: phys 65.4/68.1GB, commit 72.9/115.3GB (load 96%)
[1/1] wrote C:\banyan-farm\ep2-b21-leafmotion-0822\21-the-answer-LTX-poolD-0812.mp4 in 265s (121 frames, 704x1280, 8@352x640+3@704x1280 steps, peak torch 12.0GB, device 3.1/26GB)
THROUGHPUT 0.0190 s(video)/s(wall) (1 x 5.042s of video in 265s)
bench row -> C:\banyan-farm\ep2-b21-leafmotion-0822\bench-ep2-b21-leafmotion-0822.jsonl
{"sample_s": 264.9, "peak_gb": 12.0, "peak_commit_gb": 82.1, "frames": 121, "size": "704x1280", "steps": "8@352x640+3@704x1280", "batch": 1, "mode": "production", "throughput_s_per_s": 0.019, "two_stage": true, "image_crf": 33, "offload": "sequential", "quantisation": null}
{"peak_commit_gb": 82.1, "peak_phys_gb": 65.6, "last_stage": "decode-and-export"}
==== step render END rc=0 2026-08-22T01:47:18Z ====

==== step publish START 2026-08-22T01:47:18Z ====
argv: ["C:\\banyan-farm\\venv\\Scripts\\python.exe", "-c", "import glob, hashlib, os, shutil\ndst = \"C:/banyan-farm/courier-box/farm-out/ep2-b21-leafmotion-0822\"\nos.makedirs(dst, exist_ok=True)\nsrc = sorted(glob.glob(\"C:/banyan-farm/ep2-b21-leafmotion-0822/21-the-answer-LTX-poolD-0812.mp4*\")\n             + glob.glob(\"C:/banyan-farm/ep2-b21-leafmotion-0822/b13-init-704x1280.png\")\n             + glob.glob(\"C:/banyan-farm/ep2-b21-leafmotion-0822/bench-ep2-b21-leafmotion-0822.jsonl\"))\nlines = []\nfor f in src:\n    shutil.copy2(f, dst)\n    c = os.path.join(dst, os.path.basename(f))\n    with open(c, \"rb\") as fh:\n        h = hashlib.sha256(fh.read()).hexdigest()\n    lines.append(h + \"  \" + os.path.basename(f))\nwith open(os.path.join(dst, \"ep2-b21-leafmotion-0822.sha256\"), \"w\", newline=\"\\n\") as fh:\n    fh.write(\"\\n\".join(lines) + \"\\n\")\nprint(\"published\", len(src), \"file(s) + manifest ->\", dst)\nraise SystemExit(0 if len(src) >= 2 else 1)\n"]
published 4 file(s) + manifest -> C:/banyan-farm/courier-box/farm-out/ep2-b21-leafmotion-0822
==== step publish END rc=0 2026-08-22T01:47:18Z ====
#### job ep2-b21-leafmotion-0822-1787362480 finished rc=0 2026-08-22T01:47:18Z
