#### job ep2-b13-blurplate-0815-1786823481 attempt 1 start 2026-08-15T19:51:32Z

==== step crop-clean START 2026-08-15T19:51:35Z ====
argv: ["C:\\banyan-farm\\venv\\Scripts\\python.exe", "C:\\banyan-farm\\ep2-b13-blurplate-0815\\cover_crop.py", "--src", "C:\\banyan-farm\\courier-box\\farm-out\\ep2-b13-plate-0814\\13-the-shade-ipa-r0-w015-s0.png", "--sha256", "1745a491db3c95c7c6d1d6a601a18e7ff1f825ef90f6169140de35ed10a4e921", "--out", "C:\\banyan-farm\\ep2-b13-blurplate-0815\\b13-init-704x1280-clean.png", "--size", "704x1280", "--assert-out-sha256", "210932b760f70ef34b97f41a28d1905ef5358e5f6982110c3f2440884b8b5199"]
src 832x1216 sha 1745a491db3c95c7c6d1d6a601a18e7ff1f825ef90f6169140de35ed10a4e921
cover-crop scale=1.0526 -> 876x1280, centre box (86,0)
WROTE C:\banyan-farm\ep2-b13-blurplate-0815\b13-init-704x1280-clean.png
OUT SHA OK 210932b760f70ef34b97f41a28d1905ef5358e5f6982110c3f2440884b8b5199
==== step crop-clean END rc=0 2026-08-15T19:51:36Z ====

==== step crop-blur START 2026-08-15T19:51:36Z ====
argv: ["C:\\banyan-farm\\venv\\Scripts\\python.exe", "C:\\banyan-farm\\ep2-b13-blurplate-0815\\cover_crop.py", "--src", "C:\\banyan-farm\\courier-box\\farm-out\\ep2-b13-plate-0814\\13-the-shade-ipa-r0-w015-s0.png", "--sha256", "1745a491db3c95c7c6d1d6a601a18e7ff1f825ef90f6169140de35ed10a4e921", "--out", "C:\\banyan-farm\\ep2-b13-blurplate-0815\\b13-init-704x1280-blur9px-y.png", "--size", "704x1280", "--motion-blur", "9", "--blur-axis", "y"]
motion blur: 9 px along y
src 832x1216 sha 1745a491db3c95c7c6d1d6a601a18e7ff1f825ef90f6169140de35ed10a4e921
cover-crop scale=1.0526 -> 876x1280, centre box (86,0)
WROTE C:\banyan-farm\ep2-b13-blurplate-0815\b13-init-704x1280-blur9px-y.png
==== step crop-blur END rc=0 2026-08-15T19:51:36Z ====

==== step encode START 2026-08-15T19:51:36Z ====
argv: ["C:\\banyan-video\\venv\\Scripts\\python.exe", "C:\\banyan-farm\\banyan-city\\pipeline\\ltx_i2v.py", "--stage", "encode", "--jobs", "C:\\banyan-farm\\ep2-b13-blurplate-0815\\b13-jobs-encode.json"]
-- begin-encode: phys 9.8/68.1GB, commit 11.9/115.3GB (load 14%)
loading text encoder from C:\Users\artvn\.cache\huggingface\hub\models--Lightricks--gemma-3-12b-it-qat-q4_0-unquantized\snapshots\d62fe4f1995ade703b49a0f3c0d0f161237ef437

Loading weights:   0%|          | 0/1065 [00:00<?, ?it/s]
Loading weights:  26%|██▌       | 279/1065 [00:00<00:00, 2522.98it/s]
Loading weights:  55%|█████▍    | 583/1065 [00:00<00:00, 2664.91it/s]
Loading weights:  88%|████████▊ | 938/1065 [00:00<00:00, 2921.44it/s]
Loading weights: 100%|██████████| 1065/1065 [00:00<00:00, 2939.68it/s]
-- encode-beat-13: phys 10.9/68.1GB, commit 38.7/115.3GB (load 16%)
[1/1] encoded beat 13 to C:\banyan-farm\ep2-b13-blurplate-0815\b13-embeds.pt (1, 1024, 188160)
{"peak_commit_gb": 41.2, "peak_phys_gb": 36.8, "last_stage": "encode-beat-13"}
==== step encode END rc=0 2026-08-15T19:53:07Z ====

==== step render-control START 2026-08-15T19:53:07Z ====
argv: ["C:\\banyan-video\\venv\\Scripts\\python.exe", "C:\\banyan-farm\\banyan-city\\pipeline\\ltx_i2v.py", "--stage", "render", "--jobs", "C:\\banyan-farm\\ep2-b13-blurplate-0815\\b13-jobs-render-PLATE-clean-control.json", "--size", "704x1280", "--frames", "97", "--fps", "24", "--guidance", "2.0", "--distilled-sigmas", "--two-stage", "--image-crf", "33", "--offload", "sequential", "--mode", "production", "--task", "ep2-b13-blurplate-0815-clean", "--worker", "rtx5090", "--bench-jsonl", "C:\\banyan-farm\\ep2-b13-blurplate-0815\\bench-b13-plate-clean.jsonl", "--bench-label", "ep2-b13-blurplate-0815-clean"]
recipe: offload=sequential quantisation=none (bf16)
-- begin-render: phys 9.8/68.1GB, commit 11.9/115.3GB (load 14%)
transformer  C:\Users\artvn\.cache\huggingface\hub\models--diffusers--LTX-2.3-Distilled-Diffusers\snapshots\432e0d3c2d1769aaa4d295f9243f7062bf6b47ee [subfolder=transformer, bf16]
scheduler    C:\Users\artvn\.cache\huggingface\hub\models--diffusers--LTX-2.3-Distilled-Diffusers\snapshots\432e0d3c2d1769aaa4d295f9243f7062bf6b47ee [subfolder=scheduler, distilled]
other parts  C:\Users\artvn\.cache\huggingface\hub\models--diffusers--LTX-2.3-Diffusers\snapshots\8eee8edcf067e838b843f926ec4d4cc9b2be1aaf
-- load-transformer-bf16-38GB: phys 10.5/68.1GB, commit 13.8/115.3GB (load 15%)

Loading checkpoint shards:   0%|          | 0/8 [00:00<?, ?it/s]
Loading checkpoint shards:  12%|█▎        | 1/8 [00:00<00:00,  9.37it/s]
Loading checkpoint shards:  25%|██▌       | 2/8 [00:00<00:00,  9.55it/s]
Loading checkpoint shards:  50%|█████     | 4/8 [00:00<00:00,  8.36it/s]
Loading checkpoint shards: 100%|██████████| 8/8 [00:00<00:00, 14.52it/s]
-- load-connectors-12.7GB-and-vae: phys 10.6/68.1GB, commit 52.1/115.3GB (load 15%)

Loading checkpoint shards:   0%|          | 0/2 [00:00<?, ?it/s]
Loading checkpoint shards: 100%|██████████| 2/2 [00:00<00:00, 199.78it/s]
-- offload-setup-sequential: phys 10.6/68.1GB, commit 61.7/115.3GB (load 15%)
C:\banyan-video\venv\Lib\site-packages\accelerate\utils\modeling.py:345: UserWarning: expandable_segments not supported on this platform (Triggered internally at C:\actions-runner\_work\pytorch\pytorch\pytorch\c10/cuda/CUDAAllocatorConfig.h:39.)
  new_value = old_value.to(device, non_blocking=non_blocking)
conditioning still round-tripped through libx264 crf=33 -> C:\banyan-farm\ep2-b13-blurplate-0815\cond-crf-13.png
-- stage1-denoise-352x640-8steps: phys 11.5/68.1GB, commit 62.1/115.3GB (load 16%)

  0%|          | 0/8 [00:00<?, ?it/s]
 12%|█▎        | 1/8 [01:09<08:06, 69.53s/it]
 25%|██▌       | 2/8 [01:23<03:39, 36.60s/it]
 38%|███▊      | 3/8 [01:32<02:00, 24.15s/it]
 50%|█████     | 4/8 [01:41<01:13, 18.40s/it]
 62%|██████▎   | 5/8 [01:51<00:45, 15.05s/it]
 75%|███████▌  | 6/8 [01:59<00:25, 12.89s/it]
 88%|████████▊ | 7/8 [02:08<00:11, 11.56s/it]
100%|██████████| 8/8 [02:17<00:00, 10.68s/it]
100%|██████████| 8/8 [02:17<00:00, 17.18s/it]
stage1 latents (1, 128, 13, 20, 11)
-- upsample-2x-latent: phys 54.2/68.1GB, commit 64.6/115.3GB (load 79%)
There are modules in LTX2LatentUpsamplerModel that should be kept in float32: []. Casting directly with `to()` can lead to inconsistent results; set `torch_dtype` in `from_pretrained()` instead to keep these modules in float32.
upsampled latents (1, 128, 13, 40, 22)
-- stage2-refine-704x1280-3steps: phys 57.2/68.1GB, commit 67.7/115.3GB (load 83%)

  0%|          | 0/3 [00:00<?, ?it/s]
 33%|███▎      | 1/3 [00:25<00:50, 25.31s/it]
 67%|██████▋   | 2/3 [00:51<00:25, 25.62s/it]
100%|██████████| 3/3 [01:17<00:00, 25.76s/it]
100%|██████████| 3/3 [01:17<00:00, 25.69s/it]
-- decode-and-export: phys 63.9/68.1GB, commit 70.9/115.3GB (load 93%)
[1/1] wrote C:\banyan-farm\ep2-b13-blurplate-0815\13-the-shade-PLATE-clean-control.mp4 in 236s (97 frames, 704x1280, 8@352x640+3@704x1280 steps, peak torch 9.9GB, device 2.6/26GB)
THROUGHPUT 0.0171 s(video)/s(wall) (1 x 4.042s of video in 236s)
bench row -> C:\banyan-farm\ep2-b13-blurplate-0815\bench-b13-plate-clean.jsonl
{"sample_s": 236.0, "peak_gb": 9.9, "peak_commit_gb": 78.7, "frames": 97, "size": "704x1280", "steps": "8@352x640+3@704x1280", "batch": 1, "mode": "production", "throughput_s_per_s": 0.0171, "two_stage": true, "image_crf": 33, "offload": "sequential", "quantisation": null}
{"peak_commit_gb": 78.7, "peak_phys_gb": 64.2, "last_stage": "decode-and-export"}
==== step render-control END rc=0 2026-08-15T19:57:19Z ====

==== step render-blur START 2026-08-15T19:57:19Z ====
argv: ["C:\\banyan-video\\venv\\Scripts\\python.exe", "C:\\banyan-farm\\banyan-city\\pipeline\\ltx_i2v.py", "--stage", "render", "--jobs", "C:\\banyan-farm\\ep2-b13-blurplate-0815\\b13-jobs-render-PLATE-blur.json", "--size", "704x1280", "--frames", "97", "--fps", "24", "--guidance", "2.0", "--distilled-sigmas", "--two-stage", "--image-crf", "33", "--offload", "sequential", "--mode", "production", "--task", "ep2-b13-blurplate-0815-blur", "--worker", "rtx5090", "--bench-jsonl", "C:\\banyan-farm\\ep2-b13-blurplate-0815\\bench-b13-plate-blur.jsonl", "--bench-label", "ep2-b13-blurplate-0815-blur"]
recipe: offload=sequential quantisation=none (bf16)
-- begin-render: phys 9.7/68.1GB, commit 11.9/115.3GB (load 14%)
transformer  C:\Users\artvn\.cache\huggingface\hub\models--diffusers--LTX-2.3-Distilled-Diffusers\snapshots\432e0d3c2d1769aaa4d295f9243f7062bf6b47ee [subfolder=transformer, bf16]
scheduler    C:\Users\artvn\.cache\huggingface\hub\models--diffusers--LTX-2.3-Distilled-Diffusers\snapshots\432e0d3c2d1769aaa4d295f9243f7062bf6b47ee [subfolder=scheduler, distilled]
other parts  C:\Users\artvn\.cache\huggingface\hub\models--diffusers--LTX-2.3-Diffusers\snapshots\8eee8edcf067e838b843f926ec4d4cc9b2be1aaf
-- load-transformer-bf16-38GB: phys 10.5/68.1GB, commit 13.8/115.3GB (load 15%)

Loading checkpoint shards:   0%|          | 0/8 [00:00<?, ?it/s]
Loading checkpoint shards:  38%|███▊      | 3/8 [00:00<00:00, 28.22it/s]
Loading checkpoint shards:  75%|███████▌  | 6/8 [00:00<00:00, 19.36it/s]
Loading checkpoint shards: 100%|██████████| 8/8 [00:00<00:00, 23.60it/s]
-- load-connectors-12.7GB-and-vae: phys 10.5/68.1GB, commit 52.1/115.3GB (load 15%)

Loading checkpoint shards:   0%|          | 0/2 [00:00<?, ?it/s]
Loading checkpoint shards: 100%|██████████| 2/2 [00:00<00:00, 205.12it/s]
-- offload-setup-sequential: phys 10.5/68.1GB, commit 61.7/115.3GB (load 15%)
C:\banyan-video\venv\Lib\site-packages\accelerate\utils\modeling.py:345: UserWarning: expandable_segments not supported on this platform (Triggered internally at C:\actions-runner\_work\pytorch\pytorch\pytorch\c10/cuda/CUDAAllocatorConfig.h:39.)
  new_value = old_value.to(device, non_blocking=non_blocking)
conditioning still round-tripped through libx264 crf=33 -> C:\banyan-farm\ep2-b13-blurplate-0815\cond-crf-13.png
-- stage1-denoise-352x640-8steps: phys 11.4/68.1GB, commit 62.1/115.3GB (load 16%)

  0%|          | 0/8 [00:00<?, ?it/s]
 12%|█▎        | 1/8 [00:25<03:01, 25.96s/it]
 25%|██▌       | 2/8 [00:36<01:39, 16.60s/it]
 38%|███▊      | 3/8 [00:45<01:07, 13.50s/it]
 50%|█████     | 4/8 [00:55<00:48, 12.03s/it]
 62%|██████▎   | 5/8 [01:05<00:34, 11.40s/it]
 75%|███████▌  | 6/8 [01:14<00:21, 10.56s/it]
 88%|████████▊ | 7/8 [01:31<00:12, 12.68s/it]
100%|██████████| 8/8 [01:41<00:00, 11.75s/it]
100%|██████████| 8/8 [01:41<00:00, 12.70s/it]
stage1 latents (1, 128, 13, 20, 11)
-- upsample-2x-latent: phys 55.9/68.1GB, commit 64.6/115.3GB (load 82%)
There are modules in LTX2LatentUpsamplerModel that should be kept in float32: []. Casting directly with `to()` can lead to inconsistent results; set `torch_dtype` in `from_pretrained()` instead to keep these modules in float32.
upsampled latents (1, 128, 13, 40, 22)
-- stage2-refine-704x1280-3steps: phys 58.9/68.1GB, commit 67.7/115.3GB (load 86%)

  0%|          | 0/3 [00:00<?, ?it/s]
 33%|███▎      | 1/3 [00:24<00:48, 24.09s/it]
 67%|██████▋   | 2/3 [00:50<00:25, 25.31s/it]
100%|██████████| 3/3 [01:17<00:00, 26.20s/it]
100%|██████████| 3/3 [01:17<00:00, 25.84s/it]
-- decode-and-export: phys 64.5/68.1GB, commit 70.8/115.3GB (load 94%)
[1/1] wrote C:\banyan-farm\ep2-b13-blurplate-0815\13-the-shade-PLATE-blur9px-y.mp4 in 199s (97 frames, 704x1280, 8@352x640+3@704x1280 steps, peak torch 9.9GB, device 2.6/26GB)
THROUGHPUT 0.0203 s(video)/s(wall) (1 x 4.042s of video in 199s)
bench row -> C:\banyan-farm\ep2-b13-blurplate-0815\bench-b13-plate-blur.jsonl
{"sample_s": 199.1, "peak_gb": 9.9, "peak_commit_gb": 84.2, "frames": 97, "size": "704x1280", "steps": "8@352x640+3@704x1280", "batch": 1, "mode": "production", "throughput_s_per_s": 0.0203, "two_stage": true, "image_crf": 33, "offload": "sequential", "quantisation": null}
{"peak_commit_gb": 84.2, "peak_phys_gb": 67.7, "last_stage": "decode-and-export"}
==== step render-blur END rc=0 2026-08-15T20:00:52Z ====

==== step publish START 2026-08-15T20:00:52Z ====
argv: ["C:\\banyan-farm\\venv\\Scripts\\python.exe", "-c", "import glob, hashlib, os, shutil\ndst = \"C:/banyan-farm/courier-box/farm-out/ep2-b13-blurplate-0815\"\nos.makedirs(dst, exist_ok=True)\nsrc = sorted(glob.glob(\"C:/banyan-farm/ep2-b13-blurplate-0815/13-the-shade-PLATE-*.mp4*\")\n             + glob.glob(\"C:/banyan-farm/ep2-b13-blurplate-0815/b13-init-704x1280-*.png\")\n             + glob.glob(\"C:/banyan-farm/ep2-b13-blurplate-0815/bench-b13-plate-*.jsonl\"))\nlines = []\nfor f in src:\n    shutil.copy2(f, dst)\n    c = os.path.join(dst, os.path.basename(f))\n    with open(c, \"rb\") as fh:\n        h = hashlib.sha256(fh.read()).hexdigest()\n    lines.append(h + \"  \" + os.path.basename(f))\nwith open(os.path.join(dst, \"ep2-b13-blurplate-0815.sha256\"), \"w\", newline=\"\\n\") as fh:\n    fh.write(\"\\n\".join(lines) + \"\\n\")\nprint(\"published\", len(src), \"file(s) + manifest ->\", dst)\nraise SystemExit(0 if len(src) >= 5 else 1)\n"]
published 8 file(s) + manifest -> C:/banyan-farm/courier-box/farm-out/ep2-b13-blurplate-0815
==== step publish END rc=0 2026-08-15T20:00:52Z ====
#### job ep2-b13-blurplate-0815-1786823481 finished rc=0 2026-08-15T20:00:52Z
