#### job ep2-b21-leafcanon-inpaint-0817-1786973615 attempt 1 start 2026-08-17T13:37:42Z

==== step comp START 2026-08-17T13:37:45Z ====
argv: ["C:\\banyan-farm\\venv\\Scripts\\python.exe", "C:\\banyan-farm\\leafcanon-b21-0817\\leaf_count_composite.py", "--init", "C:\\banyan-farm\\out-b21-scale-0817\\21-the-answer-wave1-s0.png", "--out", "C:\\banyan-farm\\leafcanon-b21-0817\\comp-b21-canon.png", "--mask-out", "C:\\banyan-farm\\leafcanon-b21-0817\\mask-b21-canon.png", "--remove-auto", "356,742,486,856", "--object-dark", "165", "--auto-min-area", "150", "--residual-min-area", "300", "--fill", "diffuse", "--fill-iters", "70", "--fill-radius", "6", "--feather", "6", "--sweep-grow", "12", "--mask-grow", "14", "--check", "--check-region", "426,740,492,860", "--sweep", "--sweep-passes", "2", "--assert-clear", "--mask-add", "250,660,110,70", "--mask-add", "390,650,90,50", "--note", "beat 21 canon plate: the drooping third blade removed so the count is 2 by construction"]
init        C:\banyan-farm\out-b21-scale-0817\21-the-answer-wave1-s0.png
init size   832x1216
init sha256 ab8fb736571b6f419fb057a4120007831e8fe73a8dcb43a2341af8856d268a9a
remove-auto[0] box (356, 742, 486, 856) -> 1 segment(s), 5534 px, mask bbox (329, 719, 490, 883) <- DIFFUSE FILL from its own boundary (70 passes, r=6.0)
     segment   area  5534 px  bbox (356, 746, 463, 856)

RESIDUAL CHECK  rule: lum<165.0 lum>None (G-R)>=None (G-R)<=None  min-area 300 px
  check region (426, 740, 492, 860)
  pass 0: 0 residual px in 0 component(s) >= 300 px  -- CLEAR
  FINAL: 0 residual px in 0 component(s) >= 300 px
mask-add    ellipse cx=250 cy=660 rx=110 ry=70 ang=0.0 -- blend mask only, no pixel patched (keeps merge/split reachable)
mask-add    ellipse cx=390 cy=650 rx=90 ry=50 ang=0.0 -- blend mask only, no pixel patched (keeps merge/split reachable)

wrote       C:\banyan-farm\leafcanon-b21-0817\comp-b21-canon.png
out sha256  83f4581dad4ae12589ab679d8292001c4d777bea68d8e753670ede9e12f6c203
wrote mask  C:\banyan-farm\leafcanon-b21-0817\mask-b21-canon.png (bbox (121, 570, 498, 887))
wrote        C:\banyan-farm\leafcanon-b21-0817\comp-b21-canon.composite.json

COUNT IS NOW STRUCTURAL, NOT PROMPTED. Verify by eye before any GPU step -- this is the sample.
==== step comp END rc=0 2026-08-17T13:37:47Z ====

==== step dry START 2026-08-17T13:37:47Z ====
argv: ["C:\\banyan-farm\\venv\\Scripts\\python.exe", "C:\\banyan-farm\\leafcanon-b21-0817\\inpaint_fruit.py", "--init", "C:\\banyan-farm\\leafcanon-b21-0817\\comp-b21-canon.png", "--init-sha256", "83f4581dad4ae12589ab679d8292001c4d777bea68d8e753670ede9e12f6c203", "--mask-png", "C:\\banyan-farm\\leafcanon-b21-0817\\mask-b21-canon.png", "--prompt-file", "C:\\banyan-farm\\leafcanon-b21-0817\\prompt.txt", "--negative-file", "C:\\banyan-farm\\leafcanon-b21-0817\\negative.txt", "--out", "C:\\banyan-farm\\leafcanon-b21-0817\\b21-leafcanon-s20260817.png", "--steps", "40", "--cfg", "7.5", "--strength", "0.30", "--pad-crop", "64", "--blur", "8", "--seed", "20260817", "--note", "canon application of the composite-then-inpaint count mechanism: composited two-blade init restyled at 0.30 inside a mask covering both blades, the junction and the vacated region", "--dry-run"]
DRY RUN -- no model loaded, nothing rendered.
init_sha256 OK 83f4581dad4ae12589ab679d8292001c4d777bea68d8e753670ede9e12f6c203
mask png corners=- bbox=[121, 570, 497, 886]  0.4519 x 0.2599 of 832x1216
WROTE C:\banyan-farm\leafcanon-b21-0817\b21-leafcanon-s20260817-mask.png
rc=0 dry_run=1
==== step dry END rc=0 2026-08-17T13:37:48Z ====

==== step s20260817 START 2026-08-17T13:37:48Z ====
argv: ["C:\\banyan-farm\\venv\\Scripts\\python.exe", "C:\\banyan-farm\\leafcanon-b21-0817\\inpaint_fruit.py", "--init", "C:\\banyan-farm\\leafcanon-b21-0817\\comp-b21-canon.png", "--init-sha256", "83f4581dad4ae12589ab679d8292001c4d777bea68d8e753670ede9e12f6c203", "--mask-png", "C:\\banyan-farm\\leafcanon-b21-0817\\mask-b21-canon.png", "--prompt-file", "C:\\banyan-farm\\leafcanon-b21-0817\\prompt.txt", "--negative-file", "C:\\banyan-farm\\leafcanon-b21-0817\\negative.txt", "--out", "C:\\banyan-farm\\leafcanon-b21-0817\\b21-leafcanon-s20260817.png", "--steps", "40", "--cfg", "7.5", "--strength", "0.30", "--pad-crop", "64", "--blur", "8", "--seed", "20260817", "--note", "canon application of the composite-then-inpaint count mechanism: composited two-blade init restyled at 0.30 inside a mask covering both blades, the junction and the vacated region"]

Loading pipeline components...:   0%|          | 0/7 [00:00<?, ?it/s]
Loading pipeline components...:  29%|██▊       | 2/7 [00:01<00:04,  1.16it/s]
Loading pipeline components...:  57%|█████▋    | 4/7 [00:01<00:01,  2.45it/s]
Loading pipeline components...:  86%|████████▌ | 6/7 [00:02<00:00,  4.03it/s]
Loading pipeline components...: 100%|██████████| 7/7 [00:02<00:00,  2.82it/s]
C:\banyan-farm\venv\Lib\site-packages\torch\nn\modules\module.py:1370: UserWarning: expandable_segments not supported on this platform (Triggered internally at C:\actions-runner\_work\pytorch\pytorch\pytorch\c10/cuda/CUDAAllocatorConfig.h:39.)
  return t.to(
MODEL_LOADED cagliostrolab/animagine-xl-3.1 cuda/bfloat16 unet.in_channels=4 in 6s
WROTE C:\banyan-farm\leafcanon-b21-0817\b21-leafcanon-s20260817.png
WROTE C:\banyan-farm\leafcanon-b21-0817\b21-leafcanon-s20260817-mask.png
WROTE C:\banyan-farm\leafcanon-b21-0817\b21-leafcanon-s20260817.png.meta.yaml
rc=0 render_s=3.8
==== step s20260817 END rc=0 2026-08-17T13:38:01Z ====

==== step s20260818 START 2026-08-17T13:38:01Z ====
argv: ["C:\\banyan-farm\\venv\\Scripts\\python.exe", "C:\\banyan-farm\\leafcanon-b21-0817\\inpaint_fruit.py", "--init", "C:\\banyan-farm\\leafcanon-b21-0817\\comp-b21-canon.png", "--init-sha256", "83f4581dad4ae12589ab679d8292001c4d777bea68d8e753670ede9e12f6c203", "--mask-png", "C:\\banyan-farm\\leafcanon-b21-0817\\mask-b21-canon.png", "--prompt-file", "C:\\banyan-farm\\leafcanon-b21-0817\\prompt.txt", "--negative-file", "C:\\banyan-farm\\leafcanon-b21-0817\\negative.txt", "--out", "C:\\banyan-farm\\leafcanon-b21-0817\\b21-leafcanon-s20260818.png", "--steps", "40", "--cfg", "7.5", "--strength", "0.30", "--pad-crop", "64", "--blur", "8", "--seed", "20260818", "--note", "canon application of the composite-then-inpaint count mechanism: composited two-blade init restyled at 0.30 inside a mask covering both blades, the junction and the vacated region"]

Loading pipeline components...:   0%|          | 0/7 [00:00<?, ?it/s]
Loading pipeline components...:  14%|█▍        | 1/7 [00:00<00:01,  5.50it/s]
Loading pipeline components...:  43%|████▎     | 3/7 [00:00<00:00,  4.30it/s]
Loading pipeline components...:  57%|█████▋    | 4/7 [00:02<00:02,  1.38it/s]
Loading pipeline components...:  86%|████████▌ | 6/7 [00:02<00:00,  2.53it/s]
Loading pipeline components...: 100%|██████████| 7/7 [00:02<00:00,  2.81it/s]
C:\banyan-farm\venv\Lib\site-packages\torch\nn\modules\module.py:1370: UserWarning: expandable_segments not supported on this platform (Triggered internally at C:\actions-runner\_work\pytorch\pytorch\pytorch\c10/cuda/CUDAAllocatorConfig.h:39.)
  return t.to(
MODEL_LOADED cagliostrolab/animagine-xl-3.1 cuda/bfloat16 unet.in_channels=4 in 6s
WROTE C:\banyan-farm\leafcanon-b21-0817\b21-leafcanon-s20260818.png
WROTE C:\banyan-farm\leafcanon-b21-0817\b21-leafcanon-s20260818-mask.png
WROTE C:\banyan-farm\leafcanon-b21-0817\b21-leafcanon-s20260818.png.meta.yaml
rc=0 render_s=3.8
==== step s20260818 END rc=0 2026-08-17T13:38:14Z ====

==== step s20260819 START 2026-08-17T13:38:14Z ====
argv: ["C:\\banyan-farm\\venv\\Scripts\\python.exe", "C:\\banyan-farm\\leafcanon-b21-0817\\inpaint_fruit.py", "--init", "C:\\banyan-farm\\leafcanon-b21-0817\\comp-b21-canon.png", "--init-sha256", "83f4581dad4ae12589ab679d8292001c4d777bea68d8e753670ede9e12f6c203", "--mask-png", "C:\\banyan-farm\\leafcanon-b21-0817\\mask-b21-canon.png", "--prompt-file", "C:\\banyan-farm\\leafcanon-b21-0817\\prompt.txt", "--negative-file", "C:\\banyan-farm\\leafcanon-b21-0817\\negative.txt", "--out", "C:\\banyan-farm\\leafcanon-b21-0817\\b21-leafcanon-s20260819.png", "--steps", "40", "--cfg", "7.5", "--strength", "0.30", "--pad-crop", "64", "--blur", "8", "--seed", "20260819", "--note", "canon application of the composite-then-inpaint count mechanism: composited two-blade init restyled at 0.30 inside a mask covering both blades, the junction and the vacated region"]
Couldn't connect to the Hub: (MaxRetryError('HTTPSConnectionPool(host=\'huggingface.co\', port=443): Max retries exceeded with url: /api/models/cagliostrolab/animagine-xl-3.1 (Caused by NameResolutionError("HTTPSConnection(host=\'huggingface.co\', port=443): Failed to resolve \'huggingface.co\' ([Errno 11001] getaddrinfo failed)"))'), '(Request ID: 8ff44833-8a41-458b-a4a4-735bda316012)').
Will try to load from local cache.

Loading pipeline components...:   0%|          | 0/7 [00:00<?, ?it/s]
Loading pipeline components...:  14%|█▍        | 1/7 [00:00<00:02,  2.02it/s]
Loading pipeline components...:  71%|███████▏  | 5/7 [00:00<00:00,  8.22it/s]
Loading pipeline components...: 100%|██████████| 7/7 [00:02<00:00,  2.58it/s]
Loading pipeline components...: 100%|██████████| 7/7 [00:02<00:00,  2.95it/s]
C:\banyan-farm\venv\Lib\site-packages\torch\nn\modules\module.py:1370: UserWarning: expandable_segments not supported on this platform (Triggered internally at C:\actions-runner\_work\pytorch\pytorch\pytorch\c10/cuda/CUDAAllocatorConfig.h:39.)
  return t.to(
MODEL_LOADED cagliostrolab/animagine-xl-3.1 cuda/bfloat16 unet.in_channels=4 in 5s
WROTE C:\banyan-farm\leafcanon-b21-0817\b21-leafcanon-s20260819.png
WROTE C:\banyan-farm\leafcanon-b21-0817\b21-leafcanon-s20260819-mask.png
WROTE C:\banyan-farm\leafcanon-b21-0817\b21-leafcanon-s20260819.png.meta.yaml
rc=0 render_s=3.8
==== step s20260819 END rc=0 2026-08-17T13:38:26Z ====

==== step s20260820 START 2026-08-17T13:38:26Z ====
argv: ["C:\\banyan-farm\\venv\\Scripts\\python.exe", "C:\\banyan-farm\\leafcanon-b21-0817\\inpaint_fruit.py", "--init", "C:\\banyan-farm\\leafcanon-b21-0817\\comp-b21-canon.png", "--init-sha256", "83f4581dad4ae12589ab679d8292001c4d777bea68d8e753670ede9e12f6c203", "--mask-png", "C:\\banyan-farm\\leafcanon-b21-0817\\mask-b21-canon.png", "--prompt-file", "C:\\banyan-farm\\leafcanon-b21-0817\\prompt.txt", "--negative-file", "C:\\banyan-farm\\leafcanon-b21-0817\\negative.txt", "--out", "C:\\banyan-farm\\leafcanon-b21-0817\\b21-leafcanon-s20260820.png", "--steps", "40", "--cfg", "7.5", "--strength", "0.30", "--pad-crop", "64", "--blur", "8", "--seed", "20260820", "--note", "canon application of the composite-then-inpaint count mechanism: composited two-blade init restyled at 0.30 inside a mask covering both blades, the junction and the vacated region"]

Loading pipeline components...:   0%|          | 0/7 [00:00<?, ?it/s]
Loading pipeline components...:  43%|████▎     | 3/7 [00:00<00:00, 24.30it/s]
Loading pipeline components...:  86%|████████▌ | 6/7 [00:02<00:00,  2.05it/s]
Loading pipeline components...: 100%|██████████| 7/7 [00:02<00:00,  2.73it/s]
C:\banyan-farm\venv\Lib\site-packages\torch\nn\modules\module.py:1370: UserWarning: expandable_segments not supported on this platform (Triggered internally at C:\actions-runner\_work\pytorch\pytorch\pytorch\c10/cuda/CUDAAllocatorConfig.h:39.)
  return t.to(
MODEL_LOADED cagliostrolab/animagine-xl-3.1 cuda/bfloat16 unet.in_channels=4 in 6s
WROTE C:\banyan-farm\leafcanon-b21-0817\b21-leafcanon-s20260820.png
WROTE C:\banyan-farm\leafcanon-b21-0817\b21-leafcanon-s20260820-mask.png
WROTE C:\banyan-farm\leafcanon-b21-0817\b21-leafcanon-s20260820.png.meta.yaml
rc=0 render_s=3.8
==== step s20260820 END rc=0 2026-08-17T13:38:39Z ====

==== step publish START 2026-08-17T13:38:39Z ====
argv: ["C:\\banyan-farm\\venv\\Scripts\\python.exe", "-c", "import hashlib, os, shutil\nsrc = \"C:/banyan-farm/leafcanon-b21-0817\"\ndst = \"C:/banyan-farm/courier-box/farm-out/ep2-b21-leafcanon-inpaint-0817\"\nos.makedirs(dst, exist_ok=True)\nnames = ['b21-leafcanon-s20260817.png', 'b21-leafcanon-s20260817.png.meta.yaml', 'b21-leafcanon-s20260818.png', 'b21-leafcanon-s20260818.png.meta.yaml', 'b21-leafcanon-s20260819.png', 'b21-leafcanon-s20260819.png.meta.yaml', 'b21-leafcanon-s20260820.png', 'b21-leafcanon-s20260820.png.meta.yaml', 'comp-b21-canon.png', 'comp-b21-canon.composite.json', 'mask-b21-canon.png', 'prompt.txt', 'negative.txt']\ngot = []\nfor n in names:\n    p = os.path.join(src, n)\n    if os.path.isfile(p):\n        shutil.copy2(p, os.path.join(dst, n)); got.append(n)\nwith open(os.path.join(dst, \"SHA256SUMS.txt\"), \"w\", newline=\"\\n\") as fh:\n    for n in got:\n        h = hashlib.sha256(open(os.path.join(dst, n), \"rb\").read()).hexdigest()\n        fh.write(\"%s  %s\\n\" % (h, n))\nprint(\"published\", len(got), \"of\", len(names), got)\nraise SystemExit(0 if \"b21-leafcanon-s20260817.png\" in got else 1)"]
published 13 of 13 ['b21-leafcanon-s20260817.png', 'b21-leafcanon-s20260817.png.meta.yaml', 'b21-leafcanon-s20260818.png', 'b21-leafcanon-s20260818.png.meta.yaml', 'b21-leafcanon-s20260819.png', 'b21-leafcanon-s20260819.png.meta.yaml', 'b21-leafcanon-s20260820.png', 'b21-leafcanon-s20260820.png.meta.yaml', 'comp-b21-canon.png', 'comp-b21-canon.composite.json', 'mask-b21-canon.png', 'prompt.txt', 'negative.txt']
==== step publish END rc=0 2026-08-17T13:38:39Z ====
#### job ep2-b21-leafcanon-inpaint-0817-1786973615 finished rc=0 2026-08-17T13:38:39Z
