#### job ep2-b03-motion-0812-1786542747 attempt 1 start 2026-08-12T13:55:37Z

==== step crop START 2026-08-12T13:58:42Z ====
argv: ["C:\\banyan-farm\\venv\\Scripts\\python.exe", "C:\\banyan-farm\\ep2-b03-motion-0812\\cover_crop.py", "--src", "C:\\banyan-farm\\goblin-ipa-0812\\out-b03-frozen\\03-bad-cover-ipa-r0-w015-s1.png", "--sha256", "2139ee6b4f89a8e68b13ef39735025b028bc1209258e22912cfbc404df432ef2", "--out", "C:\\banyan-farm\\ep2-b03-motion-0812\\b03-init-704x1280.png", "--size", "704x1280"]
src 832x1216 sha 2139ee6b4f89a8e68b13ef39735025b028bc1209258e22912cfbc404df432ef2
cover-crop scale=1.0526 -> 876x1280, centre box (86,0)
WROTE C:\banyan-farm\ep2-b03-motion-0812\b03-init-704x1280.png
==== step crop END rc=0 2026-08-12T13:58:42Z ====

==== step encode START 2026-08-12T13:58:42Z ====
argv: ["C:\\banyan-video\\venv\\Scripts\\python.exe", "C:\\banyan-farm\\banyan-city\\pipeline\\ltx_i2v.py", "--stage", "encode", "--jobs", "C:\\banyan-farm\\ep2-b03-motion-0812\\b03-jobs-encode.json"]
-- begin-encode: phys 10.8/68.1GB, commit 12.3/115.3GB (load 15%)
loading text encoder from C:\Users\artvn\.cache\huggingface\hub\models--Lightricks--gemma-3-12b-it-qat-q4_0-unquantized\snapshots\d62fe4f1995ade703b49a0f3c0d0f161237ef437

Loading weights:   0%|          | 0/1065 [00:00<?, ?it/s]
Loading weights:  28%|██▊       | 303/1065 [00:00<00:00, 2745.38it/s]
Loading weights:  54%|█████▍    | 578/1065 [00:00<00:00, 2589.94it/s]
Loading weights:  89%|████████▉ | 952/1065 [00:00<00:00, 2948.26it/s]
Loading weights: 100%|██████████| 1065/1065 [00:00<00:00, 3060.38it/s]
-- encode-beat-04: phys 12.0/68.1GB, commit 39.1/115.3GB (load 17%)
[1/1] encoded beat 4 to C:\banyan-farm\ep2-b03-motion-0812\b03-embeds.pt (1, 1024, 188160)
{"peak_commit_gb": 41.4, "peak_phys_gb": 37.6, "last_stage": "encode-beat-04"}
==== step encode END rc=0 2026-08-12T14:00:18Z ====

==== step render START 2026-08-12T14:00:18Z ====
argv: ["C:\\banyan-video\\venv\\Scripts\\python.exe", "C:\\banyan-farm\\banyan-city\\pipeline\\ltx_i2v.py", "--stage", "render", "--jobs", "C:\\banyan-farm\\ep2-b03-motion-0812\\b03-jobs-render.json", "--size", "704x1280", "--frames", "121", "--fps", "24", "--guidance", "2.0", "--distilled-sigmas", "--two-stage", "--image-crf", "33", "--offload", "sequential", "--mode", "production", "--task", "ep2-b03-motion-0812", "--worker", "rtx5090", "--bench-jsonl", "C:\\banyan-farm\\ep2-b03-motion-0812\\bench-b03-motion.jsonl", "--bench-label", "ep2-b03-motion-0812"]
recipe: offload=sequential quantisation=none (bf16)
-- begin-render: phys 11.0/68.1GB, commit 12.5/115.3GB (load 16%)
transformer  C:\Users\artvn\.cache\huggingface\hub\models--diffusers--LTX-2.3-Distilled-Diffusers\snapshots\432e0d3c2d1769aaa4d295f9243f7062bf6b47ee [subfolder=transformer, bf16]
scheduler    C:\Users\artvn\.cache\huggingface\hub\models--diffusers--LTX-2.3-Distilled-Diffusers\snapshots\432e0d3c2d1769aaa4d295f9243f7062bf6b47ee [subfolder=scheduler, distilled]
other parts  C:\Users\artvn\.cache\huggingface\hub\models--diffusers--LTX-2.3-Diffusers\snapshots\8eee8edcf067e838b843f926ec4d4cc9b2be1aaf
-- load-transformer-bf16-38GB: phys 11.7/68.1GB, commit 14.4/115.3GB (load 17%)

Loading checkpoint shards:   0%|          | 0/8 [00:00<?, ?it/s]
Loading checkpoint shards:  12%|█▎        | 1/8 [00:00<00:00,  9.06it/s]
Loading checkpoint shards:  25%|██▌       | 2/8 [00:00<00:00,  9.47it/s]
Loading checkpoint shards:  38%|███▊      | 3/8 [00:00<00:00,  9.44it/s]
Loading checkpoint shards:  50%|█████     | 4/8 [00:00<00:00,  7.16it/s]
Loading checkpoint shards:  62%|██████▎   | 5/8 [00:00<00:00,  7.96it/s]
Loading checkpoint shards: 100%|██████████| 8/8 [00:00<00:00, 13.29it/s]
Loading checkpoint shards: 100%|██████████| 8/8 [00:00<00:00, 10.82it/s]
-- load-connectors-12.7GB-and-vae: phys 11.8/68.1GB, commit 52.7/115.3GB (load 17%)

Loading checkpoint shards:   0%|          | 0/2 [00:00<?, ?it/s]
Loading checkpoint shards: 100%|██████████| 2/2 [00:00<00:00, 67.75it/s]
-- offload-setup-sequential: phys 11.8/68.1GB, commit 62.3/115.3GB (load 17%)
C:\banyan-video\venv\Lib\site-packages\accelerate\utils\modeling.py:345: UserWarning: expandable_segments not supported on this platform (Triggered internally at C:\actions-runner\_work\pytorch\pytorch\pytorch\c10/cuda/CUDAAllocatorConfig.h:39.)
  new_value = old_value.to(device, non_blocking=non_blocking)
conditioning still round-tripped through libx264 crf=33 -> C:\banyan-farm\ep2-b03-motion-0812\cond-crf-04.png
-- stage1-denoise-352x640-8steps: phys 12.7/68.1GB, commit 62.7/115.3GB (load 18%)

  0%|          | 0/8 [00:00<?, ?it/s]
 12%|█▎        | 1/8 [01:03<07:27, 63.88s/it]
 25%|██▌       | 2/8 [01:18<03:30, 35.12s/it]
 38%|███▊      | 3/8 [01:29<01:59, 23.98s/it]
 50%|█████     | 4/8 [01:39<01:13, 18.32s/it]
 62%|██████▎   | 5/8 [01:49<00:46, 15.51s/it]
 75%|███████▌  | 6/8 [01:59<00:27, 13.56s/it]
 88%|████████▊ | 7/8 [02:08<00:12, 12.14s/it]
100%|██████████| 8/8 [02:18<00:00, 11.30s/it]
100%|██████████| 8/8 [02:18<00:00, 17.28s/it]
stage1 latents (1, 128, 16, 20, 11)
-- upsample-2x-latent: phys 56.6/68.1GB, commit 65.6/115.3GB (load 83%)
There are modules in LTX2LatentUpsamplerModel that should be kept in float32: []. Casting directly with `to()` can lead to inconsistent results; set `torch_dtype` in `from_pretrained()` instead to keep these modules in float32.
upsampled latents (1, 128, 16, 40, 22)
-- stage2-refine-704x1280-3steps: phys 58.6/68.1GB, commit 68.3/115.3GB (load 86%)

  0%|          | 0/3 [00:00<?, ?it/s]
 33%|███▎      | 1/3 [00:30<01:00, 30.30s/it]
 67%|██████▋   | 2/3 [01:03<00:31, 31.82s/it]
100%|██████████| 3/3 [01:35<00:00, 31.94s/it]
100%|██████████| 3/3 [01:35<00:00, 31.75s/it]
-- decode-and-export: phys 64.5/68.1GB, commit 71.1/115.3GB (load 94%)
[1/1] wrote C:\banyan-farm\ep2-b03-motion-0812\03-bad-cover-LTX-motion-0812.mp4 in 258s (121 frames, 704x1280, 8@352x640+3@704x1280 steps, peak torch 12.0GB, device 3.1/26GB)
THROUGHPUT 0.0196 s(video)/s(wall) (1 x 5.042s of video in 258s)
bench row -> C:\banyan-farm\ep2-b03-motion-0812\bench-b03-motion.jsonl
{"sample_s": 257.6, "peak_gb": 12.0, "peak_commit_gb": 80.4, "frames": 121, "size": "704x1280", "steps": "8@352x640+3@704x1280", "batch": 1, "mode": "production", "throughput_s_per_s": 0.0196, "two_stage": true, "image_crf": 33, "offload": "sequential", "quantisation": null}
{"peak_commit_gb": 80.4, "peak_phys_gb": 65.1, "last_stage": "decode-and-export"}
==== step render END rc=0 2026-08-12T14:04:51Z ====

==== step publish START 2026-08-12T14:04:51Z ====
argv: ["C:\\banyan-farm\\venv\\Scripts\\python.exe", "-c", "import glob, hashlib, os, shutil\ndst = \"C:/banyan-farm/courier-box/farm-out/ep2-b03-motion\"\nos.makedirs(dst, exist_ok=True)\nsrc = sorted(glob.glob(\"C:/banyan-farm/ep2-b03-motion-0812/03-bad-cover-LTX-motion-0812.mp4*\")\n             + glob.glob(\"C:/banyan-farm/ep2-b03-motion-0812/b03-init-704x1280.png\")\n             + glob.glob(\"C:/banyan-farm/ep2-b03-motion-0812/bench-b03-motion.jsonl\"))\nlines = []\nfor f in src:\n    shutil.copy2(f, dst)\n    c = os.path.join(dst, os.path.basename(f))\n    with open(c, \"rb\") as fh:\n        h = hashlib.sha256(fh.read()).hexdigest()\n    lines.append(h + \"  \" + os.path.basename(f))\nwith open(os.path.join(dst, \"ep2-b03-motion-0812.sha256\"), \"w\", newline=\"\\n\") as fh:\n    fh.write(\"\\n\".join(lines) + \"\\n\")\nprint(\"published\", len(src), \"file(s) + manifest ->\", dst)\nraise SystemExit(0 if len(src) >= 2 else 1)\n"]
published 4 file(s) + manifest -> C:/banyan-farm/courier-box/farm-out/ep2-b03-motion
==== step publish END rc=0 2026-08-12T14:04:51Z ====
#### job ep2-b03-motion-0812-1786542747 finished rc=0 2026-08-12T14:04:51Z
