  8%|▊         | 3/40 [00:00<00:07,  4.77it/s]
 10%|█         | 4/40 [00:00<00:08,  4.30it/s]
 12%|█▎        | 5/40 [00:01<00:08,  4.19it/s]
 15%|█▌        | 6/40 [00:01<00:07,  4.37it/s]
 18%|█▊        | 7/40 [00:01<00:07,  4.42it/s]
 20%|██        | 8/40 [00:01<00:07,  4.35it/s]
 22%|██▎       | 9/40 [00:02<00:07,  4.22it/s]
 25%|██▌       | 10/40 [00:02<00:07,  4.22it/s]
 28%|██▊       | 11/40 [00:02<00:06,  4.33it/s]
 30%|███       | 12/40 [00:02<00:06,  4.36it/s]
 32%|███▎      | 13/40 [00:03<00:06,  4.23it/s]
 35%|███▌      | 14/40 [00:03<00:06,  4.31it/s]
 38%|███▊      | 15/40 [00:03<00:05,  4.28it/s]
 40%|████      | 16/40 [00:03<00:05,  4.35it/s]
 42%|████▎     | 17/40 [00:03<00:05,  4.25it/s]
 45%|████▌     | 18/40 [00:04<00:05,  4.30it/s]
 48%|████▊     | 19/40 [00:04<00:04,  4.27it/s]
 50%|█████     | 20/40 [00:04<00:04,  4.32it/s]
 52%|█████▎    | 21/40 [00:04<00:04,  4.29it/s]
 55%|█████▌    | 22/40 [00:05<00:04,  4.25it/s]
 57%|█████▊    | 23/40 [00:05<00:03,  4.37it/s]
 60%|██████    | 24/40 [00:05<00:03,  4.31it/s]
 62%|██████▎   | 25/40 [00:05<00:03,  4.39it/s]
 65%|██████▌   | 26/40 [00:06<00:03,  4.25it/s]
 68%|██████▊   | 27/40 [00:06<00:03,  4.26it/s]
 70%|███████   | 28/40 [00:06<00:02,  4.31it/s]
 72%|███████▎  | 29/40 [00:06<00:02,  4.38it/s]
 75%|███████▌  | 30/40 [00:06<00:02,  4.31it/s]
 78%|███████▊  | 31/40 [00:07<00:02,  4.29it/s]
 80%|████████  | 32/40 [00:07<00:01,  4.36it/s]
 82%|████████▎ | 33/40 [00:07<00:01,  4.31it/s]
 85%|████████▌ | 34/40 [00:07<00:01,  4.28it/s]
 88%|████████▊ | 35/40 [00:08<00:01,  4.26it/s]
 90%|█████████ | 36/40 [00:08<00:00,  4.33it/s]
 92%|█████████▎| 37/40 [00:08<00:00,  4.31it/s]
 95%|█████████▌| 38/40 [00:08<00:00,  4.28it/s]
 98%|█████████▊| 39/40 [00:09<00:00,  4.34it/s]
100%|██████████| 40/40 [00:09<00:00,  4.30it/s]
100%|██████████| 40/40 [00:09<00:00,  4.32it/s]
   04-the-footnote-ipa-r0-c080-s0.png seed=20260723 10s  (21/24)

  0%|          | 0/40 [00:00<?, ?it/s]
  2%|▎         | 1/40 [00:00<00:08,  4.68it/s]
  5%|▌         | 2/40 [00:00<00:07,  4.78it/s]
  8%|▊         | 3/40 [00:00<00:07,  4.64it/s]
 10%|█         | 4/40 [00:00<00:08,  4.34it/s]
 12%|█▎        | 5/40 [00:01<00:08,  4.28it/s]
 15%|█▌        | 6/40 [00:01<00:07,  4.35it/s]
 18%|█▊        | 7/40 [00:01<00:07,  4.41it/s]
 20%|██        | 8/40 [00:01<00:07,  4.34it/s]
 22%|██▎       | 9/40 [00:02<00:07,  4.21it/s]
 25%|██▌       | 10/40 [00:02<00:06,  4.30it/s]
 28%|██▊       | 11/40 [00:02<00:06,  4.37it/s]
 30%|███       | 12/40 [00:02<00:06,  4.32it/s]
 32%|███▎      | 13/40 [00:03<00:06,  4.20it/s]
 35%|███▌      | 14/40 [00:03<00:06,  4.29it/s]
 38%|███▊      | 15/40 [00:03<00:05,  4.36it/s]
 40%|████      | 16/40 [00:03<00:05,  4.32it/s]
 42%|████▎     | 17/40 [00:03<00:05,  4.29it/s]
 45%|████▌     | 18/40 [00:04<00:05,  4.26it/s]
 48%|████▊     | 19/40 [00:04<00:04,  4.25it/s]
 50%|█████     | 20/40 [00:04<00:04,  4.31it/s]
 52%|█████▎    | 21/40 [00:04<00:04,  4.28it/s]
 55%|█████▌    | 22/40 [00:05<00:04,  4.28it/s]
 57%|█████▊    | 23/40 [00:05<00:03,  4.35it/s]
 60%|██████    | 24/40 [00:05<00:03,  4.30it/s]
 62%|██████▎   | 25/40 [00:05<00:03,  4.36it/s]
 65%|██████▌   | 26/40 [00:06<00:03,  4.31it/s]
 68%|██████▊   | 27/40 [00:06<00:03,  4.28it/s]
 70%|███████   | 28/40 [00:06<00:02,  4.34it/s]
 72%|███████▎  | 29/40 [00:06<00:02,  4.30it/s]
 75%|███████▌  | 30/40 [00:06<00:02,  4.27it/s]
 78%|███████▊  | 31/40 [00:07<00:02,  4.34it/s]
 80%|████████  | 32/40 [00:07<00:01,  4.30it/s]
 82%|████████▎ | 33/40 [00:07<00:01,  4.28it/s]
 85%|████████▌ | 34/40 [00:07<00:01,  4.35it/s]
 88%|████████▊ | 35/40 [00:08<00:01,  4.31it/s]
 90%|█████████ | 36/40 [00:08<00:00,  4.28it/s]
 92%|█████████▎| 37/40 [00:08<00:00,  4.35it/s]
 95%|█████████▌| 38/40 [00:08<00:00,  4.31it/s]
 98%|█████████▊| 39/40 [00:09<00:00,  4.25it/s]
100%|██████████| 40/40 [00:09<00:00,  4.27it/s]
100%|██████████| 40/40 [00:09<00:00,  4.32it/s]
   04-the-footnote-ipa-r0-c080-s1.png seed=20261723 10s  (22/24)

  0%|          | 0/40 [00:00<?, ?it/s]
  2%|▎         | 1/40 [00:00<00:08,  4.86it/s]
  5%|▌         | 2/40 [00:00<00:08,  4.63it/s]
  8%|▊         | 3/40 [00:00<00:07,  4.75it/s]
 10%|█         | 4/40 [00:00<00:08,  4.39it/s]
 12%|█▎        | 5/40 [00:01<00:08,  4.17it/s]
 15%|█▌        | 6/40 [00:01<00:07,  4.34it/s]
 18%|█▊        | 7/40 [00:01<00:07,  4.39it/s]
 20%|██        | 8/40 [00:01<00:07,  4.33it/s]
 22%|██▎       | 9/40 [00:02<00:07,  4.20it/s]
 25%|██▌       | 10/40 [00:02<00:06,  4.29it/s]
 28%|██▊       | 11/40 [00:02<00:06,  4.36it/s]
 30%|███       | 12/40 [00:02<00:06,  4.32it/s]
 32%|███▎      | 13/40 [00:02<00:06,  4.28it/s]
 35%|███▌      | 14/40 [00:03<00:06,  4.26it/s]
 38%|███▊      | 15/40 [00:03<00:05,  4.33it/s]
 40%|████      | 16/40 [00:03<00:05,  4.39it/s]
 42%|████▎     | 17/40 [00:03<00:05,  4.25it/s]
 45%|████▌     | 18/40 [00:04<00:05,  4.24it/s]
 48%|████▊     | 19/40 [00:04<00:04,  4.32it/s]
 50%|█████     | 20/40 [00:04<00:04,  4.38it/s]
 52%|█████▎    | 21/40 [00:04<00:04,  4.33it/s]
 55%|█████▌    | 22/40 [00:05<00:04,  4.21it/s]
 57%|█████▊    | 23/40 [00:05<00:03,  4.29it/s]
 60%|██████    | 24/40 [00:05<00:03,  4.35it/s]
 62%|██████▎   | 25/40 [00:05<00:03,  4.31it/s]
 65%|██████▌   | 26/40 [00:06<00:03,  4.28it/s]
 68%|██████▊   | 27/40 [00:06<00:03,  4.26it/s]
 70%|███████   | 28/40 [00:06<00:02,  4.33it/s]
 72%|███████▎  | 29/40 [00:06<00:02,  4.29it/s]
 75%|███████▌  | 30/40 [00:06<00:02,  4.26it/s]
 78%|███████▊  | 31/40 [00:07<00:02,  4.26it/s]
 80%|████████  | 32/40 [00:07<00:01,  4.32it/s]
 82%|████████▎ | 33/40 [00:07<00:01,  4.38it/s]
 85%|████████▌ | 34/40 [00:07<00:01,  4.33it/s]
 88%|████████▊ | 35/40 [00:08<00:01,  4.30it/s]
 90%|█████████ | 36/40 [00:08<00:00,  4.27it/s]
 92%|█████████▎| 37/40 [00:08<00:00,  4.34it/s]
 95%|█████████▌| 38/40 [00:08<00:00,  4.30it/s]
 98%|█████████▊| 39/40 [00:09<00:00,  4.28it/s]
100%|██████████| 40/40 [00:09<00:00,  4.35it/s]
100%|██████████| 40/40 [00:09<00:00,  4.32it/s]
   04-the-footnote-ipa-r0-c080-s2.png seed=20262723 10s  (23/24)

  0%|          | 0/40 [00:00<?, ?it/s]
  2%|▎         | 1/40 [00:00<00:07,  4.98it/s]
  5%|▌         | 2/40 [00:00<00:08,  4.69it/s]
  8%|▊         | 3/40 [00:00<00:08,  4.61it/s]
 10%|█         | 4/40 [00:00<00:08,  4.21it/s]
 12%|█▎        | 5/40 [00:01<00:08,  4.21it/s]
 15%|█▌        | 6/40 [00:01<00:07,  4.30it/s]
 18%|█▊        | 7/40 [00:01<00:07,  4.46it/s]
 20%|██        | 8/40 [00:01<00:07,  4.29it/s]
 22%|██▎       | 9/40 [00:02<00:07,  4.27it/s]
 25%|██▌       | 10/40 [00:02<00:07,  4.25it/s]
 28%|██▊       | 11/40 [00:02<00:06,  4.33it/s]
 30%|███       | 12/40 [00:02<00:06,  4.29it/s]
 32%|███▎      | 13/40 [00:03<00:06,  4.27it/s]
 35%|███▌      | 14/40 [00:03<00:06,  4.26it/s]
 38%|███▊      | 15/40 [00:03<00:05,  4.33it/s]
 40%|████      | 16/40 [00:03<00:05,  4.39it/s]
 42%|████▎     | 17/40 [00:03<00:05,  4.25it/s]
 45%|████▌     | 18/40 [00:04<00:05,  4.24it/s]
 48%|████▊     | 19/40 [00:04<00:04,  4.32it/s]
 50%|█████     | 20/40 [00:04<00:04,  4.38it/s]
 52%|█████▎    | 21/40 [00:04<00:04,  4.32it/s]
 55%|█████▌    | 22/40 [00:05<00:04,  4.29it/s]
 57%|█████▊    | 23/40 [00:05<00:03,  4.27it/s]
 60%|██████    | 24/40 [00:05<00:03,  4.34it/s]
 62%|██████▎   | 25/40 [00:05<00:03,  4.30it/s]
 65%|██████▌   | 26/40 [00:06<00:03,  4.28it/s]
 68%|██████▊   | 27/40 [00:06<00:03,  4.26it/s]
 70%|███████   | 28/40 [00:06<00:02,  4.33it/s]
 72%|███████▎  | 29/40 [00:06<00:02,  4.29it/s]
 75%|███████▌  | 30/40 [00:06<00:02,  4.27it/s]
 78%|███████▊  | 31/40 [00:07<00:02,  4.34it/s]
 80%|████████  | 32/40 [00:07<00:01,  4.29it/s]
 82%|████████▎ | 33/40 [00:07<00:01,  4.37it/s]
 85%|████████▌ | 34/40 [00:07<00:01,  4.32it/s]
 88%|████████▊ | 35/40 [00:08<00:01,  4.29it/s]
 90%|█████████ | 36/40 [00:08<00:00,  4.35it/s]
 92%|█████████▎| 37/40 [00:08<00:00,  4.28it/s]
 95%|█████████▌| 38/40 [00:08<00:00,  4.29it/s]
 98%|█████████▊| 39/40 [00:09<00:00,  4.27it/s]
100%|██████████| 40/40 [00:09<00:00,  4.33it/s]
100%|██████████| 40/40 [00:09<00:00,  4.32it/s]
   04-the-footnote-ipa-r0-c080-s3.png seed=20263723 10s  (24/24)

DONE 24 stills — ONE beat. The other fourteen wait on his verdict.
==== step sample END rc=0 2026-08-10T09:27:55Z ====

==== step measure START 2026-08-10T09:27:55Z ====
argv: ["C:\\banyan-farm\\venv\\Scripts\\python.exe", "C:\\banyan-farm\\wave-goblin-prep\\identity_agreement.py", "--group", "wave1-baseline=C:\\banyan-farm\\wave-goblin-prep\\out\\04-the-footnote-wave1-s*.png", "--group", "ipa-ref0-scale060=C:\\banyan-farm\\goblin-ipa-0810\\out\\04-the-footnote-ipa-r0-c060-s*.png", "--group", "ipa-ref1-scale060=C:\\banyan-farm\\goblin-ipa-0810\\out\\04-the-footnote-ipa-r1-c060-s*.png", "--group", "ipa-ref2-scale060=C:\\banyan-farm\\goblin-ipa-0810\\out\\04-the-footnote-ipa-r2-c060-s*.png", "--group", "ipa-ref3-scale060=C:\\banyan-farm\\goblin-ipa-0810\\out\\04-the-footnote-ipa-r3-c060-s*.png", "--group", "ipa-ref0-scale040=C:\\banyan-farm\\goblin-ipa-0810\\out\\04-the-footnote-ipa-r0-c040-s*.png", "--group", "ipa-ref0-scale080=C:\\banyan-farm\\goblin-ipa-0810\\out\\04-the-footnote-ipa-r0-c080-s*.png", "--ref-for", "ipa-ref0-scale060=C:\\banyan-farm\\wave-goblin-prep\\out\\04-the-footnote-wave1-s0.png", "--ref-for", "ipa-ref1-scale060=C:\\banyan-farm\\wave-goblin-prep\\out\\04-the-footnote-wave1-s1.png", "--ref-for", "ipa-ref2-scale060=C:\\banyan-farm\\wave-goblin-prep\\out\\04-the-footnote-wave1-s2.png", "--ref-for", "ipa-ref3-scale060=C:\\banyan-farm\\wave-goblin-prep\\out\\04-the-footnote-wave1-s3.png", "--ref-for", "ipa-ref0-scale040=C:\\banyan-farm\\wave-goblin-prep\\out\\04-the-footnote-wave1-s0.png", "--ref-for", "ipa-ref0-scale080=C:\\banyan-farm\\wave-goblin-prep\\out\\04-the-footnote-wave1-s0.png", "--out", "C:\\banyan-farm\\goblin-ipa-0810\\out\\identity-agreement.yaml"]
C:\banyan-farm\venv\Lib\site-packages\torch\nn\modules\module.py:1370: UserWarning: expandable_segments not supported on this platform (Triggered internally at C:\actions-runner\_work\pytorch\pytorch\pytorch\c10/cuda/CUDAAllocatorConfig.h:39.)
  return t.to(
C:\banyan-farm\venv\Lib\site-packages\transformers\tokenization_utils_base.py:1601: FutureWarning: `clean_up_tokenization_spaces` was not set. It will be set to `True` by default. This behavior will be depracted in transformers v4.45, and will be then set to `False` by default. For more details check this issue: https://github.com/huggingface/transformers/issues/31884
  warnings.warn(

group              n  DINO mean  DINO min  CLIP-I mean  to-ref DINO
wave1-baseline     4     0.6967    0.6420       0.8931            —
ipa-ref0-scale060  4     0.8069    0.7496       0.9276       0.8149
ipa-ref1-scale060  4     0.7974    0.7119       0.9261       0.8182
ipa-ref2-scale060  4     0.8345    0.7913       0.9309       0.7671
ipa-ref3-scale060  4     0.7828    0.7467       0.9172       0.7398
ipa-ref0-scale040  4     0.7889    0.7492       0.9236       0.8273
ipa-ref0-scale080  4     0.8601    0.8395       0.9557       0.8367

wrote C:\banyan-farm\goblin-ipa-0810\out\identity-agreement.yaml
==== step measure END rc=0 2026-08-10T09:31:27Z ====

==== step publish START 2026-08-10T09:31:27Z ====
argv: ["C:\\banyan-farm\\venv\\Scripts\\python.exe", "-c", "import glob, hashlib, os, shutil\ndst = \"C:/banyan-farm/courier-box/farm-out/ep2-b04-goblin-ipa\"\nos.makedirs(dst, exist_ok=True)\nsrc = sorted(glob.glob(\"C:/banyan-farm/goblin-ipa-0810/out/*\"))\nlines = []\nfor f in src:\n    shutil.copy2(f, dst)\n    # Hash the COPY: what this records has to be the bytes that get\n    # committed, or the manifest attests to the wrong file.\n    c = os.path.join(dst, os.path.basename(f))\n    with open(c, \"rb\") as fh:\n        h = hashlib.sha256(fh.read()).hexdigest()\n    lines.append(h + \"  \" + os.path.basename(f))\nwith open(os.path.join(dst, \"ep2-b04-goblin-ipa.sha256\"), \"w\") as fh:\n    fh.write(\"\\n\".join(lines) + \"\\n\")\nprint(\"published\", len(src), \"file(s) + manifest ->\", dst)\n# 24 stills + 24 sidecars + identity-agreement.yaml.\nraise SystemExit(0 if len(src) == 49 else 1)\n"]
published 49 file(s) + manifest -> C:/banyan-farm/courier-box/farm-out/ep2-b04-goblin-ipa
==== step publish END rc=0 2026-08-10T09:31:27Z ====
#### job ep2-b04-goblin-ipa-1786353822 finished rc=0 2026-08-10T09:31:27Z
