#### job ep2-b19-disamb-0812-1786485781 attempt 1 start 2026-08-12T22:42:10Z

==== step crop START 2026-08-12T22:42:13Z ====
argv: ["C:\\banyan-farm\\venv\\Scripts\\python.exe", "C:\\banyan-farm\\ep2-b19-disamb-0812\\cover_crop.py", "--src", "C:\\banyan-farm\\goblin-ipa-0812\\out-b19-frozen\\19-the-drop-ipa-r0-w015-s1.png", "--sha256", "8afd9dec164a3c4fc3cd328a66de7788388ec232e6f3efd321d42864dcf6c1fe", "--out", "C:\\banyan-farm\\ep2-b19-disamb-0812\\b19-init-704x1280.png", "--size", "704x1280"]
src 832x1216 sha 8afd9dec164a3c4fc3cd328a66de7788388ec232e6f3efd321d42864dcf6c1fe
cover-crop scale=1.0526 -> 876x1280, centre box (86,0)
WROTE C:\banyan-farm\ep2-b19-disamb-0812\b19-init-704x1280.png
==== step crop END rc=0 2026-08-12T22:42:13Z ====

==== step encode START 2026-08-12T22:42:13Z ====
argv: ["C:\\banyan-video\\venv\\Scripts\\python.exe", "C:\\banyan-farm\\banyan-city\\pipeline\\ltx_i2v.py", "--stage", "encode", "--jobs", "C:\\banyan-farm\\ep2-b19-disamb-0812\\b19-jobs-encode.json"]
-- begin-encode: phys 9.9/68.1GB, commit 11.4/115.3GB (load 14%)
loading text encoder from C:\Users\artvn\.cache\huggingface\hub\models--Lightricks--gemma-3-12b-it-qat-q4_0-unquantized\snapshots\d62fe4f1995ade703b49a0f3c0d0f161237ef437

Loading weights:   0%|          | 0/1065 [00:00<?, ?it/s]
Loading weights:  27%|██▋       | 286/1065 [00:00<00:00, 2599.46it/s]
Loading weights:  52%|█████▏    | 550/1065 [00:00<00:00, 2480.22it/s]
Loading weights:  82%|████████▏ | 878/1065 [00:00<00:00, 2710.71it/s]
Loading weights: 100%|██████████| 1065/1065 [00:00<00:00, 2821.08it/s]
-- encode-beat-19: phys 11.1/68.1GB, commit 38.2/115.3GB (load 16%)
[1/1] encoded beat 19 to C:\banyan-farm\ep2-b19-disamb-0812\b19-embeds.pt (1, 1024, 188160)
{"peak_commit_gb": 40.3, "peak_phys_gb": 36.6, "last_stage": "encode-beat-19"}
==== step encode END rc=0 2026-08-12T22:43:47Z ====

==== step render START 2026-08-12T22:43:47Z ====
argv: ["C:\\banyan-video\\venv\\Scripts\\python.exe", "C:\\banyan-farm\\banyan-city\\pipeline\\ltx_i2v.py", "--stage", "render", "--jobs", "C:\\banyan-farm\\ep2-b19-disamb-0812\\b19-jobs-render.json", "--size", "704x1280", "--frames", "121", "--fps", "24", "--guidance", "2.0", "--distilled-sigmas", "--two-stage", "--image-crf", "33", "--offload", "sequential", "--mode", "production", "--task", "ep2-b19-disamb-0812", "--worker", "rtx5090", "--bench-jsonl", "C:\\banyan-farm\\ep2-b19-disamb-0812\\bench-b19-disamb.jsonl", "--bench-label", "ep2-b19-disamb-0812"]
recipe: offload=sequential quantisation=none (bf16)
-- begin-render: phys 9.9/68.1GB, commit 11.4/115.3GB (load 14%)
transformer  C:\Users\artvn\.cache\huggingface\hub\models--diffusers--LTX-2.3-Distilled-Diffusers\snapshots\432e0d3c2d1769aaa4d295f9243f7062bf6b47ee [subfolder=transformer, bf16]
scheduler    C:\Users\artvn\.cache\huggingface\hub\models--diffusers--LTX-2.3-Distilled-Diffusers\snapshots\432e0d3c2d1769aaa4d295f9243f7062bf6b47ee [subfolder=scheduler, distilled]
other parts  C:\Users\artvn\.cache\huggingface\hub\models--diffusers--LTX-2.3-Diffusers\snapshots\8eee8edcf067e838b843f926ec4d4cc9b2be1aaf
-- load-transformer-bf16-38GB: phys 10.6/68.1GB, commit 13.3/115.3GB (load 15%)

Loading checkpoint shards:   0%|          | 0/8 [00:00<?, ?it/s]
Loading checkpoint shards:  12%|█▎        | 1/8 [00:00<00:00,  8.23it/s]
Loading checkpoint shards:  25%|██▌       | 2/8 [00:00<00:00,  9.04it/s]
Loading checkpoint shards:  50%|█████     | 4/8 [00:00<00:00,  8.28it/s]
Loading checkpoint shards: 100%|██████████| 8/8 [00:00<00:00, 16.31it/s]
Loading checkpoint shards: 100%|██████████| 8/8 [00:00<00:00, 13.55it/s]
-- load-connectors-12.7GB-and-vae: phys 10.7/68.1GB, commit 51.6/115.3GB (load 15%)

Loading checkpoint shards:   0%|          | 0/2 [00:00<?, ?it/s]
Loading checkpoint shards: 100%|██████████| 2/2 [00:00<00:00, 205.15it/s]
-- offload-setup-sequential: phys 10.7/68.1GB, commit 61.2/115.3GB (load 15%)
C:\banyan-video\venv\Lib\site-packages\accelerate\utils\modeling.py:345: UserWarning: expandable_segments not supported on this platform (Triggered internally at C:\actions-runner\_work\pytorch\pytorch\pytorch\c10/cuda/CUDAAllocatorConfig.h:39.)
  new_value = old_value.to(device, non_blocking=non_blocking)
conditioning still round-tripped through libx264 crf=33 -> C:\banyan-farm\ep2-b19-disamb-0812\cond-crf-19.png
-- stage1-denoise-352x640-8steps: phys 11.6/68.1GB, commit 61.6/115.3GB (load 16%)

  0%|          | 0/8 [00:00<?, ?it/s]
 12%|█▎        | 1/8 [01:09<08:05, 69.36s/it]
 25%|██▌       | 2/8 [01:24<03:43, 37.22s/it]
 38%|███▊      | 3/8 [01:33<02:03, 24.62s/it]
 50%|█████     | 4/8 [01:44<01:15, 18.97s/it]
 62%|██████▎   | 5/8 [01:54<00:48, 16.09s/it]
 75%|███████▌  | 6/8 [02:05<00:28, 14.05s/it]
 88%|████████▊ | 7/8 [02:14<00:12, 12.66s/it]
100%|██████████| 8/8 [02:24<00:00, 11.75s/it]
100%|██████████| 8/8 [02:24<00:00, 18.09s/it]
stage1 latents (1, 128, 16, 20, 11)
-- upsample-2x-latent: phys 55.4/68.1GB, commit 64.4/115.3GB (load 81%)
There are modules in LTX2LatentUpsamplerModel that should be kept in float32: []. Casting directly with `to()` can lead to inconsistent results; set `torch_dtype` in `from_pretrained()` instead to keep these modules in float32.
upsampled latents (1, 128, 16, 40, 22)
-- stage2-refine-704x1280-3steps: phys 58.4/68.1GB, commit 67.1/115.3GB (load 85%)

  0%|          | 0/3 [00:00<?, ?it/s]
 33%|███▎      | 1/3 [00:31<01:03, 31.72s/it]
 67%|██████▋   | 2/3 [01:04<00:32, 32.24s/it]
100%|██████████| 3/3 [01:35<00:00, 31.87s/it]
100%|██████████| 3/3 [01:35<00:00, 31.92s/it]
-- decode-and-export: phys 64.4/68.1GB, commit 71.4/115.3GB (load 94%)
[1/1] wrote C:\banyan-farm\ep2-b19-disamb-0812\19-the-drop-LTX-disamb-0812.mp4 in 264s (121 frames, 704x1280, 8@352x640+3@704x1280 steps, peak torch 12.0GB, device 3.1/26GB)
THROUGHPUT 0.0191 s(video)/s(wall) (1 x 5.042s of video in 264s)
bench row -> C:\banyan-farm\ep2-b19-disamb-0812\bench-b19-disamb.jsonl
{"sample_s": 263.7, "peak_gb": 12.0, "peak_commit_gb": 80.5, "frames": 121, "size": "704x1280", "steps": "8@352x640+3@704x1280", "batch": 1, "mode": "production", "throughput_s_per_s": 0.0191, "two_stage": true, "image_crf": 33, "offload": "sequential", "quantisation": null}
{"peak_commit_gb": 80.5, "peak_phys_gb": 64.4, "last_stage": "decode-and-export"}
==== step render END rc=0 2026-08-12T22:48:27Z ====

==== step publish START 2026-08-12T22:48:27Z ====
argv: ["C:\\banyan-farm\\venv\\Scripts\\python.exe", "-c", "import glob, hashlib, os, shutil\ndst = \"C:/banyan-farm/courier-box/farm-out/ep2-b19-disamb\"\nos.makedirs(dst, exist_ok=True)\nsrc = sorted(glob.glob(\"C:/banyan-farm/ep2-b19-disamb-0812/19-the-drop-LTX-disamb-0812.mp4*\")\n             + glob.glob(\"C:/banyan-farm/ep2-b19-disamb-0812/b19-init-704x1280.png\")\n             + glob.glob(\"C:/banyan-farm/ep2-b19-disamb-0812/bench-b19-disamb.jsonl\"))\nlines = []\nfor f in src:\n    shutil.copy2(f, dst)\n    c = os.path.join(dst, os.path.basename(f))\n    with open(c, \"rb\") as fh:\n        h = hashlib.sha256(fh.read()).hexdigest()\n    lines.append(h + \"  \" + os.path.basename(f))\nwith open(os.path.join(dst, \"ep2-b19-disamb-0812.sha256\"), \"w\", newline=\"\\n\") as fh:\n    fh.write(\"\\n\".join(lines) + \"\\n\")\nprint(\"published\", len(src), \"file(s) + manifest ->\", dst)\nraise SystemExit(0 if len(src) >= 2 else 1)\n"]
published 4 file(s) + manifest -> C:/banyan-farm/courier-box/farm-out/ep2-b19-disamb
==== step publish END rc=0 2026-08-12T22:48:27Z ====
#### job ep2-b19-disamb-0812-1786485781 finished rc=0 2026-08-12T22:48:27Z
