#### job ep2-b13-stg-0815-1786818125 attempt 1 start 2026-08-15T19:16:00Z

==== step crop START 2026-08-15T19:16:04Z ====
argv: ["C:\\banyan-farm\\venv\\Scripts\\python.exe", "C:\\banyan-farm\\ep2-b13-stg-0815\\cover_crop.py", "--src", "C:\\banyan-farm\\courier-box\\farm-out\\ep2-b13-plate-0814\\13-the-shade-ipa-r0-w015-s0.png", "--sha256", "1745a491db3c95c7c6d1d6a601a18e7ff1f825ef90f6169140de35ed10a4e921", "--out", "C:\\banyan-farm\\ep2-b13-stg-0815\\b13-init-704x1280.png", "--size", "704x1280"]
src 832x1216 sha 1745a491db3c95c7c6d1d6a601a18e7ff1f825ef90f6169140de35ed10a4e921
cover-crop scale=1.0526 -> 876x1280, centre box (86,0)
WROTE C:\banyan-farm\ep2-b13-stg-0815\b13-init-704x1280.png
==== step crop END rc=0 2026-08-15T19:16:04Z ====

==== step encode START 2026-08-15T19:16:04Z ====
argv: ["C:\\banyan-video\\venv\\Scripts\\python.exe", "C:\\banyan-farm\\banyan-city\\pipeline\\ltx_i2v.py", "--stage", "encode", "--jobs", "C:\\banyan-farm\\ep2-b13-stg-0815\\b13-jobs-encode.json"]
-- begin-encode: phys 9.7/68.1GB, commit 11.9/115.3GB (load 14%)
loading text encoder from C:\Users\artvn\.cache\huggingface\hub\models--Lightricks--gemma-3-12b-it-qat-q4_0-unquantized\snapshots\d62fe4f1995ade703b49a0f3c0d0f161237ef437

Loading weights:   0%|          | 0/1065 [00:00<?, ?it/s]
Loading weights:  30%|███       | 321/1065 [00:00<00:00, 2903.47it/s]
Loading weights:  57%|█████▋    | 612/1065 [00:00<00:00, 2750.53it/s]
Loading weights:  91%|█████████ | 967/1065 [00:00<00:00, 2963.70it/s]
Loading weights: 100%|██████████| 1065/1065 [00:00<00:00, 2937.34it/s]
-- encode-beat-13: phys 10.9/68.1GB, commit 38.7/115.3GB (load 16%)
[1/1] encoded beat 13 to C:\banyan-farm\ep2-b13-stg-0815\b13-embeds.pt (1, 1024, 188160)
{"peak_commit_gb": 41.3, "peak_phys_gb": 36.8, "last_stage": "encode-beat-13"}
==== step encode END rc=0 2026-08-15T19:17:38Z ====

==== step render-control START 2026-08-15T19:17:38Z ====
argv: ["C:\\banyan-video\\venv\\Scripts\\python.exe", "C:\\banyan-farm\\banyan-city\\pipeline\\ltx_i2v.py", "--stage", "render", "--jobs", "C:\\banyan-farm\\ep2-b13-stg-0815\\b13-jobs-render-OFF-control.json", "--size", "704x1280", "--frames", "97", "--fps", "24", "--guidance", "2.0", "--distilled-sigmas", "--two-stage", "--image-crf", "33", "--offload", "sequential", "--mode", "production", "--task", "ep2-b13-stg-0815-control", "--worker", "rtx5090", "--bench-jsonl", "C:\\banyan-farm\\ep2-b13-stg-0815\\bench-b13-stg-control.jsonl", "--bench-label", "ep2-b13-stg-0815-control"]
recipe: offload=sequential quantisation=none (bf16)
-- begin-render: phys 9.8/68.1GB, commit 11.9/115.3GB (load 14%)
transformer  C:\Users\artvn\.cache\huggingface\hub\models--diffusers--LTX-2.3-Distilled-Diffusers\snapshots\432e0d3c2d1769aaa4d295f9243f7062bf6b47ee [subfolder=transformer, bf16]
scheduler    C:\Users\artvn\.cache\huggingface\hub\models--diffusers--LTX-2.3-Distilled-Diffusers\snapshots\432e0d3c2d1769aaa4d295f9243f7062bf6b47ee [subfolder=scheduler, distilled]
other parts  C:\Users\artvn\.cache\huggingface\hub\models--diffusers--LTX-2.3-Diffusers\snapshots\8eee8edcf067e838b843f926ec4d4cc9b2be1aaf
-- load-transformer-bf16-38GB: phys 10.5/68.1GB, commit 13.8/115.3GB (load 15%)

Loading checkpoint shards:   0%|          | 0/8 [00:00<?, ?it/s]
Loading checkpoint shards:  12%|█▎        | 1/8 [00:00<00:00,  9.70it/s]
Loading checkpoint shards:  25%|██▌       | 2/8 [00:00<00:00,  9.43it/s]
Loading checkpoint shards:  50%|█████     | 4/8 [00:00<00:00,  8.65it/s]
Loading checkpoint shards: 100%|██████████| 8/8 [00:00<00:00, 16.82it/s]
Loading checkpoint shards: 100%|██████████| 8/8 [00:00<00:00, 14.08it/s]
-- load-connectors-12.7GB-and-vae: phys 10.6/68.1GB, commit 52.1/115.3GB (load 15%)

Loading checkpoint shards:   0%|          | 0/2 [00:00<?, ?it/s]
Loading checkpoint shards: 100%|██████████| 2/2 [00:00<00:00, 67.18it/s]
-- offload-setup-sequential: phys 10.6/68.1GB, commit 61.7/115.3GB (load 15%)
C:\banyan-video\venv\Lib\site-packages\accelerate\utils\modeling.py:345: UserWarning: expandable_segments not supported on this platform (Triggered internally at C:\actions-runner\_work\pytorch\pytorch\pytorch\c10/cuda/CUDAAllocatorConfig.h:39.)
  new_value = old_value.to(device, non_blocking=non_blocking)
conditioning still round-tripped through libx264 crf=33 -> C:\banyan-farm\ep2-b13-stg-0815\cond-crf-13.png
-- stage1-denoise-352x640-8steps: phys 11.5/68.1GB, commit 62.1/115.3GB (load 16%)

  0%|          | 0/8 [00:00<?, ?it/s]
 12%|█▎        | 1/8 [01:09<08:08, 69.77s/it]
 25%|██▌       | 2/8 [01:23<03:41, 36.89s/it]
 38%|███▊      | 3/8 [01:32<02:01, 24.21s/it]
 50%|█████     | 4/8 [01:41<01:12, 18.13s/it]
 62%|██████▎   | 5/8 [01:50<00:44, 14.78s/it]
 75%|███████▌  | 6/8 [01:59<00:25, 12.74s/it]
 88%|████████▊ | 7/8 [02:07<00:11, 11.39s/it]
100%|██████████| 8/8 [02:16<00:00, 10.52s/it]
100%|██████████| 8/8 [02:16<00:00, 17.06s/it]
stage1 latents (1, 128, 13, 20, 11)
-- upsample-2x-latent: phys 55.3/68.1GB, commit 64.6/115.3GB (load 81%)
There are modules in LTX2LatentUpsamplerModel that should be kept in float32: []. Casting directly with `to()` can lead to inconsistent results; set `torch_dtype` in `from_pretrained()` instead to keep these modules in float32.
upsampled latents (1, 128, 13, 40, 22)
-- stage2-refine-704x1280-3steps: phys 57.0/68.1GB, commit 67.7/115.3GB (load 83%)

  0%|          | 0/3 [00:00<?, ?it/s]
 33%|███▎      | 1/3 [00:24<00:48, 24.48s/it]
 67%|██████▋   | 2/3 [00:50<00:25, 25.45s/it]
100%|██████████| 3/3 [01:17<00:00, 26.31s/it]
100%|██████████| 3/3 [01:17<00:00, 25.98s/it]
-- decode-and-export: phys 63.6/68.1GB, commit 70.8/115.3GB (load 93%)
[1/1] wrote C:\banyan-farm\ep2-b13-stg-0815\13-the-shade-STG-OFF-control.mp4 in 238s (97 frames, 704x1280, 8@352x640+3@704x1280 steps, peak torch 9.9GB, device 2.6/26GB)
THROUGHPUT 0.0170 s(video)/s(wall) (1 x 4.042s of video in 238s)
bench row -> C:\banyan-farm\ep2-b13-stg-0815\bench-b13-stg-control.jsonl
{"sample_s": 237.8, "peak_gb": 9.9, "peak_commit_gb": 78.7, "frames": 97, "size": "704x1280", "steps": "8@352x640+3@704x1280", "batch": 1, "mode": "production", "throughput_s_per_s": 0.017, "two_stage": true, "image_crf": 33, "offload": "sequential", "quantisation": null}
{"peak_commit_gb": 78.7, "peak_phys_gb": 64.2, "last_stage": "decode-and-export"}
==== step render-control END rc=0 2026-08-15T19:21:52Z ====

==== step render-stg START 2026-08-15T19:21:52Z ====
argv: ["C:\\banyan-video\\venv\\Scripts\\python.exe", "C:\\banyan-farm\\banyan-city\\pipeline\\ltx_i2v.py", "--stage", "render", "--jobs", "C:\\banyan-farm\\ep2-b13-stg-0815\\b13-jobs-render-ON-b28-s1p0.json", "--size", "704x1280", "--frames", "97", "--fps", "24", "--guidance", "2.0", "--distilled-sigmas", "--two-stage", "--image-crf", "33", "--offload", "sequential", "--mode", "production", "--task", "ep2-b13-stg-0815-stgon", "--worker", "rtx5090", "--bench-jsonl", "C:\\banyan-farm\\ep2-b13-stg-0815\\bench-b13-stg-on.jsonl", "--bench-label", "ep2-b13-stg-0815-stgon", "--stg-scale", "1.0", "--stg-blocks", "28"]
recipe: offload=sequential quantisation=none (bf16)
recipe: STG stg_scale=1 blocks=[28]
-- begin-render: phys 9.6/68.1GB, commit 11.9/115.3GB (load 14%)
transformer  C:\Users\artvn\.cache\huggingface\hub\models--diffusers--LTX-2.3-Distilled-Diffusers\snapshots\432e0d3c2d1769aaa4d295f9243f7062bf6b47ee [subfolder=transformer, bf16]
scheduler    C:\Users\artvn\.cache\huggingface\hub\models--diffusers--LTX-2.3-Distilled-Diffusers\snapshots\432e0d3c2d1769aaa4d295f9243f7062bf6b47ee [subfolder=scheduler, distilled]
other parts  C:\Users\artvn\.cache\huggingface\hub\models--diffusers--LTX-2.3-Diffusers\snapshots\8eee8edcf067e838b843f926ec4d4cc9b2be1aaf
-- load-transformer-bf16-38GB: phys 10.4/68.1GB, commit 13.8/115.3GB (load 15%)

Loading checkpoint shards:   0%|          | 0/8 [00:00<?, ?it/s]
Loading checkpoint shards:  50%|█████     | 4/8 [00:00<00:00, 22.14it/s]
Loading checkpoint shards: 100%|██████████| 8/8 [00:00<00:00, 29.59it/s]
-- load-connectors-12.7GB-and-vae: phys 10.4/68.1GB, commit 52.1/115.3GB (load 15%)

Loading checkpoint shards:   0%|          | 0/2 [00:00<?, ?it/s]
Loading checkpoint shards: 100%|██████████| 2/2 [00:00<00:00, 208.94it/s]
-- offload-setup-sequential: phys 10.4/68.1GB, commit 61.7/115.3GB (load 15%)
C:\banyan-video\venv\Lib\site-packages\accelerate\utils\modeling.py:345: UserWarning: expandable_segments not supported on this platform (Triggered internally at C:\actions-runner\_work\pytorch\pytorch\pytorch\c10/cuda/CUDAAllocatorConfig.h:39.)
  new_value = old_value.to(device, non_blocking=non_blocking)
conditioning still round-tripped through libx264 crf=33 -> C:\banyan-farm\ep2-b13-stg-0815\cond-crf-13.png
STG ON: stg_scale=1 blocks=[28] (one extra transformer forward per step; applies to both stages)
-- stage1-denoise-352x640-8steps: phys 11.3/68.1GB, commit 62.0/115.3GB (load 16%)

  0%|          | 0/8 [00:00<?, ?it/s]
 12%|█▎        | 1/8 [00:32<03:48, 32.62s/it]
 25%|██▌       | 2/8 [00:49<02:18, 23.10s/it]
 38%|███▊      | 3/8 [01:05<01:40, 20.12s/it]
 50%|█████     | 4/8 [01:21<01:13, 18.48s/it]
 62%|██████▎   | 5/8 [01:38<00:53, 17.76s/it]
 75%|███████▌  | 6/8 [01:53<00:34, 17.00s/it]
 88%|████████▊ | 7/8 [02:08<00:16, 16.46s/it]
100%|██████████| 8/8 [02:24<00:00, 16.23s/it]
100%|██████████| 8/8 [02:24<00:00, 18.09s/it]
stage1 latents (1, 128, 13, 20, 11)
-- upsample-2x-latent: phys 55.1/68.1GB, commit 64.0/115.3GB (load 80%)
There are modules in LTX2LatentUpsamplerModel that should be kept in float32: []. Casting directly with `to()` can lead to inconsistent results; set `torch_dtype` in `from_pretrained()` instead to keep these modules in float32.
upsampled latents (1, 128, 13, 40, 22)
-- stage2-refine-704x1280-3steps: phys 58.1/68.1GB, commit 67.6/115.3GB (load 85%)

  0%|          | 0/3 [00:00<?, ?it/s]
 33%|███▎      | 1/3 [00:41<01:22, 41.22s/it]
 67%|██████▋   | 2/3 [01:22<00:41, 41.54s/it]
100%|██████████| 3/3 [02:04<00:00, 41.63s/it]
100%|██████████| 3/3 [02:04<00:00, 41.57s/it]
-- decode-and-export: phys 63.3/68.1GB, commit 70.9/115.3GB (load 93%)
[1/1] wrote C:\banyan-farm\ep2-b13-stg-0815\13-the-shade-STG-ON-b28-s1p0.mp4 in 288s (97 frames, 704x1280, 8@352x640+3@704x1280 steps, peak torch 9.9GB, device 2.6/26GB)
THROUGHPUT 0.0140 s(video)/s(wall) (1 x 4.042s of video in 288s)
bench row -> C:\banyan-farm\ep2-b13-stg-0815\bench-b13-stg-on.jsonl
{"sample_s": 288.3, "peak_gb": 9.9, "peak_commit_gb": 78.7, "frames": 97, "size": "704x1280", "steps": "8@352x640+3@704x1280", "batch": 1, "mode": "production", "throughput_s_per_s": 0.014, "two_stage": true, "image_crf": 33, "offload": "sequential", "quantisation": null}
{"peak_commit_gb": 78.7, "peak_phys_gb": 63.4, "last_stage": "decode-and-export"}
==== step render-stg END rc=0 2026-08-15T19:26:57Z ====

==== step publish START 2026-08-15T19:26:57Z ====
argv: ["C:\\banyan-farm\\venv\\Scripts\\python.exe", "-c", "import glob, hashlib, os, shutil\ndst = \"C:/banyan-farm/courier-box/farm-out/ep2-b13-stg-0815\"\nos.makedirs(dst, exist_ok=True)\nsrc = sorted(glob.glob(\"C:/banyan-farm/ep2-b13-stg-0815/13-the-shade-STG-*.mp4*\")\n             + glob.glob(\"C:/banyan-farm/ep2-b13-stg-0815/b13-init-704x1280.png\")\n             + glob.glob(\"C:/banyan-farm/ep2-b13-stg-0815/bench-b13-stg-*.jsonl\"))\nlines = []\nfor f in src:\n    shutil.copy2(f, dst)\n    c = os.path.join(dst, os.path.basename(f))\n    with open(c, \"rb\") as fh:\n        h = hashlib.sha256(fh.read()).hexdigest()\n    lines.append(h + \"  \" + os.path.basename(f))\nwith open(os.path.join(dst, \"ep2-b13-stg-0815.sha256\"), \"w\", newline=\"\\n\") as fh:\n    fh.write(\"\\n\".join(lines) + \"\\n\")\nprint(\"published\", len(src), \"file(s) + manifest ->\", dst)\nraise SystemExit(0 if len(src) >= 4 else 1)\n"]
published 7 file(s) + manifest -> C:/banyan-farm/courier-box/farm-out/ep2-b13-stg-0815
==== step publish END rc=0 2026-08-15T19:26:58Z ====
#### job ep2-b13-stg-0815-1786818125 finished rc=0 2026-08-15T19:26:58Z
