#### job ep2-b02-tilemotion-s2-0821-1787308826 attempt 1 start 2026-08-21T10:46:50Z

==== step crop START 2026-08-21T10:46:50Z ====
argv: ["C:\\banyan-farm\\venv\\Scripts\\python.exe", "C:\\banyan-farm\\ep2-b02-tilemotion-s2-0821\\cover_crop.py", "--src", "C:\\banyan-farm\\courier-box\\farm-out\\ep2-b02-ageb-r2-0821\\ep2-b02-ageb-r2-0821-ipahead.png", "--sha256", "0240e8986947d77fcf238743984f5fc98395ce462b3e94f8413120533467d757", "--out", "C:\\banyan-farm\\ep2-b02-tilemotion-s2-0821\\b02-init-704x1280.png", "--size", "704x1280"]
src 832x1216 sha 0240e8986947d77fcf238743984f5fc98395ce462b3e94f8413120533467d757
cover-crop scale=1.0526 -> 876x1280, centre box (86,0)
WROTE C:\banyan-farm\ep2-b02-tilemotion-s2-0821\b02-init-704x1280.png
==== step crop END rc=0 2026-08-21T10:46:50Z ====

==== step encode START 2026-08-21T10:46:50Z ====
argv: ["C:\\banyan-video\\venv\\Scripts\\python.exe", "C:\\banyan-farm\\banyan-city\\pipeline\\ltx_i2v.py", "--stage", "encode", "--jobs", "C:\\banyan-farm\\ep2-b02-tilemotion-s2-0821\\b02-jobs-encode.json"]
-- begin-encode: phys 10.8/68.1GB, commit 12.8/115.3GB (load 15%)
loading text encoder from C:\Users\artvn\.cache\huggingface\hub\models--Lightricks--gemma-3-12b-it-qat-q4_0-unquantized\snapshots\d62fe4f1995ade703b49a0f3c0d0f161237ef437

Loading weights:   0%|          | 0/1065 [00:00<?, ?it/s]
Loading weights:  33%|███▎      | 348/1065 [00:00<00:00, 3143.61it/s]
Loading weights:  64%|██████▍   | 684/1065 [00:00<00:00, 3096.72it/s]
Loading weights: 100%|██████████| 1065/1065 [00:00<00:00, 3385.39it/s]
-- encode-beat-02: phys 12.0/68.1GB, commit 39.6/115.3GB (load 17%)
[1/1] encoded beat 2 to C:\banyan-farm\ep2-b02-tilemotion-s2-0821\b02-embeds.pt (1, 1024, 188160)
{"peak_commit_gb": 41.8, "peak_phys_gb": 37.4, "last_stage": "encode-beat-02"}
==== step encode END rc=0 2026-08-21T10:48:21Z ====

==== step render START 2026-08-21T10:48:21Z ====
argv: ["C:\\banyan-video\\venv\\Scripts\\python.exe", "C:\\banyan-farm\\banyan-city\\pipeline\\ltx_i2v.py", "--stage", "render", "--jobs", "C:\\banyan-farm\\ep2-b02-tilemotion-s2-0821\\b02-jobs-render.json", "--size", "704x1280", "--frames", "121", "--fps", "24", "--guidance", "2.0", "--distilled-sigmas", "--two-stage", "--image-crf", "10", "--offload", "sequential", "--mode", "production", "--task", "ep2-b02-tilemotion-s2-0821", "--worker", "rtx5090", "--bench-jsonl", "C:\\banyan-farm\\ep2-b02-tilemotion-s2-0821\\bench-ep2-b02-peek-s3-0820.jsonl", "--bench-label", "ep2-b02-tilemotion-s2-0821"]
recipe: offload=sequential quantisation=none (bf16)
-- begin-render: phys 10.9/68.1GB, commit 12.8/115.3GB (load 15%)
transformer  C:\Users\artvn\.cache\huggingface\hub\models--diffusers--LTX-2.3-Distilled-Diffusers\snapshots\432e0d3c2d1769aaa4d295f9243f7062bf6b47ee [subfolder=transformer, bf16]
scheduler    C:\Users\artvn\.cache\huggingface\hub\models--diffusers--LTX-2.3-Distilled-Diffusers\snapshots\432e0d3c2d1769aaa4d295f9243f7062bf6b47ee [subfolder=scheduler, distilled]
other parts  C:\Users\artvn\.cache\huggingface\hub\models--diffusers--LTX-2.3-Diffusers\snapshots\8eee8edcf067e838b843f926ec4d4cc9b2be1aaf
-- load-transformer-bf16-38GB: phys 11.6/68.1GB, commit 14.7/115.3GB (load 17%)

Loading checkpoint shards:   0%|          | 0/8 [00:00<?, ?it/s]
Loading checkpoint shards:  12%|█▎        | 1/8 [00:00<00:00,  8.63it/s]
Loading checkpoint shards:  25%|██▌       | 2/8 [00:00<00:00,  9.23it/s]
Loading checkpoint shards:  50%|█████     | 4/8 [00:00<00:00,  8.18it/s]
Loading checkpoint shards: 100%|██████████| 8/8 [00:00<00:00, 16.02it/s]
Loading checkpoint shards: 100%|██████████| 8/8 [00:00<00:00, 13.42it/s]
-- load-connectors-12.7GB-and-vae: phys 11.6/68.1GB, commit 53.0/115.3GB (load 17%)

Loading checkpoint shards:   0%|          | 0/2 [00:00<?, ?it/s]
Loading checkpoint shards: 100%|██████████| 2/2 [00:00<00:00, 179.22it/s]
-- offload-setup-sequential: phys 11.7/68.1GB, commit 62.6/115.3GB (load 17%)
C:\banyan-video\venv\Lib\site-packages\accelerate\utils\modeling.py:345: UserWarning: expandable_segments not supported on this platform (Triggered internally at C:\actions-runner\_work\pytorch\pytorch\pytorch\c10/cuda/CUDAAllocatorConfig.h:39.)
  new_value = old_value.to(device, non_blocking=non_blocking)
conditioning still round-tripped through libx264 crf=10 -> C:\banyan-farm\ep2-b02-tilemotion-s2-0821\cond-crf-02.png
-- stage1-denoise-352x640-8steps: phys 12.6/68.1GB, commit 63.0/115.3GB (load 18%)

  0%|          | 0/8 [00:00<?, ?it/s]
 12%|█▎        | 1/8 [01:12<08:24, 72.02s/it]
 25%|██▌       | 2/8 [01:26<03:50, 38.40s/it]
 38%|███▊      | 3/8 [01:36<02:06, 25.37s/it]
 50%|█████     | 4/8 [01:48<01:19, 19.91s/it]
 62%|██████▎   | 5/8 [01:58<00:49, 16.59s/it]
 75%|███████▌  | 6/8 [02:08<00:28, 14.20s/it]
 88%|████████▊ | 7/8 [02:18<00:12, 12.70s/it]
100%|██████████| 8/8 [02:28<00:00, 11.88s/it]
100%|██████████| 8/8 [02:28<00:00, 18.53s/it]
stage1 latents (1, 128, 16, 20, 11)
-- upsample-2x-latent: phys 55.3/68.1GB, commit 65.7/115.3GB (load 81%)
There are modules in LTX2LatentUpsamplerModel that should be kept in float32: []. Casting directly with `to()` can lead to inconsistent results; set `torch_dtype` in `from_pretrained()` instead to keep these modules in float32.
upsampled latents (1, 128, 16, 40, 22)
-- stage2-refine-704x1280-3steps: phys 58.3/68.1GB, commit 68.5/115.3GB (load 85%)

  0%|          | 0/3 [00:00<?, ?it/s]
 33%|███▎      | 1/3 [00:31<01:03, 31.98s/it]
 67%|██████▋   | 2/3 [01:05<00:32, 32.61s/it]
100%|██████████| 3/3 [01:37<00:00, 32.59s/it]
100%|██████████| 3/3 [01:37<00:00, 32.53s/it]
-- decode-and-export: phys 64.9/68.1GB, commit 72.7/115.3GB (load 95%)
[1/1] wrote C:\banyan-farm\ep2-b02-tilemotion-s2-0821\02-the-sprint-LTX-ep2-b02-tilemotion-s2-0821.mp4 in 269s (121 frames, 704x1280, 8@352x640+3@704x1280 steps, peak torch 12.0GB, device 3.1/26GB)
THROUGHPUT 0.0188 s(video)/s(wall) (1 x 5.042s of video in 269s)
bench row -> C:\banyan-farm\ep2-b02-tilemotion-s2-0821\bench-ep2-b02-peek-s3-0820.jsonl
{"sample_s": 268.9, "peak_gb": 12.0, "peak_commit_gb": 81.9, "frames": 121, "size": "704x1280", "steps": "8@352x640+3@704x1280", "batch": 1, "mode": "production", "throughput_s_per_s": 0.0188, "two_stage": true, "image_crf": 10, "offload": "sequential", "quantisation": null}
{"peak_commit_gb": 81.9, "peak_phys_gb": 65.2, "last_stage": "decode-and-export"}
==== step render END rc=0 2026-08-21T10:53:05Z ====

==== step publish START 2026-08-21T10:53:05Z ====
argv: ["C:\\banyan-farm\\venv\\Scripts\\python.exe", "-c", "import glob, hashlib, os, shutil\n# farm-out is NOT gitignored: the runner pushes whatever lands here itself,\n# so a clip that reaches this dir survives without any change to the runner.\ndst = \"C:/banyan-farm/courier-box/farm-out/ep2-b02-tilemotion-s2-0821\"\nos.makedirs(dst, exist_ok=True)\nsrc = sorted(glob.glob(\"C:/banyan-farm/ep2-b02-tilemotion-s2-0821/02-the-sprint-LTX-ep2-b02-tilemotion-s2-0821.mp4*\")\n             + glob.glob(\"C:/banyan-farm/ep2-b02-tilemotion-s2-0821/b02-init-704x1280.png\")\n             + glob.glob(\"C:/banyan-farm/ep2-b02-tilemotion-s2-0821/bench-ep2-b02-peek-s3-0820.jsonl\"))\nlines = []\nfor f in src:\n    shutil.copy2(f, dst)\n    c = os.path.join(dst, os.path.basename(f))\n    with open(c, \"rb\") as fh:\n        h = hashlib.sha256(fh.read()).hexdigest()\n    lines.append(h + \"  \" + os.path.basename(f))\nwith open(os.path.join(dst, \"ep2-b02-tilemotion-s2-0821.sha256\"), \"w\", newline=\"\\n\") as fh:\n    fh.write(\"\\n\".join(lines) + \"\\n\")\nprint(\"published\", len(src), \"file(s) + manifest ->\", dst)\n# >=2 so a run that wrote the init but no clip cannot pass silently.\nraise SystemExit(0 if len(src) >= 2 else 1)\n"]
published 4 file(s) + manifest -> C:/banyan-farm/courier-box/farm-out/ep2-b02-tilemotion-s2-0821
==== step publish END rc=0 2026-08-21T10:53:05Z ====
#### job ep2-b02-tilemotion-s2-0821-1787308826 finished rc=0 2026-08-21T10:53:05Z
