#### job ep2-b05-pose-0822-1787358529 attempt 1 start 2026-08-22T00:30:06Z

==== step stage START 2026-08-22T00:30:06Z ====
argv: ["C:\\banyan-farm\\venv\\Scripts\\python.exe", "-c", "import hashlib, os, urllib.request\nbase = \"https://raw.githubusercontent.com/olegmalk/banyan-city/main/\"\nroot = r\"C:\\banyan-farm\\ep2-b05-pose-0822\"\nwant = [\n    (\"pipeline/controlnet_plate.py\", os.path.join(root, \"src\", \"pipeline\"),\n     \"ece54f687d892d1fb1df17211331919bfcb04faac4fe0ee6aa9b0bb231adcc32\"),\n    (\"pipeline/hints/b05-guards-pose-0822.png\", root, \"9fe49a02749971d6e5b7e0974fc67f08e3d49182ea6a3eb0a7580837701f78f3\"),\n]\nfor path, dst, sha in want:\n    os.makedirs(dst, exist_ok=True)\n    with urllib.request.urlopen(base + path, timeout=120) as r:\n        blob = r.read()\n    got = hashlib.sha256(blob).hexdigest()\n    if got != sha:\n        raise SystemExit(\"!! %s sha %s, wanted %s\" % (path, got, sha))\n    name = path.rsplit(\"/\", 1)[-1]\n    with open(os.path.join(dst, name), \"wb\") as fh:\n        fh.write(blob)\n    print(\"staged\", name, got[:12])\n"]
staged controlnet_plate.py ece54f687d89
staged b05-guards-pose-0822.png 9fe49a027499
==== step stage END rc=0 2026-08-22T00:30:07Z ====

==== step plate START 2026-08-22T00:30:07Z ====
argv: ["C:\\banyan-farm\\venv\\Scripts\\python.exe", "C:\\banyan-farm\\ep2-b05-pose-0822\\src\\pipeline\\controlnet_plate.py", "--root", "C:\\banyan-farm\\ep2-b05-pose-0822\\src", "--task", "ep2-b05-pose-0822", "--arm", "posebooth", "--controlnet", "xinsir/controlnet-openpose-sdxl-1.0", "--control", "C:\\banyan-farm\\ep2-b05-pose-0822\\b05-guards-pose-0822.png", "--control-sha256", "9fe49a02749971d6e5b7e0974fc67f08e3d49182ea6a3eb0a7580837701f78f3", "--scale", "0.8", "--seed", "20260724", "--steps", "40", "--cfg", "7.5", "--width", "832", "--height", "1216", "--prompt-file", "C:\\banyan-farm\\ep2-b05-pose-0822\\prompt.txt", "--negative-file", "C:\\banyan-farm\\ep2-b05-pose-0822\\negative.txt", "--out", "C:\\banyan-farm\\ep2-b05-pose-0822\\out"]
  prompt tokens: 69 (limit 77)
  negative tokens: 67 (limit 77)
C:\banyan-farm\venv\Lib\site-packages\diffusers\models\vq_model.py:20: FutureWarning: `VQEncoderOutput` is deprecated and will be removed in version 0.31. Importing `VQEncoderOutput` from `diffusers.models.vq_model` is deprecated and this will be removed in a future version. Please use `from diffusers.models.autoencoders.vq_model import VQEncoderOutput`, instead.
  deprecate("VQEncoderOutput", "0.31", deprecation_message)
C:\banyan-farm\venv\Lib\site-packages\diffusers\models\vq_model.py:25: FutureWarning: `VQModel` is deprecated and will be removed in version 0.31. Importing `VQModel` from `diffusers.models.vq_model` is deprecated and this will be removed in a future version. Please use `from diffusers.models.autoencoders.vq_model import VQModel`, instead.
  deprecate("VQModel", "0.31", deprecation_message)

Loading pipeline components...:   0%|          | 0/7 [00:00<?, ?it/s]
Loading pipeline components...:  29%|██▊       | 2/7 [00:00<00:00, 16.11it/s]
Loading pipeline components...:  57%|█████▋    | 4/7 [00:00<00:00,  4.72it/s]
Loading pipeline components...: 100%|██████████| 7/7 [00:02<00:00,  2.32it/s]
Loading pipeline components...: 100%|██████████| 7/7 [00:02<00:00,  2.72it/s]
C:\banyan-farm\venv\Lib\site-packages\torch\nn\modules\module.py:1370: UserWarning: expandable_segments not supported on this platform (Triggered internally at C:\actions-runner\_work\pytorch\pytorch\pytorch\c10/cuda/CUDAAllocatorConfig.h:39.)
  return t.to(

  0%|          | 0/40 [00:00<?, ?it/s]
  2%|▎         | 1/40 [00:00<00:21,  1.78it/s]
  5%|▌         | 2/40 [00:00<00:13,  2.82it/s]
  8%|▊         | 3/40 [00:01<00:12,  2.99it/s]
 10%|█         | 4/40 [00:01<00:12,  2.88it/s]
 12%|█▎        | 5/40 [00:01<00:11,  3.03it/s]
 15%|█▌        | 6/40 [00:02<00:11,  3.08it/s]
 18%|█▊        | 7/40 [00:02<00:10,  3.01it/s]
 20%|██        | 8/40 [00:02<00:10,  3.06it/s]
 22%|██▎       | 9/40 [00:03<00:10,  3.09it/s]
 25%|██▌       | 10/40 [00:03<00:09,  3.05it/s]
 28%|██▊       | 11/40 [00:03<00:09,  3.08it/s]
 30%|███       | 12/40 [00:04<00:09,  3.08it/s]
 32%|███▎      | 13/40 [00:04<00:08,  3.05it/s]
 35%|███▌      | 14/40 [00:04<00:08,  3.13it/s]
 38%|███▊      | 15/40 [00:04<00:08,  3.09it/s]
 40%|████      | 16/40 [00:05<00:07,  3.07it/s]
 42%|████▎     | 17/40 [00:05<00:07,  3.09it/s]
 45%|████▌     | 18/40 [00:05<00:07,  3.11it/s]
 48%|████▊     | 19/40 [00:06<00:06,  3.04it/s]
 50%|█████     | 20/40 [00:06<00:06,  3.12it/s]
 52%|█████▎    | 21/40 [00:06<00:06,  3.09it/s]
 55%|█████▌    | 22/40 [00:07<00:05,  3.07it/s]
 57%|█████▊    | 23/40 [00:07<00:05,  3.09it/s]
 60%|██████    | 24/40 [00:07<00:05,  3.08it/s]
 62%|██████▎   | 25/40 [00:08<00:04,  3.07it/s]
 65%|██████▌   | 26/40 [00:08<00:04,  3.11it/s]
 68%|██████▊   | 27/40 [00:08<00:04,  3.08it/s]
 70%|███████   | 28/40 [00:09<00:03,  3.06it/s]
 72%|███████▎  | 29/40 [00:09<00:03,  3.09it/s]
 75%|███████▌  | 30/40 [00:09<00:03,  3.07it/s]
 78%|███████▊  | 31/40 [00:10<00:02,  3.05it/s]
 80%|████████  | 32/40 [00:10<00:02,  3.08it/s]
 82%|████████▎ | 33/40 [00:10<00:02,  3.08it/s]
 85%|████████▌ | 34/40 [00:11<00:01,  3.03it/s]
 88%|████████▊ | 35/40 [00:11<00:01,  3.09it/s]
 90%|█████████ | 36/40 [00:11<00:01,  3.09it/s]
 92%|█████████▎| 37/40 [00:12<00:00,  3.08it/s]
 95%|█████████▌| 38/40 [00:12<00:00,  3.04it/s]
 98%|█████████▊| 39/40 [00:12<00:00,  3.07it/s]
100%|██████████| 40/40 [00:13<00:00,  3.08it/s]
100%|██████████| 40/40 [00:13<00:00,  3.05it/s]
OK ep2-b05-pose-0822-posebooth.png load=7.3s render=13.8s
rc=0
==== step plate END rc=0 2026-08-22T00:30:33Z ====

==== step publish START 2026-08-22T00:30:33Z ====
argv: ["C:\\banyan-farm\\venv\\Scripts\\python.exe", "-c", "# The courier pushes from farm-out and from nowhere else. The two HINTS\n# travel with the frame as well as the prompt: a conditioned plate whose\n# condition is not beside it cannot be re-read later.\nimport glob, hashlib, os, shutil\ndst = \"C:/banyan-farm/courier-box/farm-out/ep2-b05-pose-0822\"\nos.makedirs(dst, exist_ok=True)\nfiles = sorted(glob.glob(\"C:/banyan-farm/ep2-b05-pose-0822/out/ep2-b05-pose-0822-posebooth.png*\")\n               + glob.glob(\"C:/banyan-farm/ep2-b05-pose-0822/prompt.txt\")\n               + glob.glob(\"C:/banyan-farm/ep2-b05-pose-0822/negative.txt\")\n               + glob.glob(\"C:/banyan-farm/ep2-b05-pose-0822/b05-guards-pose-0822.png\"))\nlines = []\nfor f in files:\n    shutil.copy2(f, dst)\n    c = os.path.join(dst, os.path.basename(f))\n    with open(c, \"rb\") as fh:\n        lines.append(hashlib.sha256(fh.read()).hexdigest() + \"  \"\n                     + os.path.basename(f))\nwith open(os.path.join(dst, \"ep2-b05-pose-0822.sha256\"), \"w\", newline=\"\\n\") as fh:\n    fh.write(\"\\n\".join(sorted(lines)) + \"\\n\")\nprint(\"published\", len(files), \"file(s) + manifest ->\", dst)\nraise SystemExit(0 if len(files) >= 4 else 1)\n"]
published 5 file(s) + manifest -> C:/banyan-farm/courier-box/farm-out/ep2-b05-pose-0822
==== step publish END rc=0 2026-08-22T00:30:33Z ====
#### job ep2-b05-pose-0822-1787358529 finished rc=0 2026-08-22T00:30:33Z
