#### job ep2-b04-gradmotion-0822-1787419727 attempt 1 start 2026-08-22T17:35:14Z

==== step fetch START 2026-08-22T17:35:14Z ====
argv: ["C:\\banyan-farm\\venv\\Scripts\\python.exe", "C:\\banyan-farm\\ep2-b04-gradmotion-0822\\fetch_plate.py"]
fetched b04-graded.png 616450 bytes sha 2b18a1e4c32329e35be37679dc8d9287ca67bf777c5db672fb065cb21b49413f OK
==== step fetch END rc=0 2026-08-22T17:35:20Z ====

==== step crop START 2026-08-22T17:35:20Z ====
argv: ["C:\\banyan-farm\\venv\\Scripts\\python.exe", "C:\\banyan-farm\\ep2-b04-gradmotion-0822\\cover_crop.py", "--src", "C:\\banyan-farm\\ep2-b04-gradmotion-0822\\b04-graded.png", "--sha256", "2b18a1e4c32329e35be37679dc8d9287ca67bf777c5db672fb065cb21b49413f", "--out", "C:\\banyan-farm\\ep2-b04-gradmotion-0822\\b04-init-704x1280.png", "--size", "704x1280"]
src 832x832 sha 2b18a1e4c32329e35be37679dc8d9287ca67bf777c5db672fb065cb21b49413f
cover-crop scale=1.5385 -> 1280x1280, centre box (288,0)
WROTE C:\banyan-farm\ep2-b04-gradmotion-0822\b04-init-704x1280.png
==== step crop END rc=0 2026-08-22T17:35:20Z ====

==== step encode START 2026-08-22T17:35:20Z ====
argv: ["C:\\banyan-video\\venv\\Scripts\\python.exe", "C:\\banyan-farm\\banyan-city\\pipeline\\ltx_i2v.py", "--stage", "encode", "--jobs", "C:\\banyan-farm\\ep2-b04-gradmotion-0822\\b04-jobs-encode.json"]
-- begin-encode: phys 11.0/68.1GB, commit 13.1/115.3GB (load 16%)
loading text encoder from C:\Users\artvn\.cache\huggingface\hub\models--Lightricks--gemma-3-12b-it-qat-q4_0-unquantized\snapshots\d62fe4f1995ade703b49a0f3c0d0f161237ef437

Loading weights:   0%|          | 0/1065 [00:00<?, ?it/s]
Loading weights:  27%|██▋       | 292/1065 [00:00<00:00, 2646.25it/s]
Loading weights:  53%|█████▎    | 568/1065 [00:00<00:00, 2559.96it/s]
Loading weights:  92%|█████████▏| 975/1065 [00:00<00:00, 3082.16it/s]
Loading weights: 100%|██████████| 1065/1065 [00:00<00:00, 3074.08it/s]
-- encode-beat-20: phys 12.2/68.1GB, commit 39.8/115.3GB (load 17%)
[1/1] encoded beat 20 to C:\banyan-farm\ep2-b04-gradmotion-0822\b04-embeds.pt (1, 1024, 188160)
{"peak_commit_gb": 42.0, "peak_phys_gb": 37.7, "last_stage": "encode-beat-20"}
==== step encode END rc=0 2026-08-22T17:36:52Z ====

==== step render START 2026-08-22T17:36:52Z ====
argv: ["C:\\banyan-video\\venv\\Scripts\\python.exe", "C:\\banyan-farm\\banyan-city\\pipeline\\ltx_i2v.py", "--stage", "render", "--jobs", "C:\\banyan-farm\\ep2-b04-gradmotion-0822\\b04-jobs-render.json", "--size", "704x1280", "--frames", "105", "--fps", "24", "--guidance", "2.0", "--distilled-sigmas", "--two-stage", "--image-crf", "10", "--offload", "sequential", "--mode", "production", "--task", "ep2-b04-gradmotion-0822", "--worker", "rtx5090", "--bench-jsonl", "C:\\banyan-farm\\ep2-b04-gradmotion-0822\\bench-ep2-b04-gradmotion-0822.jsonl", "--bench-label", "ep2-b04-gradmotion-0822"]
recipe: offload=sequential quantisation=none (bf16)
-- begin-render: phys 11.0/68.1GB, commit 13.1/115.3GB (load 16%)
transformer  C:\Users\artvn\.cache\huggingface\hub\models--diffusers--LTX-2.3-Distilled-Diffusers\snapshots\432e0d3c2d1769aaa4d295f9243f7062bf6b47ee [subfolder=transformer, bf16]
scheduler    C:\Users\artvn\.cache\huggingface\hub\models--diffusers--LTX-2.3-Distilled-Diffusers\snapshots\432e0d3c2d1769aaa4d295f9243f7062bf6b47ee [subfolder=scheduler, distilled]
other parts  C:\Users\artvn\.cache\huggingface\hub\models--diffusers--LTX-2.3-Diffusers\snapshots\8eee8edcf067e838b843f926ec4d4cc9b2be1aaf
-- load-transformer-bf16-38GB: phys 11.8/68.1GB, commit 14.9/115.3GB (load 17%)

Loading checkpoint shards:   0%|          | 0/8 [00:00<?, ?it/s]
Loading checkpoint shards:  12%|█▎        | 1/8 [00:00<00:00,  8.33it/s]
Loading checkpoint shards:  25%|██▌       | 2/8 [00:00<00:00,  9.22it/s]
Loading checkpoint shards:  50%|█████     | 4/8 [00:00<00:00,  8.53it/s]
Loading checkpoint shards: 100%|██████████| 8/8 [00:00<00:00, 16.59it/s]
Loading checkpoint shards: 100%|██████████| 8/8 [00:00<00:00, 13.81it/s]
-- load-connectors-12.7GB-and-vae: phys 11.8/68.1GB, commit 53.3/115.3GB (load 17%)

Loading checkpoint shards:   0%|          | 0/2 [00:00<?, ?it/s]
Loading checkpoint shards: 100%|██████████| 2/2 [00:00<00:00, 67.77it/s]
-- offload-setup-sequential: phys 11.8/68.1GB, commit 62.9/115.3GB (load 17%)
C:\banyan-video\venv\Lib\site-packages\accelerate\utils\modeling.py:345: UserWarning: expandable_segments not supported on this platform (Triggered internally at C:\actions-runner\_work\pytorch\pytorch\pytorch\c10/cuda/CUDAAllocatorConfig.h:39.)
  new_value = old_value.to(device, non_blocking=non_blocking)
conditioning still round-tripped through libx264 crf=10 -> C:\banyan-farm\ep2-b04-gradmotion-0822\cond-crf-20.png
-- stage1-denoise-352x640-8steps: phys 12.7/68.1GB, commit 63.2/115.3GB (load 18%)

  0%|          | 0/8 [00:00<?, ?it/s]
 12%|█▎        | 1/8 [01:10<08:13, 70.45s/it]
 25%|██▌       | 2/8 [01:25<03:45, 37.58s/it]
 38%|███▊      | 3/8 [01:34<02:02, 24.58s/it]
 50%|█████     | 4/8 [01:43<01:14, 18.51s/it]
 62%|██████▎   | 5/8 [01:52<00:45, 15.22s/it]
 75%|███████▌  | 6/8 [02:01<00:26, 13.09s/it]
 88%|████████▊ | 7/8 [02:10<00:11, 11.80s/it]
100%|██████████| 8/8 [02:19<00:00, 10.92s/it]
100%|██████████| 8/8 [02:19<00:00, 17.48s/it]
stage1 latents (1, 128, 14, 20, 11)
-- upsample-2x-latent: phys 55.4/68.1GB, commit 65.8/115.3GB (load 81%)
There are modules in LTX2LatentUpsamplerModel that should be kept in float32: []. Casting directly with `to()` can lead to inconsistent results; set `torch_dtype` in `from_pretrained()` instead to keep these modules in float32.
upsampled latents (1, 128, 14, 40, 22)
-- stage2-refine-704x1280-3steps: phys 58.4/68.1GB, commit 68.9/115.3GB (load 85%)

  0%|          | 0/3 [00:00<?, ?it/s]
 33%|███▎      | 1/3 [00:28<00:56, 28.21s/it]
 67%|██████▋   | 2/3 [00:58<00:29, 29.65s/it]
100%|██████████| 3/3 [01:27<00:00, 29.30s/it]
100%|██████████| 3/3 [01:27<00:00, 29.25s/it]
-- decode-and-export: phys 64.2/68.1GB, commit 72.2/115.3GB (load 94%)
[1/1] wrote C:\banyan-farm\ep2-b04-gradmotion-0822\04-the-footnote-LTX-ep2-b04-gradmotion-0822.mp4 in 252s (105 frames, 704x1280, 8@352x640+3@704x1280 steps, peak torch 10.6GB, device 2.7/26GB)
THROUGHPUT 0.0174 s(video)/s(wall) (1 x 4.375s of video in 252s)
bench row -> C:\banyan-farm\ep2-b04-gradmotion-0822\bench-ep2-b04-gradmotion-0822.jsonl
{"sample_s": 252.0, "peak_gb": 10.6, "peak_commit_gb": 80.6, "frames": 105, "size": "704x1280", "steps": "8@352x640+3@704x1280", "batch": 1, "mode": "production", "throughput_s_per_s": 0.0174, "two_stage": true, "image_crf": 10, "offload": "sequential", "quantisation": null}
{"peak_commit_gb": 80.6, "peak_phys_gb": 64.4, "last_stage": "decode-and-export"}
==== step render END rc=0 2026-08-22T17:41:20Z ====

==== step publish START 2026-08-22T17:41:20Z ====
argv: ["C:\\banyan-farm\\venv\\Scripts\\python.exe", "-c", "import glob, hashlib, os, shutil\n# farm-out is NOT gitignored: the runner pushes whatever lands here itself,\n# so a clip that reaches this dir survives without any change to the runner.\ndst = \"C:/banyan-farm/courier-box/farm-out/ep2-b04-gradmotion-0822\"\nos.makedirs(dst, exist_ok=True)\nsrc = sorted(glob.glob(\"C:/banyan-farm/ep2-b04-gradmotion-0822/04-the-footnote-LTX-ep2-b04-gradmotion-0822.mp4*\")\n             + glob.glob(\"C:/banyan-farm/ep2-b04-gradmotion-0822/b04-init-704x1280.png\")\n             + glob.glob(\"C:/banyan-farm/ep2-b04-gradmotion-0822/bench-ep2-b04-gradmotion-0822.jsonl\"))\nlines = []\nfor f in src:\n    shutil.copy2(f, dst)\n    c = os.path.join(dst, os.path.basename(f))\n    with open(c, \"rb\") as fh:\n        h = hashlib.sha256(fh.read()).hexdigest()\n    lines.append(h + \"  \" + os.path.basename(f))\nwith open(os.path.join(dst, \"ep2-b04-gradmotion-0822.sha256\"), \"w\", newline=\"\\n\") as fh:\n    fh.write(\"\\n\".join(lines) + \"\\n\")\nprint(\"published\", len(src), \"file(s) + manifest ->\", dst)\n# >=2 so a run that wrote the init but no clip cannot pass silently.\nraise SystemExit(0 if len(src) >= 2 else 1)\n"]
published 4 file(s) + manifest -> C:/banyan-farm/courier-box/farm-out/ep2-b04-gradmotion-0822
==== step publish END rc=0 2026-08-22T17:41:20Z ====
#### job ep2-b04-gradmotion-0822-1787419727 finished rc=0 2026-08-22T17:41:20Z
