#### job ep2-b18-nocrf-0813-1786640067 attempt 1 start 2026-08-13T16:56:16Z

==== step crop START 2026-08-13T16:56:19Z ====
argv: ["C:\\banyan-farm\\venv\\Scripts\\python.exe", "C:\\banyan-farm\\ep2-b18-nocrf-0813\\cover_crop.py", "--src", "C:\\banyan-farm\\courier-box\\farm-out\\ep2-b18-plantneg-0812\\18-the-decision-wave1-s3.png", "--sha256", "ef48879d61fa93e4102b2d73714a9524b087f5ed72789657658e42a5303aef61", "--out", "C:\\banyan-farm\\ep2-b18-nocrf-0813\\b13-init-704x1280.png", "--size", "704x1280"]
src 832x1216 sha ef48879d61fa93e4102b2d73714a9524b087f5ed72789657658e42a5303aef61
cover-crop scale=1.0526 -> 876x1280, centre box (86,0)
WROTE C:\banyan-farm\ep2-b18-nocrf-0813\b13-init-704x1280.png
==== step crop END rc=0 2026-08-13T16:56:19Z ====

==== step encode START 2026-08-13T16:56:19Z ====
argv: ["C:\\banyan-video\\venv\\Scripts\\python.exe", "C:\\banyan-farm\\banyan-city\\pipeline\\ltx_i2v.py", "--stage", "encode", "--jobs", "C:\\banyan-farm\\ep2-b18-nocrf-0813\\b13-jobs-encode.json"]
-- begin-encode: phys 9.8/68.1GB, commit 11.8/115.3GB (load 14%)
loading text encoder from C:\Users\artvn\.cache\huggingface\hub\models--Lightricks--gemma-3-12b-it-qat-q4_0-unquantized\snapshots\d62fe4f1995ade703b49a0f3c0d0f161237ef437

Loading weights:   0%|          | 0/1065 [00:00<?, ?it/s]
Loading weights:  30%|██▉       | 317/1065 [00:00<00:00, 2844.66it/s]
Loading weights:  68%|██████▊   | 724/1065 [00:00<00:00, 3315.31it/s]
Loading weights: 100%|██████████| 1065/1065 [00:00<00:00, 3517.07it/s]
-- encode-beat-18: phys 11.1/68.1GB, commit 38.6/115.3GB (load 16%)
[1/1] encoded beat 18 to C:\banyan-farm\ep2-b18-nocrf-0813\b13-embeds.pt (1, 1024, 188160)
{"peak_commit_gb": 41.1, "peak_phys_gb": 36.9, "last_stage": "encode-beat-18"}
==== step encode END rc=0 2026-08-13T16:57:52Z ====

==== step render START 2026-08-13T16:57:52Z ====
argv: ["C:\\banyan-video\\venv\\Scripts\\python.exe", "C:\\banyan-farm\\banyan-city\\pipeline\\ltx_i2v.py", "--stage", "render", "--jobs", "C:\\banyan-farm\\ep2-b18-nocrf-0813\\b13-jobs-render.json", "--size", "704x1280", "--frames", "121", "--fps", "24", "--guidance", "2.0", "--distilled-sigmas", "--two-stage", "--offload", "sequential", "--mode", "production", "--task", "ep2-b18-nocrf-0813", "--worker", "rtx5090", "--bench-jsonl", "C:\\banyan-farm\\ep2-b18-nocrf-0813\\bench-b18-nocrf.jsonl", "--bench-label", "ep2-b18-nocrf-0813"]
recipe: offload=sequential quantisation=none (bf16)
-- begin-render: phys 9.9/68.1GB, commit 11.8/115.3GB (load 14%)
transformer  C:\Users\artvn\.cache\huggingface\hub\models--diffusers--LTX-2.3-Distilled-Diffusers\snapshots\432e0d3c2d1769aaa4d295f9243f7062bf6b47ee [subfolder=transformer, bf16]
scheduler    C:\Users\artvn\.cache\huggingface\hub\models--diffusers--LTX-2.3-Distilled-Diffusers\snapshots\432e0d3c2d1769aaa4d295f9243f7062bf6b47ee [subfolder=scheduler, distilled]
other parts  C:\Users\artvn\.cache\huggingface\hub\models--diffusers--LTX-2.3-Diffusers\snapshots\8eee8edcf067e838b843f926ec4d4cc9b2be1aaf
-- load-transformer-bf16-38GB: phys 10.6/68.1GB, commit 13.7/115.3GB (load 15%)

Loading checkpoint shards:   0%|          | 0/8 [00:00<?, ?it/s]
Loading checkpoint shards:  12%|█▎        | 1/8 [00:00<00:00,  8.68it/s]
Loading checkpoint shards:  25%|██▌       | 2/8 [00:00<00:00,  8.91it/s]
Loading checkpoint shards:  50%|█████     | 4/8 [00:00<00:00,  8.68it/s]
Loading checkpoint shards: 100%|██████████| 8/8 [00:00<00:00, 16.81it/s]
Loading checkpoint shards: 100%|██████████| 8/8 [00:00<00:00, 13.96it/s]
-- load-connectors-12.7GB-and-vae: phys 10.7/68.1GB, commit 52.0/115.3GB (load 15%)

Loading checkpoint shards:   0%|          | 0/2 [00:00<?, ?it/s]
Loading checkpoint shards: 100%|██████████| 2/2 [00:00<00:00, 210.35it/s]
-- offload-setup-sequential: phys 10.7/68.1GB, commit 61.6/115.3GB (load 15%)
C:\banyan-video\venv\Lib\site-packages\accelerate\utils\modeling.py:345: UserWarning: expandable_segments not supported on this platform (Triggered internally at C:\actions-runner\_work\pytorch\pytorch\pytorch\c10/cuda/CUDAAllocatorConfig.h:39.)
  new_value = old_value.to(device, non_blocking=non_blocking)
-- stage1-denoise-352x640-8steps: phys 11.6/68.1GB, commit 62.0/115.3GB (load 17%)

  0%|          | 0/8 [00:00<?, ?it/s]
 12%|█▎        | 1/8 [02:07<14:53, 127.70s/it]
 25%|██▌       | 2/8 [02:22<06:08, 61.37s/it] 
 38%|███▊      | 3/8 [02:33<03:11, 38.31s/it]
 50%|█████     | 4/8 [02:43<01:48, 27.16s/it]
 62%|██████▎   | 5/8 [02:54<01:03, 21.26s/it]
 75%|███████▌  | 6/8 [03:04<00:35, 17.58s/it]
 88%|████████▊ | 7/8 [03:15<00:15, 15.26s/it]
100%|██████████| 8/8 [03:25<00:00, 13.80s/it]
100%|██████████| 8/8 [03:25<00:00, 25.74s/it]
stage1 latents (1, 128, 16, 20, 11)
-- upsample-2x-latent: phys 54.1/68.1GB, commit 64.7/115.3GB (load 79%)
There are modules in LTX2LatentUpsamplerModel that should be kept in float32: []. Casting directly with `to()` can lead to inconsistent results; set `torch_dtype` in `from_pretrained()` instead to keep these modules in float32.
upsampled latents (1, 128, 16, 40, 22)
-- stage2-refine-704x1280-3steps: phys 55.8/68.1GB, commit 67.2/115.3GB (load 81%)

  0%|          | 0/3 [00:00<?, ?it/s]
 33%|███▎      | 1/3 [00:29<00:58, 29.31s/it]
 67%|██████▋   | 2/3 [01:00<00:30, 30.69s/it]
100%|██████████| 3/3 [01:33<00:00, 31.57s/it]
100%|██████████| 3/3 [01:33<00:00, 31.20s/it]
-- decode-and-export: phys 61.9/68.1GB, commit 71.7/115.3GB (load 90%)
[1/1] wrote C:\banyan-farm\ep2-b18-nocrf-0813\18-the-decision-LTX-nocrf-0813.mp4 in 324s (121 frames, 704x1280, 8@352x640+3@704x1280 steps, peak torch 12.0GB, device 3.1/26GB)
THROUGHPUT 0.0155 s(video)/s(wall) (1 x 5.042s of video in 324s)
bench row -> C:\banyan-farm\ep2-b18-nocrf-0813\bench-b18-nocrf.jsonl
{"sample_s": 324.3, "peak_gb": 12.0, "peak_commit_gb": 80.9, "frames": 121, "size": "704x1280", "steps": "8@352x640+3@704x1280", "batch": 1, "mode": "production", "throughput_s_per_s": 0.0155, "two_stage": true, "image_crf": 0, "offload": "sequential", "quantisation": null}
{"peak_commit_gb": 80.9, "peak_phys_gb": 62.8, "last_stage": "decode-and-export"}
==== step render END rc=0 2026-08-13T17:03:32Z ====

==== step publish START 2026-08-13T17:03:32Z ====
argv: ["C:\\banyan-farm\\venv\\Scripts\\python.exe", "-c", "import glob, hashlib, os, shutil\ndst = \"C:/banyan-farm/courier-box/farm-out/ep2-b18-nocrf\"\nos.makedirs(dst, exist_ok=True)\nsrc = sorted(glob.glob(\"C:/banyan-farm/ep2-b18-nocrf-0813/18-the-decision-LTX-nocrf-0813.mp4*\")\n             + glob.glob(\"C:/banyan-farm/ep2-b18-nocrf-0813/b13-init-704x1280.png\")\n             + glob.glob(\"C:/banyan-farm/ep2-b18-nocrf-0813/bench-b18-nocrf.jsonl\"))\nlines = []\nfor f in src:\n    shutil.copy2(f, dst)\n    c = os.path.join(dst, os.path.basename(f))\n    with open(c, \"rb\") as fh:\n        h = hashlib.sha256(fh.read()).hexdigest()\n    lines.append(h + \"  \" + os.path.basename(f))\nwith open(os.path.join(dst, \"ep2-b18-nocrf-0813.sha256\"), \"w\", newline=\"\\n\") as fh:\n    fh.write(\"\\n\".join(lines) + \"\\n\")\nprint(\"published\", len(src), \"file(s) + manifest ->\", dst)\nraise SystemExit(0 if len(src) >= 2 else 1)\n"]
published 4 file(s) + manifest -> C:/banyan-farm/courier-box/farm-out/ep2-b18-nocrf
==== step publish END rc=0 2026-08-13T17:03:32Z ====
#### job ep2-b18-nocrf-0813-1786640067 finished rc=0 2026-08-13T17:03:32Z
