#### job ep2-b08-cnetfill-0820-1787240606 attempt 1 start 2026-08-20T15:43:44Z

==== step fetch START 2026-08-20T15:43:44Z ====
argv: ["C:\\banyan-farm\\venv\\Scripts\\python.exe", "C:\\banyan-farm\\b08cnetfill-0820\\fetch_init.py"]
fetched 08-first-citizen-eraseonly-0820.png 959598 bytes sha 7cc1a4cb12ca14a3628eb9ba8b8257ccc1f07f7cf9a9727d8ce769e1d5de8d45 OK
fetched 08-first-citizen-eraseonly-mask-0820.png 1653 bytes sha 8c94f1403c3e13839fe2351c70e494f9f2961c0b5a718db3f786d2a341a2d505 OK
fetched b08-openpose-nat-0819.png 11550 bytes sha 562911c8174a6ecc21bc8710a1ac1b7f965c3f2d865093a742c2598c37d952e0 OK
fetched b08-board-0820.png 3828 bytes sha 38cd39da304dbb0317aa2522e1ccca099bef583e88e6573fde03b287358213d6 OK
==== step fetch END rc=0 2026-08-20T15:43:54Z ====

==== step dry START 2026-08-20T15:43:54Z ====
argv: ["C:\\banyan-farm\\venv\\Scripts\\python.exe", "C:\\banyan-farm\\b08cnetfill-0820\\inpaint_fruit.py", "--init", "C:\\banyan-farm\\b08cnetfill-0820\\08-first-citizen-eraseonly-0820.png", "--init-sha256", "7cc1a4cb12ca14a3628eb9ba8b8257ccc1f07f7cf9a9727d8ce769e1d5de8d45", "--mask-png", "C:\\banyan-farm\\b08cnetfill-0820\\08-first-citizen-eraseonly-mask-0820.png", "--controlnet", "C:\\banyan-farm\\cnet-openpose-twins", "--control", "C:\\banyan-farm\\b08cnetfill-0820\\b08-openpose-nat-0819.png", "--control-sha256", "562911c8174a6ecc21bc8710a1ac1b7f965c3f2d865093a742c2598c37d952e0", "--scale", "1.0", "--controlnet2", "xinsir/controlnet-scribble-sdxl-1.0", "--control2", "C:\\banyan-farm\\b08cnetfill-0820\\b08-board-0820.png", "--control2-sha256", "38cd39da304dbb0317aa2522e1ccca099bef583e88e6573fde03b287358213d6", "--scale2", "0.3", "--prompt-file", "C:\\banyan-farm\\b08cnetfill-0820\\prompt.txt", "--negative-file", "C:\\banyan-farm\\b08cnetfill-0820\\negative.txt", "--out", "C:\\banyan-farm\\b08cnetfill-0820\\b08-cnetfill-DRY.png", "--steps", "40", "--cfg", "7.5", "--strength", "0.70", "--pad-crop", "64", "--blur", "8", "--seed", "20260822", "--note", "MASK GEOMETRY AND HINT ALIGNMENT -- AND THE MASK MUST BE BYTE-IDENTICAL TO THE PARENT'S. This rung changes the CONDITIONING and nothing else: same init sha, same mask sha, same seed 20260822, same 40 steps, same cfg 7.5, same strength 0.70, same prompt, same negative, plus two ControlNets. The mask is the guard's original left fist grown 10, 10020 px, largest component 9956 px in a 102x118 box at the CHEST. WHAT TO CHECK ON THE DRY OUTPUT: (1) the mask PNG is one compact white blob at roughly x 555..660 y 528..635 with the strap running through it, no white at the board's top edge near y~670, none on the guard's FACE (x 531..601 y 355..420) and none on the goblin (x 60..260 y 430..1140); (2) TWO `hint` lines print, each saying 832x1216 MATCHES the init -- a hint of any other size is refused with rc 13 and the job stops here at $0; (3) a `pad_crop region` line prints the box diffusers will crop the init, the mask AND both hints with. If the mask differs from ep2-b08-str70-0820's dry mask at all, something other than the conditioning moved and this job must stop here at $0.", "--dry-run"]
DRY RUN -- no model loaded, nothing rendered.
init_sha256 OK 7cc1a4cb12ca14a3628eb9ba8b8257ccc1f07f7cf9a9727d8ce769e1d5de8d45
mask png corners=- bbox=[552, 522, 654, 640]  0.1226 x 0.0970 of 832x1216
hint 1 b08-openpose-nat-0819.png scale 1.0 sha 562911c8174a6ecc -- 832x1216, MATCHES the init
hint 2 b08-board-0820.png scale 0.3 sha 38cd39da304dbb03 -- 832x1216, MATCHES the init
pad_crop region (vendored get_crop_region on the blurred mask) = (468, 384, 739, 780) -- diffusers applies THIS SAME box to the init, the mask and every hint
WROTE C:\banyan-farm\b08cnetfill-0820\b08-cnetfill-DRY-mask.png
rc=0 dry_run=1
==== step dry END rc=0 2026-08-20T15:43:54Z ====

==== step s20260822 START 2026-08-20T15:43:54Z ====
argv: ["C:\\banyan-farm\\venv\\Scripts\\python.exe", "C:\\banyan-farm\\b08cnetfill-0820\\inpaint_fruit.py", "--init", "C:\\banyan-farm\\b08cnetfill-0820\\08-first-citizen-eraseonly-0820.png", "--init-sha256", "7cc1a4cb12ca14a3628eb9ba8b8257ccc1f07f7cf9a9727d8ce769e1d5de8d45", "--mask-png", "C:\\banyan-farm\\b08cnetfill-0820\\08-first-citizen-eraseonly-mask-0820.png", "--controlnet", "C:\\banyan-farm\\cnet-openpose-twins", "--control", "C:\\banyan-farm\\b08cnetfill-0820\\b08-openpose-nat-0819.png", "--control-sha256", "562911c8174a6ecc21bc8710a1ac1b7f965c3f2d865093a742c2598c37d952e0", "--scale", "1.0", "--controlnet2", "xinsir/controlnet-scribble-sdxl-1.0", "--control2", "C:\\banyan-farm\\b08cnetfill-0820\\b08-board-0820.png", "--control2-sha256", "38cd39da304dbb0317aa2522e1ccca099bef583e88e6573fde03b287358213d6", "--scale2", "0.3", "--prompt-file", "C:\\banyan-farm\\b08cnetfill-0820\\prompt.txt", "--negative-file", "C:\\banyan-farm\\b08cnetfill-0820\\negative.txt", "--out", "C:\\banyan-farm\\b08cnetfill-0820\\b08-cnetfill-s20260822.png", "--steps", "40", "--cfg", "7.5", "--strength", "0.70", "--pad-crop", "64", "--blur", "8", "--seed", "20260822", "--note", "MASK GEOMETRY AND HINT ALIGNMENT -- AND THE MASK MUST BE BYTE-IDENTICAL TO THE PARENT'S. This rung changes the CONDITIONING and nothing else: same init sha, same mask sha, same seed 20260822, same 40 steps, same cfg 7.5, same strength 0.70, same prompt, same negative, plus two ControlNets. The mask is the guard's original left fist grown 10, 10020 px, largest component 9956 px in a 102x118 box at the CHEST. WHAT TO CHECK ON THE DRY OUTPUT: (1) the mask PNG is one compact white blob at roughly x 555..660 y 528..635 with the strap running through it, no white at the board's top edge near y~670, none on the guard's FACE (x 531..601 y 355..420) and none on the goblin (x 60..260 y 430..1140); (2) TWO `hint` lines print, each saying 832x1216 MATCHES the init -- a hint of any other size is refused with rc 13 and the job stops here at $0; (3) a `pad_crop region` line prints the box diffusers will crop the init, the mask AND both hints with. If the mask differs from ep2-b08-str70-0820's dry mask at all, something other than the conditioning moved and this job must stop here at $0."]

Loading pipeline components...:   0%|          | 0/7 [00:00<?, ?it/s]
Loading pipeline components...:  29%|██▊       | 2/7 [00:00<00:00, 15.31it/s]
Loading pipeline components...:  57%|█████▋    | 4/7 [00:00<00:00, 12.65it/s]
Loading pipeline components...:  86%|████████▌ | 6/7 [00:01<00:00,  2.54it/s]
Loading pipeline components...: 100%|██████████| 7/7 [00:02<00:00,  2.33it/s]
Loading pipeline components...: 100%|██████████| 7/7 [00:02<00:00,  2.94it/s]
C:\banyan-farm\venv\Lib\site-packages\torch\nn\modules\module.py:1370: UserWarning: expandable_segments not supported on this platform (Triggered internally at C:\actions-runner\_work\pytorch\pytorch\pytorch\c10/cuda/CUDAAllocatorConfig.h:39.)
  return t.to(
MODEL_LOADED cagliostrolab/animagine-xl-3.1 cuda/bfloat16 unet.in_channels=4 in 6s
C:\banyan-farm\venv\Lib\site-packages\diffusers\models\vq_model.py:20: FutureWarning: `VQEncoderOutput` is deprecated and will be removed in version 0.31. Importing `VQEncoderOutput` from `diffusers.models.vq_model` is deprecated and this will be removed in a future version. Please use `from diffusers.models.autoencoders.vq_model import VQEncoderOutput`, instead.
  deprecate("VQEncoderOutput", "0.31", deprecation_message)
C:\banyan-farm\venv\Lib\site-packages\diffusers\models\vq_model.py:25: FutureWarning: `VQModel` is deprecated and will be removed in version 0.31. Importing `VQModel` from `diffusers.models.vq_model` is deprecated and this will be removed in a future version. Please use `from diffusers.models.autoencoders.vq_model import VQModel`, instead.
  deprecate("VQModel", "0.31", deprecation_message)
PIPELINE StableDiffusionXLControlNetInpaintPipeline, 2 net(s), scales [1.0, 0.3]
CROP REGION (468, 384, 739, 780) -- vendored == live; the init, the mask and every hint are cropped by this one box
Traceback (most recent call last):
  File "C:\banyan-farm\b08cnetfill-0820\inpaint_fruit.py", line 1055, in <module>
    raise SystemExit(main())
                     ^^^^^^
  File "C:\banyan-farm\b08cnetfill-0820\inpaint_fruit.py", line 779, in main
    out = pipe(**kwargs).images[0]
          ^^^^^^^^^^^^^^
  File "C:\banyan-farm\venv\Lib\site-packages\torch\utils\_contextlib.py", line 124, in decorate_context
    return func(*args, **kwargs)
           ^^^^^^^^^^^^^^^^^^^^^
  File "C:\banyan-farm\venv\Lib\site-packages\diffusers\pipelines\controlnet\pipeline_controlnet_inpaint_sd_xl.py", line 1409, in __call__
    self.check_inputs(
  File "C:\banyan-farm\venv\Lib\site-packages\diffusers\pipelines\controlnet\pipeline_controlnet_inpaint_sd_xl.py", line 727, in check_inputs
    raise ValueError(
ValueError: The image should be a PIL image when inpainting mask crop, but is of type <class 'list'>.
==== step s20260822 END rc=1 2026-08-20T15:44:10Z ====
#### job ep2-b08-cnetfill-0820-1787240606 finished rc=1 2026-08-20T15:44:10Z
