 70%|███████   | 28/40 [00:06<00:02,  4.44it/s]
 72%|███████▎  | 29/40 [00:06<00:02,  4.38it/s]
 75%|███████▌  | 30/40 [00:06<00:02,  4.38it/s]
 78%|███████▊  | 31/40 [00:07<00:02,  4.37it/s]
 80%|████████  | 32/40 [00:07<00:01,  4.39it/s]
 82%|████████▎ | 33/40 [00:07<00:01,  4.45it/s]
 85%|████████▌ | 34/40 [00:07<00:01,  4.40it/s]
 88%|████████▊ | 35/40 [00:07<00:01,  4.41it/s]
 90%|█████████ | 36/40 [00:08<00:00,  4.43it/s]
 92%|█████████▎| 37/40 [00:08<00:00,  4.46it/s]
 95%|█████████▌| 38/40 [00:08<00:00,  4.47it/s]
 98%|█████████▊| 39/40 [00:08<00:00,  4.39it/s]
100%|██████████| 40/40 [00:09<00:00,  4.42it/s]
100%|██████████| 40/40 [00:09<00:00,  4.40it/s]
   01-cold-open-ipa-r2-w015-s3.png seed=20263720 10s  (12/16)

  0%|          | 0/40 [00:00<?, ?it/s]
  2%|▎         | 1/40 [00:00<00:08,  4.62it/s]
  5%|▌         | 2/40 [00:00<00:07,  4.75it/s]
  8%|▊         | 3/40 [00:00<00:07,  4.64it/s]
 10%|█         | 4/40 [00:00<00:08,  4.28it/s]
 12%|█▎        | 5/40 [00:01<00:08,  4.20it/s]
 15%|█▌        | 6/40 [00:01<00:08,  4.21it/s]
 18%|█▊        | 7/40 [00:01<00:07,  4.40it/s]
 20%|██        | 8/40 [00:01<00:07,  4.34it/s]
 22%|██▎       | 9/40 [00:02<00:07,  4.29it/s]
 25%|██▌       | 10/40 [00:02<00:06,  4.35it/s]
 28%|██▊       | 11/40 [00:02<00:06,  4.40it/s]
 30%|███       | 12/40 [00:02<00:06,  4.43it/s]
 32%|███▎      | 13/40 [00:02<00:06,  4.32it/s]
 35%|███▌      | 14/40 [00:03<00:06,  4.31it/s]
 38%|███▊      | 15/40 [00:03<00:05,  4.37it/s]
 40%|████      | 16/40 [00:03<00:05,  4.40it/s]
 42%|████▎     | 17/40 [00:03<00:05,  4.44it/s]
 45%|████▌     | 18/40 [00:04<00:05,  4.37it/s]
 48%|████▊     | 19/40 [00:04<00:04,  4.41it/s]
 50%|█████     | 20/40 [00:04<00:04,  4.43it/s]
 52%|█████▎    | 21/40 [00:04<00:04,  4.38it/s]
 55%|█████▌    | 22/40 [00:05<00:04,  4.40it/s]
 57%|█████▊    | 23/40 [00:05<00:03,  4.43it/s]
 60%|██████    | 24/40 [00:05<00:03,  4.46it/s]
 62%|██████▎   | 25/40 [00:05<00:03,  4.38it/s]
 65%|██████▌   | 26/40 [00:05<00:03,  4.41it/s]
 68%|██████▊   | 27/40 [00:06<00:02,  4.35it/s]
 70%|███████   | 28/40 [00:06<00:02,  4.40it/s]
 72%|███████▎  | 29/40 [00:06<00:02,  4.42it/s]
 75%|███████▌  | 30/40 [00:06<00:02,  4.45it/s]
 78%|███████▊  | 31/40 [00:07<00:02,  4.38it/s]
 80%|████████  | 32/40 [00:07<00:01,  4.42it/s]
 82%|████████▎ | 33/40 [00:07<00:01,  4.45it/s]
 85%|████████▌ | 34/40 [00:07<00:01,  4.46it/s]
 88%|████████▊ | 35/40 [00:07<00:01,  4.38it/s]
 90%|█████████ | 36/40 [00:08<00:00,  4.43it/s]
 92%|█████████▎| 37/40 [00:08<00:00,  4.45it/s]
 95%|█████████▌| 38/40 [00:08<00:00,  4.38it/s]
 98%|█████████▊| 39/40 [00:08<00:00,  4.42it/s]
100%|██████████| 40/40 [00:09<00:00,  4.44it/s]
100%|██████████| 40/40 [00:09<00:00,  4.40it/s]
   01-cold-open-ipa-r3-w015-s0.png seed=20260720 10s  (13/16)

  0%|          | 0/40 [00:00<?, ?it/s]
  2%|▎         | 1/40 [00:00<00:07,  5.00it/s]
  5%|▌         | 2/40 [00:00<00:08,  4.60it/s]
  8%|▊         | 3/40 [00:00<00:07,  4.64it/s]
 10%|█         | 4/40 [00:00<00:08,  4.34it/s]
 12%|█▎        | 5/40 [00:01<00:08,  4.18it/s]
 15%|█▌        | 6/40 [00:01<00:07,  4.25it/s]
 18%|█▊        | 7/40 [00:01<00:07,  4.38it/s]
 20%|██        | 8/40 [00:01<00:07,  4.35it/s]
 22%|██▎       | 9/40 [00:02<00:07,  4.30it/s]
 25%|██▌       | 10/40 [00:02<00:06,  4.32it/s]
 28%|██▊       | 11/40 [00:02<00:06,  4.41it/s]
 30%|███       | 12/40 [00:02<00:06,  4.45it/s]
 32%|███▎      | 13/40 [00:02<00:06,  4.38it/s]
 35%|███▌      | 14/40 [00:03<00:06,  4.32it/s]
 38%|███▊      | 15/40 [00:03<00:05,  4.47it/s]
 40%|████      | 16/40 [00:03<00:05,  4.48it/s]
 42%|████▎     | 17/40 [00:03<00:05,  4.40it/s]
 45%|████▌     | 18/40 [00:04<00:05,  4.34it/s]
 48%|████▊     | 19/40 [00:04<00:04,  4.39it/s]
 50%|█████     | 20/40 [00:04<00:04,  4.43it/s]
 52%|█████▎    | 21/40 [00:04<00:04,  4.45it/s]
 55%|█████▌    | 22/40 [00:05<00:04,  4.38it/s]
 57%|█████▊    | 23/40 [00:05<00:03,  4.42it/s]
 60%|██████    | 24/40 [00:05<00:03,  4.44it/s]
 62%|██████▎   | 25/40 [00:05<00:03,  4.37it/s]
 65%|██████▌   | 26/40 [00:05<00:03,  4.41it/s]
 68%|██████▊   | 27/40 [00:06<00:02,  4.35it/s]
 70%|███████   | 28/40 [00:06<00:02,  4.39it/s]
 72%|███████▎  | 29/40 [00:06<00:02,  4.43it/s]
 75%|███████▌  | 30/40 [00:06<00:02,  4.46it/s]
 78%|███████▊  | 31/40 [00:07<00:02,  4.38it/s]
 80%|████████  | 32/40 [00:07<00:01,  4.42it/s]
 82%|████████▎ | 33/40 [00:07<00:01,  4.44it/s]
 85%|████████▌ | 34/40 [00:07<00:01,  4.37it/s]
 88%|████████▊ | 35/40 [00:07<00:01,  4.41it/s]
 90%|█████████ | 36/40 [00:08<00:00,  4.44it/s]
 92%|█████████▎| 37/40 [00:08<00:00,  4.37it/s]
 95%|█████████▌| 38/40 [00:08<00:00,  4.41it/s]
 98%|█████████▊| 39/40 [00:08<00:00,  4.44it/s]
100%|██████████| 40/40 [00:09<00:00,  4.36it/s]
100%|██████████| 40/40 [00:09<00:00,  4.40it/s]
   01-cold-open-ipa-r3-w015-s1.png seed=20261720 10s  (14/16)

  0%|          | 0/40 [00:00<?, ?it/s]
  2%|▎         | 1/40 [00:00<00:07,  4.90it/s]
  5%|▌         | 2/40 [00:00<00:08,  4.60it/s]
  8%|▊         | 3/40 [00:00<00:08,  4.62it/s]
 10%|█         | 4/40 [00:00<00:08,  4.33it/s]
 12%|█▎        | 5/40 [00:01<00:08,  4.18it/s]
 15%|█▌        | 6/40 [00:01<00:08,  4.24it/s]
 18%|█▊        | 7/40 [00:01<00:07,  4.39it/s]
 20%|██        | 8/40 [00:01<00:07,  4.37it/s]
 22%|██▎       | 9/40 [00:02<00:07,  4.29it/s]
 25%|██▌       | 10/40 [00:02<00:06,  4.36it/s]
 28%|██▊       | 11/40 [00:02<00:06,  4.40it/s]
 30%|███       | 12/40 [00:02<00:06,  4.44it/s]
 32%|███▎      | 13/40 [00:02<00:06,  4.37it/s]
 35%|███▌      | 14/40 [00:03<00:05,  4.41it/s]
 38%|███▊      | 15/40 [00:03<00:05,  4.35it/s]
 40%|████      | 16/40 [00:03<00:05,  4.49it/s]
 42%|████▎     | 17/40 [00:03<00:05,  4.40it/s]
 45%|████▌     | 18/40 [00:04<00:05,  4.34it/s]
 48%|████▊     | 19/40 [00:04<00:04,  4.35it/s]
 50%|█████     | 20/40 [00:04<00:04,  4.40it/s]
 52%|█████▎    | 21/40 [00:04<00:04,  4.39it/s]
 55%|█████▌    | 22/40 [00:05<00:04,  4.37it/s]
 57%|█████▊    | 23/40 [00:05<00:03,  4.37it/s]
 60%|██████    | 24/40 [00:05<00:03,  4.42it/s]
 62%|██████▎   | 25/40 [00:05<00:03,  4.45it/s]
 65%|██████▌   | 26/40 [00:05<00:03,  4.46it/s]
 68%|██████▊   | 27/40 [00:06<00:02,  4.38it/s]
 70%|███████   | 28/40 [00:06<00:02,  4.42it/s]
 72%|███████▎  | 29/40 [00:06<00:02,  4.44it/s]
 75%|███████▌  | 30/40 [00:06<00:02,  4.46it/s]
 78%|███████▊  | 31/40 [00:07<00:02,  4.39it/s]
 80%|████████  | 32/40 [00:07<00:01,  4.43it/s]
 82%|████████▎ | 33/40 [00:07<00:01,  4.38it/s]
 85%|████████▌ | 34/40 [00:07<00:01,  4.41it/s]
 88%|████████▊ | 35/40 [00:07<00:01,  4.37it/s]
 90%|█████████ | 36/40 [00:08<00:00,  4.39it/s]
 92%|█████████▎| 37/40 [00:08<00:00,  4.42it/s]
 95%|█████████▌| 38/40 [00:08<00:00,  4.45it/s]
 98%|█████████▊| 39/40 [00:08<00:00,  4.47it/s]
100%|██████████| 40/40 [00:09<00:00,  4.37it/s]
100%|██████████| 40/40 [00:09<00:00,  4.40it/s]
   01-cold-open-ipa-r3-w015-s2.png seed=20262720 10s  (15/16)

  0%|          | 0/40 [00:00<?, ?it/s]
  2%|▎         | 1/40 [00:00<00:08,  4.73it/s]
  5%|▌         | 2/40 [00:00<00:08,  4.60it/s]
  8%|▊         | 3/40 [00:00<00:07,  4.71it/s]
 10%|█         | 4/40 [00:00<00:08,  4.38it/s]
 12%|█▎        | 5/40 [00:01<00:08,  4.22it/s]
 15%|█▌        | 6/40 [00:01<00:07,  4.31it/s]
 18%|█▊        | 7/40 [00:01<00:07,  4.38it/s]
 20%|██        | 8/40 [00:01<00:07,  4.34it/s]
 22%|██▎       | 9/40 [00:02<00:07,  4.24it/s]
 25%|██▌       | 10/40 [00:02<00:06,  4.37it/s]
 28%|██▊       | 11/40 [00:02<00:06,  4.41it/s]
 30%|███       | 12/40 [00:02<00:06,  4.44it/s]
 32%|███▎      | 13/40 [00:02<00:06,  4.37it/s]
 35%|███▌      | 14/40 [00:03<00:06,  4.32it/s]
 38%|███▊      | 15/40 [00:03<00:05,  4.38it/s]
 40%|████      | 16/40 [00:03<00:05,  4.52it/s]
 42%|████▎     | 17/40 [00:03<00:05,  4.42it/s]
 45%|████▌     | 18/40 [00:04<00:05,  4.36it/s]
 48%|████▊     | 19/40 [00:04<00:04,  4.40it/s]
 50%|█████     | 20/40 [00:04<00:04,  4.43it/s]
 52%|█████▎    | 21/40 [00:04<00:04,  4.46it/s]
 55%|█████▌    | 22/40 [00:05<00:04,  4.38it/s]
 57%|█████▊    | 23/40 [00:05<00:03,  4.42it/s]
 60%|██████    | 24/40 [00:05<00:03,  4.45it/s]
 62%|██████▎   | 25/40 [00:05<00:03,  4.37it/s]
 65%|██████▌   | 26/40 [00:05<00:03,  4.40it/s]
 68%|██████▊   | 27/40 [00:06<00:02,  4.34it/s]
 70%|███████   | 28/40 [00:06<00:02,  4.37it/s]
 72%|███████▎  | 29/40 [00:06<00:02,  4.43it/s]
 75%|███████▌  | 30/40 [00:06<00:02,  4.38it/s]
 78%|███████▊  | 31/40 [00:07<00:02,  4.40it/s]
 80%|████████  | 32/40 [00:07<00:01,  4.43it/s]
 82%|████████▎ | 33/40 [00:07<00:01,  4.45it/s]
 85%|████████▌ | 34/40 [00:07<00:01,  4.47it/s]
 88%|████████▊ | 35/40 [00:07<00:01,  4.39it/s]
 90%|█████████ | 36/40 [00:08<00:00,  4.42it/s]
 92%|█████████▎| 37/40 [00:08<00:00,  4.36it/s]
 95%|█████████▌| 38/40 [00:08<00:00,  4.41it/s]
 98%|█████████▊| 39/40 [00:08<00:00,  4.44it/s]
100%|██████████| 40/40 [00:09<00:00,  4.35it/s]
100%|██████████| 40/40 [00:09<00:00,  4.40it/s]
   01-cold-open-ipa-r3-w015-s3.png seed=20263720 9s  (16/16)

DONE 16 stills — ONE beat. The other fourteen wait on his verdict.
==== step sample END rc=0 2026-08-16T21:09:05Z ====

==== step publish START 2026-08-16T21:09:05Z ====
argv: ["C:\\banyan-farm\\venv\\Scripts\\python.exe", "-c", "import glob, hashlib, os, shutil\ndst = \"C:/banyan-farm/courier-box/farm-out/ep2-b01-figleafcanon-0817\"\nos.makedirs(dst, exist_ok=True)\nsrc = sorted(glob.glob(\"C:/banyan-farm/goblin-ipa-0812/out-b01-figleafcanon-0817/01-cold-open-*\"))\nlines = []\nfor f in src:\n    shutil.copy2(f, dst)\n    c = os.path.join(dst, os.path.basename(f))\n    if c.endswith(\".yaml\"):\n        with open(c, \"a\", encoding=\"utf-8\", newline=\"\\n\") as fh:\n            fh.write(\"approved: false\\nprovisional: true\\ncost_usd: 0.00\\n\")\n    with open(c, \"rb\") as fh:\n        h = hashlib.sha256(fh.read()).hexdigest()\n    lines.append(h + \"  \" + os.path.basename(f))\nwith open(os.path.join(dst, \"ep2-b01-figleafcanon-0817.sha256\"), \"w\", newline=\"\\n\") as fh:\n    fh.write(\"\\n\".join(lines) + \"\\n\")\nprint(\"published\", len(src), \"file(s) + manifest ->\", dst)\nraise SystemExit(0 if len(src) >= 16 else 1)\n"]
published 32 file(s) + manifest -> C:/banyan-farm/courier-box/farm-out/ep2-b01-figleafcanon-0817
==== step publish END rc=0 2026-08-16T21:09:05Z ====
#### job ep2-b01-figleafcanon-0817-1786913957 finished rc=0 2026-08-16T21:09:05Z
