#### job ep2-b01-lw-0815-1786744933 attempt 1 start 2026-08-14T22:03:51Z

==== step crop START 2026-08-14T22:03:54Z ====
argv: ["C:\\banyan-farm\\venv\\Scripts\\python.exe", "C:\\banyan-farm\\ep2-b01-lw-0815\\cover_crop.py", "--src", "C:\\banyan-farm\\courier-box\\farm-out\\ep2-b01-final055-r3\\b01-final055-i55-s0.png", "--sha256", "61f311b8b971002b39043d73e4a9d319655b00db7e866a636a9e09c4c0fe9a90", "--out", "C:\\banyan-farm\\ep2-b01-lw-0815\\b01-init-704x1280.png", "--size", "704x1280"]
src 832x1216 sha 61f311b8b971002b39043d73e4a9d319655b00db7e866a636a9e09c4c0fe9a90
cover-crop scale=1.0526 -> 876x1280, centre box (86,0)
WROTE C:\banyan-farm\ep2-b01-lw-0815\b01-init-704x1280.png
==== step crop END rc=0 2026-08-14T22:03:54Z ====

==== step encode START 2026-08-14T22:03:54Z ====
argv: ["C:\\banyan-video\\venv\\Scripts\\python.exe", "C:\\banyan-farm\\banyan-city\\pipeline\\ltx_i2v.py", "--stage", "encode", "--jobs", "C:\\banyan-farm\\ep2-b01-lw-0815\\b01-jobs-encode.json"]
-- begin-encode: phys 10.1/68.1GB, commit 12.0/115.3GB (load 14%)
loading text encoder from C:\Users\artvn\.cache\huggingface\hub\models--Lightricks--gemma-3-12b-it-qat-q4_0-unquantized\snapshots\d62fe4f1995ade703b49a0f3c0d0f161237ef437

Loading weights:   0%|          | 0/1065 [00:00<?, ?it/s]
Loading weights:  32%|███▏      | 341/1065 [00:00<00:00, 3092.72it/s]
Loading weights:  63%|██████▎   | 670/1065 [00:00<00:00, 3024.21it/s]
Loading weights:  94%|█████████▍| 1001/1065 [00:00<00:00, 3005.05it/s]
Loading weights: 100%|██████████| 1065/1065 [00:00<00:00, 3064.97it/s]
-- encode-beat-01: phys 11.2/68.1GB, commit 38.8/115.3GB (load 16%)
[1/1] encoded beat 1 to C:\banyan-farm\ep2-b01-lw-0815\b01-embeds.pt (1, 1024, 188160)
{"peak_commit_gb": 40.9, "peak_phys_gb": 36.7, "last_stage": "encode-beat-01"}
==== step encode END rc=0 2026-08-14T22:05:26Z ====

==== step render START 2026-08-14T22:05:26Z ====
argv: ["C:\\banyan-video\\venv\\Scripts\\python.exe", "C:\\banyan-farm\\banyan-city\\pipeline\\ltx_i2v.py", "--stage", "render", "--jobs", "C:\\banyan-farm\\ep2-b01-lw-0815\\b01-jobs-render.json", "--size", "704x1280", "--frames", "233", "--fps", "24", "--guidance", "2.0", "--distilled-sigmas", "--two-stage", "--image-crf", "33", "--offload", "sequential", "--mode", "production", "--task", "ep2-b01-lw-0815", "--worker", "rtx5090", "--bench-jsonl", "C:\\banyan-farm\\ep2-b01-lw-0815\\bench-b01-lw-0815.jsonl", "--bench-label", "ep2-b01-lw-0815"]
recipe: offload=sequential quantisation=none (bf16)
-- begin-render: phys 10.1/68.1GB, commit 12.0/115.3GB (load 14%)
transformer  C:\Users\artvn\.cache\huggingface\hub\models--diffusers--LTX-2.3-Distilled-Diffusers\snapshots\432e0d3c2d1769aaa4d295f9243f7062bf6b47ee [subfolder=transformer, bf16]
scheduler    C:\Users\artvn\.cache\huggingface\hub\models--diffusers--LTX-2.3-Distilled-Diffusers\snapshots\432e0d3c2d1769aaa4d295f9243f7062bf6b47ee [subfolder=scheduler, distilled]
other parts  C:\Users\artvn\.cache\huggingface\hub\models--diffusers--LTX-2.3-Diffusers\snapshots\8eee8edcf067e838b843f926ec4d4cc9b2be1aaf
-- load-transformer-bf16-38GB: phys 10.8/68.1GB, commit 13.9/115.3GB (load 15%)

Loading checkpoint shards:   0%|          | 0/8 [00:00<?, ?it/s]
Loading checkpoint shards:  12%|█▎        | 1/8 [00:00<00:00,  9.34it/s]
Loading checkpoint shards:  25%|██▌       | 2/8 [00:00<00:00,  9.48it/s]
Loading checkpoint shards:  50%|█████     | 4/8 [00:00<00:00,  8.68it/s]
Loading checkpoint shards: 100%|██████████| 8/8 [00:00<00:00, 16.67it/s]
Loading checkpoint shards: 100%|██████████| 8/8 [00:00<00:00, 14.03it/s]
-- load-connectors-12.7GB-and-vae: phys 10.9/68.1GB, commit 52.2/115.3GB (load 15%)

Loading checkpoint shards:   0%|          | 0/2 [00:00<?, ?it/s]
Loading checkpoint shards: 100%|██████████| 2/2 [00:00<00:00, 249.77it/s]
-- offload-setup-sequential: phys 10.9/68.1GB, commit 61.8/115.3GB (load 15%)
C:\banyan-video\venv\Lib\site-packages\accelerate\utils\modeling.py:345: UserWarning: expandable_segments not supported on this platform (Triggered internally at C:\actions-runner\_work\pytorch\pytorch\pytorch\c10/cuda/CUDAAllocatorConfig.h:39.)
  new_value = old_value.to(device, non_blocking=non_blocking)
conditioning still round-tripped through libx264 crf=33 -> C:\banyan-farm\ep2-b01-lw-0815\cond-crf-01.png
-- stage1-denoise-352x640-8steps: phys 11.8/68.1GB, commit 62.2/115.3GB (load 17%)

  0%|          | 0/8 [00:00<?, ?it/s]
 12%|█▎        | 1/8 [01:10<08:10, 70.02s/it]
 25%|██▌       | 2/8 [01:32<04:10, 41.81s/it]
 38%|███▊      | 3/8 [01:48<02:30, 30.03s/it]
 50%|█████     | 4/8 [02:04<01:39, 24.76s/it]
 62%|██████▎   | 5/8 [02:20<01:04, 21.48s/it]
 75%|███████▌  | 6/8 [02:36<00:39, 19.54s/it]
 88%|████████▊ | 7/8 [02:52<00:18, 18.33s/it]
100%|██████████| 8/8 [03:09<00:00, 18.03s/it]
100%|██████████| 8/8 [03:09<00:00, 23.68s/it]
stage1 latents (1, 128, 30, 20, 11)
-- upsample-2x-latent: phys 54.3/68.1GB, commit 66.0/115.3GB (load 79%)
There are modules in LTX2LatentUpsamplerModel that should be kept in float32: []. Casting directly with `to()` can lead to inconsistent results; set `torch_dtype` in `from_pretrained()` instead to keep these modules in float32.
upsampled latents (1, 128, 30, 40, 22)
-- stage2-refine-704x1280-3steps: phys 57.3/68.1GB, commit 68.7/115.3GB (load 84%)

  0%|          | 0/3 [00:00<?, ?it/s]
 33%|███▎      | 1/3 [01:13<02:27, 73.58s/it]
 67%|██████▋   | 2/3 [02:23<01:11, 71.58s/it]
100%|██████████| 3/3 [03:39<00:00, 73.54s/it]
100%|██████████| 3/3 [03:39<00:00, 73.21s/it]
-- decode-and-export: phys 55.3/68.1GB, commit 72.7/115.3GB (load 81%)
[1/1] wrote C:\banyan-farm\ep2-b01-lw-0815\01-cold-open-LTX-lw-0815.mp4 in 440s (233 frames, 704x1280, 8@352x640+3@704x1280 steps, peak torch 21.5GB, device 2.9/26GB)
THROUGHPUT 0.0221 s(video)/s(wall) (1 x 9.708s of video in 440s)
bench row -> C:\banyan-farm\ep2-b01-lw-0815\bench-b01-lw-0815.jsonl
{"sample_s": 440.0, "peak_gb": 21.5, "peak_commit_gb": 91.8, "frames": 233, "size": "704x1280", "steps": "8@352x640+3@704x1280", "batch": 1, "mode": "production", "throughput_s_per_s": 0.0221, "two_stage": true, "image_crf": 33, "offload": "sequential", "quantisation": null}
{"peak_commit_gb": 91.8, "peak_phys_gb": 61.6, "last_stage": "decode-and-export"}
==== step render END rc=0 2026-08-14T22:13:01Z ====

==== step publish START 2026-08-14T22:13:01Z ====
argv: ["C:\\banyan-farm\\venv\\Scripts\\python.exe", "-c", "import glob, hashlib, os, shutil\ndst = \"C:/banyan-farm/courier-box/farm-out/ep2-b01-lw-0815\"\nos.makedirs(dst, exist_ok=True)\nsrc = sorted(glob.glob(\"C:/banyan-farm/ep2-b01-lw-0815/01-cold-open-LTX-lw-0815.mp4*\")\n             + glob.glob(\"C:/banyan-farm/ep2-b01-lw-0815/b01-init-704x1280.png\")\n             + glob.glob(\"C:/banyan-farm/ep2-b01-lw-0815/bench-b01-lw-0815.jsonl\"))\nlines = []\nfor f in src:\n    shutil.copy2(f, dst)\n    c = os.path.join(dst, os.path.basename(f))\n    with open(c, \"rb\") as fh:\n        h = hashlib.sha256(fh.read()).hexdigest()\n    lines.append(h + \"  \" + os.path.basename(f))\nwith open(os.path.join(dst, \"ep2-b01-lw-0815.sha256\"), \"w\", newline=\"\\n\") as fh:\n    fh.write(\"\\n\".join(lines) + \"\\n\")\nprint(\"published\", len(src), \"file(s) + manifest ->\", dst)\nraise SystemExit(0 if len(src) >= 2 else 1)\n"]
published 4 file(s) + manifest -> C:/banyan-farm/courier-box/farm-out/ep2-b01-lw-0815
==== step publish END rc=0 2026-08-14T22:13:01Z ====
#### job ep2-b01-lw-0815-1786744933 finished rc=0 2026-08-14T22:13:01Z
