 12%|█▎        | 5/40 [00:01<00:08,  4.29it/s]
 15%|█▌        | 6/40 [00:01<00:07,  4.42it/s]
 18%|█▊        | 7/40 [00:01<00:07,  4.48it/s]
 20%|██        | 8/40 [00:01<00:07,  4.49it/s]
 22%|██▎       | 9/40 [00:02<00:07,  4.31it/s]
 25%|██▌       | 10/40 [00:02<00:06,  4.37it/s]
 28%|██▊       | 11/40 [00:02<00:06,  4.51it/s]
 30%|███       | 12/40 [00:02<00:06,  4.43it/s]
 32%|███▎      | 13/40 [00:02<00:06,  4.35it/s]
 35%|███▌      | 14/40 [00:03<00:05,  4.40it/s]
 38%|███▊      | 15/40 [00:03<00:05,  4.38it/s]
 40%|████      | 16/40 [00:03<00:05,  4.48it/s]
 42%|████▎     | 17/40 [00:03<00:05,  4.36it/s]
 45%|████▌     | 18/40 [00:04<00:05,  4.35it/s]
 48%|████▊     | 19/40 [00:04<00:04,  4.39it/s]
 50%|█████     | 20/40 [00:04<00:04,  4.43it/s]
 52%|█████▎    | 21/40 [00:04<00:04,  4.45it/s]
 55%|█████▌    | 22/40 [00:04<00:04,  4.37it/s]
 57%|█████▊    | 23/40 [00:05<00:03,  4.41it/s]
 60%|██████    | 24/40 [00:05<00:03,  4.45it/s]
 62%|██████▎   | 25/40 [00:05<00:03,  4.46it/s]
 65%|██████▌   | 26/40 [00:05<00:03,  4.39it/s]
 68%|██████▊   | 27/40 [00:06<00:02,  4.34it/s]
 70%|███████   | 28/40 [00:06<00:02,  4.38it/s]
 72%|███████▎  | 29/40 [00:06<00:02,  4.42it/s]
 75%|███████▌  | 30/40 [00:06<00:02,  4.44it/s]
 78%|███████▊  | 31/40 [00:07<00:02,  4.37it/s]
 80%|████████  | 32/40 [00:07<00:01,  4.41it/s]
 82%|████████▎ | 33/40 [00:07<00:01,  4.43it/s]
 85%|████████▌ | 34/40 [00:07<00:01,  4.37it/s]
 88%|████████▊ | 35/40 [00:07<00:01,  4.39it/s]
 90%|█████████ | 36/40 [00:08<00:00,  4.45it/s]
 92%|█████████▎| 37/40 [00:08<00:00,  4.37it/s]
 95%|█████████▌| 38/40 [00:08<00:00,  4.41it/s]
 98%|█████████▊| 39/40 [00:08<00:00,  4.43it/s]
100%|██████████| 40/40 [00:09<00:00,  4.36it/s]
100%|██████████| 40/40 [00:09<00:00,  4.41it/s]
   04-the-footnote-ipa-r3-content-s0.png seed=20260723 9s  (13/16)

  0%|          | 0/40 [00:00<?, ?it/s]
  2%|▎         | 1/40 [00:00<00:07,  4.93it/s]
  5%|▌         | 2/40 [00:00<00:08,  4.68it/s]
  8%|▊         | 3/40 [00:00<00:08,  4.59it/s]
 10%|█         | 4/40 [00:00<00:08,  4.44it/s]
 12%|█▎        | 5/40 [00:01<00:08,  4.36it/s]
 15%|█▌        | 6/40 [00:01<00:07,  4.41it/s]
 18%|█▊        | 7/40 [00:01<00:07,  4.44it/s]
 20%|██        | 8/40 [00:01<00:07,  4.46it/s]
 22%|██▎       | 9/40 [00:02<00:07,  4.29it/s]
 25%|██▌       | 10/40 [00:02<00:06,  4.45it/s]
 28%|██▊       | 11/40 [00:02<00:06,  4.38it/s]
 30%|███       | 12/40 [00:02<00:06,  4.42it/s]
 32%|███▎      | 13/40 [00:02<00:06,  4.36it/s]
 35%|███▌      | 14/40 [00:03<00:05,  4.34it/s]
 38%|███▊      | 15/40 [00:03<00:05,  4.47it/s]
 40%|████      | 16/40 [00:03<00:05,  4.49it/s]
 42%|████▎     | 17/40 [00:03<00:05,  4.40it/s]
 45%|████▌     | 18/40 [00:04<00:05,  4.35it/s]
 48%|████▊     | 19/40 [00:04<00:04,  4.39it/s]
 50%|█████     | 20/40 [00:04<00:04,  4.39it/s]
 52%|█████▎    | 21/40 [00:04<00:04,  4.39it/s]
 55%|█████▌    | 22/40 [00:04<00:04,  4.42it/s]
 57%|█████▊    | 23/40 [00:05<00:03,  4.36it/s]
 60%|██████    | 24/40 [00:05<00:03,  4.40it/s]
 62%|██████▎   | 25/40 [00:05<00:03,  4.44it/s]
 65%|██████▌   | 26/40 [00:05<00:03,  4.36it/s]
 68%|██████▊   | 27/40 [00:06<00:02,  4.42it/s]
 70%|███████   | 28/40 [00:06<00:02,  4.45it/s]
 72%|███████▎  | 29/40 [00:06<00:02,  4.38it/s]
 75%|███████▌  | 30/40 [00:06<00:02,  4.42it/s]
 78%|███████▊  | 31/40 [00:07<00:02,  4.35it/s]
 80%|████████  | 32/40 [00:07<00:01,  4.40it/s]
 82%|████████▎ | 33/40 [00:07<00:01,  4.44it/s]
 85%|████████▌ | 34/40 [00:07<00:01,  4.37it/s]
 88%|████████▊ | 35/40 [00:07<00:01,  4.41it/s]
 90%|█████████ | 36/40 [00:08<00:00,  4.42it/s]
 92%|█████████▎| 37/40 [00:08<00:00,  4.38it/s]
 95%|█████████▌| 38/40 [00:08<00:00,  4.41it/s]
 98%|█████████▊| 39/40 [00:08<00:00,  4.45it/s]
100%|██████████| 40/40 [00:09<00:00,  4.38it/s]
100%|██████████| 40/40 [00:09<00:00,  4.41it/s]
   04-the-footnote-ipa-r3-content-s1.png seed=20261723 9s  (14/16)

  0%|          | 0/40 [00:00<?, ?it/s]
  2%|▎         | 1/40 [00:00<00:07,  4.88it/s]
  5%|▌         | 2/40 [00:00<00:08,  4.66it/s]
  8%|▊         | 3/40 [00:00<00:07,  4.76it/s]
 10%|█         | 4/40 [00:00<00:08,  4.40it/s]
 12%|█▎        | 5/40 [00:01<00:08,  4.32it/s]
 15%|█▌        | 6/40 [00:01<00:07,  4.39it/s]
 18%|█▊        | 7/40 [00:01<00:07,  4.54it/s]
 20%|██        | 8/40 [00:01<00:07,  4.39it/s]
 22%|██▎       | 9/40 [00:02<00:07,  4.30it/s]
 25%|██▌       | 10/40 [00:02<00:06,  4.36it/s]
 28%|██▊       | 11/40 [00:02<00:06,  4.50it/s]
 30%|███       | 12/40 [00:02<00:06,  4.40it/s]
 32%|███▎      | 13/40 [00:02<00:06,  4.34it/s]
 35%|███▌      | 14/40 [00:03<00:05,  4.40it/s]
 38%|███▊      | 15/40 [00:03<00:05,  4.43it/s]
 40%|████      | 16/40 [00:03<00:05,  4.46it/s]
 42%|████▎     | 17/40 [00:03<00:05,  4.34it/s]
 45%|████▌     | 18/40 [00:04<00:05,  4.35it/s]
 48%|████▊     | 19/40 [00:04<00:04,  4.40it/s]
 50%|█████     | 20/40 [00:04<00:04,  4.44it/s]
 52%|█████▎    | 21/40 [00:04<00:04,  4.37it/s]
 55%|█████▌    | 22/40 [00:04<00:04,  4.41it/s]
 57%|█████▊    | 23/40 [00:05<00:03,  4.35it/s]
 60%|██████    | 24/40 [00:05<00:03,  4.40it/s]
 62%|██████▎   | 25/40 [00:05<00:03,  4.43it/s]
 65%|██████▌   | 26/40 [00:05<00:03,  4.34it/s]
 68%|██████▊   | 27/40 [00:06<00:02,  4.35it/s]
 70%|███████   | 28/40 [00:06<00:02,  4.39it/s]
 72%|███████▎  | 29/40 [00:06<00:02,  4.41it/s]
 75%|███████▌  | 30/40 [00:06<00:02,  4.44it/s]
 78%|███████▊  | 31/40 [00:07<00:02,  4.37it/s]
 80%|████████  | 32/40 [00:07<00:01,  4.42it/s]
 82%|████████▎ | 33/40 [00:07<00:01,  4.39it/s]
 85%|████████▌ | 34/40 [00:07<00:01,  4.39it/s]
 88%|████████▊ | 35/40 [00:07<00:01,  4.36it/s]
 90%|█████████ | 36/40 [00:08<00:00,  4.39it/s]
 92%|█████████▎| 37/40 [00:08<00:00,  4.43it/s]
 95%|█████████▌| 38/40 [00:08<00:00,  4.45it/s]
 98%|█████████▊| 39/40 [00:08<00:00,  4.38it/s]
100%|██████████| 40/40 [00:09<00:00,  4.42it/s]
100%|██████████| 40/40 [00:09<00:00,  4.41it/s]
   04-the-footnote-ipa-r3-content-s2.png seed=20262723 10s  (15/16)

  0%|          | 0/40 [00:00<?, ?it/s]
  2%|▎         | 1/40 [00:00<00:08,  4.78it/s]
  5%|▌         | 2/40 [00:00<00:07,  4.83it/s]
  8%|▊         | 3/40 [00:00<00:07,  4.69it/s]
 10%|█         | 4/40 [00:00<00:08,  4.41it/s]
 12%|█▎        | 5/40 [00:01<00:08,  4.29it/s]
 15%|█▌        | 6/40 [00:01<00:07,  4.48it/s]
 18%|█▊        | 7/40 [00:01<00:07,  4.49it/s]
 20%|██        | 8/40 [00:01<00:07,  4.50it/s]
 22%|██▎       | 9/40 [00:02<00:07,  4.31it/s]
 25%|██▌       | 10/40 [00:02<00:06,  4.37it/s]
 28%|██▊       | 11/40 [00:02<00:06,  4.42it/s]
 30%|███       | 12/40 [00:02<00:06,  4.41it/s]
 32%|███▎      | 13/40 [00:02<00:06,  4.39it/s]
 35%|███▌      | 14/40 [00:03<00:05,  4.33it/s]
 38%|███▊      | 15/40 [00:03<00:05,  4.39it/s]
 40%|████      | 16/40 [00:03<00:05,  4.42it/s]
 42%|████▎     | 17/40 [00:03<00:05,  4.36it/s]
 45%|████▌     | 18/40 [00:04<00:05,  4.32it/s]
 48%|████▊     | 19/40 [00:04<00:04,  4.38it/s]
 50%|█████     | 20/40 [00:04<00:04,  4.40it/s]
 52%|█████▎    | 21/40 [00:04<00:04,  4.40it/s]
 55%|█████▌    | 22/40 [00:04<00:04,  4.34it/s]
 57%|█████▊    | 23/40 [00:05<00:03,  4.36it/s]
 60%|██████    | 24/40 [00:05<00:03,  4.39it/s]
 62%|██████▎   | 25/40 [00:05<00:03,  4.44it/s]
 65%|██████▌   | 26/40 [00:05<00:03,  4.46it/s]
 68%|██████▊   | 27/40 [00:06<00:02,  4.38it/s]
 70%|███████   | 28/40 [00:06<00:02,  4.42it/s]
 72%|███████▎  | 29/40 [00:06<00:02,  4.45it/s]
 75%|███████▌  | 30/40 [00:06<00:02,  4.37it/s]
 78%|███████▊  | 31/40 [00:07<00:02,  4.41it/s]
 80%|████████  | 32/40 [00:07<00:01,  4.34it/s]
 82%|████████▎ | 33/40 [00:07<00:01,  4.39it/s]
 85%|████████▌ | 34/40 [00:07<00:01,  4.43it/s]
 88%|████████▊ | 35/40 [00:07<00:01,  4.34it/s]
 90%|█████████ | 36/40 [00:08<00:00,  4.41it/s]
 92%|█████████▎| 37/40 [00:08<00:00,  4.44it/s]
 95%|█████████▌| 38/40 [00:08<00:00,  4.37it/s]
 98%|█████████▊| 39/40 [00:08<00:00,  4.41it/s]
100%|██████████| 40/40 [00:09<00:00,  4.35it/s]
100%|██████████| 40/40 [00:09<00:00,  4.40it/s]
   04-the-footnote-ipa-r3-content-s3.png seed=20263723 9s  (16/16)

DONE 16 stills — ONE beat. The other fourteen wait on his verdict.
==== step sample END rc=0 2026-08-10T09:48:18Z ====

==== step measure START 2026-08-10T09:48:18Z ====
argv: ["C:\\banyan-farm\\venv\\Scripts\\python.exe", "C:\\banyan-farm\\wave-goblin-prep\\identity_agreement.py", "--group", "wave1-baseline=C:\\banyan-farm\\wave-goblin-prep\\out\\04-the-footnote-wave1-s*.png", "--group", "arm1-ref0-scale060=C:\\banyan-farm\\goblin-ipa-0810\\out\\04-the-footnote-ipa-r0-c060-s*.png", "--group", "arm1-ref1-scale060=C:\\banyan-farm\\goblin-ipa-0810\\out\\04-the-footnote-ipa-r1-c060-s*.png", "--group", "arm1-ref2-scale060=C:\\banyan-farm\\goblin-ipa-0810\\out\\04-the-footnote-ipa-r2-c060-s*.png", "--group", "arm1-ref3-scale060=C:\\banyan-farm\\goblin-ipa-0810\\out\\04-the-footnote-ipa-r3-c060-s*.png", "--group", "arm2-ref0-content=C:\\banyan-farm\\goblin-ipa-0810\\out2\\04-the-footnote-ipa-r0-content-s*.png", "--group", "arm2-ref1-content=C:\\banyan-farm\\goblin-ipa-0810\\out2\\04-the-footnote-ipa-r1-content-s*.png", "--group", "arm2-ref2-content=C:\\banyan-farm\\goblin-ipa-0810\\out2\\04-the-footnote-ipa-r2-content-s*.png", "--group", "arm2-ref3-content=C:\\banyan-farm\\goblin-ipa-0810\\out2\\04-the-footnote-ipa-r3-content-s*.png", "--ref-for", "arm2-ref0-content=C:\\banyan-farm\\wave-goblin-prep\\out\\04-the-footnote-wave1-s0.png", "--ref-for", "arm2-ref1-content=C:\\banyan-farm\\wave-goblin-prep\\out\\04-the-footnote-wave1-s1.png", "--ref-for", "arm2-ref2-content=C:\\banyan-farm\\wave-goblin-prep\\out\\04-the-footnote-wave1-s2.png", "--ref-for", "arm2-ref3-content=C:\\banyan-farm\\wave-goblin-prep\\out\\04-the-footnote-wave1-s3.png", "--out", "C:\\banyan-farm\\goblin-ipa-0810\\out2\\identity-agreement-content.yaml"]
C:\banyan-farm\venv\Lib\site-packages\torch\nn\modules\module.py:1370: UserWarning: expandable_segments not supported on this platform (Triggered internally at C:\actions-runner\_work\pytorch\pytorch\pytorch\c10/cuda/CUDAAllocatorConfig.h:39.)
  return t.to(
C:\banyan-farm\venv\Lib\site-packages\transformers\tokenization_utils_base.py:1601: FutureWarning: `clean_up_tokenization_spaces` was not set. It will be set to `True` by default. This behavior will be depracted in transformers v4.45, and will be then set to `False` by default. For more details check this issue: https://github.com/huggingface/transformers/issues/31884
  warnings.warn(

group               n  DINO mean  DINO min  CLIP-I mean  to-ref DINO
wave1-baseline      4     0.6967    0.6420       0.8931            —
arm1-ref0-scale060  4     0.8069    0.7496       0.9276            —
arm1-ref1-scale060  4     0.7974    0.7119       0.9261            —
arm1-ref2-scale060  4     0.8345    0.7913       0.9309            —
arm1-ref3-scale060  4     0.7828    0.7467       0.9172            —
arm2-ref0-content   4     0.7968    0.7483       0.8917       0.7623
arm2-ref1-content   4     0.7449    0.7183       0.8757       0.7259
arm2-ref2-content   4     0.7155    0.6020       0.9001       0.7167
arm2-ref3-content   4     0.7604    0.6923       0.9058       0.8028

wrote C:\banyan-farm\goblin-ipa-0810\out2\identity-agreement-content.yaml
==== step measure END rc=0 2026-08-10T09:48:28Z ====

==== step publish START 2026-08-10T09:48:28Z ====
argv: ["C:\\banyan-farm\\venv\\Scripts\\python.exe", "-c", "import glob, hashlib, os, shutil\ndst = \"C:/banyan-farm/courier-box/farm-out/ep2-b04-goblin-ipa-content\"\nos.makedirs(dst, exist_ok=True)\nsrc = sorted(glob.glob(\"C:/banyan-farm/goblin-ipa-0810/out2/*\"))\nlines = []\nfor f in src:\n    shutil.copy2(f, dst)\n    c = os.path.join(dst, os.path.basename(f))\n    with open(c, \"rb\") as fh:\n        h = hashlib.sha256(fh.read()).hexdigest()\n    lines.append(h + \"  \" + os.path.basename(f))\nwith open(os.path.join(dst, \"ep2-b04-goblin-ipa-content.sha256\"), \"w\") as fh:\n    fh.write(\"\\n\".join(lines) + \"\\n\")\nprint(\"published\", len(src), \"file(s) + manifest ->\", dst)\n# 16 stills + 16 sidecars + identity-agreement-content.yaml.\nraise SystemExit(0 if len(src) == 33 else 1)\n"]
published 33 file(s) + manifest -> C:/banyan-farm/courier-box/farm-out/ep2-b04-goblin-ipa-content
==== step publish END rc=0 2026-08-10T09:48:29Z ====
#### job ep2-b04-goblin-ipa-content-1786355115 finished rc=0 2026-08-10T09:48:29Z
