#### job ep2-b14-w4motion-0822-1787349806 attempt 1 start 2026-08-21T23:10:32Z

==== step crop START 2026-08-21T23:10:32Z ====
argv: ["C:\\banyan-farm\\venv\\Scripts\\python.exe", "C:\\banyan-farm\\ep2-b14-w4motion-0822\\cover_crop.py", "--src", "C:\\banyan-farm\\courier-box\\farm-out\\ep2-b14-canon-w4b-0821\\ep2-b14-canon-w4b-0821-ipahead.png", "--sha256", "301ef9a4e5e0c1240156e4dde276bdf427948717b08bffa12ebd4e4a5a313029", "--out", "C:\\banyan-farm\\ep2-b14-w4motion-0822\\b14-init-704x1280.png", "--size", "704x1280"]
src 832x1216 sha 301ef9a4e5e0c1240156e4dde276bdf427948717b08bffa12ebd4e4a5a313029
cover-crop scale=1.0526 -> 876x1280, centre box (86,0)
WROTE C:\banyan-farm\ep2-b14-w4motion-0822\b14-init-704x1280.png
==== step crop END rc=0 2026-08-21T23:10:32Z ====

==== step encode START 2026-08-21T23:10:32Z ====
argv: ["C:\\banyan-video\\venv\\Scripts\\python.exe", "C:\\banyan-farm\\banyan-city\\pipeline\\ltx_i2v.py", "--stage", "encode", "--jobs", "C:\\banyan-farm\\ep2-b14-w4motion-0822\\b14-jobs-encode.json"]
-- begin-encode: phys 10.9/68.1GB, commit 12.9/115.3GB (load 16%)
loading text encoder from C:\Users\artvn\.cache\huggingface\hub\models--Lightricks--gemma-3-12b-it-qat-q4_0-unquantized\snapshots\d62fe4f1995ade703b49a0f3c0d0f161237ef437

Loading weights:   0%|          | 0/1065 [00:00<?, ?it/s]
Loading weights:  29%|██▉       | 307/1065 [00:00<00:00, 2797.69it/s]
Loading weights:  55%|█████▌    | 587/1065 [00:00<00:00, 2647.85it/s]
Loading weights:  91%|█████████ | 969/1065 [00:00<00:00, 3023.86it/s]
Loading weights: 100%|██████████| 1065/1065 [00:00<00:00, 3081.43it/s]
-- encode-beat-20: phys 12.1/68.1GB, commit 39.7/115.3GB (load 17%)
[1/1] encoded beat 20 to C:\banyan-farm\ep2-b14-w4motion-0822\b14-embeds.pt (1, 1024, 188160)
{"peak_commit_gb": 42.3, "peak_phys_gb": 38.1, "last_stage": "encode-beat-20"}
==== step encode END rc=0 2026-08-21T23:12:05Z ====

==== step render START 2026-08-21T23:12:05Z ====
argv: ["C:\\banyan-video\\venv\\Scripts\\python.exe", "C:\\banyan-farm\\banyan-city\\pipeline\\ltx_i2v.py", "--stage", "render", "--jobs", "C:\\banyan-farm\\ep2-b14-w4motion-0822\\b14-jobs-render.json", "--size", "704x1280", "--frames", "105", "--fps", "24", "--guidance", "2.0", "--distilled-sigmas", "--two-stage", "--image-crf", "10", "--offload", "sequential", "--mode", "production", "--task", "ep2-b14-w4motion-0822", "--worker", "rtx5090", "--bench-jsonl", "C:\\banyan-farm\\ep2-b14-w4motion-0822\\bench-ep2-b14-w4motion-0822.jsonl", "--bench-label", "ep2-b14-w4motion-0822"]
recipe: offload=sequential quantisation=none (bf16)
-- begin-render: phys 11.3/68.1GB, commit 13.0/115.3GB (load 16%)
transformer  C:\Users\artvn\.cache\huggingface\hub\models--diffusers--LTX-2.3-Distilled-Diffusers\snapshots\432e0d3c2d1769aaa4d295f9243f7062bf6b47ee [subfolder=transformer, bf16]
scheduler    C:\Users\artvn\.cache\huggingface\hub\models--diffusers--LTX-2.3-Distilled-Diffusers\snapshots\432e0d3c2d1769aaa4d295f9243f7062bf6b47ee [subfolder=scheduler, distilled]
other parts  C:\Users\artvn\.cache\huggingface\hub\models--diffusers--LTX-2.3-Diffusers\snapshots\8eee8edcf067e838b843f926ec4d4cc9b2be1aaf
-- load-transformer-bf16-38GB: phys 11.9/68.1GB, commit 14.8/115.3GB (load 17%)

Loading checkpoint shards:   0%|          | 0/8 [00:00<?, ?it/s]
Loading checkpoint shards:  12%|█▎        | 1/8 [00:00<00:00,  9.07it/s]
Loading checkpoint shards:  25%|██▌       | 2/8 [00:00<00:00,  9.58it/s]
Loading checkpoint shards:  50%|█████     | 4/8 [00:00<00:00,  8.57it/s]
Loading checkpoint shards: 100%|██████████| 8/8 [00:00<00:00, 16.37it/s]
Loading checkpoint shards: 100%|██████████| 8/8 [00:00<00:00, 13.82it/s]
-- load-connectors-12.7GB-and-vae: phys 12.0/68.1GB, commit 53.2/115.3GB (load 17%)

Loading checkpoint shards:   0%|          | 0/2 [00:00<?, ?it/s]
Loading checkpoint shards: 100%|██████████| 2/2 [00:00<00:00, 67.17it/s]
-- offload-setup-sequential: phys 12.0/68.1GB, commit 62.7/115.3GB (load 17%)
C:\banyan-video\venv\Lib\site-packages\accelerate\utils\modeling.py:345: UserWarning: expandable_segments not supported on this platform (Triggered internally at C:\actions-runner\_work\pytorch\pytorch\pytorch\c10/cuda/CUDAAllocatorConfig.h:39.)
  new_value = old_value.to(device, non_blocking=non_blocking)
conditioning still round-tripped through libx264 crf=10 -> C:\banyan-farm\ep2-b14-w4motion-0822\cond-crf-20.png
-- stage1-denoise-352x640-8steps: phys 12.9/68.1GB, commit 63.1/115.3GB (load 18%)

  0%|          | 0/8 [00:00<?, ?it/s]
 12%|█▎        | 1/8 [01:12<08:24, 72.13s/it]
 25%|██▌       | 2/8 [01:26<03:47, 37.89s/it]
 38%|███▊      | 3/8 [01:35<02:03, 24.77s/it]
 50%|█████     | 4/8 [01:45<01:16, 19.24s/it]
 62%|██████▎   | 5/8 [01:55<00:46, 15.64s/it]
 75%|███████▌  | 6/8 [02:04<00:26, 13.43s/it]
 88%|████████▊ | 7/8 [02:13<00:12, 12.02s/it]
100%|██████████| 8/8 [02:23<00:00, 11.28s/it]
100%|██████████| 8/8 [02:23<00:00, 17.90s/it]
stage1 latents (1, 128, 14, 20, 11)
-- upsample-2x-latent: phys 56.5/68.1GB, commit 65.7/115.3GB (load 82%)
There are modules in LTX2LatentUpsamplerModel that should be kept in float32: []. Casting directly with `to()` can lead to inconsistent results; set `torch_dtype` in `from_pretrained()` instead to keep these modules in float32.
upsampled latents (1, 128, 14, 40, 22)
-- stage2-refine-704x1280-3steps: phys 59.5/68.1GB, commit 68.8/115.3GB (load 87%)

  0%|          | 0/3 [00:00<?, ?it/s]
 33%|███▎      | 1/3 [00:29<00:58, 29.32s/it]
 67%|██████▋   | 2/3 [00:59<00:30, 30.03s/it]
100%|██████████| 3/3 [01:28<00:00, 29.32s/it]
100%|██████████| 3/3 [01:28<00:00, 29.44s/it]
-- decode-and-export: phys 65.0/68.1GB, commit 72.0/115.3GB (load 95%)
[1/1] wrote C:\banyan-farm\ep2-b14-w4motion-0822\14-the-defense-LTX-ep2-b14-w4motion-0822.mp4 in 256s (105 frames, 704x1280, 8@352x640+3@704x1280 steps, peak torch 10.6GB, device 2.7/26GB)
THROUGHPUT 0.0171 s(video)/s(wall) (1 x 4.375s of video in 256s)
bench row -> C:\banyan-farm\ep2-b14-w4motion-0822\bench-ep2-b14-w4motion-0822.jsonl
{"sample_s": 256.4, "peak_gb": 10.6, "peak_commit_gb": 80.5, "frames": 105, "size": "704x1280", "steps": "8@352x640+3@704x1280", "batch": 1, "mode": "production", "throughput_s_per_s": 0.0171, "two_stage": true, "image_crf": 10, "offload": "sequential", "quantisation": null}
{"peak_commit_gb": 80.5, "peak_phys_gb": 65.3, "last_stage": "decode-and-export"}
==== step render END rc=0 2026-08-21T23:16:36Z ====

==== step publish START 2026-08-21T23:16:36Z ====
argv: ["C:\\banyan-farm\\venv\\Scripts\\python.exe", "-c", "import glob, hashlib, os, shutil\n# farm-out is NOT gitignored: the runner pushes whatever lands here itself,\n# so a clip that reaches this dir survives without any change to the runner.\ndst = \"C:/banyan-farm/courier-box/farm-out/ep2-b14-w4motion-0822\"\nos.makedirs(dst, exist_ok=True)\nsrc = sorted(glob.glob(\"C:/banyan-farm/ep2-b14-w4motion-0822/14-the-defense-LTX-ep2-b14-w4motion-0822.mp4*\")\n             + glob.glob(\"C:/banyan-farm/ep2-b14-w4motion-0822/b14-init-704x1280.png\")\n             + glob.glob(\"C:/banyan-farm/ep2-b14-w4motion-0822/bench-ep2-b14-w4motion-0822.jsonl\"))\nlines = []\nfor f in src:\n    shutil.copy2(f, dst)\n    c = os.path.join(dst, os.path.basename(f))\n    with open(c, \"rb\") as fh:\n        h = hashlib.sha256(fh.read()).hexdigest()\n    lines.append(h + \"  \" + os.path.basename(f))\nwith open(os.path.join(dst, \"ep2-b14-w4motion-0822.sha256\"), \"w\", newline=\"\\n\") as fh:\n    fh.write(\"\\n\".join(lines) + \"\\n\")\nprint(\"published\", len(src), \"file(s) + manifest ->\", dst)\n# >=2 so a run that wrote the init but no clip cannot pass silently.\nraise SystemExit(0 if len(src) >= 2 else 1)\n"]
published 4 file(s) + manifest -> C:/banyan-farm/courier-box/farm-out/ep2-b14-w4motion-0822
==== step publish END rc=0 2026-08-21T23:16:36Z ====
#### job ep2-b14-w4motion-0822-1787349806 finished rc=0 2026-08-21T23:16:36Z
