Loading pipeline components...:  29%|██▊       | 2/7 [00:00<00:01,  3.01it/s]
Loading pipeline components...:  57%|█████▋    | 4/7 [00:02<00:02,  1.43it/s]
Loading pipeline components...: 100%|██████████| 7/7 [00:02<00:00,  2.89it/s]
Loading pipeline components...: 100%|██████████| 7/7 [00:02<00:00,  2.60it/s]
C:\banyan-farm\venv\Lib\site-packages\torch\nn\modules\module.py:1370: UserWarning: expandable_segments not supported on this platform (Triggered internally at C:\actions-runner\_work\pytorch\pytorch\pytorch\c10/cuda/CUDAAllocatorConfig.h:39.)
  return t.to(
MODEL_LOADED cuda/bfloat16 in 6s

  0%|          | 0/40 [00:00<?, ?it/s]
  2%|▎         | 1/40 [00:00<00:14,  2.67it/s]
  5%|▌         | 2/40 [00:00<00:10,  3.76it/s]
  8%|▊         | 3/40 [00:00<00:08,  4.19it/s]
 10%|█         | 4/40 [00:01<00:08,  4.15it/s]
 12%|█▎        | 5/40 [00:01<00:08,  4.14it/s]
 15%|█▌        | 6/40 [00:01<00:07,  4.35it/s]
 18%|█▊        | 7/40 [00:01<00:07,  4.43it/s]
 20%|██        | 8/40 [00:01<00:07,  4.51it/s]
 22%|██▎       | 9/40 [00:02<00:07,  4.40it/s]
 25%|██▌       | 10/40 [00:02<00:06,  4.39it/s]
 28%|██▊       | 11/40 [00:02<00:06,  4.48it/s]
 30%|███       | 12/40 [00:02<00:06,  4.56it/s]
 32%|███▎      | 13/40 [00:03<00:05,  4.52it/s]
 35%|███▌      | 14/40 [00:03<00:05,  4.52it/s]
 38%|███▊      | 15/40 [00:03<00:05,  4.52it/s]
 40%|████      | 16/40 [00:03<00:05,  4.52it/s]
 42%|████▎     | 17/40 [00:03<00:05,  4.52it/s]
 45%|████▌     | 18/40 [00:04<00:04,  4.46it/s]
 48%|████▊     | 19/40 [00:04<00:04,  4.54it/s]
 50%|█████     | 20/40 [00:04<00:04,  4.47it/s]
 52%|█████▎    | 21/40 [00:04<00:04,  4.55it/s]
 55%|█████▌    | 22/40 [00:05<00:03,  4.54it/s]
 57%|█████▊    | 23/40 [00:05<00:03,  4.46it/s]
 60%|██████    | 24/40 [00:05<00:03,  4.55it/s]
 62%|██████▎   | 25/40 [00:05<00:03,  4.51it/s]
 65%|██████▌   | 26/40 [00:05<00:03,  4.52it/s]
 68%|██████▊   | 27/40 [00:06<00:02,  4.55it/s]
 70%|███████   | 28/40 [00:06<00:02,  4.46it/s]
 72%|███████▎  | 29/40 [00:06<00:02,  4.49it/s]
 75%|███████▌  | 30/40 [00:06<00:02,  4.57it/s]
 78%|███████▊  | 31/40 [00:07<00:02,  4.50it/s]
 80%|████████  | 32/40 [00:07<00:01,  4.56it/s]
 82%|████████▎ | 33/40 [00:07<00:01,  4.47it/s]
 85%|████████▌ | 34/40 [00:07<00:01,  4.56it/s]
 88%|████████▊ | 35/40 [00:07<00:01,  4.55it/s]
 90%|█████████ | 36/40 [00:08<00:00,  4.54it/s]
 92%|█████████▎| 37/40 [00:08<00:00,  4.44it/s]
 95%|█████████▌| 38/40 [00:08<00:00,  4.55it/s]
 98%|█████████▊| 39/40 [00:08<00:00,  4.54it/s]
100%|██████████| 40/40 [00:09<00:00,  4.45it/s]
100%|██████████| 40/40 [00:09<00:00,  4.44it/s]
   03-bad-cover-wave1-s0.png seed=20260722 10s  (1/4)

  0%|          | 0/40 [00:00<?, ?it/s]
  2%|▎         | 1/40 [00:00<00:07,  4.92it/s]
  5%|▌         | 2/40 [00:00<00:07,  5.01it/s]
  8%|▊         | 3/40 [00:00<00:07,  4.75it/s]
 10%|█         | 4/40 [00:00<00:07,  4.54it/s]
 12%|█▎        | 5/40 [00:01<00:07,  4.42it/s]
 15%|█▌        | 6/40 [00:01<00:07,  4.56it/s]
 18%|█▊        | 7/40 [00:01<00:07,  4.55it/s]
 20%|██        | 8/40 [00:01<00:07,  4.54it/s]
 22%|██▎       | 9/40 [00:01<00:06,  4.43it/s]
 25%|██▌       | 10/40 [00:02<00:06,  4.45it/s]
 28%|██▊       | 11/40 [00:02<00:06,  4.58it/s]
 30%|███       | 12/40 [00:02<00:06,  4.56it/s]
 32%|███▎      | 13/40 [00:02<00:06,  4.46it/s]
 35%|███▌      | 14/40 [00:03<00:05,  4.42it/s]
 38%|███▊      | 15/40 [00:03<00:05,  4.50it/s]
 40%|████      | 16/40 [00:03<00:05,  4.60it/s]
 42%|████▎     | 17/40 [00:03<00:05,  4.48it/s]
 45%|████▌     | 18/40 [00:03<00:04,  4.49it/s]
 48%|████▊     | 19/40 [00:04<00:04,  4.50it/s]
 50%|█████     | 20/40 [00:04<00:04,  4.51it/s]
 52%|█████▎    | 21/40 [00:04<00:04,  4.51it/s]
 55%|█████▌    | 22/40 [00:04<00:03,  4.51it/s]
 57%|█████▊    | 23/40 [00:05<00:03,  4.42it/s]
 60%|██████    | 24/40 [00:05<00:03,  4.54it/s]
 62%|██████▎   | 25/40 [00:05<00:03,  4.54it/s]
 65%|██████▌   | 26/40 [00:05<00:03,  4.53it/s]
 68%|██████▊   | 27/40 [00:05<00:02,  4.43it/s]
 70%|███████   | 28/40 [00:06<00:02,  4.46it/s]
 72%|███████▎  | 29/40 [00:06<00:02,  4.57it/s]
 75%|███████▌  | 30/40 [00:06<00:02,  4.46it/s]
 78%|███████▊  | 31/40 [00:06<00:02,  4.46it/s]
 80%|████████  | 32/40 [00:07<00:01,  4.49it/s]
 82%|████████▎ | 33/40 [00:07<00:01,  4.49it/s]
 85%|████████▌ | 34/40 [00:07<00:01,  4.50it/s]
 88%|████████▊ | 35/40 [00:07<00:01,  4.51it/s]
 90%|█████████ | 36/40 [00:07<00:00,  4.51it/s]
 92%|█████████▎| 37/40 [00:08<00:00,  4.51it/s]
 95%|█████████▌| 38/40 [00:08<00:00,  4.51it/s]
 98%|█████████▊| 39/40 [00:08<00:00,  4.51it/s]
100%|██████████| 40/40 [00:08<00:00,  4.51it/s]
100%|██████████| 40/40 [00:08<00:00,  4.51it/s]
   03-bad-cover-wave1-s1.png seed=20261722 9s  (2/4)

  0%|          | 0/40 [00:00<?, ?it/s]
  2%|▎         | 1/40 [00:00<00:07,  4.91it/s]
  5%|▌         | 2/40 [00:00<00:07,  4.85it/s]
  8%|▊         | 3/40 [00:00<00:07,  4.71it/s]
 10%|█         | 4/40 [00:00<00:07,  4.63it/s]
 12%|█▎        | 5/40 [00:01<00:07,  4.47it/s]
 15%|█▌        | 6/40 [00:01<00:07,  4.48it/s]
 18%|█▊        | 7/40 [00:01<00:07,  4.60it/s]
 20%|██        | 8/40 [00:01<00:07,  4.50it/s]
 22%|██▎       | 9/40 [00:01<00:07,  4.38it/s]
 25%|██▌       | 10/40 [00:02<00:06,  4.52it/s]
 28%|██▊       | 11/40 [00:02<00:06,  4.52it/s]
 30%|███       | 12/40 [00:02<00:06,  4.52it/s]
 32%|███▎      | 13/40 [00:02<00:05,  4.52it/s]
 35%|███▌      | 14/40 [00:03<00:05,  4.42it/s]
 38%|███▊      | 15/40 [00:03<00:05,  4.45it/s]
 40%|████      | 16/40 [00:03<00:05,  4.57it/s]
 42%|████▎     | 17/40 [00:03<00:05,  4.46it/s]
 45%|████▌     | 18/40 [00:03<00:04,  4.47it/s]
 48%|████▊     | 19/40 [00:04<00:04,  4.48it/s]
 50%|█████     | 20/40 [00:04<00:04,  4.49it/s]
 52%|█████▎    | 21/40 [00:04<00:04,  4.48it/s]
 55%|█████▌    | 22/40 [00:04<00:03,  4.51it/s]
 57%|█████▊    | 23/40 [00:05<00:03,  4.42it/s]
 60%|██████    | 24/40 [00:05<00:03,  4.45it/s]
 62%|██████▎   | 25/40 [00:05<00:03,  4.56it/s]
 65%|██████▌   | 26/40 [00:05<00:03,  4.45it/s]
 68%|██████▊   | 27/40 [00:05<00:02,  4.47it/s]
 70%|███████   | 28/40 [00:06<00:02,  4.48it/s]
 72%|███████▎  | 29/40 [00:06<00:02,  4.49it/s]
 75%|███████▌  | 30/40 [00:06<00:02,  4.50it/s]
 78%|███████▊  | 31/40 [00:06<00:01,  4.50it/s]
 80%|████████  | 32/40 [00:07<00:01,  4.51it/s]
 82%|████████▎ | 33/40 [00:07<00:01,  4.51it/s]
 85%|████████▌ | 34/40 [00:07<00:01,  4.51it/s]
 88%|████████▊ | 35/40 [00:07<00:01,  4.51it/s]
 90%|█████████ | 36/40 [00:08<00:00,  4.42it/s]
 92%|█████████▎| 37/40 [00:08<00:00,  4.45it/s]
 95%|█████████▌| 38/40 [00:08<00:00,  4.46it/s]
 98%|█████████▊| 39/40 [00:08<00:00,  4.48it/s]
100%|██████████| 40/40 [00:08<00:00,  4.49it/s]
100%|██████████| 40/40 [00:08<00:00,  4.50it/s]
   03-bad-cover-wave1-s2.png seed=20262722 9s  (3/4)

  0%|          | 0/40 [00:00<?, ?it/s]
  2%|▎         | 1/40 [00:00<00:07,  5.09it/s]
  5%|▌         | 2/40 [00:00<00:07,  4.96it/s]
  8%|▊         | 3/40 [00:00<00:07,  4.75it/s]
 10%|█         | 4/40 [00:00<00:07,  4.65it/s]
 12%|█▎        | 5/40 [00:01<00:08,  4.37it/s]
 15%|█▌        | 6/40 [00:01<00:07,  4.53it/s]
 18%|█▊        | 7/40 [00:01<00:07,  4.53it/s]
 20%|██        | 8/40 [00:01<00:07,  4.52it/s]
 22%|██▎       | 9/40 [00:01<00:07,  4.42it/s]
 25%|██▌       | 10/40 [00:02<00:06,  4.45it/s]
 28%|██▊       | 11/40 [00:02<00:06,  4.47it/s]
 30%|███       | 12/40 [00:02<00:06,  4.57it/s]
 32%|███▎      | 13/40 [00:02<00:06,  4.47it/s]
 35%|███▌      | 14/40 [00:03<00:05,  4.34it/s]
 38%|███▊      | 15/40 [00:03<00:05,  4.44it/s]
 40%|████      | 16/40 [00:03<00:05,  4.56it/s]
 42%|████▎     | 17/40 [00:03<00:05,  4.45it/s]
 45%|████▌     | 18/40 [00:04<00:05,  4.39it/s]
 48%|████▊     | 19/40 [00:04<00:04,  4.42it/s]
 50%|█████     | 20/40 [00:04<00:04,  4.47it/s]
 52%|█████▎    | 21/40 [00:04<00:04,  4.50it/s]
 55%|█████▌    | 22/40 [00:04<00:04,  4.46it/s]
 57%|█████▊    | 23/40 [00:05<00:03,  4.48it/s]
 60%|██████    | 24/40 [00:05<00:03,  4.49it/s]
 62%|██████▎   | 25/40 [00:05<00:03,  4.48it/s]
 65%|██████▌   | 26/40 [00:05<00:03,  4.51it/s]
 68%|██████▊   | 27/40 [00:06<00:02,  4.41it/s]
 70%|███████   | 28/40 [00:06<00:02,  4.45it/s]
 72%|███████▎  | 29/40 [00:06<00:02,  4.47it/s]
 75%|███████▌  | 30/40 [00:06<00:02,  4.48it/s]
 78%|███████▊  | 31/40 [00:06<00:02,  4.49it/s]
 80%|████████  | 32/40 [00:07<00:01,  4.50it/s]
 82%|████████▎ | 33/40 [00:07<00:01,  4.50it/s]
 85%|████████▌ | 34/40 [00:07<00:01,  4.51it/s]
 88%|████████▊ | 35/40 [00:07<00:01,  4.51it/s]
 90%|█████████ | 36/40 [00:08<00:00,  4.39it/s]
 92%|█████████▎| 37/40 [00:08<00:00,  4.45it/s]
 95%|█████████▌| 38/40 [00:08<00:00,  4.47it/s]
 98%|█████████▊| 39/40 [00:08<00:00,  4.48it/s]
100%|██████████| 40/40 [00:08<00:00,  4.49it/s]
100%|██████████| 40/40 [00:08<00:00,  4.49it/s]
   03-bad-cover-wave1-s3.png seed=20263722 9s  (4/4)

DONE 4 stills — ONE beat. The other fourteen wait on his verdict.
==== step sample END rc=0 2026-08-12T22:02:21Z ====

==== step publish START 2026-08-12T22:02:21Z ====
argv: ["C:\\banyan-farm\\venv\\Scripts\\python.exe", "-c", "import glob, hashlib, os, shutil\ndst = \"C:/banyan-farm/courier-box/farm-out/ep3-003b-b01-dialect-r4-0812\"\nos.makedirs(dst, exist_ok=True)\nsrc = sorted(glob.glob(\"C:/banyan-farm/wave-goblin-prep/out-ep3-003b-b01-r4/03-bad-cover-wave1-s*.*\"))\nlines = []\nfor f in src:\n    shutil.copy2(f, dst)\n    # Hash the COPY, not the original: what this records has to be the bytes\n    # that get committed, or the manifest attests to the wrong file.\n    c = os.path.join(dst, os.path.basename(f))\n    with open(c, \"rb\") as fh:\n        h = hashlib.sha256(fh.read()).hexdigest()\n    lines.append(h + \"  \" + os.path.basename(f))\n    print(\"   \", os.path.basename(f), h[:16])\nwith open(os.path.join(dst, \"ep3-003b-b01-dialect-r4-0812.sha256\"), \"w\", newline=\"\\n\") as fh:\n    fh.write(\"\\n\".join(lines) + \"\\n\")\nprint(\"published\", len(src), \"file(s) + manifest ->\", dst)\nraise SystemExit(0 if len(src) == 8 else 1)\n"]
    03-bad-cover-wave1-s0.png 0f9e8ec71c3f69d7
    03-bad-cover-wave1-s0.yaml 166efd47ac717c08
    03-bad-cover-wave1-s1.png 7d8ac087bc604fc6
    03-bad-cover-wave1-s1.yaml 51068cb1f3467b4e
    03-bad-cover-wave1-s2.png 3787640d19ee4f41
    03-bad-cover-wave1-s2.yaml fd0313b0e6cfb588
    03-bad-cover-wave1-s3.png 46ac927e1dd674be
    03-bad-cover-wave1-s3.yaml 470eaf0a47996288
published 8 file(s) + manifest -> C:/banyan-farm/courier-box/farm-out/ep3-003b-b01-dialect-r4-0812
==== step publish END rc=0 2026-08-12T22:02:21Z ====
#### job ep3-003b-b01-dialect-r4-0812-1786485291 finished rc=0 2026-08-12T22:02:21Z
