steps:  99%|█████████▉| 883/890 [25:21<00:12,  1.72s/it, avr_loss=0.083]
steps:  99%|█████████▉| 883/890 [25:21<00:12,  1.72s/it, avr_loss=0.0827]
steps:  99%|█████████▉| 884/890 [25:22<00:10,  1.72s/it, avr_loss=0.0827]
steps:  99%|█████████▉| 884/890 [25:22<00:10,  1.72s/it, avr_loss=0.0832]
steps:  99%|█████████▉| 885/890 [25:24<00:08,  1.72s/it, avr_loss=0.0832]
steps:  99%|█████████▉| 885/890 [25:24<00:08,  1.72s/it, avr_loss=0.083] 
steps: 100%|█████████▉| 886/890 [25:25<00:06,  1.72s/it, avr_loss=0.083]
steps: 100%|█████████▉| 886/890 [25:25<00:06,  1.72s/it, avr_loss=0.0834]
steps: 100%|█████████▉| 887/890 [25:27<00:05,  1.72s/it, avr_loss=0.0834]
steps: 100%|█████████▉| 887/890 [25:27<00:05,  1.72s/it, avr_loss=0.0829]
steps: 100%|█████████▉| 888/890 [25:28<00:03,  1.72s/it, avr_loss=0.0829]
steps: 100%|█████████▉| 888/890 [25:28<00:03,  1.72s/it, avr_loss=0.0827]
steps: 100%|█████████▉| 889/890 [25:30<00:01,  1.72s/it, avr_loss=0.0827]
steps: 100%|█████████▉| 889/890 [25:30<00:01,  1.72s/it, avr_loss=0.0827]
steps: 100%|██████████| 890/890 [25:32<00:00,  1.72s/it, avr_loss=0.0827]
steps: 100%|██████████| 890/890 [25:32<00:00,  1.72s/it, avr_loss=0.0814]
saving checkpoint: C:\banyan-farm\lora-sapling-v2c-0822\out\bnysapling-sdxl-v2c.safetensors
2026-08-22 14:05:27 INFO     model saved.                 train_network.py:1863

steps: 100%|██████████| 890/890 [25:33<00:00,  1.72s/it, avr_loss=0.0814]
==== step train END rc=0 2026-08-22T10:05:29Z ====

==== step sample START 2026-08-22T10:05:29Z ====
argv: ["C:\\banyan-farm\\venv\\Scripts\\python.exe", "C:\\banyan-farm\\lora-sapling-v2c-0822\\sample_lora.py", "--lora", "C:\\banyan-farm\\lora-sapling-v2c-0822\\out\\bnysapling-sdxl-v2c.safetensors", "--lora-weight", "0.8", "--prompt", "bnysapling, a young sapling, two leaves, 25 cm tall, medium shot, bare tilled earth field, a low stone wall behind, overcast, anime style, cel shading, detailed background, masterpiece, best quality, very aesthetic", "--negative", "1boy, 1girl, people, goblin, text, watermark, signature, photorealism, 3d render, low quality, worst quality, blurry", "--width", "832", "--height", "1216", "--steps", "40", "--guidance", "7.5", "--seed", "20260822", "--out", "C:\\banyan-farm\\lora-sapling-v2c-0822\\out\\SAMPLE-bnysapling-tilled-overcast.png"]

Loading pipeline components...:   0%|          | 0/7 [00:00<?, ?it/s]
Loading pipeline components...:  14%|█▍        | 1/7 [00:01<00:09,  1.64s/it]
Loading pipeline components...:  29%|██▊       | 2/7 [00:01<00:03,  1.27it/s]
Loading pipeline components...:  71%|███████▏  | 5/7 [00:01<00:00,  4.00it/s]
Loading pipeline components...: 100%|██████████| 7/7 [00:02<00:00,  3.93it/s]
Loading pipeline components...: 100%|██████████| 7/7 [00:02<00:00,  2.84it/s]
C:\banyan-farm\venv\Lib\site-packages\torch\nn\modules\module.py:1370: UserWarning: expandable_segments not supported on this platform (Triggered internally at C:\actions-runner\_work\pytorch\pytorch\pytorch\c10/cuda/CUDAAllocatorConfig.h:39.)
  return t.to(

  0%|          | 0/40 [00:00<?, ?it/s]
  2%|▎         | 1/40 [00:00<00:16,  2.34it/s]
  5%|▌         | 2/40 [00:00<00:11,  3.37it/s]
  8%|▊         | 3/40 [00:00<00:09,  3.88it/s]
 10%|█         | 4/40 [00:01<00:08,  4.15it/s]
 12%|█▎        | 5/40 [00:01<00:08,  4.04it/s]
 15%|█▌        | 6/40 [00:01<00:08,  4.23it/s]
 18%|█▊        | 7/40 [00:01<00:07,  4.42it/s]
 20%|██        | 8/40 [00:01<00:07,  4.41it/s]
 22%|██▎       | 9/40 [00:02<00:07,  4.37it/s]
 25%|██▌       | 10/40 [00:02<00:06,  4.31it/s]
 28%|██▊       | 11/40 [00:02<00:06,  4.46it/s]
 30%|███       | 12/40 [00:02<00:06,  4.47it/s]
 32%|███▎      | 13/40 [00:03<00:06,  4.48it/s]
 35%|███▌      | 14/40 [00:03<00:05,  4.40it/s]
 38%|███▊      | 15/40 [00:03<00:05,  4.43it/s]
 40%|████      | 16/40 [00:03<00:05,  4.46it/s]
 42%|████▎     | 17/40 [00:03<00:05,  4.47it/s]
 45%|████▌     | 18/40 [00:04<00:04,  4.48it/s]
 48%|████▊     | 19/40 [00:04<00:04,  4.39it/s]
 50%|█████     | 20/40 [00:04<00:04,  4.43it/s]
 52%|█████▎    | 21/40 [00:04<00:04,  4.55it/s]
 55%|█████▌    | 22/40 [00:05<00:04,  4.45it/s]
 57%|█████▊    | 23/40 [00:05<00:03,  4.47it/s]
 60%|██████    | 24/40 [00:05<00:03,  4.48it/s]
 62%|██████▎   | 25/40 [00:05<00:03,  4.49it/s]
 65%|██████▌   | 26/40 [00:06<00:03,  4.49it/s]
 68%|██████▊   | 27/40 [00:06<00:02,  4.41it/s]
 70%|███████   | 28/40 [00:06<00:02,  4.39it/s]
 72%|███████▎  | 29/40 [00:06<00:02,  4.48it/s]
 75%|███████▌  | 30/40 [00:06<00:02,  4.45it/s]
 78%|███████▊  | 31/40 [00:07<00:01,  4.51it/s]
 80%|████████  | 32/40 [00:07<00:01,  4.41it/s]
 82%|████████▎ | 33/40 [00:07<00:01,  4.43it/s]
 85%|████████▌ | 34/40 [00:07<00:01,  4.47it/s]
 88%|████████▊ | 35/40 [00:08<00:01,  4.48it/s]
 90%|█████████ | 36/40 [00:08<00:00,  4.49it/s]
 92%|█████████▎| 37/40 [00:08<00:00,  4.49it/s]
 95%|█████████▌| 38/40 [00:08<00:00,  4.43it/s]
 98%|█████████▊| 39/40 [00:08<00:00,  4.44it/s]
100%|██████████| 40/40 [00:09<00:00,  4.46it/s]
100%|██████████| 40/40 [00:09<00:00,  4.37it/s]
wrote C:\banyan-farm\lora-sapling-v2c-0822\out\SAMPLE-bnysapling-tilled-overcast.png
  lora=bnysapling-sdxl-v2c.safetensors weight=0.8 seed=20260822
==== step sample END rc=0 2026-08-22T10:05:48Z ====

==== step noregress-lora START 2026-08-22T10:05:48Z ====
argv: ["C:\\banyan-farm\\venv\\Scripts\\python.exe", "C:\\banyan-farm\\lora-sapling-v2c-0822\\sample_lora.py", "--lora", "C:\\banyan-farm\\lora-sapling-v2c-0822\\out\\bnysapling-sdxl-v2c.safetensors", "--lora-weight", "0.8", "--prompt", "a stone bridge over a river, forest, afternoon light, anime style, cel shading, detailed background, masterpiece, best quality, very aesthetic", "--negative", "text, watermark, signature, photorealism, 3d render, low quality, worst quality, blurry", "--width", "832", "--height", "1216", "--steps", "40", "--guidance", "7.5", "--seed", "20260822", "--out", "C:\\banyan-farm\\lora-sapling-v2c-0822\\out\\SAMPLE-noregress-A-lora.png"]

Loading pipeline components...:   0%|          | 0/7 [00:00<?, ?it/s]
Loading pipeline components...:  29%|██▊       | 2/7 [00:01<00:04,  1.18it/s]
Loading pipeline components...:  57%|█████▋    | 4/7 [00:01<00:01,  2.45it/s]
Loading pipeline components...: 100%|██████████| 7/7 [00:02<00:00,  3.43it/s]
Loading pipeline components...: 100%|██████████| 7/7 [00:02<00:00,  2.81it/s]
C:\banyan-farm\venv\Lib\site-packages\torch\nn\modules\module.py:1370: UserWarning: expandable_segments not supported on this platform (Triggered internally at C:\actions-runner\_work\pytorch\pytorch\pytorch\c10/cuda/CUDAAllocatorConfig.h:39.)
  return t.to(

  0%|          | 0/40 [00:00<?, ?it/s]
  2%|▎         | 1/40 [00:00<00:17,  2.26it/s]
  5%|▌         | 2/40 [00:00<00:11,  3.28it/s]
  8%|▊         | 3/40 [00:00<00:09,  3.84it/s]
 10%|█         | 4/40 [00:01<00:08,  4.01it/s]
 12%|█▎        | 5/40 [00:01<00:08,  4.11it/s]
 15%|█▌        | 6/40 [00:01<00:08,  4.18it/s]
 18%|█▊        | 7/40 [00:01<00:07,  4.36it/s]
 20%|██        | 8/40 [00:01<00:07,  4.43it/s]
 22%|██▎       | 9/40 [00:02<00:07,  4.36it/s]
 25%|██▌       | 10/40 [00:02<00:06,  4.38it/s]
 28%|██▊       | 11/40 [00:02<00:06,  4.41it/s]
 30%|███       | 12/40 [00:02<00:06,  4.55it/s]
 32%|███▎      | 13/40 [00:03<00:06,  4.44it/s]
 35%|███▌      | 14/40 [00:03<00:05,  4.37it/s]
 38%|███▊      | 15/40 [00:03<00:05,  4.42it/s]
 40%|████      | 16/40 [00:03<00:05,  4.48it/s]
 42%|████▎     | 17/40 [00:03<00:05,  4.56it/s]
 45%|████▌     | 18/40 [00:04<00:04,  4.45it/s]
 48%|████▊     | 19/40 [00:04<00:04,  4.47it/s]
 50%|█████     | 20/40 [00:04<00:04,  4.48it/s]
 52%|█████▎    | 21/40 [00:04<00:04,  4.49it/s]
 55%|█████▌    | 22/40 [00:05<00:04,  4.49it/s]
 57%|█████▊    | 23/40 [00:05<00:03,  4.39it/s]
 60%|██████    | 24/40 [00:05<00:03,  4.43it/s]
 62%|██████▎   | 25/40 [00:05<00:03,  4.55it/s]
 65%|██████▌   | 26/40 [00:06<00:03,  4.53it/s]
 68%|██████▊   | 27/40 [00:06<00:02,  4.42it/s]
 70%|███████   | 28/40 [00:06<00:02,  4.44it/s]
 72%|███████▎  | 29/40 [00:06<00:02,  4.46it/s]
 75%|███████▌  | 30/40 [00:06<00:02,  4.48it/s]
 78%|███████▊  | 31/40 [00:07<00:02,  4.49it/s]
 80%|████████  | 32/40 [00:07<00:01,  4.48it/s]
 82%|████████▎ | 33/40 [00:07<00:01,  4.49it/s]
 85%|████████▌ | 34/40 [00:07<00:01,  4.49it/s]
 88%|████████▊ | 35/40 [00:08<00:01,  4.46it/s]
 90%|█████████ | 36/40 [00:08<00:00,  4.40it/s]
 92%|█████████▎| 37/40 [00:08<00:00,  4.44it/s]
 95%|█████████▌| 38/40 [00:08<00:00,  4.46it/s]
 98%|█████████▊| 39/40 [00:08<00:00,  4.48it/s]
100%|██████████| 40/40 [00:09<00:00,  4.42it/s]
100%|██████████| 40/40 [00:09<00:00,  4.37it/s]
wrote C:\banyan-farm\lora-sapling-v2c-0822\out\SAMPLE-noregress-A-lora.png
  lora=bnysapling-sdxl-v2c.safetensors weight=0.8 seed=20260822
==== step noregress-lora END rc=0 2026-08-22T10:06:08Z ====

==== step noregress-base START 2026-08-22T10:06:08Z ====
argv: ["C:\\banyan-farm\\venv\\Scripts\\python.exe", "C:\\banyan-farm\\lora-sapling-v2c-0822\\sample_lora.py", "--no-lora", "--lora", "C:\\banyan-farm\\lora-sapling-v2c-0822\\out\\bnysapling-sdxl-v2c.safetensors", "--lora-weight", "0.8", "--prompt", "a stone bridge over a river, forest, afternoon light, anime style, cel shading, detailed background, masterpiece, best quality, very aesthetic", "--negative", "text, watermark, signature, photorealism, 3d render, low quality, worst quality, blurry", "--width", "832", "--height", "1216", "--steps", "40", "--guidance", "7.5", "--seed", "20260822", "--out", "C:\\banyan-farm\\lora-sapling-v2c-0822\\out\\SAMPLE-noregress-B-base.png"]

Loading pipeline components...:   0%|          | 0/7 [00:00<?, ?it/s]
Loading pipeline components...:  14%|█▍        | 1/7 [00:01<00:09,  1.60s/it]
Loading pipeline components...:  29%|██▊       | 2/7 [00:02<00:04,  1.03it/s]
Loading pipeline components...:  57%|█████▋    | 4/7 [00:02<00:01,  2.48it/s]
Loading pipeline components...: 100%|██████████| 7/7 [00:02<00:00,  4.68it/s]
Loading pipeline components...: 100%|██████████| 7/7 [00:02<00:00,  2.83it/s]
C:\banyan-farm\venv\Lib\site-packages\torch\nn\modules\module.py:1370: UserWarning: expandable_segments not supported on this platform (Triggered internally at C:\actions-runner\_work\pytorch\pytorch\pytorch\c10/cuda/CUDAAllocatorConfig.h:39.)
  return t.to(

  0%|          | 0/40 [00:00<?, ?it/s]
  2%|▎         | 1/40 [00:00<00:15,  2.48it/s]
  5%|▌         | 2/40 [00:00<00:10,  3.48it/s]
  8%|▊         | 3/40 [00:00<00:09,  3.95it/s]
 10%|█         | 4/40 [00:01<00:08,  4.10it/s]
 12%|█▎        | 5/40 [00:01<00:08,  4.09it/s]
 15%|█▌        | 6/40 [00:01<00:08,  4.23it/s]
 18%|█▊        | 7/40 [00:01<00:07,  4.40it/s]
 20%|██        | 8/40 [00:01<00:07,  4.51it/s]
 22%|██▎       | 9/40 [00:02<00:07,  4.41it/s]
 25%|██▌       | 10/40 [00:02<00:06,  4.31it/s]
 28%|██▊       | 11/40 [00:02<00:06,  4.41it/s]
 30%|███       | 12/40 [00:02<00:06,  4.49it/s]
 32%|███▎      | 13/40 [00:03<00:06,  4.45it/s]
 35%|███▌      | 14/40 [00:03<00:05,  4.39it/s]
 38%|███▊      | 15/40 [00:03<00:05,  4.43it/s]
 40%|████      | 16/40 [00:03<00:05,  4.50it/s]
 42%|████▎     | 17/40 [00:03<00:05,  4.55it/s]
 45%|████▌     | 18/40 [00:04<00:04,  4.44it/s]
 48%|████▊     | 19/40 [00:04<00:04,  4.39it/s]
 50%|█████     | 20/40 [00:04<00:04,  4.47it/s]
 52%|█████▎    | 21/40 [00:04<00:04,  4.52it/s]
 55%|█████▌    | 22/40 [00:05<00:04,  4.46it/s]
 57%|█████▊    | 23/40 [00:05<00:03,  4.44it/s]
 60%|██████    | 24/40 [00:05<00:03,  4.44it/s]
 62%|██████▎   | 25/40 [00:05<00:03,  4.49it/s]
 65%|██████▌   | 26/40 [00:05<00:03,  4.50it/s]
 68%|██████▊   | 27/40 [00:06<00:02,  4.50it/s]
 70%|███████   | 28/40 [00:06<00:02,  4.41it/s]
 72%|███████▎  | 29/40 [00:06<00:02,  4.53it/s]
 75%|███████▌  | 30/40 [00:06<00:02,  4.52it/s]
 78%|███████▊  | 31/40 [00:07<00:02,  4.43it/s]
 80%|████████  | 32/40 [00:07<00:01,  4.45it/s]
 82%|████████▎ | 33/40 [00:07<00:01,  4.47it/s]
 85%|████████▌ | 34/40 [00:07<00:01,  4.48it/s]
 88%|████████▊ | 35/40 [00:07<00:01,  4.49it/s]
 90%|█████████ | 36/40 [00:08<00:00,  4.41it/s]
 92%|█████████▎| 37/40 [00:08<00:00,  4.43it/s]
 95%|█████████▌| 38/40 [00:08<00:00,  4.47it/s]
 98%|█████████▊| 39/40 [00:08<00:00,  4.47it/s]
100%|██████████| 40/40 [00:09<00:00,  4.50it/s]
100%|██████████| 40/40 [00:09<00:00,  4.39it/s]
wrote C:\banyan-farm\lora-sapling-v2c-0822\out\SAMPLE-noregress-B-base.png
  lora=none weight=0.8 seed=20260822
==== step noregress-base END rc=0 2026-08-22T10:06:26Z ====

==== step publish START 2026-08-22T10:06:26Z ====
argv: ["C:\\banyan-farm\\venv-lora\\Scripts\\python.exe", "-c", "import glob, hashlib, os, shutil\ndst = r\"C:\\banyan-farm\\courier-box\\farm-out\\lora-sapling-v2c-0822\"\nos.makedirs(dst, exist_ok=True)\nsrc = sorted(glob.glob(r\"C:\\banyan-farm\\lora-sapling-v2c-0822\\out\\*.safetensors\")\n             + glob.glob(r\"C:\\banyan-farm\\lora-sapling-v2c-0822\\out\\SAMPLE-*.png\")\n             + glob.glob(r\"C:\\banyan-farm\\lora-sapling-v2c-0822\\out\\SAMPLE-*.meta.yaml\"))\nlines = []\nfor f in src:\n    shutil.copy2(f, dst)\n    with open(os.path.join(dst, os.path.basename(f)), \"rb\") as fh:\n        lines.append(hashlib.sha256(fh.read()).hexdigest() + \"  \" + os.path.basename(f))\nwith open(os.path.join(dst, \"lora-sapling-v2c-0822.sha256\"), \"w\", newline=\"\\n\") as fh:\n    fh.write(\"\\n\".join(lines) + \"\\n\")\nprint(\"published\", len(src), \"file(s) ->\", dst)\nraise SystemExit(0 if len(src) >= 4 else 1)\n"]
published 11 file(s) -> C:\banyan-farm\courier-box\farm-out\lora-sapling-v2c-0822
==== step publish END rc=0 2026-08-22T10:06:27Z ====
#### job lora-sapling-v2c-0822-1787391554 finished rc=0 2026-08-22T10:06:27Z
