steps:  87%|████████▋ | 550/630 [16:32<02:24,  1.81s/it, avr_loss=0.0864]
steps:  87%|████████▋ | 550/630 [16:32<02:24,  1.81s/it, avr_loss=0.0863]
steps:  87%|████████▋ | 551/630 [16:34<02:22,  1.80s/it, avr_loss=0.0863]
steps:  87%|████████▋ | 551/630 [16:34<02:22,  1.80s/it, avr_loss=0.0841]
steps:  88%|████████▊ | 552/630 [16:35<02:20,  1.80s/it, avr_loss=0.0841]
steps:  88%|████████▊ | 552/630 [16:35<02:20,  1.80s/it, avr_loss=0.083] 
steps:  88%|████████▊ | 553/630 [16:37<02:18,  1.80s/it, avr_loss=0.083]
steps:  88%|████████▊ | 553/630 [16:37<02:18,  1.80s/it, avr_loss=0.0833]
steps:  88%|████████▊ | 554/630 [16:38<02:16,  1.80s/it, avr_loss=0.0833]
steps:  88%|████████▊ | 554/630 [16:38<02:16,  1.80s/it, avr_loss=0.0826]
steps:  88%|████████▊ | 555/630 [16:39<02:15,  1.80s/it, avr_loss=0.0826]
steps:  88%|████████▊ | 555/630 [16:39<02:15,  1.80s/it, avr_loss=0.0823]
steps:  88%|████████▊ | 556/630 [16:41<02:13,  1.80s/it, avr_loss=0.0823]
steps:  88%|████████▊ | 556/630 [16:41<02:13,  1.80s/it, avr_loss=0.0837]
steps:  88%|████████▊ | 557/630 [16:42<02:11,  1.80s/it, avr_loss=0.0837]
steps:  88%|████████▊ | 557/630 [16:42<02:11,  1.80s/it, avr_loss=0.0839]
steps:  89%|████████▊ | 558/630 [16:44<02:09,  1.80s/it, avr_loss=0.0839]
steps:  89%|████████▊ | 558/630 [16:44<02:09,  1.80s/it, avr_loss=0.083] 
steps:  89%|████████▊ | 559/630 [16:45<02:07,  1.80s/it, avr_loss=0.083]
steps:  89%|████████▊ | 559/630 [16:45<02:07,  1.80s/it, avr_loss=0.0817]
steps:  89%|████████▉ | 560/630 [16:46<02:05,  1.80s/it, avr_loss=0.0817]
steps:  89%|████████▉ | 560/630 [16:46<02:05,  1.80s/it, avr_loss=0.0844]
steps:  89%|████████▉ | 561/630 [16:48<02:04,  1.80s/it, avr_loss=0.0844]
steps:  89%|████████▉ | 561/630 [16:48<02:04,  1.80s/it, avr_loss=0.0848]
steps:  89%|████████▉ | 562/630 [16:49<02:02,  1.80s/it, avr_loss=0.0848]
steps:  89%|████████▉ | 562/630 [16:49<02:02,  1.80s/it, avr_loss=0.0847]
steps:  89%|████████▉ | 563/630 [16:51<02:00,  1.80s/it, avr_loss=0.0847]
steps:  89%|████████▉ | 563/630 [16:51<02:00,  1.80s/it, avr_loss=0.0847]
steps:  90%|████████▉ | 564/630 [16:52<01:58,  1.80s/it, avr_loss=0.0847]
steps:  90%|████████▉ | 564/630 [16:52<01:58,  1.80s/it, avr_loss=0.0873]
steps:  90%|████████▉ | 565/630 [16:53<01:56,  1.79s/it, avr_loss=0.0873]
steps:  90%|████████▉ | 565/630 [16:53<01:56,  1.79s/it, avr_loss=0.0877]
steps:  90%|████████▉ | 566/630 [16:55<01:54,  1.79s/it, avr_loss=0.0877]
steps:  90%|████████▉ | 566/630 [16:55<01:54,  1.79s/it, avr_loss=0.0871]
steps:  90%|█████████ | 567/630 [16:57<01:53,  1.79s/it, avr_loss=0.0871]
steps:  90%|█████████ | 567/630 [16:57<01:53,  1.79s/it, avr_loss=0.0896]
epoch 10/10

W0822 15:21:14.678000 26444 Lib\site-packages\torch\utils\flop_counter.py:29] triton not found; flop counting will not work for triton kernels
W0822 15:21:17.613000 29436 Lib\site-packages\torch\utils\flop_counter.py:29] triton not found; flop counting will not work for triton kernels
W0822 15:21:20.547000 11756 Lib\site-packages\torch\utils\flop_counter.py:29] triton not found; flop counting will not work for triton kernels
W0822 15:21:23.482000 11040 Lib\site-packages\torch\utils\flop_counter.py:29] triton not found; flop counting will not work for triton kernels
W0822 15:21:26.419000 26960 Lib\site-packages\torch\utils\flop_counter.py:29] triton not found; flop counting will not work for triton kernels
W0822 15:21:29.355000 16812 Lib\site-packages\torch\utils\flop_counter.py:29] triton not found; flop counting will not work for triton kernels
W0822 15:21:32.289000 11128 Lib\site-packages\torch\utils\flop_counter.py:29] triton not found; flop counting will not work for triton kernels
W0822 15:21:35.210000 27916 Lib\site-packages\torch\utils\flop_counter.py:29] triton not found; flop counting will not work for triton kernels
2026-08-22 15:21:35 INFO     epoch is incremented.               dataset.py:464
                             current_epoch: 0, epoch: 10                       
2026-08-22 15:21:35 INFO     epoch is incremented.               dataset.py:464
                             current_epoch: 0, epoch: 10                       
2026-08-22 15:21:35 INFO     epoch is incremented.               dataset.py:464
                             current_epoch: 0, epoch: 10                       
2026-08-22 15:21:35 INFO     epoch is incremented.               dataset.py:464
                             current_epoch: 0, epoch: 10                       
2026-08-22 15:21:35 INFO     epoch is incremented.               dataset.py:464
                             current_epoch: 0, epoch: 10                       
2026-08-22 15:21:35 INFO     epoch is incremented.               dataset.py:464
                             current_epoch: 0, epoch: 10                       
2026-08-22 15:21:35 INFO     epoch is incremented.               dataset.py:464
                             current_epoch: 0, epoch: 10                       
2026-08-22 15:21:35 INFO     epoch is incremented.               dataset.py:464
                             current_epoch: 0, epoch: 10                       

steps:  90%|█████████ | 568/630 [17:22<01:53,  1.84s/it, avr_loss=0.0896]
steps:  90%|█████████ | 568/630 [17:22<01:53,  1.84s/it, avr_loss=0.0892]
steps:  90%|█████████ | 569/630 [17:24<01:51,  1.84s/it, avr_loss=0.0892]
steps:  90%|█████████ | 569/630 [17:24<01:51,  1.84s/it, avr_loss=0.0902]
steps:  90%|█████████ | 570/630 [17:25<01:50,  1.83s/it, avr_loss=0.0902]
steps:  90%|█████████ | 570/630 [17:25<01:50,  1.83s/it, avr_loss=0.0897]
steps:  91%|█████████ | 571/630 [17:27<01:48,  1.83s/it, avr_loss=0.0897]
steps:  91%|█████████ | 571/630 [17:27<01:48,  1.83s/it, avr_loss=0.09]  
steps:  91%|█████████ | 572/630 [17:28<01:46,  1.83s/it, avr_loss=0.09]
steps:  91%|█████████ | 572/630 [17:28<01:46,  1.83s/it, avr_loss=0.0896]
steps:  91%|█████████ | 573/630 [17:30<01:44,  1.83s/it, avr_loss=0.0896]
steps:  91%|█████████ | 573/630 [17:30<01:44,  1.83s/it, avr_loss=0.0889]
steps:  91%|█████████ | 574/630 [17:31<01:42,  1.83s/it, avr_loss=0.0889]
steps:  91%|█████████ | 574/630 [17:31<01:42,  1.83s/it, avr_loss=0.0908]
steps:  91%|█████████▏| 575/630 [17:32<01:40,  1.83s/it, avr_loss=0.0908]
steps:  91%|█████████▏| 575/630 [17:32<01:40,  1.83s/it, avr_loss=0.0892]
steps:  91%|█████████▏| 576/630 [17:34<01:38,  1.83s/it, avr_loss=0.0892]
steps:  91%|█████████▏| 576/630 [17:34<01:38,  1.83s/it, avr_loss=0.0902]
steps:  92%|█████████▏| 577/630 [17:35<01:36,  1.83s/it, avr_loss=0.0902]
steps:  92%|█████████▏| 577/630 [17:35<01:36,  1.83s/it, avr_loss=0.0875]
steps:  92%|█████████▏| 578/630 [17:37<01:35,  1.83s/it, avr_loss=0.0875]
steps:  92%|█████████▏| 578/630 [17:37<01:35,  1.83s/it, avr_loss=0.089] 
steps:  92%|█████████▏| 579/630 [17:38<01:33,  1.83s/it, avr_loss=0.089]
steps:  92%|█████████▏| 579/630 [17:38<01:33,  1.83s/it, avr_loss=0.0887]
steps:  92%|█████████▏| 580/630 [17:39<01:31,  1.83s/it, avr_loss=0.0887]
steps:  92%|█████████▏| 580/630 [17:39<01:31,  1.83s/it, avr_loss=0.0883]
steps:  92%|█████████▏| 581/630 [17:41<01:29,  1.83s/it, avr_loss=0.0883]
steps:  92%|█████████▏| 581/630 [17:41<01:29,  1.83s/it, avr_loss=0.0881]
steps:  92%|█████████▏| 582/630 [17:42<01:27,  1.83s/it, avr_loss=0.0881]
steps:  92%|█████████▏| 582/630 [17:42<01:27,  1.83s/it, avr_loss=0.0869]
steps:  93%|█████████▎| 583/630 [17:44<01:25,  1.83s/it, avr_loss=0.0869]
steps:  93%|█████████▎| 583/630 [17:44<01:25,  1.83s/it, avr_loss=0.0859]
steps:  93%|█████████▎| 584/630 [17:45<01:23,  1.82s/it, avr_loss=0.0859]
steps:  93%|█████████▎| 584/630 [17:45<01:23,  1.82s/it, avr_loss=0.0841]
steps:  93%|█████████▎| 585/630 [17:46<01:22,  1.82s/it, avr_loss=0.0841]
steps:  93%|█████████▎| 585/630 [17:46<01:22,  1.82s/it, avr_loss=0.0834]
steps:  93%|█████████▎| 586/630 [17:48<01:20,  1.82s/it, avr_loss=0.0834]
steps:  93%|█████████▎| 586/630 [17:48<01:20,  1.82s/it, avr_loss=0.083] 
steps:  93%|█████████▎| 587/630 [17:49<01:18,  1.82s/it, avr_loss=0.083]
steps:  93%|█████████▎| 587/630 [17:49<01:18,  1.82s/it, avr_loss=0.0833]
steps:  93%|█████████▎| 588/630 [17:51<01:16,  1.82s/it, avr_loss=0.0833]
steps:  93%|█████████▎| 588/630 [17:51<01:16,  1.82s/it, avr_loss=0.0819]
steps:  93%|█████████▎| 589/630 [17:52<01:14,  1.82s/it, avr_loss=0.0819]
steps:  93%|█████████▎| 589/630 [17:52<01:14,  1.82s/it, avr_loss=0.0813]
steps:  94%|█████████▎| 590/630 [17:53<01:12,  1.82s/it, avr_loss=0.0813]
steps:  94%|█████████▎| 590/630 [17:53<01:12,  1.82s/it, avr_loss=0.0828]
steps:  94%|█████████▍| 591/630 [17:55<01:10,  1.82s/it, avr_loss=0.0828]
steps:  94%|█████████▍| 591/630 [17:55<01:10,  1.82s/it, avr_loss=0.0828]
steps:  94%|█████████▍| 592/630 [17:56<01:09,  1.82s/it, avr_loss=0.0828]
steps:  94%|█████████▍| 592/630 [17:56<01:09,  1.82s/it, avr_loss=0.0846]
steps:  94%|█████████▍| 593/630 [17:58<01:07,  1.82s/it, avr_loss=0.0846]
steps:  94%|█████████▍| 593/630 [17:58<01:07,  1.82s/it, avr_loss=0.0851]
steps:  94%|█████████▍| 594/630 [17:59<01:05,  1.82s/it, avr_loss=0.0851]
steps:  94%|█████████▍| 594/630 [17:59<01:05,  1.82s/it, avr_loss=0.0843]
steps:  94%|█████████▍| 595/630 [18:00<01:03,  1.82s/it, avr_loss=0.0843]
steps:  94%|█████████▍| 595/630 [18:00<01:03,  1.82s/it, avr_loss=0.0857]
steps:  95%|█████████▍| 596/630 [18:02<01:01,  1.82s/it, avr_loss=0.0857]
steps:  95%|█████████▍| 596/630 [18:02<01:01,  1.82s/it, avr_loss=0.0836]
steps:  95%|█████████▍| 597/630 [18:03<00:59,  1.82s/it, avr_loss=0.0836]
steps:  95%|█████████▍| 597/630 [18:03<00:59,  1.82s/it, avr_loss=0.0845]
steps:  95%|█████████▍| 598/630 [18:05<00:58,  1.81s/it, avr_loss=0.0845]
steps:  95%|█████████▍| 598/630 [18:05<00:58,  1.81s/it, avr_loss=0.086] 
steps:  95%|█████████▌| 599/630 [18:06<00:56,  1.81s/it, avr_loss=0.086]
steps:  95%|█████████▌| 599/630 [18:06<00:56,  1.81s/it, avr_loss=0.0859]
steps:  95%|█████████▌| 600/630 [18:08<00:54,  1.81s/it, avr_loss=0.0859]
steps:  95%|█████████▌| 600/630 [18:08<00:54,  1.81s/it, avr_loss=0.0865]
steps:  95%|█████████▌| 601/630 [18:09<00:52,  1.81s/it, avr_loss=0.0865]
steps:  95%|█████████▌| 601/630 [18:09<00:52,  1.81s/it, avr_loss=0.0873]
steps:  96%|█████████▌| 602/630 [18:10<00:50,  1.81s/it, avr_loss=0.0873]
steps:  96%|█████████▌| 602/630 [18:10<00:50,  1.81s/it, avr_loss=0.089] 
steps:  96%|█████████▌| 603/630 [18:12<00:48,  1.81s/it, avr_loss=0.089]
steps:  96%|█████████▌| 603/630 [18:12<00:48,  1.81s/it, avr_loss=0.0888]
steps:  96%|█████████▌| 604/630 [18:13<00:47,  1.81s/it, avr_loss=0.0888]
steps:  96%|█████████▌| 604/630 [18:13<00:47,  1.81s/it, avr_loss=0.0905]
steps:  96%|█████████▌| 605/630 [18:14<00:45,  1.81s/it, avr_loss=0.0905]
steps:  96%|█████████▌| 605/630 [18:14<00:45,  1.81s/it, avr_loss=0.0911]
steps:  96%|█████████▌| 606/630 [18:16<00:43,  1.81s/it, avr_loss=0.0911]
steps:  96%|█████████▌| 606/630 [18:16<00:43,  1.81s/it, avr_loss=0.0924]
steps:  96%|█████████▋| 607/630 [18:17<00:41,  1.81s/it, avr_loss=0.0924]
steps:  96%|█████████▋| 607/630 [18:17<00:41,  1.81s/it, avr_loss=0.0907]
steps:  97%|█████████▋| 608/630 [18:19<00:39,  1.81s/it, avr_loss=0.0907]
steps:  97%|█████████▋| 608/630 [18:19<00:39,  1.81s/it, avr_loss=0.0906]
steps:  97%|█████████▋| 609/630 [18:20<00:37,  1.81s/it, avr_loss=0.0906]
steps:  97%|█████████▋| 609/630 [18:20<00:37,  1.81s/it, avr_loss=0.0924]
steps:  97%|█████████▋| 610/630 [18:21<00:36,  1.81s/it, avr_loss=0.0924]
steps:  97%|█████████▋| 610/630 [18:21<00:36,  1.81s/it, avr_loss=0.0911]
steps:  97%|█████████▋| 611/630 [18:23<00:34,  1.81s/it, avr_loss=0.0911]
steps:  97%|█████████▋| 611/630 [18:23<00:34,  1.81s/it, avr_loss=0.0882]
steps:  97%|█████████▋| 612/630 [18:24<00:32,  1.80s/it, avr_loss=0.0882]
steps:  97%|█████████▋| 612/630 [18:24<00:32,  1.80s/it, avr_loss=0.0854]
steps:  97%|█████████▋| 613/630 [18:25<00:30,  1.80s/it, avr_loss=0.0854]
steps:  97%|█████████▋| 613/630 [18:25<00:30,  1.80s/it, avr_loss=0.0832]
steps:  97%|█████████▋| 614/630 [18:27<00:28,  1.80s/it, avr_loss=0.0832]
steps:  97%|█████████▋| 614/630 [18:27<00:28,  1.80s/it, avr_loss=0.0837]
steps:  98%|█████████▊| 615/630 [18:28<00:27,  1.80s/it, avr_loss=0.0837]
steps:  98%|█████████▊| 615/630 [18:28<00:27,  1.80s/it, avr_loss=0.0853]
steps:  98%|█████████▊| 616/630 [18:30<00:25,  1.80s/it, avr_loss=0.0853]
steps:  98%|█████████▊| 616/630 [18:30<00:25,  1.80s/it, avr_loss=0.0867]
steps:  98%|█████████▊| 617/630 [18:31<00:23,  1.80s/it, avr_loss=0.0867]
steps:  98%|█████████▊| 617/630 [18:31<00:23,  1.80s/it, avr_loss=0.0887]
steps:  98%|█████████▊| 618/630 [18:32<00:21,  1.80s/it, avr_loss=0.0887]
steps:  98%|█████████▊| 618/630 [18:32<00:21,  1.80s/it, avr_loss=0.0883]
steps:  98%|█████████▊| 619/630 [18:34<00:19,  1.80s/it, avr_loss=0.0883]
steps:  98%|█████████▊| 619/630 [18:34<00:19,  1.80s/it, avr_loss=0.0884]
steps:  98%|█████████▊| 620/630 [18:35<00:17,  1.80s/it, avr_loss=0.0884]
steps:  98%|█████████▊| 620/630 [18:35<00:17,  1.80s/it, avr_loss=0.0886]
steps:  99%|█████████▊| 621/630 [18:36<00:16,  1.80s/it, avr_loss=0.0886]
steps:  99%|█████████▊| 621/630 [18:36<00:16,  1.80s/it, avr_loss=0.0905]
steps:  99%|█████████▊| 622/630 [18:38<00:14,  1.80s/it, avr_loss=0.0905]
steps:  99%|█████████▊| 622/630 [18:38<00:14,  1.80s/it, avr_loss=0.09]  
steps:  99%|█████████▉| 623/630 [18:39<00:12,  1.80s/it, avr_loss=0.09]
steps:  99%|█████████▉| 623/630 [18:39<00:12,  1.80s/it, avr_loss=0.0896]
steps:  99%|█████████▉| 624/630 [18:40<00:10,  1.80s/it, avr_loss=0.0896]
steps:  99%|█████████▉| 624/630 [18:40<00:10,  1.80s/it, avr_loss=0.0892]
steps:  99%|█████████▉| 625/630 [18:42<00:08,  1.80s/it, avr_loss=0.0892]
steps:  99%|█████████▉| 625/630 [18:42<00:08,  1.80s/it, avr_loss=0.0882]
steps:  99%|█████████▉| 626/630 [18:43<00:07,  1.80s/it, avr_loss=0.0882]
steps:  99%|█████████▉| 626/630 [18:43<00:07,  1.80s/it, avr_loss=0.0892]
steps: 100%|█████████▉| 627/630 [18:45<00:05,  1.79s/it, avr_loss=0.0892]
steps: 100%|█████████▉| 627/630 [18:45<00:05,  1.79s/it, avr_loss=0.0872]
steps: 100%|█████████▉| 628/630 [18:46<00:03,  1.79s/it, avr_loss=0.0872]
steps: 100%|█████████▉| 628/630 [18:46<00:03,  1.79s/it, avr_loss=0.0855]
steps: 100%|█████████▉| 629/630 [18:48<00:01,  1.79s/it, avr_loss=0.0855]
steps: 100%|█████████▉| 629/630 [18:48<00:01,  1.79s/it, avr_loss=0.0836]
steps: 100%|██████████| 630/630 [18:50<00:00,  1.79s/it, avr_loss=0.0836]
steps: 100%|██████████| 630/630 [18:50<00:00,  1.79s/it, avr_loss=0.0831]
saving checkpoint: C:\banyan-farm\lora-jerry-v2-0822\out\bnyjerry-sdxl-v2.safetensors
2026-08-22 15:23:06 INFO     model saved.                 train_network.py:1863

steps: 100%|██████████| 630/630 [18:51<00:00,  1.80s/it, avr_loss=0.0831]
==== step train END rc=0 2026-08-22T11:23:07Z ====

==== step sample START 2026-08-22T11:23:07Z ====
argv: ["C:\\banyan-farm\\venv\\Scripts\\python.exe", "C:\\banyan-farm\\lora-jerry-v2-0822\\sample_lora.py", "--lora", "C:\\banyan-farm\\lora-jerry-v2-0822\\out\\bnyjerry-sdxl-v2.safetensors", "--lora-weight", "0.8", "--prompt", "bnyjerry, 1boy, solo, standing, looking at viewer, upper body, a grey stone wall behind, flat overcast light, anime style, cel shading, masterpiece, best quality, very aesthetic", "--negative", "lowres, worst quality, low quality, text, watermark, photorealism, 3d render, blurry, 2boys, multiple heads", "--width", "832", "--height", "832", "--steps", "40", "--guidance", "7.5", "--seed", "20260822", "--out", "C:\\banyan-farm\\lora-jerry-v2-0822\\out\\SAMPLE-bnyjerry-wall-overcast.png"]
C:\Users\artvn\AppData\Local\Programs\Python\Python312\python.exe: can't open file 'C:\\banyan-farm\\lora-jerry-v2-0822\\sample_lora.py': [Errno 2] No such file or directory
==== step sample END rc=2 2026-08-22T11:23:07Z ====
#### job lora-jerry-v2-0822-1787396626 finished rc=2 2026-08-22T11:23:07Z
