 45%|████▌     | 18/40 [00:04<00:04,  4.49it/s]
 48%|████▊     | 19/40 [00:04<00:04,  4.40it/s]
 50%|█████     | 20/40 [00:04<00:04,  4.46it/s]
 52%|█████▎    | 21/40 [00:04<00:04,  4.54it/s]
 55%|█████▌    | 22/40 [00:05<00:04,  4.44it/s]
 57%|█████▊    | 23/40 [00:05<00:03,  4.46it/s]
 60%|██████    | 24/40 [00:05<00:03,  4.44it/s]
 62%|██████▎   | 25/40 [00:05<00:03,  4.49it/s]
 65%|██████▌   | 26/40 [00:05<00:03,  4.51it/s]
 68%|██████▊   | 27/40 [00:06<00:02,  4.44it/s]
 70%|███████   | 28/40 [00:06<00:02,  4.44it/s]
 72%|███████▎  | 29/40 [00:06<00:02,  4.48it/s]
 75%|███████▌  | 30/40 [00:06<00:02,  4.57it/s]
 78%|███████▊  | 31/40 [00:07<00:02,  4.46it/s]
 80%|████████  | 32/40 [00:07<00:01,  4.47it/s]
 82%|████████▎ | 33/40 [00:07<00:01,  4.45it/s]
 85%|████████▌ | 34/40 [00:07<00:01,  4.51it/s]
 88%|████████▊ | 35/40 [00:07<00:01,  4.47it/s]
 90%|█████████ | 36/40 [00:08<00:00,  4.44it/s]
 92%|█████████▎| 37/40 [00:08<00:00,  4.46it/s]
 95%|█████████▌| 38/40 [00:08<00:00,  4.57it/s]
 98%|█████████▊| 39/40 [00:08<00:00,  4.55it/s]
100%|██████████| 40/40 [00:09<00:00,  4.43it/s]
100%|██████████| 40/40 [00:09<00:00,  4.39it/s]
wrote C:\banyan-farm\lora-sapling-v2c-0822\grid\P5-s20260822.png
  lora=bnysapling-sdxl-v2c.safetensors weight=0.8 seed=20260822
[14/16] P5-s20260823

Loading pipeline components...:   0%|          | 0/7 [00:00<?, ?it/s]
Loading pipeline components...:  29%|██▊       | 2/7 [00:00<00:01,  3.62it/s]
Loading pipeline components...:  43%|████▎     | 3/7 [00:00<00:00,  4.76it/s]
Loading pipeline components...:  71%|███████▏  | 5/7 [00:00<00:00,  6.84it/s]
Loading pipeline components...: 100%|██████████| 7/7 [00:02<00:00,  2.32it/s]
Loading pipeline components...: 100%|██████████| 7/7 [00:02<00:00,  2.86it/s]
C:\banyan-farm\venv\Lib\site-packages\torch\nn\modules\module.py:1370: UserWarning: expandable_segments not supported on this platform (Triggered internally at C:\actions-runner\_work\pytorch\pytorch\pytorch\c10/cuda/CUDAAllocatorConfig.h:39.)
  return t.to(

  0%|          | 0/40 [00:00<?, ?it/s]
  2%|▎         | 1/40 [00:00<00:16,  2.42it/s]
  5%|▌         | 2/40 [00:00<00:11,  3.43it/s]
  8%|▊         | 3/40 [00:00<00:09,  3.91it/s]
 10%|█         | 4/40 [00:01<00:08,  4.03it/s]
 12%|█▎        | 5/40 [00:01<00:08,  4.10it/s]
 15%|█▌        | 6/40 [00:01<00:07,  4.26it/s]
 18%|█▊        | 7/40 [00:01<00:07,  4.38it/s]
 20%|██        | 8/40 [00:01<00:07,  4.44it/s]
 22%|██▎       | 9/40 [00:02<00:07,  4.41it/s]
 25%|██▌       | 10/40 [00:02<00:06,  4.34it/s]
 28%|██▊       | 11/40 [00:02<00:06,  4.49it/s]
 30%|███       | 12/40 [00:02<00:06,  4.50it/s]
 32%|███▎      | 13/40 [00:03<00:06,  4.43it/s]
 35%|███▌      | 14/40 [00:03<00:05,  4.43it/s]
 38%|███▊      | 15/40 [00:03<00:05,  4.41it/s]
 40%|████      | 16/40 [00:03<00:05,  4.49it/s]
 42%|████▎     | 17/40 [00:03<00:05,  4.49it/s]
 45%|████▌     | 18/40 [00:04<00:04,  4.50it/s]
 48%|████▊     | 19/40 [00:04<00:04,  4.40it/s]
 50%|█████     | 20/40 [00:04<00:04,  4.53it/s]
 52%|█████▎    | 21/40 [00:04<00:04,  4.52it/s]
 55%|█████▌    | 22/40 [00:05<00:04,  4.44it/s]
 57%|█████▊    | 23/40 [00:05<00:03,  4.44it/s]
 60%|██████    | 24/40 [00:05<00:03,  4.46it/s]
 62%|██████▎   | 25/40 [00:05<00:03,  4.47it/s]
 65%|██████▌   | 26/40 [00:05<00:03,  4.49it/s]
 68%|██████▊   | 27/40 [00:06<00:02,  4.43it/s]
 70%|███████   | 28/40 [00:06<00:02,  4.43it/s]
 72%|███████▎  | 29/40 [00:06<00:02,  4.48it/s]
 75%|███████▌  | 30/40 [00:06<00:02,  4.57it/s]
 78%|███████▊  | 31/40 [00:07<00:02,  4.44it/s]
 80%|████████  | 32/40 [00:07<00:01,  4.43it/s]
 82%|████████▎ | 33/40 [00:07<00:01,  4.49it/s]
 85%|████████▌ | 34/40 [00:07<00:01,  4.49it/s]
 88%|████████▊ | 35/40 [00:08<00:01,  4.49it/s]
 90%|█████████ | 36/40 [00:08<00:00,  4.42it/s]
 92%|█████████▎| 37/40 [00:08<00:00,  4.52it/s]
 95%|█████████▌| 38/40 [00:08<00:00,  4.52it/s]
 98%|█████████▊| 39/40 [00:08<00:00,  4.42it/s]
100%|██████████| 40/40 [00:09<00:00,  4.44it/s]
100%|██████████| 40/40 [00:09<00:00,  4.38it/s]
wrote C:\banyan-farm\lora-sapling-v2c-0822\grid\P5-s20260823.png
  lora=bnysapling-sdxl-v2c.safetensors weight=0.8 seed=20260823
[15/16] P5-s20260824

Loading pipeline components...:   0%|          | 0/7 [00:00<?, ?it/s]
Loading pipeline components...:  29%|██▊       | 2/7 [00:00<00:01,  3.84it/s]
Loading pipeline components...:  43%|████▎     | 3/7 [00:02<00:03,  1.18it/s]
Loading pipeline components...:  57%|█████▋    | 4/7 [00:02<00:01,  1.66it/s]
Loading pipeline components...: 100%|██████████| 7/7 [00:02<00:00,  3.94it/s]
Loading pipeline components...: 100%|██████████| 7/7 [00:02<00:00,  2.81it/s]
C:\banyan-farm\venv\Lib\site-packages\torch\nn\modules\module.py:1370: UserWarning: expandable_segments not supported on this platform (Triggered internally at C:\actions-runner\_work\pytorch\pytorch\pytorch\c10/cuda/CUDAAllocatorConfig.h:39.)
  return t.to(

  0%|          | 0/40 [00:00<?, ?it/s]
  2%|▎         | 1/40 [00:00<00:16,  2.42it/s]
  5%|▌         | 2/40 [00:00<00:11,  3.44it/s]
  8%|▊         | 3/40 [00:00<00:09,  3.86it/s]
 10%|█         | 4/40 [00:01<00:08,  4.09it/s]
 12%|█▎        | 5/40 [00:01<00:08,  4.13it/s]
 15%|█▌        | 6/40 [00:01<00:07,  4.26it/s]
 18%|█▊        | 7/40 [00:01<00:07,  4.34it/s]
 20%|██        | 8/40 [00:01<00:07,  4.50it/s]
 22%|██▎       | 9/40 [00:02<00:07,  4.40it/s]
 25%|██▌       | 10/40 [00:02<00:06,  4.35it/s]
 28%|██▊       | 11/40 [00:02<00:06,  4.40it/s]
 30%|███       | 12/40 [00:02<00:06,  4.53it/s]
 32%|███▎      | 13/40 [00:03<00:05,  4.53it/s]
 35%|███▌      | 14/40 [00:03<00:05,  4.43it/s]
 38%|███▊      | 15/40 [00:03<00:05,  4.36it/s]
 40%|████      | 16/40 [00:03<00:05,  4.50it/s]
 42%|████▎     | 17/40 [00:03<00:05,  4.51it/s]
 45%|████▌     | 18/40 [00:04<00:04,  4.42it/s]
 48%|████▊     | 19/40 [00:04<00:04,  4.45it/s]
 50%|█████     | 20/40 [00:04<00:04,  4.47it/s]
 52%|█████▎    | 21/40 [00:04<00:04,  4.48it/s]
 55%|█████▌    | 22/40 [00:05<00:04,  4.49it/s]
 57%|█████▊    | 23/40 [00:05<00:03,  4.41it/s]
 60%|██████    | 24/40 [00:05<00:03,  4.44it/s]
 62%|██████▎   | 25/40 [00:05<00:03,  4.56it/s]
 65%|██████▌   | 26/40 [00:05<00:03,  4.55it/s]
 68%|██████▊   | 27/40 [00:06<00:02,  4.44it/s]
 70%|███████   | 28/40 [00:06<00:02,  4.47it/s]
 72%|███████▎  | 29/40 [00:06<00:02,  4.48it/s]
 75%|███████▌  | 30/40 [00:06<00:02,  4.50it/s]
 78%|███████▊  | 31/40 [00:07<00:01,  4.50it/s]
 80%|████████  | 32/40 [00:07<00:01,  4.41it/s]
 82%|████████▎ | 33/40 [00:07<00:01,  4.44it/s]
 85%|████████▌ | 34/40 [00:07<00:01,  4.56it/s]
 88%|████████▊ | 35/40 [00:07<00:01,  4.46it/s]
 90%|█████████ | 36/40 [00:08<00:00,  4.47it/s]
 92%|█████████▎| 37/40 [00:08<00:00,  4.48it/s]
 95%|█████████▌| 38/40 [00:08<00:00,  4.50it/s]
 98%|█████████▊| 39/40 [00:08<00:00,  4.50it/s]
100%|██████████| 40/40 [00:09<00:00,  4.51it/s]
100%|██████████| 40/40 [00:09<00:00,  4.39it/s]
wrote C:\banyan-farm\lora-sapling-v2c-0822\grid\P5-s20260824.png
  lora=bnysapling-sdxl-v2c.safetensors weight=0.8 seed=20260824
[16/16] PROBE-fourleaf-s20260822

Loading pipeline components...:   0%|          | 0/7 [00:00<?, ?it/s]
Loading pipeline components...:  14%|█▍        | 1/7 [00:00<00:03,  1.98it/s]
Loading pipeline components...:  43%|████▎     | 3/7 [00:02<00:03,  1.30it/s]
Loading pipeline components...:  71%|███████▏  | 5/7 [00:02<00:00,  2.45it/s]
Loading pipeline components...: 100%|██████████| 7/7 [00:02<00:00,  3.67it/s]
Loading pipeline components...: 100%|██████████| 7/7 [00:02<00:00,  2.76it/s]
C:\banyan-farm\venv\Lib\site-packages\torch\nn\modules\module.py:1370: UserWarning: expandable_segments not supported on this platform (Triggered internally at C:\actions-runner\_work\pytorch\pytorch\pytorch\c10/cuda/CUDAAllocatorConfig.h:39.)
  return t.to(

  0%|          | 0/40 [00:00<?, ?it/s]
  2%|▎         | 1/40 [00:00<00:17,  2.25it/s]
  5%|▌         | 2/40 [00:00<00:11,  3.29it/s]
  8%|▊         | 3/40 [00:00<00:09,  3.75it/s]
 10%|█         | 4/40 [00:01<00:08,  4.02it/s]
 12%|█▎        | 5/40 [00:01<00:08,  4.09it/s]
 15%|█▌        | 6/40 [00:01<00:08,  4.13it/s]
 18%|█▊        | 7/40 [00:01<00:07,  4.33it/s]
 20%|██        | 8/40 [00:01<00:07,  4.43it/s]
 22%|██▎       | 9/40 [00:02<00:06,  4.43it/s]
 25%|██▌       | 10/40 [00:02<00:06,  4.31it/s]
 28%|██▊       | 11/40 [00:02<00:06,  4.42it/s]
 30%|███       | 12/40 [00:02<00:06,  4.49it/s]
 32%|███▎      | 13/40 [00:03<00:05,  4.55it/s]
 35%|███▌      | 14/40 [00:03<00:05,  4.44it/s]
 38%|███▊      | 15/40 [00:03<00:05,  4.46it/s]
 40%|████      | 16/40 [00:03<00:05,  4.48it/s]
 42%|████▎     | 17/40 [00:04<00:05,  4.49it/s]
 45%|████▌     | 18/40 [00:04<00:04,  4.40it/s]
 48%|████▊     | 19/40 [00:04<00:04,  4.43it/s]
 50%|█████     | 20/40 [00:04<00:04,  4.46it/s]
 52%|█████▎    | 21/40 [00:04<00:04,  4.57it/s]
 55%|█████▌    | 22/40 [00:05<00:04,  4.46it/s]
 57%|█████▊    | 23/40 [00:05<00:03,  4.47it/s]
 60%|██████    | 24/40 [00:05<00:03,  4.48it/s]
 62%|██████▎   | 25/40 [00:05<00:03,  4.49it/s]
 65%|██████▌   | 26/40 [00:06<00:03,  4.49it/s]
 68%|██████▊   | 27/40 [00:06<00:02,  4.40it/s]
 70%|███████   | 28/40 [00:06<00:02,  4.43it/s]
 72%|███████▎  | 29/40 [00:06<00:02,  4.45it/s]
 75%|███████▌  | 30/40 [00:06<00:02,  4.56it/s]
 78%|███████▊  | 31/40 [00:07<00:01,  4.53it/s]
 80%|████████  | 32/40 [00:07<00:01,  4.43it/s]
 82%|████████▎ | 33/40 [00:07<00:01,  4.45it/s]
 85%|████████▌ | 34/40 [00:07<00:01,  4.47it/s]
 88%|████████▊ | 35/40 [00:08<00:01,  4.48it/s]
 90%|█████████ | 36/40 [00:08<00:00,  4.48it/s]
 92%|█████████▎| 37/40 [00:08<00:00,  4.49it/s]
 95%|█████████▌| 38/40 [00:08<00:00,  4.49it/s]
 98%|█████████▊| 39/40 [00:08<00:00,  4.47it/s]
100%|██████████| 40/40 [00:09<00:00,  4.50it/s]
100%|██████████| 40/40 [00:09<00:00,  4.37it/s]
wrote C:\banyan-farm\lora-sapling-v2c-0822\grid\PROBE-fourleaf-s20260822.png
  lora=bnysapling-sdxl-v2c.safetensors weight=0.8 seed=20260822

16 of 16 cells drawn -> C:\banyan-farm\lora-sapling-v2c-0822\grid
==== step grid END rc=0 2026-08-22T10:32:18Z ====

==== step publish START 2026-08-22T10:32:18Z ====
argv: ["C:\\banyan-farm\\venv-lora\\Scripts\\python.exe", "-c", "import glob, hashlib, os, shutil\ndst = r\"C:\\banyan-farm\\courier-box\\farm-out\\lora-sapling-v2c-bars-0822\"\nos.makedirs(dst, exist_ok=True)\nsrc = sorted(glob.glob(r\"C:\\banyan-farm\\lora-sapling-v2c-0822\\grid\\*.png\")\n             + glob.glob(r\"C:\\banyan-farm\\lora-sapling-v2c-0822\\grid\\*.meta.yaml\"))\nlines = []\nfor f in src:\n    shutil.copy2(f, dst)\n    with open(os.path.join(dst, os.path.basename(f)), \"rb\") as fh:\n        lines.append(hashlib.sha256(fh.read()).hexdigest() + \"  \" + os.path.basename(f))\nwith open(os.path.join(dst, \"lora-sapling-v2c-bars-0822.sha256\"), \"w\", newline=\"\\n\") as fh:\n    fh.write(\"\\n\".join(lines) + \"\\n\")\nprint(\"published\", len(src), \"file(s) ->\", dst)\nraise SystemExit(0 if len(src) >= 32 else 1)\n"]
published 32 file(s) -> C:\banyan-farm\courier-box\farm-out\lora-sapling-v2c-bars-0822
==== step publish END rc=0 2026-08-22T10:32:18Z ====
#### job lora-sapling-v2c-bars-0822-1787394312 finished rc=0 2026-08-22T10:32:18Z
