==== step b2r3-stride-base END rc=0 2026-08-22T12:23:51Z ====

==== step b2r3-crouch-w08 START 2026-08-22T12:23:51Z ====
argv: ["C:\\banyan-farm\\venv\\Scripts\\python.exe", "C:\\banyan-farm\\lora-jerry-v2-b2r3-0822\\controlnet_plate.py", "--task", "b2r3-crouch-w08", "--arm", "hint", "--controlnet", "C:\\banyan-farm\\cnet-openpose-twins", "--control", "C:\\banyan-farm\\lora-jerry-v2-b2r3-0822\\jerry-canon-h37fcrouch-0821.png", "--scale", "1.0", "--prompt-file", "C:\\banyan-farm\\lora-jerry-v2-b2r3-0822\\b2-prompt.txt", "--negative-file", "C:\\banyan-farm\\lora-jerry-v2-b2r3-0822\\negative.txt", "--width", "832", "--height", "1216", "--seed", "20260822", "--out", "C:\\banyan-farm\\lora-jerry-v2-b2r3-0822\\out", "--lora", "C:\\banyan-farm\\lora-jerry-v2-0822\\out\\bnyjerry-sdxl-v2.safetensors", "--lora-weight", "0.8"]
  prompt tokens: 26 (limit 77)
  negative tokens: 30 (limit 77)
C:\banyan-farm\venv\Lib\site-packages\diffusers\models\vq_model.py:20: FutureWarning: `VQEncoderOutput` is deprecated and will be removed in version 0.31. Importing `VQEncoderOutput` from `diffusers.models.vq_model` is deprecated and this will be removed in a future version. Please use `from diffusers.models.autoencoders.vq_model import VQEncoderOutput`, instead.
  deprecate("VQEncoderOutput", "0.31", deprecation_message)
C:\banyan-farm\venv\Lib\site-packages\diffusers\models\vq_model.py:25: FutureWarning: `VQModel` is deprecated and will be removed in version 0.31. Importing `VQModel` from `diffusers.models.vq_model` is deprecated and this will be removed in a future version. Please use `from diffusers.models.autoencoders.vq_model import VQModel`, instead.
  deprecate("VQModel", "0.31", deprecation_message)

Loading pipeline components...:   0%|          | 0/7 [00:00<?, ?it/s]
Loading pipeline components...:  14%|█▍        | 1/7 [00:00<00:03,  1.92it/s]
Loading pipeline components...:  57%|█████▋    | 4/7 [00:02<00:01,  1.79it/s]
Loading pipeline components...:  71%|███████▏  | 5/7 [00:02<00:00,  2.19it/s]
Loading pipeline components...: 100%|██████████| 7/7 [00:02<00:00,  3.57it/s]
Loading pipeline components...: 100%|██████████| 7/7 [00:02<00:00,  2.76it/s]
C:\banyan-farm\venv\Lib\site-packages\torch\nn\modules\module.py:1370: UserWarning: expandable_segments not supported on this platform (Triggered internally at C:\actions-runner\_work\pytorch\pytorch\pytorch\c10/cuda/CUDAAllocatorConfig.h:39.)
  return t.to(
  LoRA bnyjerry-sdxl-v2.safetensors fused at weight 0.80, sha 4340857d02f17dbf

  0%|          | 0/40 [00:00<?, ?it/s]
  2%|▎         | 1/40 [00:00<00:20,  1.88it/s]
  5%|▌         | 2/40 [00:00<00:12,  2.96it/s]
  8%|▊         | 3/40 [00:01<00:12,  3.01it/s]
 10%|█         | 4/40 [00:01<00:12,  2.96it/s]
 12%|█▎        | 5/40 [00:01<00:11,  3.09it/s]
 15%|█▌        | 6/40 [00:02<00:11,  3.08it/s]
 18%|█▊        | 7/40 [00:02<00:11,  2.99it/s]
 20%|██        | 8/40 [00:02<00:10,  3.09it/s]
 22%|██▎       | 9/40 [00:03<00:10,  3.07it/s]
 25%|██▌       | 10/40 [00:03<00:09,  3.00it/s]
 28%|██▊       | 11/40 [00:03<00:09,  3.07it/s]
 30%|███       | 12/40 [00:03<00:09,  3.10it/s]
 32%|███▎      | 13/40 [00:04<00:08,  3.05it/s]
 35%|███▌      | 14/40 [00:04<00:08,  3.08it/s]
 38%|███▊      | 15/40 [00:04<00:08,  3.09it/s]
 40%|████      | 16/40 [00:05<00:07,  3.04it/s]
 42%|████▎     | 17/40 [00:05<00:07,  3.07it/s]
 45%|████▌     | 18/40 [00:05<00:07,  3.10it/s]
 48%|████▊     | 19/40 [00:06<00:06,  3.07it/s]
 50%|█████     | 20/40 [00:06<00:06,  3.09it/s]
 52%|█████▎    | 21/40 [00:06<00:06,  3.07it/s]
 55%|█████▌    | 22/40 [00:07<00:05,  3.05it/s]
 57%|█████▊    | 23/40 [00:07<00:05,  3.08it/s]
 60%|██████    | 24/40 [00:07<00:05,  3.06it/s]
 62%|██████▎   | 25/40 [00:08<00:04,  3.09it/s]
 65%|██████▌   | 26/40 [00:08<00:04,  3.01it/s]
 68%|██████▊   | 27/40 [00:08<00:04,  3.10it/s]
 70%|███████   | 28/40 [00:09<00:03,  3.03it/s]
 72%|███████▎  | 29/40 [00:09<00:03,  3.07it/s]
 75%|███████▌  | 30/40 [00:09<00:03,  3.10it/s]
 78%|███████▊  | 31/40 [00:10<00:02,  3.02it/s]
 80%|████████  | 32/40 [00:10<00:02,  3.10it/s]
 82%|████████▎ | 33/40 [00:10<00:02,  3.03it/s]
 85%|████████▌ | 34/40 [00:11<00:01,  3.07it/s]
 88%|████████▊ | 35/40 [00:11<00:01,  3.10it/s]
 90%|█████████ | 36/40 [00:11<00:01,  3.07it/s]
 92%|█████████▎| 37/40 [00:12<00:00,  3.05it/s]
 95%|█████████▌| 38/40 [00:12<00:00,  3.06it/s]
 98%|█████████▊| 39/40 [00:12<00:00,  3.07it/s]
100%|██████████| 40/40 [00:13<00:00,  3.05it/s]
100%|██████████| 40/40 [00:13<00:00,  3.05it/s]
OK b2r3-crouch-w08-hint.png load=8.2s render=13.7s
rc=0
==== step b2r3-crouch-w08 END rc=0 2026-08-22T12:24:18Z ====

==== step b2r3-sit-w08 START 2026-08-22T12:24:18Z ====
argv: ["C:\\banyan-farm\\venv\\Scripts\\python.exe", "C:\\banyan-farm\\lora-jerry-v2-b2r3-0822\\controlnet_plate.py", "--task", "b2r3-sit-w08", "--arm", "hint", "--controlnet", "C:\\banyan-farm\\cnet-openpose-twins", "--control", "C:\\banyan-farm\\lora-jerry-v2-b2r3-0822\\jerry-canon-h37fsit-0821.png", "--scale", "1.0", "--prompt-file", "C:\\banyan-farm\\lora-jerry-v2-b2r3-0822\\b2-prompt.txt", "--negative-file", "C:\\banyan-farm\\lora-jerry-v2-b2r3-0822\\negative.txt", "--width", "832", "--height", "1216", "--seed", "20260822", "--out", "C:\\banyan-farm\\lora-jerry-v2-b2r3-0822\\out", "--lora", "C:\\banyan-farm\\lora-jerry-v2-0822\\out\\bnyjerry-sdxl-v2.safetensors", "--lora-weight", "0.8"]
  prompt tokens: 26 (limit 77)
  negative tokens: 30 (limit 77)
C:\banyan-farm\venv\Lib\site-packages\diffusers\models\vq_model.py:20: FutureWarning: `VQEncoderOutput` is deprecated and will be removed in version 0.31. Importing `VQEncoderOutput` from `diffusers.models.vq_model` is deprecated and this will be removed in a future version. Please use `from diffusers.models.autoencoders.vq_model import VQEncoderOutput`, instead.
  deprecate("VQEncoderOutput", "0.31", deprecation_message)
C:\banyan-farm\venv\Lib\site-packages\diffusers\models\vq_model.py:25: FutureWarning: `VQModel` is deprecated and will be removed in version 0.31. Importing `VQModel` from `diffusers.models.vq_model` is deprecated and this will be removed in a future version. Please use `from diffusers.models.autoencoders.vq_model import VQModel`, instead.
  deprecate("VQModel", "0.31", deprecation_message)

Loading pipeline components...:   0%|          | 0/7 [00:00<?, ?it/s]
Loading pipeline components...:  43%|████▎     | 3/7 [00:01<00:02,  1.81it/s]
Loading pipeline components...:  86%|████████▌ | 6/7 [00:02<00:00,  2.90it/s]
Loading pipeline components...: 100%|██████████| 7/7 [00:02<00:00,  3.19it/s]
Loading pipeline components...: 100%|██████████| 7/7 [00:02<00:00,  2.85it/s]
C:\banyan-farm\venv\Lib\site-packages\torch\nn\modules\module.py:1370: UserWarning: expandable_segments not supported on this platform (Triggered internally at C:\actions-runner\_work\pytorch\pytorch\pytorch\c10/cuda/CUDAAllocatorConfig.h:39.)
  return t.to(
  LoRA bnyjerry-sdxl-v2.safetensors fused at weight 0.80, sha 4340857d02f17dbf

  0%|          | 0/40 [00:00<?, ?it/s]
  2%|▎         | 1/40 [00:00<00:19,  2.05it/s]
  5%|▌         | 2/40 [00:00<00:12,  3.11it/s]
  8%|▊         | 3/40 [00:01<00:11,  3.17it/s]
 10%|█         | 4/40 [00:01<00:12,  2.99it/s]
 12%|█▎        | 5/40 [00:01<00:11,  3.10it/s]
 15%|█▌        | 6/40 [00:01<00:10,  3.12it/s]
 18%|█▊        | 7/40 [00:02<00:11,  2.99it/s]
 20%|██        | 8/40 [00:02<00:10,  3.07it/s]
 22%|██▎       | 9/40 [00:02<00:09,  3.11it/s]
 25%|██▌       | 10/40 [00:03<00:10,  3.00it/s]
 28%|██▊       | 11/40 [00:03<00:09,  3.07it/s]
 30%|███       | 12/40 [00:03<00:09,  3.09it/s]
 32%|███▎      | 13/40 [00:04<00:08,  3.05it/s]
 35%|███▌      | 14/40 [00:04<00:08,  3.08it/s]
 38%|███▊      | 15/40 [00:04<00:08,  3.10it/s]
 40%|████      | 16/40 [00:05<00:07,  3.07it/s]
 42%|████▎     | 17/40 [00:05<00:07,  3.06it/s]
 45%|████▌     | 18/40 [00:05<00:07,  3.09it/s]
 48%|████▊     | 19/40 [00:06<00:06,  3.06it/s]
 50%|█████     | 20/40 [00:06<00:06,  3.04it/s]
 52%|█████▎    | 21/40 [00:06<00:06,  3.08it/s]
 55%|█████▌    | 22/40 [00:07<00:05,  3.10it/s]
 57%|█████▊    | 23/40 [00:07<00:05,  3.07it/s]
 60%|██████    | 24/40 [00:07<00:05,  3.10it/s]
 62%|██████▎   | 25/40 [00:08<00:04,  3.07it/s]
 65%|██████▌   | 26/40 [00:08<00:04,  3.05it/s]
 68%|██████▊   | 27/40 [00:08<00:04,  3.05it/s]
 70%|███████   | 28/40 [00:09<00:03,  3.02it/s]
 72%|███████▎  | 29/40 [00:09<00:03,  3.06it/s]
 75%|███████▌  | 30/40 [00:09<00:03,  3.09it/s]
 78%|███████▊  | 31/40 [00:10<00:02,  3.02it/s]
 80%|████████  | 32/40 [00:10<00:02,  3.06it/s]
 82%|████████▎ | 33/40 [00:10<00:02,  3.04it/s]
 85%|████████▌ | 34/40 [00:11<00:01,  3.08it/s]
 88%|████████▊ | 35/40 [00:11<00:01,  3.10it/s]
 90%|█████████ | 36/40 [00:11<00:01,  3.07it/s]
 92%|█████████▎| 37/40 [00:12<00:00,  3.06it/s]
 95%|█████████▌| 38/40 [00:12<00:00,  3.07it/s]
 98%|█████████▊| 39/40 [00:12<00:00,  3.07it/s]
100%|██████████| 40/40 [00:13<00:00,  3.10it/s]
100%|██████████| 40/40 [00:13<00:00,  3.06it/s]
OK b2r3-sit-w08-hint.png load=8.0s render=13.7s
rc=0
==== step b2r3-sit-w08 END rc=0 2026-08-22T12:24:44Z ====

==== step b2r3-stride-w08 START 2026-08-22T12:24:44Z ====
argv: ["C:\\banyan-farm\\venv\\Scripts\\python.exe", "C:\\banyan-farm\\lora-jerry-v2-b2r3-0822\\controlnet_plate.py", "--task", "b2r3-stride-w08", "--arm", "hint", "--controlnet", "C:\\banyan-farm\\cnet-openpose-twins", "--control", "C:\\banyan-farm\\lora-jerry-v2-b2r3-0822\\jerry-canon-h37fstride-0821.png", "--scale", "1.0", "--prompt-file", "C:\\banyan-farm\\lora-jerry-v2-b2r3-0822\\b2-prompt.txt", "--negative-file", "C:\\banyan-farm\\lora-jerry-v2-b2r3-0822\\negative.txt", "--width", "832", "--height", "1216", "--seed", "20260822", "--out", "C:\\banyan-farm\\lora-jerry-v2-b2r3-0822\\out", "--lora", "C:\\banyan-farm\\lora-jerry-v2-0822\\out\\bnyjerry-sdxl-v2.safetensors", "--lora-weight", "0.8"]
  prompt tokens: 26 (limit 77)
  negative tokens: 30 (limit 77)
C:\banyan-farm\venv\Lib\site-packages\diffusers\models\vq_model.py:20: FutureWarning: `VQEncoderOutput` is deprecated and will be removed in version 0.31. Importing `VQEncoderOutput` from `diffusers.models.vq_model` is deprecated and this will be removed in a future version. Please use `from diffusers.models.autoencoders.vq_model import VQEncoderOutput`, instead.
  deprecate("VQEncoderOutput", "0.31", deprecation_message)
C:\banyan-farm\venv\Lib\site-packages\diffusers\models\vq_model.py:25: FutureWarning: `VQModel` is deprecated and will be removed in version 0.31. Importing `VQModel` from `diffusers.models.vq_model` is deprecated and this will be removed in a future version. Please use `from diffusers.models.autoencoders.vq_model import VQModel`, instead.
  deprecate("VQModel", "0.31", deprecation_message)

Loading pipeline components...:   0%|          | 0/7 [00:00<?, ?it/s]
Loading pipeline components...:  29%|██▊       | 2/7 [00:00<00:00, 13.26it/s]
Loading pipeline components...:  57%|█████▋    | 4/7 [00:01<00:01,  1.80it/s]
Loading pipeline components...:  86%|████████▌ | 6/7 [00:02<00:00,  2.35it/s]
Loading pipeline components...: 100%|██████████| 7/7 [00:02<00:00,  2.81it/s]
C:\banyan-farm\venv\Lib\site-packages\torch\nn\modules\module.py:1370: UserWarning: expandable_segments not supported on this platform (Triggered internally at C:\actions-runner\_work\pytorch\pytorch\pytorch\c10/cuda/CUDAAllocatorConfig.h:39.)
  return t.to(
  LoRA bnyjerry-sdxl-v2.safetensors fused at weight 0.80, sha 4340857d02f17dbf

  0%|          | 0/40 [00:00<?, ?it/s]
  2%|▎         | 1/40 [00:00<00:18,  2.07it/s]
  5%|▌         | 2/40 [00:00<00:11,  3.25it/s]
  8%|▊         | 3/40 [00:00<00:11,  3.14it/s]
 10%|█         | 4/40 [00:01<00:12,  2.97it/s]
 12%|█▎        | 5/40 [00:01<00:11,  3.09it/s]
 15%|█▌        | 6/40 [00:01<00:10,  3.11it/s]
 18%|█▊        | 7/40 [00:02<00:11,  2.98it/s]
 20%|██        | 8/40 [00:02<00:10,  3.08it/s]
 22%|██▎       | 9/40 [00:02<00:10,  3.06it/s]
 25%|██▌       | 10/40 [00:03<00:09,  3.04it/s]
 28%|██▊       | 11/40 [00:03<00:09,  3.08it/s]
 30%|███       | 12/40 [00:03<00:09,  3.10it/s]
 32%|███▎      | 13/40 [00:04<00:08,  3.02it/s]
 35%|███▌      | 14/40 [00:04<00:08,  3.08it/s]
 38%|███▊      | 15/40 [00:04<00:08,  3.08it/s]
 40%|████      | 16/40 [00:05<00:07,  3.02it/s]
 42%|████▎     | 17/40 [00:05<00:07,  3.06it/s]
 45%|████▌     | 18/40 [00:05<00:07,  3.09it/s]
 48%|████▊     | 19/40 [00:06<00:06,  3.04it/s]
 50%|█████     | 20/40 [00:06<00:06,  3.08it/s]
 52%|█████▎    | 21/40 [00:06<00:06,  3.08it/s]
 55%|█████▌    | 22/40 [00:07<00:05,  3.06it/s]
 57%|█████▊    | 23/40 [00:07<00:05,  3.07it/s]
 60%|██████    | 24/40 [00:07<00:05,  3.08it/s]
 62%|██████▎   | 25/40 [00:08<00:04,  3.05it/s]
 65%|██████▌   | 26/40 [00:08<00:04,  3.08it/s]
 68%|██████▊   | 27/40 [00:08<00:04,  3.09it/s]
 70%|███████   | 28/40 [00:09<00:03,  3.03it/s]
 72%|███████▎  | 29/40 [00:09<00:03,  3.07it/s]
 75%|███████▌  | 30/40 [00:09<00:03,  3.05it/s]
 78%|███████▊  | 31/40 [00:10<00:02,  3.08it/s]
 80%|████████  | 32/40 [00:10<00:02,  3.10it/s]
 82%|████████▎ | 33/40 [00:10<00:02,  3.07it/s]
 85%|████████▌ | 34/40 [00:11<00:01,  3.10it/s]
 88%|████████▊ | 35/40 [00:11<00:01,  3.07it/s]
 90%|█████████ | 36/40 [00:11<00:01,  3.07it/s]
 92%|█████████▎| 37/40 [00:12<00:00,  3.03it/s]
 95%|█████████▌| 38/40 [00:12<00:00,  3.07it/s]
 98%|█████████▊| 39/40 [00:12<00:00,  3.05it/s]
100%|██████████| 40/40 [00:13<00:00,  3.04it/s]
100%|██████████| 40/40 [00:13<00:00,  3.05it/s]
OK b2r3-stride-w08-hint.png load=8.2s render=13.6s
rc=0
==== step b2r3-stride-w08 END rc=0 2026-08-22T12:25:09Z ====

==== step publish START 2026-08-22T12:25:09Z ====
argv: ["C:\\banyan-farm\\venv\\Scripts\\python.exe", "-c", "\nimport hashlib, glob, os, shutil\nOUT = \"C:/banyan-farm/lora-jerry-v2-b2r3-0822/out\"\nDST = \"C:/banyan-farm/courier-box/farm-out/lora-jerry-v2-b2r3-0822\"\nos.makedirs(DST, exist_ok=True)\nn = 0\nfound = sorted(glob.glob(OUT + \"/*.png\")) + sorted(glob.glob(OUT + \"/*.png.meta.yaml\"))\nfor p in found:\n    if os.path.isfile(p):\n        shutil.copyfile(p, os.path.join(DST, os.path.basename(p)))\n        n += 1\nwith open(os.path.join(DST, \"lora-jerry-v2-b2r3-0822.sha256\"), \"w\", encoding=\"utf-8\") as fh:\n    for name in sorted(os.listdir(DST)):\n        q = os.path.join(DST, name)\n        if os.path.isfile(q) and not name.endswith(\".sha256\"):\n            fh.write(\"%s  %s\" % (hashlib.sha256(open(q, \"rb\").read()).hexdigest(), name) + chr(10))\nprint(\"published\", n, \"file(s) ->\", DST, flush=True)\nif n == 0:\n    raise SystemExit(\"NOTHING TO PUBLISH\")\n"]
published 12 file(s) -> C:/banyan-farm/courier-box/farm-out/lora-jerry-v2-b2r3-0822
==== step publish END rc=0 2026-08-22T12:25:09Z ====
#### job lora-jerry-v2-b2r3-0822-1787401348 finished rc=0 2026-08-22T12:25:09Z
