Loading pipeline components...:  71%|███████▏  | 5/7 [00:00<00:00, 18.44it/s]
Loading pipeline components...: 100%|██████████| 7/7 [00:02<00:00,  2.34it/s]
Loading pipeline components...: 100%|██████████| 7/7 [00:02<00:00,  2.94it/s]
C:\banyan-farm\venv\Lib\site-packages\torch\nn\modules\module.py:1370: UserWarning: expandable_segments not supported on this platform (Triggered internally at C:\actions-runner\_work\pytorch\pytorch\pytorch\c10/cuda/CUDAAllocatorConfig.h:39.)
  return t.to(
MODEL_LOADED cagliostrolab/animagine-xl-3.1 cuda/bfloat16 unet.in_channels=4 in 6s
LORA bnyjerry-sdxl-v3.safetensors fused at weight 0.80, sha d2062ac060a4ac44
WROTE C:\banyan-farm\lora-jerry-v3-ladder-0822\out\b1-beach-s2.png
WROTE C:\banyan-farm\lora-jerry-v3-ladder-0822\out\b1-beach-s2-mask.png
WROTE C:\banyan-farm\lora-jerry-v3-ladder-0822\out\b1-beach-s2.png.meta.yaml
rc=0 render_s=9.9
==== step b1-beach-s2 END rc=0 2026-08-22T16:00:53Z ====

==== step b1-beach-s3 START 2026-08-22T16:00:53Z ====
argv: ["C:\\banyan-farm\\venv\\Scripts\\python.exe", "C:\\banyan-farm\\lora-jerry-v3-ladder-0822\\inpaint_fruit.py", "--init", "C:\\banyan-farm\\lora-jerry-v3-ladder-0822\\jerry-poseproof-init-0822.png", "--init-sha256", "79c80689a43452f8fc11d22c2da86aee1c0a073d2255ddf1cb1d3cdc446f5f7f", "--mask-png", "C:\\banyan-farm\\lora-jerry-v3-ladder-0822\\jerry-poseproof-maskall-0822.png", "--strength", "1.0", "--pad-crop", "0", "--blur", "0", "--prompt-file", "C:\\banyan-farm\\lora-jerry-v3-ladder-0822\\prompt-b1-beach.txt", "--negative-file", "C:\\banyan-farm\\lora-jerry-v3-ladder-0822\\negative.txt", "--steps", "40", "--cfg", "7.5", "--seed", "20261006", "--out", "C:\\banyan-farm\\lora-jerry-v3-ladder-0822\\out\\b1-beach-s3.png", "--lora", "C:\\banyan-farm\\lora-jerry-v3-0822\\out\\bnyjerry-sdxl-v3.safetensors", "--lora-weight", "0.8", "--lora-sha256", "d2062ac060a4ac44e217815464de143897550f078294eb59b3f303cc5f8a0cdd", "--note", "B1 IDENTITY ON A FRESH SETTING: a sunset beach, warm backlight, upper body framing, seed 20261006, LoRA bnyjerry-sdxl-v3.safetensors at 0.8, NO skeleton. Fresh means a setting, a light and a framing no admitted frame carries -- the dataset's only grounds are `a hazy meadow` and `tall grass`. This is v2's bar re-run unchanged, as a no-regression bar on the axis v2 already passes: all three added frames share ONE torso byte-for-byte, so if identity fell, it fell here."]

Loading pipeline components...:   0%|          | 0/7 [00:00<?, ?it/s]
Loading pipeline components...:  57%|█████▋    | 4/7 [00:00<00:00,  7.22it/s]
Loading pipeline components...:  86%|████████▌ | 6/7 [00:02<00:00,  2.37it/s]
Loading pipeline components...: 100%|██████████| 7/7 [00:02<00:00,  2.70it/s]
Loading pipeline components...: 100%|██████████| 7/7 [00:02<00:00,  2.93it/s]
C:\banyan-farm\venv\Lib\site-packages\torch\nn\modules\module.py:1370: UserWarning: expandable_segments not supported on this platform (Triggered internally at C:\actions-runner\_work\pytorch\pytorch\pytorch\c10/cuda/CUDAAllocatorConfig.h:39.)
  return t.to(
MODEL_LOADED cagliostrolab/animagine-xl-3.1 cuda/bfloat16 unet.in_channels=4 in 6s
LORA bnyjerry-sdxl-v3.safetensors fused at weight 0.80, sha d2062ac060a4ac44
WROTE C:\banyan-farm\lora-jerry-v3-ladder-0822\out\b1-beach-s3.png
WROTE C:\banyan-farm\lora-jerry-v3-ladder-0822\out\b1-beach-s3-mask.png
WROTE C:\banyan-farm\lora-jerry-v3-ladder-0822\out\b1-beach-s3.png.meta.yaml
rc=0 render_s=9.9
==== step b1-beach-s3 END rc=0 2026-08-22T16:01:13Z ====

==== step b1-indoor-s1 START 2026-08-22T16:01:13Z ====
argv: ["C:\\banyan-farm\\venv\\Scripts\\python.exe", "C:\\banyan-farm\\lora-jerry-v3-ladder-0822\\inpaint_fruit.py", "--init", "C:\\banyan-farm\\lora-jerry-v3-ladder-0822\\jerry-poseproof-init-0822.png", "--init-sha256", "79c80689a43452f8fc11d22c2da86aee1c0a073d2255ddf1cb1d3cdc446f5f7f", "--mask-png", "C:\\banyan-farm\\lora-jerry-v3-ladder-0822\\jerry-poseproof-maskall-0822.png", "--strength", "1.0", "--pad-crop", "0", "--blur", "0", "--prompt-file", "C:\\banyan-farm\\lora-jerry-v3-ladder-0822\\prompt-b1-indoor.txt", "--negative-file", "C:\\banyan-farm\\lora-jerry-v3-ladder-0822\\negative.txt", "--steps", "40", "--cfg", "7.5", "--seed", "20260822", "--out", "C:\\banyan-farm\\lora-jerry-v3-ladder-0822\\out\\b1-indoor-s1.png", "--lora", "C:\\banyan-farm\\lora-jerry-v3-0822\\out\\bnyjerry-sdxl-v3.safetensors", "--lora-weight", "0.8", "--lora-sha256", "d2062ac060a4ac44e217815464de143897550f078294eb59b3f303cc5f8a0cdd", "--note", "B1 IDENTITY ON A FRESH SETTING: a dim wooden interior, single lamp light, upper body framing, seed 20260822, LoRA bnyjerry-sdxl-v3.safetensors at 0.8, NO skeleton. Fresh means a setting, a light and a framing no admitted frame carries -- the dataset's only grounds are `a hazy meadow` and `tall grass`. This is v2's bar re-run unchanged, as a no-regression bar on the axis v2 already passes: all three added frames share ONE torso byte-for-byte, so if identity fell, it fell here."]

Loading pipeline components...:   0%|          | 0/7 [00:00<?, ?it/s]
Loading pipeline components...:  14%|█▍        | 1/7 [00:00<00:00,  6.10it/s]
Loading pipeline components...:  43%|████▎     | 3/7 [00:00<00:00,  4.29it/s]
Loading pipeline components...:  86%|████████▌ | 6/7 [00:00<00:00,  8.53it/s]
Loading pipeline components...: 100%|██████████| 7/7 [00:02<00:00,  2.93it/s]
C:\banyan-farm\venv\Lib\site-packages\torch\nn\modules\module.py:1370: UserWarning: expandable_segments not supported on this platform (Triggered internally at C:\actions-runner\_work\pytorch\pytorch\pytorch\c10/cuda/CUDAAllocatorConfig.h:39.)
  return t.to(
MODEL_LOADED cagliostrolab/animagine-xl-3.1 cuda/bfloat16 unet.in_channels=4 in 5s
LORA bnyjerry-sdxl-v3.safetensors fused at weight 0.80, sha d2062ac060a4ac44
WROTE C:\banyan-farm\lora-jerry-v3-ladder-0822\out\b1-indoor-s1.png
WROTE C:\banyan-farm\lora-jerry-v3-ladder-0822\out\b1-indoor-s1-mask.png
WROTE C:\banyan-farm\lora-jerry-v3-ladder-0822\out\b1-indoor-s1.png.meta.yaml
rc=0 render_s=9.8
==== step b1-indoor-s1 END rc=0 2026-08-22T16:01:33Z ====

==== step b1-indoor-s2 START 2026-08-22T16:01:33Z ====
argv: ["C:\\banyan-farm\\venv\\Scripts\\python.exe", "C:\\banyan-farm\\lora-jerry-v3-ladder-0822\\inpaint_fruit.py", "--init", "C:\\banyan-farm\\lora-jerry-v3-ladder-0822\\jerry-poseproof-init-0822.png", "--init-sha256", "79c80689a43452f8fc11d22c2da86aee1c0a073d2255ddf1cb1d3cdc446f5f7f", "--mask-png", "C:\\banyan-farm\\lora-jerry-v3-ladder-0822\\jerry-poseproof-maskall-0822.png", "--strength", "1.0", "--pad-crop", "0", "--blur", "0", "--prompt-file", "C:\\banyan-farm\\lora-jerry-v3-ladder-0822\\prompt-b1-indoor.txt", "--negative-file", "C:\\banyan-farm\\lora-jerry-v3-ladder-0822\\negative.txt", "--steps", "40", "--cfg", "7.5", "--seed", "20260901", "--out", "C:\\banyan-farm\\lora-jerry-v3-ladder-0822\\out\\b1-indoor-s2.png", "--lora", "C:\\banyan-farm\\lora-jerry-v3-0822\\out\\bnyjerry-sdxl-v3.safetensors", "--lora-weight", "0.8", "--lora-sha256", "d2062ac060a4ac44e217815464de143897550f078294eb59b3f303cc5f8a0cdd", "--note", "B1 IDENTITY ON A FRESH SETTING: a dim wooden interior, single lamp light, upper body framing, seed 20260901, LoRA bnyjerry-sdxl-v3.safetensors at 0.8, NO skeleton. Fresh means a setting, a light and a framing no admitted frame carries -- the dataset's only grounds are `a hazy meadow` and `tall grass`. This is v2's bar re-run unchanged, as a no-regression bar on the axis v2 already passes: all three added frames share ONE torso byte-for-byte, so if identity fell, it fell here."]

Loading pipeline components...:   0%|          | 0/7 [00:00<?, ?it/s]
Loading pipeline components...:  29%|██▊       | 2/7 [00:01<00:04,  1.21it/s]
Loading pipeline components...:  57%|█████▋    | 4/7 [00:02<00:01,  2.02it/s]
Loading pipeline components...:  71%|███████▏  | 5/7 [00:02<00:00,  2.64it/s]
Loading pipeline components...:  86%|████████▌ | 6/7 [00:02<00:00,  3.14it/s]
Loading pipeline components...: 100%|██████████| 7/7 [00:02<00:00,  2.80it/s]
C:\banyan-farm\venv\Lib\site-packages\torch\nn\modules\module.py:1370: UserWarning: expandable_segments not supported on this platform (Triggered internally at C:\actions-runner\_work\pytorch\pytorch\pytorch\c10/cuda/CUDAAllocatorConfig.h:39.)
  return t.to(
MODEL_LOADED cagliostrolab/animagine-xl-3.1 cuda/bfloat16 unet.in_channels=4 in 6s
LORA bnyjerry-sdxl-v3.safetensors fused at weight 0.80, sha d2062ac060a4ac44
WROTE C:\banyan-farm\lora-jerry-v3-ladder-0822\out\b1-indoor-s2.png
WROTE C:\banyan-farm\lora-jerry-v3-ladder-0822\out\b1-indoor-s2-mask.png
WROTE C:\banyan-farm\lora-jerry-v3-ladder-0822\out\b1-indoor-s2.png.meta.yaml
rc=0 render_s=9.8
==== step b1-indoor-s2 END rc=0 2026-08-22T16:01:53Z ====

==== step b1-indoor-s3 START 2026-08-22T16:01:53Z ====
argv: ["C:\\banyan-farm\\venv\\Scripts\\python.exe", "C:\\banyan-farm\\lora-jerry-v3-ladder-0822\\inpaint_fruit.py", "--init", "C:\\banyan-farm\\lora-jerry-v3-ladder-0822\\jerry-poseproof-init-0822.png", "--init-sha256", "79c80689a43452f8fc11d22c2da86aee1c0a073d2255ddf1cb1d3cdc446f5f7f", "--mask-png", "C:\\banyan-farm\\lora-jerry-v3-ladder-0822\\jerry-poseproof-maskall-0822.png", "--strength", "1.0", "--pad-crop", "0", "--blur", "0", "--prompt-file", "C:\\banyan-farm\\lora-jerry-v3-ladder-0822\\prompt-b1-indoor.txt", "--negative-file", "C:\\banyan-farm\\lora-jerry-v3-ladder-0822\\negative.txt", "--steps", "40", "--cfg", "7.5", "--seed", "20261006", "--out", "C:\\banyan-farm\\lora-jerry-v3-ladder-0822\\out\\b1-indoor-s3.png", "--lora", "C:\\banyan-farm\\lora-jerry-v3-0822\\out\\bnyjerry-sdxl-v3.safetensors", "--lora-weight", "0.8", "--lora-sha256", "d2062ac060a4ac44e217815464de143897550f078294eb59b3f303cc5f8a0cdd", "--note", "B1 IDENTITY ON A FRESH SETTING: a dim wooden interior, single lamp light, upper body framing, seed 20261006, LoRA bnyjerry-sdxl-v3.safetensors at 0.8, NO skeleton. Fresh means a setting, a light and a framing no admitted frame carries -- the dataset's only grounds are `a hazy meadow` and `tall grass`. This is v2's bar re-run unchanged, as a no-regression bar on the axis v2 already passes: all three added frames share ONE torso byte-for-byte, so if identity fell, it fell here."]

Loading pipeline components...:   0%|          | 0/7 [00:00<?, ?it/s]
Loading pipeline components...:  14%|█▍        | 1/7 [00:00<00:00,  6.58it/s]
Loading pipeline components...:  29%|██▊       | 2/7 [00:01<00:04,  1.05it/s]
Loading pipeline components...:  57%|█████▋    | 4/7 [00:02<00:01,  1.93it/s]
Loading pipeline components...:  86%|████████▌ | 6/7 [00:02<00:00,  3.30it/s]
Loading pipeline components...: 100%|██████████| 7/7 [00:02<00:00,  3.02it/s]
C:\banyan-farm\venv\Lib\site-packages\torch\nn\modules\module.py:1370: UserWarning: expandable_segments not supported on this platform (Triggered internally at C:\actions-runner\_work\pytorch\pytorch\pytorch\c10/cuda/CUDAAllocatorConfig.h:39.)
  return t.to(
MODEL_LOADED cagliostrolab/animagine-xl-3.1 cuda/bfloat16 unet.in_channels=4 in 5s
LORA bnyjerry-sdxl-v3.safetensors fused at weight 0.80, sha d2062ac060a4ac44
WROTE C:\banyan-farm\lora-jerry-v3-ladder-0822\out\b1-indoor-s3.png
WROTE C:\banyan-farm\lora-jerry-v3-ladder-0822\out\b1-indoor-s3-mask.png
WROTE C:\banyan-farm\lora-jerry-v3-ladder-0822\out\b1-indoor-s3.png.meta.yaml
rc=0 render_s=9.8
==== step b1-indoor-s3 END rc=0 2026-08-22T16:02:13Z ====

==== step b1-desert-s1 START 2026-08-22T16:02:13Z ====
argv: ["C:\\banyan-farm\\venv\\Scripts\\python.exe", "C:\\banyan-farm\\lora-jerry-v3-ladder-0822\\inpaint_fruit.py", "--init", "C:\\banyan-farm\\lora-jerry-v3-ladder-0822\\jerry-poseproof-init-0822.png", "--init-sha256", "79c80689a43452f8fc11d22c2da86aee1c0a073d2255ddf1cb1d3cdc446f5f7f", "--mask-png", "C:\\banyan-farm\\lora-jerry-v3-ladder-0822\\jerry-poseproof-maskall-0822.png", "--strength", "1.0", "--pad-crop", "0", "--blur", "0", "--prompt-file", "C:\\banyan-farm\\lora-jerry-v3-ladder-0822\\prompt-b1-desert.txt", "--negative-file", "C:\\banyan-farm\\lora-jerry-v3-ladder-0822\\negative.txt", "--steps", "40", "--cfg", "7.5", "--seed", "20260822", "--out", "C:\\banyan-farm\\lora-jerry-v3-ladder-0822\\out\\b1-desert-s1.png", "--lora", "C:\\banyan-farm\\lora-jerry-v3-0822\\out\\bnyjerry-sdxl-v3.safetensors", "--lora-weight", "0.8", "--lora-sha256", "d2062ac060a4ac44e217815464de143897550f078294eb59b3f303cc5f8a0cdd", "--note", "B1 IDENTITY ON A FRESH SETTING: a cracked desert flat, harsh noon light, upper body framing, seed 20260822, LoRA bnyjerry-sdxl-v3.safetensors at 0.8, NO skeleton. Fresh means a setting, a light and a framing no admitted frame carries -- the dataset's only grounds are `a hazy meadow` and `tall grass`. This is v2's bar re-run unchanged, as a no-regression bar on the axis v2 already passes: all three added frames share ONE torso byte-for-byte, so if identity fell, it fell here."]

Loading pipeline components...:   0%|          | 0/7 [00:00<?, ?it/s]
Loading pipeline components...:  14%|█▍        | 1/7 [00:00<00:02,  2.04it/s]
Loading pipeline components...:  43%|████▎     | 3/7 [00:00<00:00,  6.07it/s]
Loading pipeline components...:  86%|████████▌ | 6/7 [00:00<00:00,  8.70it/s]
Loading pipeline components...: 100%|██████████| 7/7 [00:02<00:00,  2.88it/s]
C:\banyan-farm\venv\Lib\site-packages\torch\nn\modules\module.py:1370: UserWarning: expandable_segments not supported on this platform (Triggered internally at C:\actions-runner\_work\pytorch\pytorch\pytorch\c10/cuda/CUDAAllocatorConfig.h:39.)
  return t.to(
MODEL_LOADED cagliostrolab/animagine-xl-3.1 cuda/bfloat16 unet.in_channels=4 in 5s
LORA bnyjerry-sdxl-v3.safetensors fused at weight 0.80, sha d2062ac060a4ac44
WROTE C:\banyan-farm\lora-jerry-v3-ladder-0822\out\b1-desert-s1.png
WROTE C:\banyan-farm\lora-jerry-v3-ladder-0822\out\b1-desert-s1-mask.png
WROTE C:\banyan-farm\lora-jerry-v3-ladder-0822\out\b1-desert-s1.png.meta.yaml
rc=0 render_s=9.9
==== step b1-desert-s1 END rc=0 2026-08-22T16:02:33Z ====

==== step b1-desert-s2 START 2026-08-22T16:02:33Z ====
argv: ["C:\\banyan-farm\\venv\\Scripts\\python.exe", "C:\\banyan-farm\\lora-jerry-v3-ladder-0822\\inpaint_fruit.py", "--init", "C:\\banyan-farm\\lora-jerry-v3-ladder-0822\\jerry-poseproof-init-0822.png", "--init-sha256", "79c80689a43452f8fc11d22c2da86aee1c0a073d2255ddf1cb1d3cdc446f5f7f", "--mask-png", "C:\\banyan-farm\\lora-jerry-v3-ladder-0822\\jerry-poseproof-maskall-0822.png", "--strength", "1.0", "--pad-crop", "0", "--blur", "0", "--prompt-file", "C:\\banyan-farm\\lora-jerry-v3-ladder-0822\\prompt-b1-desert.txt", "--negative-file", "C:\\banyan-farm\\lora-jerry-v3-ladder-0822\\negative.txt", "--steps", "40", "--cfg", "7.5", "--seed", "20260901", "--out", "C:\\banyan-farm\\lora-jerry-v3-ladder-0822\\out\\b1-desert-s2.png", "--lora", "C:\\banyan-farm\\lora-jerry-v3-0822\\out\\bnyjerry-sdxl-v3.safetensors", "--lora-weight", "0.8", "--lora-sha256", "d2062ac060a4ac44e217815464de143897550f078294eb59b3f303cc5f8a0cdd", "--note", "B1 IDENTITY ON A FRESH SETTING: a cracked desert flat, harsh noon light, upper body framing, seed 20260901, LoRA bnyjerry-sdxl-v3.safetensors at 0.8, NO skeleton. Fresh means a setting, a light and a framing no admitted frame carries -- the dataset's only grounds are `a hazy meadow` and `tall grass`. This is v2's bar re-run unchanged, as a no-regression bar on the axis v2 already passes: all three added frames share ONE torso byte-for-byte, so if identity fell, it fell here."]

Loading pipeline components...:   0%|          | 0/7 [00:00<?, ?it/s]
Loading pipeline components...:  14%|█▍        | 1/7 [00:00<00:00,  6.21it/s]
Loading pipeline components...:  71%|███████▏  | 5/7 [00:01<00:00,  2.66it/s]
Loading pipeline components...: 100%|██████████| 7/7 [00:02<00:00,  2.91it/s]
Loading pipeline components...: 100%|██████████| 7/7 [00:02<00:00,  2.92it/s]
C:\banyan-farm\venv\Lib\site-packages\torch\nn\modules\module.py:1370: UserWarning: expandable_segments not supported on this platform (Triggered internally at C:\actions-runner\_work\pytorch\pytorch\pytorch\c10/cuda/CUDAAllocatorConfig.h:39.)
  return t.to(
MODEL_LOADED cagliostrolab/animagine-xl-3.1 cuda/bfloat16 unet.in_channels=4 in 6s
LORA bnyjerry-sdxl-v3.safetensors fused at weight 0.80, sha d2062ac060a4ac44
WROTE C:\banyan-farm\lora-jerry-v3-ladder-0822\out\b1-desert-s2.png
WROTE C:\banyan-farm\lora-jerry-v3-ladder-0822\out\b1-desert-s2-mask.png
WROTE C:\banyan-farm\lora-jerry-v3-ladder-0822\out\b1-desert-s2.png.meta.yaml
rc=0 render_s=9.9
==== step b1-desert-s2 END rc=0 2026-08-22T16:02:53Z ====

==== step b1-desert-s3 START 2026-08-22T16:02:53Z ====
argv: ["C:\\banyan-farm\\venv\\Scripts\\python.exe", "C:\\banyan-farm\\lora-jerry-v3-ladder-0822\\inpaint_fruit.py", "--init", "C:\\banyan-farm\\lora-jerry-v3-ladder-0822\\jerry-poseproof-init-0822.png", "--init-sha256", "79c80689a43452f8fc11d22c2da86aee1c0a073d2255ddf1cb1d3cdc446f5f7f", "--mask-png", "C:\\banyan-farm\\lora-jerry-v3-ladder-0822\\jerry-poseproof-maskall-0822.png", "--strength", "1.0", "--pad-crop", "0", "--blur", "0", "--prompt-file", "C:\\banyan-farm\\lora-jerry-v3-ladder-0822\\prompt-b1-desert.txt", "--negative-file", "C:\\banyan-farm\\lora-jerry-v3-ladder-0822\\negative.txt", "--steps", "40", "--cfg", "7.5", "--seed", "20261006", "--out", "C:\\banyan-farm\\lora-jerry-v3-ladder-0822\\out\\b1-desert-s3.png", "--lora", "C:\\banyan-farm\\lora-jerry-v3-0822\\out\\bnyjerry-sdxl-v3.safetensors", "--lora-weight", "0.8", "--lora-sha256", "d2062ac060a4ac44e217815464de143897550f078294eb59b3f303cc5f8a0cdd", "--note", "B1 IDENTITY ON A FRESH SETTING: a cracked desert flat, harsh noon light, upper body framing, seed 20261006, LoRA bnyjerry-sdxl-v3.safetensors at 0.8, NO skeleton. Fresh means a setting, a light and a framing no admitted frame carries -- the dataset's only grounds are `a hazy meadow` and `tall grass`. This is v2's bar re-run unchanged, as a no-regression bar on the axis v2 already passes: all three added frames share ONE torso byte-for-byte, so if identity fell, it fell here."]

Loading pipeline components...:   0%|          | 0/7 [00:00<?, ?it/s]
Loading pipeline components...:  14%|█▍        | 1/7 [00:00<00:01,  5.96it/s]
Loading pipeline components...:  71%|███████▏  | 5/7 [00:00<00:00, 17.97it/s]
Loading pipeline components...: 100%|██████████| 7/7 [00:02<00:00,  2.33it/s]
Loading pipeline components...: 100%|██████████| 7/7 [00:02<00:00,  2.92it/s]
C:\banyan-farm\venv\Lib\site-packages\torch\nn\modules\module.py:1370: UserWarning: expandable_segments not supported on this platform (Triggered internally at C:\actions-runner\_work\pytorch\pytorch\pytorch\c10/cuda/CUDAAllocatorConfig.h:39.)
  return t.to(
MODEL_LOADED cagliostrolab/animagine-xl-3.1 cuda/bfloat16 unet.in_channels=4 in 5s
LORA bnyjerry-sdxl-v3.safetensors fused at weight 0.80, sha d2062ac060a4ac44
WROTE C:\banyan-farm\lora-jerry-v3-ladder-0822\out\b1-desert-s3.png
WROTE C:\banyan-farm\lora-jerry-v3-ladder-0822\out\b1-desert-s3-mask.png
WROTE C:\banyan-farm\lora-jerry-v3-ladder-0822\out\b1-desert-s3.png.meta.yaml
rc=0 render_s=9.9
==== step b1-desert-s3 END rc=0 2026-08-22T16:03:13Z ====

==== step b3-noLoRA START 2026-08-22T16:03:13Z ====
argv: ["C:\\banyan-farm\\venv\\Scripts\\python.exe", "C:\\banyan-farm\\lora-jerry-v3-ladder-0822\\inpaint_fruit.py", "--init", "C:\\banyan-farm\\lora-jerry-v3-ladder-0822\\jerry-poseproof-init-0822.png", "--init-sha256", "79c80689a43452f8fc11d22c2da86aee1c0a073d2255ddf1cb1d3cdc446f5f7f", "--mask-png", "C:\\banyan-farm\\lora-jerry-v3-ladder-0822\\jerry-poseproof-maskall-0822.png", "--strength", "1.0", "--pad-crop", "0", "--blur", "0", "--prompt-file", "C:\\banyan-farm\\lora-jerry-v3-ladder-0822\\prompt-b3.txt", "--negative-file", "C:\\banyan-farm\\lora-jerry-v3-ladder-0822\\negative.txt", "--steps", "40", "--cfg", "7.5", "--seed", "20260822", "--out", "C:\\banyan-farm\\lora-jerry-v3-ladder-0822\\out\\b3-noLoRA.png", "--note", "B3 CONTROL: the identical prompt and seed with NO LoRA LOADED. This is the twin every B3 cell is read against, so it renders first -- a half-finished job with the control in it is still a comparison."]

Loading pipeline components...:   0%|          | 0/7 [00:00<?, ?it/s]
Loading pipeline components...:  29%|██▊       | 2/7 [00:00<00:01,  3.84it/s]
Loading pipeline components...:  43%|████▎     | 3/7 [00:00<00:00,  4.48it/s]
Loading pipeline components...:  86%|████████▌ | 6/7 [00:00<00:00,  9.57it/s]
Loading pipeline components...: 100%|██████████| 7/7 [00:02<00:00,  2.98it/s]
C:\banyan-farm\venv\Lib\site-packages\torch\nn\modules\module.py:1370: UserWarning: expandable_segments not supported on this platform (Triggered internally at C:\actions-runner\_work\pytorch\pytorch\pytorch\c10/cuda/CUDAAllocatorConfig.h:39.)
  return t.to(
MODEL_LOADED cagliostrolab/animagine-xl-3.1 cuda/bfloat16 unet.in_channels=4 in 5s
WROTE C:\banyan-farm\lora-jerry-v3-ladder-0822\out\b3-noLoRA.png
WROTE C:\banyan-farm\lora-jerry-v3-ladder-0822\out\b3-noLoRA-mask.png
WROTE C:\banyan-farm\lora-jerry-v3-ladder-0822\out\b3-noLoRA.png.meta.yaml
rc=0 render_s=10.0
==== step b3-noLoRA END rc=0 2026-08-22T16:03:32Z ====

==== step b3-w08 START 2026-08-22T16:03:32Z ====
argv: ["C:\\banyan-farm\\venv\\Scripts\\python.exe", "C:\\banyan-farm\\lora-jerry-v3-ladder-0822\\inpaint_fruit.py", "--init", "C:\\banyan-farm\\lora-jerry-v3-ladder-0822\\jerry-poseproof-init-0822.png", "--init-sha256", "79c80689a43452f8fc11d22c2da86aee1c0a073d2255ddf1cb1d3cdc446f5f7f", "--mask-png", "C:\\banyan-farm\\lora-jerry-v3-ladder-0822\\jerry-poseproof-maskall-0822.png", "--strength", "1.0", "--pad-crop", "0", "--blur", "0", "--prompt-file", "C:\\banyan-farm\\lora-jerry-v3-ladder-0822\\prompt-b3.txt", "--negative-file", "C:\\banyan-farm\\lora-jerry-v3-ladder-0822\\negative.txt", "--steps", "40", "--cfg", "7.5", "--seed", "20260822", "--out", "C:\\banyan-farm\\lora-jerry-v3-ladder-0822\\out\\b3-w08.png", "--lora", "C:\\banyan-farm\\lora-jerry-v3-0822\\out\\bnyjerry-sdxl-v3.safetensors", "--lora-weight", "0.8", "--lora-sha256", "d2062ac060a4ac44e217815464de143897550f078294eb59b3f303cc5f8a0cdd", "--note", "B3 NO REGRESSION at weight 0.8. The prompt carries NO TRIGGER and NO GOBLIN. BAR: no goblin intrudes and the frame is not visibly recoloured, reframed or restyled against b3-noLoRA. Measured at two weights because the sapling lane failed this bar on three datasets and two caption schemes and concluded it reads on the WEIGHT rather than on the set."]

Loading pipeline components...:   0%|          | 0/7 [00:00<?, ?it/s]
Loading pipeline components...:  43%|████▎     | 3/7 [00:01<00:02,  1.66it/s]
Loading pipeline components...:  71%|███████▏  | 5/7 [00:02<00:00,  2.28it/s]
Loading pipeline components...:  86%|████████▌ | 6/7 [00:02<00:00,  2.65it/s]
Loading pipeline components...: 100%|██████████| 7/7 [00:02<00:00,  2.67it/s]
C:\banyan-farm\venv\Lib\site-packages\torch\nn\modules\module.py:1370: UserWarning: expandable_segments not supported on this platform (Triggered internally at C:\actions-runner\_work\pytorch\pytorch\pytorch\c10/cuda/CUDAAllocatorConfig.h:39.)
  return t.to(
MODEL_LOADED cagliostrolab/animagine-xl-3.1 cuda/bfloat16 unet.in_channels=4 in 6s
LORA bnyjerry-sdxl-v3.safetensors fused at weight 0.80, sha d2062ac060a4ac44
WROTE C:\banyan-farm\lora-jerry-v3-ladder-0822\out\b3-w08.png
WROTE C:\banyan-farm\lora-jerry-v3-ladder-0822\out\b3-w08-mask.png
WROTE C:\banyan-farm\lora-jerry-v3-ladder-0822\out\b3-w08.png.meta.yaml
rc=0 render_s=9.9
==== step b3-w08 END rc=0 2026-08-22T16:03:52Z ====

==== step b3-w065 START 2026-08-22T16:03:52Z ====
argv: ["C:\\banyan-farm\\venv\\Scripts\\python.exe", "C:\\banyan-farm\\lora-jerry-v3-ladder-0822\\inpaint_fruit.py", "--init", "C:\\banyan-farm\\lora-jerry-v3-ladder-0822\\jerry-poseproof-init-0822.png", "--init-sha256", "79c80689a43452f8fc11d22c2da86aee1c0a073d2255ddf1cb1d3cdc446f5f7f", "--mask-png", "C:\\banyan-farm\\lora-jerry-v3-ladder-0822\\jerry-poseproof-maskall-0822.png", "--strength", "1.0", "--pad-crop", "0", "--blur", "0", "--prompt-file", "C:\\banyan-farm\\lora-jerry-v3-ladder-0822\\prompt-b3.txt", "--negative-file", "C:\\banyan-farm\\lora-jerry-v3-ladder-0822\\negative.txt", "--steps", "40", "--cfg", "7.5", "--seed", "20260822", "--out", "C:\\banyan-farm\\lora-jerry-v3-ladder-0822\\out\\b3-w065.png", "--lora", "C:\\banyan-farm\\lora-jerry-v3-0822\\out\\bnyjerry-sdxl-v3.safetensors", "--lora-weight", "0.65", "--lora-sha256", "d2062ac060a4ac44e217815464de143897550f078294eb59b3f303cc5f8a0cdd", "--note", "B3 NO REGRESSION at weight 0.65. The prompt carries NO TRIGGER and NO GOBLIN. BAR: no goblin intrudes and the frame is not visibly recoloured, reframed or restyled against b3-noLoRA. Measured at two weights because the sapling lane failed this bar on three datasets and two caption schemes and concluded it reads on the WEIGHT rather than on the set."]

Loading pipeline components...:   0%|          | 0/7 [00:00<?, ?it/s]
Loading pipeline components...:  14%|█▍        | 1/7 [00:00<00:03,  1.92it/s]
Loading pipeline components...:  43%|████▎     | 3/7 [00:02<00:02,  1.33it/s]
Loading pipeline components...:  57%|█████▋    | 4/7 [00:02<00:01,  1.81it/s]
Loading pipeline components...: 100%|██████████| 7/7 [00:02<00:00,  4.09it/s]
Loading pipeline components...: 100%|██████████| 7/7 [00:02<00:00,  2.84it/s]
C:\banyan-farm\venv\Lib\site-packages\torch\nn\modules\module.py:1370: UserWarning: expandable_segments not supported on this platform (Triggered internally at C:\actions-runner\_work\pytorch\pytorch\pytorch\c10/cuda/CUDAAllocatorConfig.h:39.)
  return t.to(
MODEL_LOADED cagliostrolab/animagine-xl-3.1 cuda/bfloat16 unet.in_channels=4 in 5s
LORA bnyjerry-sdxl-v3.safetensors fused at weight 0.65, sha d2062ac060a4ac44
WROTE C:\banyan-farm\lora-jerry-v3-ladder-0822\out\b3-w065.png
WROTE C:\banyan-farm\lora-jerry-v3-ladder-0822\out\b3-w065-mask.png
WROTE C:\banyan-farm\lora-jerry-v3-ladder-0822\out\b3-w065.png.meta.yaml
rc=0 render_s=9.9
==== step b3-w065 END rc=0 2026-08-22T16:04:13Z ====

==== step publish START 2026-08-22T16:04:13Z ====
argv: ["C:\\banyan-farm\\venv\\Scripts\\python.exe", "-c", "\nimport hashlib, glob, os, shutil\nOUT = \"C:/banyan-farm/lora-jerry-v3-ladder-0822/out\"\nDST = \"C:/banyan-farm/courier-box/farm-out/lora-jerry-v3-ladder-0822\"\nos.makedirs(DST, exist_ok=True)\nn = 0\nfound = sorted(glob.glob(OUT + \"/*.png\")) + sorted(\n    glob.glob(OUT + \"/*.png.meta.yaml\"))\nfor p in found:\n    if os.path.isfile(p):\n        shutil.copyfile(p, os.path.join(DST, os.path.basename(p)))\n        n += 1\nwith open(os.path.join(DST, \"lora-jerry-v3-ladder-0822.sha256\"), \"w\", encoding=\"utf-8\") as fh:\n    for name in sorted(os.listdir(DST)):\n        q = os.path.join(DST, name)\n        if os.path.isfile(q) and not name.endswith(\".sha256\"):\n            fh.write(\"%s  %s\" % (\n                hashlib.sha256(open(q, \"rb\").read()).hexdigest(), name) + chr(10))\nprint(\"published\", n, \"file(s) ->\", DST, flush=True)\nif n == 0:\n    raise SystemExit(\"NOTHING TO PUBLISH -- the ladder produced no files\")\n"]
published 72 file(s) -> C:/banyan-farm/courier-box/farm-out/lora-jerry-v3-ladder-0822
==== step publish END rc=0 2026-08-22T16:04:13Z ====
#### job lora-jerry-v3-ladder-0822-1787414115 finished rc=0 2026-08-22T16:04:13Z
