Loading pipeline components...: 100%|██████████| 7/7 [00:02<00:00,  2.81it/s]
C:\banyan-farm\venv\Lib\site-packages\torch\nn\modules\module.py:1370: UserWarning: expandable_segments not supported on this platform (Triggered internally at C:\actions-runner\_work\pytorch\pytorch\pytorch\c10/cuda/CUDAAllocatorConfig.h:39.)
  return t.to(
MODEL_LOADED cagliostrolab/animagine-xl-3.1 cuda/bfloat16 unet.in_channels=4 in 6s
LORA bnyjerry-sdxl-v3.safetensors applied PER BLOCK via set_adapters (no fuse): {'down': 1.0, 'mid': 1.0, 'up': 1.0}, sha d2062ac060a4ac44 -- --lora-weight 0.8 is IGNORED on this path
C:\banyan-farm\venv\Lib\site-packages\diffusers\models\vq_model.py:20: FutureWarning: `VQEncoderOutput` is deprecated and will be removed in version 0.31. Importing `VQEncoderOutput` from `diffusers.models.vq_model` is deprecated and this will be removed in a future version. Please use `from diffusers.models.autoencoders.vq_model import VQEncoderOutput`, instead.
  deprecate("VQEncoderOutput", "0.31", deprecation_message)
C:\banyan-farm\venv\Lib\site-packages\diffusers\models\vq_model.py:25: FutureWarning: `VQModel` is deprecated and will be removed in version 0.31. Importing `VQModel` from `diffusers.models.vq_model` is deprecated and this will be removed in a future version. Please use `from diffusers.models.autoencoders.vq_model import VQModel`, instead.
  deprecate("VQModel", "0.31", deprecation_message)
PIPELINE StableDiffusionXLControlNetInpaintPipeline, 1 net(s), scales 1.0

  0%|          | 0/40 [00:00<?, ?it/s]
  2%|▎         | 1/40 [00:00<00:15,  2.50it/s]
  5%|▌         | 2/40 [00:00<00:14,  2.56it/s]
  8%|▊         | 3/40 [00:01<00:14,  2.62it/s]
 10%|█         | 4/40 [00:01<00:13,  2.68it/s]
 12%|█▎        | 5/40 [00:01<00:13,  2.64it/s]
 15%|█▌        | 6/40 [00:02<00:12,  2.68it/s]
 18%|█▊        | 7/40 [00:02<00:12,  2.70it/s]
 20%|██        | 8/40 [00:03<00:11,  2.68it/s]
 22%|██▎       | 9/40 [00:03<00:11,  2.70it/s]
 25%|██▌       | 10/40 [00:03<00:11,  2.67it/s]
 28%|██▊       | 11/40 [00:04<00:10,  2.69it/s]
 30%|███       | 12/40 [00:04<00:10,  2.71it/s]
 32%|███▎      | 13/40 [00:04<00:10,  2.69it/s]
 35%|███▌      | 14/40 [00:05<00:09,  2.71it/s]
 38%|███▊      | 15/40 [00:05<00:09,  2.68it/s]
 40%|████      | 16/40 [00:05<00:08,  2.67it/s]
 42%|████▎     | 17/40 [00:06<00:08,  2.69it/s]
 45%|████▌     | 18/40 [00:06<00:08,  2.67it/s]
 48%|████▊     | 19/40 [00:07<00:07,  2.69it/s]
 50%|█████     | 20/40 [00:07<00:07,  2.71it/s]
 52%|█████▎    | 21/40 [00:07<00:07,  2.69it/s]
 55%|█████▌    | 22/40 [00:08<00:06,  2.67it/s]
 57%|█████▊    | 23/40 [00:08<00:06,  2.69it/s]
 60%|██████    | 24/40 [00:08<00:05,  2.67it/s]
 62%|██████▎   | 25/40 [00:09<00:05,  2.70it/s]
 65%|██████▌   | 26/40 [00:09<00:05,  2.68it/s]
 68%|██████▊   | 27/40 [00:10<00:04,  2.70it/s]
 70%|███████   | 28/40 [00:10<00:04,  2.68it/s]
 72%|███████▎  | 29/40 [00:10<00:04,  2.67it/s]
 75%|███████▌  | 30/40 [00:11<00:03,  2.69it/s]
 78%|███████▊  | 31/40 [00:11<00:03,  2.67it/s]
 80%|████████  | 32/40 [00:11<00:02,  2.67it/s]
 82%|████████▎ | 33/40 [00:12<00:02,  2.68it/s]
 85%|████████▌ | 34/40 [00:12<00:02,  2.70it/s]
 88%|████████▊ | 35/40 [00:13<00:01,  2.68it/s]
 90%|█████████ | 36/40 [00:13<00:01,  2.70it/s]
 92%|█████████▎| 37/40 [00:13<00:01,  2.68it/s]
 95%|█████████▌| 38/40 [00:14<00:00,  2.67it/s]
 98%|█████████▊| 39/40 [00:14<00:00,  2.69it/s]
100%|██████████| 40/40 [00:14<00:00,  2.86it/s]
100%|██████████| 40/40 [00:14<00:00,  2.69it/s]
WROTE C:\banyan-farm\lora-jerry-v3-blockweight-0822\out\blockweight-seat-flat.png
WROTE C:\banyan-farm\lora-jerry-v3-blockweight-0822\out\blockweight-seat-flat-mask.png
WROTE C:\banyan-farm\lora-jerry-v3-blockweight-0822\out\blockweight-seat-flat.png.meta.yaml
rc=0 render_s=16.0
==== step blockweight-seat-flat END rc=0 2026-08-22T16:39:48Z ====

==== step blockweight-seat-palette START 2026-08-22T16:39:48Z ====
argv: ["C:\\banyan-farm\\venv\\Scripts\\python.exe", "C:\\banyan-farm\\lora-jerry-v3-blockweight-0822\\inpaint_fruit.py", "--init", "C:\\banyan-farm\\lora-jerry-v3-blockweight-0822\\jerry-poseproof-init-0822.png", "--init-sha256", "79c80689a43452f8fc11d22c2da86aee1c0a073d2255ddf1cb1d3cdc446f5f7f", "--mask-png", "C:\\banyan-farm\\lora-jerry-v3-blockweight-0822\\jerry-poseproof-maskall-0822.png", "--strength", "1.0", "--pad-crop", "0", "--blur", "0", "--controlnet", "C:\\banyan-farm\\cnet-openpose-twins", "--control", "C:\\banyan-farm\\lora-jerry-v3-blockweight-0822\\jerry-skel-h240seat-0821.png", "--control-sha256", "1e95abc723f366f2e8c6b486937cfe8709edcbe2d8af0186fa82461c8e792686", "--scale", "1.0", "--prompt-file", "C:\\banyan-farm\\lora-jerry-v3-blockweight-0822\\prompt.txt", "--negative-file", "C:\\banyan-farm\\lora-jerry-v3-blockweight-0822\\negative.txt", "--steps", "40", "--cfg", "7.5", "--seed", "20260822", "--out", "C:\\banyan-farm\\lora-jerry-v3-blockweight-0822\\out\\blockweight-seat-palette.png", "--lora", "C:\\banyan-farm\\lora-jerry-v3-0822\\out\\bnyjerry-sdxl-v3.safetensors", "--lora-weight", "0.8", "--lora-sha256", "d2062ac060a4ac44e217815464de143897550f078294eb59b3f303cc5f8a0cdd", "--note", "BLOCK-WEIGHT SWEEP, preset `palette`, and it is the ONE variable against the ladder's b2-seat-s1. That cell held the seat and lost his skin. Three free levers are already measured dead: prompt dialect (capshape: TAN), hint volume (--scale 0.7 and 0.5: TAN), trigger volume (--lora-weight 1.0 and 1.2: a nudge only). So the palette is not reachable by either channel's VOLUME, and this scales the LoRA PER UNET BLOCK instead -- set_adapters, no fuse, on the hypothesis that output blocks carry aesthetic rendering while input blocks carry the structure the pose net is already supplying. THE MAP IS COMMUNITY (hako-mikan sd-webui-lora-block-weight; arXiv 2403.07500 backs block-level identity/style separation without naming blocks), so this is a hypothesis under test and the preset is named for it, not for a result. `flat` is the INSTRUMENT CHECK and must be read first -- a flat 1.0 through set_adapters should look like a fused run, and without it a null result cannot be told apart from broken wiring. Everything else is b2-seat-s1: same checkpoint and sha, same seat skeleton at conditioning scale 1.0, same seed 20260822, same prompt.txt and negative.txt, 40 steps, cfg 7.5, strength 1.0, --pad-crop 0, --blur 0. WHAT A PASS LOOKS LIKE: desaturated sage skin AND the knees still up. Either alone is not a pass -- a sage standing goblin is what v2 already gives and a seated tan one is what the ladder already gave.", "--lora-blocks", "palette"]
HINT MAGNIFICATION 1.000x (ceiling 1.05) -- the hint reaches the net at the scale it was authored

Loading pipeline components...:   0%|          | 0/7 [00:00<?, ?it/s]
Loading pipeline components...:  14%|█▍        | 1/7 [00:00<00:03,  1.98it/s]
Loading pipeline components...:  29%|██▊       | 2/7 [00:00<00:01,  3.15it/s]
Loading pipeline components...:  57%|█████▋    | 4/7 [00:00<00:00,  6.46it/s]
Loading pipeline components...:  86%|████████▌ | 6/7 [00:02<00:00,  2.18it/s]
Loading pipeline components...: 100%|██████████| 7/7 [00:02<00:00,  2.90it/s]
C:\banyan-farm\venv\Lib\site-packages\torch\nn\modules\module.py:1370: UserWarning: expandable_segments not supported on this platform (Triggered internally at C:\actions-runner\_work\pytorch\pytorch\pytorch\c10/cuda/CUDAAllocatorConfig.h:39.)
  return t.to(
MODEL_LOADED cagliostrolab/animagine-xl-3.1 cuda/bfloat16 unet.in_channels=4 in 6s
LORA bnyjerry-sdxl-v3.safetensors applied PER BLOCK via set_adapters (no fuse): {'down': 0.8, 'mid': 0.8, 'up': 1.4}, sha d2062ac060a4ac44 -- --lora-weight 0.8 is IGNORED on this path
C:\banyan-farm\venv\Lib\site-packages\diffusers\models\vq_model.py:20: FutureWarning: `VQEncoderOutput` is deprecated and will be removed in version 0.31. Importing `VQEncoderOutput` from `diffusers.models.vq_model` is deprecated and this will be removed in a future version. Please use `from diffusers.models.autoencoders.vq_model import VQEncoderOutput`, instead.
  deprecate("VQEncoderOutput", "0.31", deprecation_message)
C:\banyan-farm\venv\Lib\site-packages\diffusers\models\vq_model.py:25: FutureWarning: `VQModel` is deprecated and will be removed in version 0.31. Importing `VQModel` from `diffusers.models.vq_model` is deprecated and this will be removed in a future version. Please use `from diffusers.models.autoencoders.vq_model import VQModel`, instead.
  deprecate("VQModel", "0.31", deprecation_message)
PIPELINE StableDiffusionXLControlNetInpaintPipeline, 1 net(s), scales 1.0

  0%|          | 0/40 [00:00<?, ?it/s]
  2%|▎         | 1/40 [00:00<00:16,  2.39it/s]
  5%|▌         | 2/40 [00:00<00:15,  2.47it/s]
  8%|▊         | 3/40 [00:01<00:14,  2.59it/s]
 10%|█         | 4/40 [00:01<00:13,  2.65it/s]
 12%|█▎        | 5/40 [00:01<00:13,  2.60it/s]
 15%|█▌        | 6/40 [00:02<00:12,  2.64it/s]
 18%|█▊        | 7/40 [00:02<00:12,  2.69it/s]
 20%|██        | 8/40 [00:03<00:12,  2.63it/s]
 22%|██▎       | 9/40 [00:03<00:11,  2.67it/s]
 25%|██▌       | 10/40 [00:03<00:11,  2.66it/s]
 28%|██▊       | 11/40 [00:04<00:10,  2.68it/s]
 30%|███       | 12/40 [00:04<00:10,  2.70it/s]
 32%|███▎      | 13/40 [00:04<00:10,  2.68it/s]
 35%|███▌      | 14/40 [00:05<00:09,  2.66it/s]
 38%|███▊      | 15/40 [00:05<00:09,  2.69it/s]
 40%|████      | 16/40 [00:06<00:09,  2.66it/s]
 42%|████▎     | 17/40 [00:06<00:08,  2.70it/s]
 45%|████▌     | 18/40 [00:06<00:08,  2.68it/s]
 48%|████▊     | 19/40 [00:07<00:07,  2.67it/s]
 50%|█████     | 20/40 [00:07<00:07,  2.69it/s]
 52%|█████▎    | 21/40 [00:07<00:07,  2.67it/s]
 55%|█████▌    | 22/40 [00:08<00:06,  2.70it/s]
 57%|█████▊    | 23/40 [00:08<00:06,  2.68it/s]
 60%|██████    | 24/40 [00:09<00:05,  2.70it/s]
 62%|██████▎   | 25/40 [00:09<00:05,  2.68it/s]
 65%|██████▌   | 26/40 [00:09<00:05,  2.67it/s]
 68%|██████▊   | 27/40 [00:10<00:04,  2.69it/s]
 70%|███████   | 28/40 [00:10<00:04,  2.67it/s]
 72%|███████▎  | 29/40 [00:10<00:04,  2.67it/s]
 75%|███████▌  | 30/40 [00:11<00:03,  2.68it/s]
 78%|███████▊  | 31/40 [00:11<00:03,  2.68it/s]
 80%|████████  | 32/40 [00:12<00:02,  2.69it/s]
 82%|████████▎ | 33/40 [00:12<00:02,  2.71it/s]
 85%|████████▌ | 34/40 [00:12<00:02,  2.67it/s]
 88%|████████▊ | 35/40 [00:13<00:01,  2.67it/s]
 90%|█████████ | 36/40 [00:13<00:01,  2.69it/s]
 92%|█████████▎| 37/40 [00:13<00:01,  2.68it/s]
 95%|█████████▌| 38/40 [00:14<00:00,  2.66it/s]
 98%|█████████▊| 39/40 [00:14<00:00,  2.69it/s]
100%|██████████| 40/40 [00:14<00:00,  2.82it/s]
100%|██████████| 40/40 [00:14<00:00,  2.68it/s]
WROTE C:\banyan-farm\lora-jerry-v3-blockweight-0822\out\blockweight-seat-palette.png
WROTE C:\banyan-farm\lora-jerry-v3-blockweight-0822\out\blockweight-seat-palette-mask.png
WROTE C:\banyan-farm\lora-jerry-v3-blockweight-0822\out\blockweight-seat-palette.png.meta.yaml
rc=0 render_s=16.0
==== step blockweight-seat-palette END rc=0 2026-08-22T16:40:16Z ====

==== step blockweight-seat-palette-starve START 2026-08-22T16:40:16Z ====
argv: ["C:\\banyan-farm\\venv\\Scripts\\python.exe", "C:\\banyan-farm\\lora-jerry-v3-blockweight-0822\\inpaint_fruit.py", "--init", "C:\\banyan-farm\\lora-jerry-v3-blockweight-0822\\jerry-poseproof-init-0822.png", "--init-sha256", "79c80689a43452f8fc11d22c2da86aee1c0a073d2255ddf1cb1d3cdc446f5f7f", "--mask-png", "C:\\banyan-farm\\lora-jerry-v3-blockweight-0822\\jerry-poseproof-maskall-0822.png", "--strength", "1.0", "--pad-crop", "0", "--blur", "0", "--controlnet", "C:\\banyan-farm\\cnet-openpose-twins", "--control", "C:\\banyan-farm\\lora-jerry-v3-blockweight-0822\\jerry-skel-h240seat-0821.png", "--control-sha256", "1e95abc723f366f2e8c6b486937cfe8709edcbe2d8af0186fa82461c8e792686", "--scale", "1.0", "--prompt-file", "C:\\banyan-farm\\lora-jerry-v3-blockweight-0822\\prompt.txt", "--negative-file", "C:\\banyan-farm\\lora-jerry-v3-blockweight-0822\\negative.txt", "--steps", "40", "--cfg", "7.5", "--seed", "20260822", "--out", "C:\\banyan-farm\\lora-jerry-v3-blockweight-0822\\out\\blockweight-seat-palette-starve.png", "--lora", "C:\\banyan-farm\\lora-jerry-v3-0822\\out\\bnyjerry-sdxl-v3.safetensors", "--lora-weight", "0.8", "--lora-sha256", "d2062ac060a4ac44e217815464de143897550f078294eb59b3f303cc5f8a0cdd", "--note", "BLOCK-WEIGHT SWEEP, preset `palette-starve`, and it is the ONE variable against the ladder's b2-seat-s1. That cell held the seat and lost his skin. Three free levers are already measured dead: prompt dialect (capshape: TAN), hint volume (--scale 0.7 and 0.5: TAN), trigger volume (--lora-weight 1.0 and 1.2: a nudge only). So the palette is not reachable by either channel's VOLUME, and this scales the LoRA PER UNET BLOCK instead -- set_adapters, no fuse, on the hypothesis that output blocks carry aesthetic rendering while input blocks carry the structure the pose net is already supplying. THE MAP IS COMMUNITY (hako-mikan sd-webui-lora-block-weight; arXiv 2403.07500 backs block-level identity/style separation without naming blocks), so this is a hypothesis under test and the preset is named for it, not for a result. `flat` is the INSTRUMENT CHECK and must be read first -- a flat 1.0 through set_adapters should look like a fused run, and without it a null result cannot be told apart from broken wiring. Everything else is b2-seat-s1: same checkpoint and sha, same seat skeleton at conditioning scale 1.0, same seed 20260822, same prompt.txt and negative.txt, 40 steps, cfg 7.5, strength 1.0, --pad-crop 0, --blur 0. WHAT A PASS LOOKS LIKE: desaturated sage skin AND the knees still up. Either alone is not a pass -- a sage standing goblin is what v2 already gives and a seated tan one is what the ladder already gave.", "--lora-blocks", "palette-starve"]
HINT MAGNIFICATION 1.000x (ceiling 1.05) -- the hint reaches the net at the scale it was authored

Loading pipeline components...:   0%|          | 0/7 [00:00<?, ?it/s]
Loading pipeline components...:  14%|█▍        | 1/7 [00:01<00:10,  1.71s/it]
Loading pipeline components...:  43%|████▎     | 3/7 [00:02<00:02,  1.56it/s]
Loading pipeline components...:  71%|███████▏  | 5/7 [00:02<00:00,  2.88it/s]
Loading pipeline components...:  86%|████████▌ | 6/7 [00:02<00:00,  3.33it/s]
Loading pipeline components...: 100%|██████████| 7/7 [00:02<00:00,  2.70it/s]
C:\banyan-farm\venv\Lib\site-packages\torch\nn\modules\module.py:1370: UserWarning: expandable_segments not supported on this platform (Triggered internally at C:\actions-runner\_work\pytorch\pytorch\pytorch\c10/cuda/CUDAAllocatorConfig.h:39.)
  return t.to(
MODEL_LOADED cagliostrolab/animagine-xl-3.1 cuda/bfloat16 unet.in_channels=4 in 6s
LORA bnyjerry-sdxl-v3.safetensors applied PER BLOCK via set_adapters (no fuse): {'down': 0.4, 'mid': 0.4, 'up': 1.4}, sha d2062ac060a4ac44 -- --lora-weight 0.8 is IGNORED on this path
C:\banyan-farm\venv\Lib\site-packages\diffusers\models\vq_model.py:20: FutureWarning: `VQEncoderOutput` is deprecated and will be removed in version 0.31. Importing `VQEncoderOutput` from `diffusers.models.vq_model` is deprecated and this will be removed in a future version. Please use `from diffusers.models.autoencoders.vq_model import VQEncoderOutput`, instead.
  deprecate("VQEncoderOutput", "0.31", deprecation_message)
C:\banyan-farm\venv\Lib\site-packages\diffusers\models\vq_model.py:25: FutureWarning: `VQModel` is deprecated and will be removed in version 0.31. Importing `VQModel` from `diffusers.models.vq_model` is deprecated and this will be removed in a future version. Please use `from diffusers.models.autoencoders.vq_model import VQModel`, instead.
  deprecate("VQModel", "0.31", deprecation_message)
PIPELINE StableDiffusionXLControlNetInpaintPipeline, 1 net(s), scales 1.0

  0%|          | 0/40 [00:00<?, ?it/s]
  2%|▎         | 1/40 [00:00<00:15,  2.54it/s]
  5%|▌         | 2/40 [00:00<00:14,  2.56it/s]
  8%|▊         | 3/40 [00:01<00:14,  2.60it/s]
 10%|█         | 4/40 [00:01<00:13,  2.70it/s]
 12%|█▎        | 5/40 [00:01<00:13,  2.64it/s]
 15%|█▌        | 6/40 [00:02<00:12,  2.65it/s]
 18%|█▊        | 7/40 [00:02<00:12,  2.67it/s]
 20%|██        | 8/40 [00:03<00:12,  2.65it/s]
 22%|██▎       | 9/40 [00:03<00:11,  2.68it/s]
 25%|██▌       | 10/40 [00:03<00:11,  2.67it/s]
 28%|██▊       | 11/40 [00:04<00:10,  2.69it/s]
 30%|███       | 12/40 [00:04<00:10,  2.71it/s]
 32%|███▎      | 13/40 [00:04<00:10,  2.65it/s]
 35%|███▌      | 14/40 [00:05<00:09,  2.68it/s]
 38%|███▊      | 15/40 [00:05<00:09,  2.69it/s]
 40%|████      | 16/40 [00:06<00:08,  2.68it/s]
 42%|████▎     | 17/40 [00:06<00:08,  2.67it/s]
 45%|████▌     | 18/40 [00:06<00:08,  2.69it/s]
 48%|████▊     | 19/40 [00:07<00:07,  2.67it/s]
 50%|█████     | 20/40 [00:07<00:07,  2.69it/s]
 52%|█████▎    | 21/40 [00:07<00:07,  2.67it/s]
 55%|█████▌    | 22/40 [00:08<00:06,  2.66it/s]
 57%|█████▊    | 23/40 [00:08<00:06,  2.67it/s]
 60%|██████    | 24/40 [00:08<00:05,  2.67it/s]
 62%|██████▎   | 25/40 [00:09<00:05,  2.69it/s]
 65%|██████▌   | 26/40 [00:09<00:05,  2.68it/s]
 68%|██████▊   | 27/40 [00:10<00:04,  2.66it/s]
 70%|███████   | 28/40 [00:10<00:04,  2.69it/s]
 72%|███████▎  | 29/40 [00:10<00:04,  2.67it/s]
 75%|███████▌  | 30/40 [00:11<00:03,  2.69it/s]
 78%|███████▊  | 31/40 [00:11<00:03,  2.67it/s]
 80%|████████  | 32/40 [00:11<00:02,  2.69it/s]
 82%|████████▎ | 33/40 [00:12<00:02,  2.68it/s]
 85%|████████▌ | 34/40 [00:12<00:02,  2.70it/s]
 88%|████████▊ | 35/40 [00:13<00:01,  2.66it/s]
 90%|█████████ | 36/40 [00:13<00:01,  2.67it/s]
 92%|█████████▎| 37/40 [00:13<00:01,  2.69it/s]
 95%|█████████▌| 38/40 [00:14<00:00,  2.68it/s]
 98%|█████████▊| 39/40 [00:14<00:00,  2.70it/s]
100%|██████████| 40/40 [00:14<00:00,  2.82it/s]
100%|██████████| 40/40 [00:14<00:00,  2.68it/s]
WROTE C:\banyan-farm\lora-jerry-v3-blockweight-0822\out\blockweight-seat-palette-starve.png
WROTE C:\banyan-farm\lora-jerry-v3-blockweight-0822\out\blockweight-seat-palette-starve-mask.png
WROTE C:\banyan-farm\lora-jerry-v3-blockweight-0822\out\blockweight-seat-palette-starve.png.meta.yaml
rc=0 render_s=16.1
==== step blockweight-seat-palette-starve END rc=0 2026-08-22T16:40:44Z ====

==== step publish START 2026-08-22T16:40:44Z ====
argv: ["C:\\banyan-farm\\venv\\Scripts\\python.exe", "-c", "\nimport hashlib, glob, os, shutil\nOUT = \"C:/banyan-farm/lora-jerry-v3-blockweight-0822/out\"\nDST = \"C:/banyan-farm/courier-box/farm-out/lora-jerry-v3-blockweight-0822\"\nos.makedirs(DST, exist_ok=True)\nn = 0\nfound = sorted(glob.glob(OUT + \"/*.png\")) + sorted(\n    glob.glob(OUT + \"/*.png.meta.yaml\"))\nfor p in found:\n    if os.path.isfile(p):\n        shutil.copyfile(p, os.path.join(DST, os.path.basename(p)))\n        n += 1\nwith open(os.path.join(DST, \"lora-jerry-v3-blockweight-0822.sha256\"), \"w\", encoding=\"utf-8\") as fh:\n    for name in sorted(os.listdir(DST)):\n        q = os.path.join(DST, name)\n        if os.path.isfile(q) and not name.endswith(\".sha256\"):\n            fh.write(\"%s  %s\" % (\n                hashlib.sha256(open(q, \"rb\").read()).hexdigest(), name) + chr(10))\nprint(\"published\", n, \"file(s) ->\", DST, flush=True)\nif n == 0:\n    raise SystemExit(\"NOTHING TO PUBLISH -- the ladder produced no files\")\n"]
published 9 file(s) -> C:/banyan-farm/courier-box/farm-out/lora-jerry-v3-blockweight-0822
==== step publish END rc=0 2026-08-22T16:40:44Z ====
#### job lora-jerry-v3-blockweight-0822-1787416750 finished rc=0 2026-08-22T16:40:44Z
