 85%|████████▌ | 34/40 [00:11<00:01,  3.06it/s]
 88%|████████▊ | 35/40 [00:11<00:01,  3.06it/s]
 90%|█████████ | 36/40 [00:11<00:01,  3.08it/s]
 92%|█████████▎| 37/40 [00:12<00:00,  3.10it/s]
 95%|█████████▌| 38/40 [00:12<00:00,  3.07it/s]
 98%|█████████▊| 39/40 [00:12<00:00,  3.05it/s]
100%|██████████| 40/40 [00:12<00:00,  3.43it/s]
100%|██████████| 40/40 [00:12<00:00,  3.10it/s]
WROTE C:\banyan-farm\lora-jerry-v2-twopass3-0822\out\tp3-p1-crouch-wA.png
WROTE C:\banyan-farm\lora-jerry-v2-twopass3-0822\out\tp3-p1-crouch-wA-mask.png
WROTE C:\banyan-farm\lora-jerry-v2-twopass3-0822\out\tp3-p1-crouch-wA.png.meta.yaml
rc=0 render_s=14.0
==== step tp3-p1-crouch-wA END rc=0 2026-08-22T13:16:23Z ====

==== step tp3-p1-crouch-wAlight START 2026-08-22T13:16:23Z ====
argv: ["C:\\banyan-farm\\venv\\Scripts\\python.exe", "C:\\banyan-farm\\lora-jerry-v2-twopass3-0822\\inpaint_fruit.py", "--init", "C:\\banyan-farm\\lora-jerry-v2-twopass3-0822\\jerry-poseproof-init-0822.png", "--init-sha256", "79c80689a43452f8fc11d22c2da86aee1c0a073d2255ddf1cb1d3cdc446f5f7f", "--mask-png", "C:\\banyan-farm\\lora-jerry-v2-twopass3-0822\\jerry-poseproof-maskall-0822.png", "--strength", "1.0", "--pad-crop", "0", "--blur", "0", "--controlnet", "C:\\banyan-farm\\cnet-openpose-twins", "--control", "C:\\banyan-farm\\lora-jerry-v2-twopass3-0822\\jerry-skel-h240crouch-0821.png", "--control-sha256", "57fcd5fcaf8186a786708cf9afd839d49bb1759392b3d12b7bdd5ca35c03aece", "--scale", "1.0", "--prompt-file", "C:\\banyan-farm\\lora-jerry-v2-twopass3-0822\\prompt-wAlight.txt", "--negative-file", "C:\\banyan-farm\\lora-jerry-v2-twopass3-0822\\negative.txt", "--steps", "40", "--cfg", "7.5", "--seed", "20260822", "--out", "C:\\banyan-farm\\lora-jerry-v2-twopass3-0822\\out\\tp3-p1-crouch-wAlight.png", "--note", "THE LIGHT KEY, ALONE. Cell A's string plus 'soft overcast daylight, flat even light' and nothing else -- so A minus B is the light key and not the trigger token. If A adopts and B does not, naming a light in pass one costs a pose, which is a rule the whole wave then has to obey."]
HINT MAGNIFICATION 1.000x (ceiling 1.05) -- the hint reaches the net at the scale it was authored

Loading pipeline components...:   0%|          | 0/7 [00:00<?, ?it/s]
Loading pipeline components...:  14%|█▍        | 1/7 [00:00<00:00,  6.02it/s]
Loading pipeline components...:  29%|██▊       | 2/7 [00:00<00:01,  2.88it/s]
Loading pipeline components...:  71%|███████▏  | 5/7 [00:00<00:00,  7.56it/s]
Loading pipeline components...: 100%|██████████| 7/7 [00:02<00:00,  2.50it/s]
Loading pipeline components...: 100%|██████████| 7/7 [00:02<00:00,  2.96it/s]
C:\banyan-farm\venv\Lib\site-packages\torch\nn\modules\module.py:1370: UserWarning: expandable_segments not supported on this platform (Triggered internally at C:\actions-runner\_work\pytorch\pytorch\pytorch\c10/cuda/CUDAAllocatorConfig.h:39.)
  return t.to(
MODEL_LOADED cagliostrolab/animagine-xl-3.1 cuda/bfloat16 unet.in_channels=4 in 6s
C:\banyan-farm\venv\Lib\site-packages\diffusers\models\vq_model.py:20: FutureWarning: `VQEncoderOutput` is deprecated and will be removed in version 0.31. Importing `VQEncoderOutput` from `diffusers.models.vq_model` is deprecated and this will be removed in a future version. Please use `from diffusers.models.autoencoders.vq_model import VQEncoderOutput`, instead.
  deprecate("VQEncoderOutput", "0.31", deprecation_message)
C:\banyan-farm\venv\Lib\site-packages\diffusers\models\vq_model.py:25: FutureWarning: `VQModel` is deprecated and will be removed in version 0.31. Importing `VQModel` from `diffusers.models.vq_model` is deprecated and this will be removed in a future version. Please use `from diffusers.models.autoencoders.vq_model import VQModel`, instead.
  deprecate("VQModel", "0.31", deprecation_message)
PIPELINE StableDiffusionXLControlNetInpaintPipeline, 1 net(s), scales 1.0

  0%|          | 0/40 [00:00<?, ?it/s]
  2%|▎         | 1/40 [00:00<00:13,  2.83it/s]
  5%|▌         | 2/40 [00:00<00:12,  2.93it/s]
  8%|▊         | 3/40 [00:01<00:12,  2.92it/s]
 10%|█         | 4/40 [00:01<00:11,  3.07it/s]
 12%|█▎        | 5/40 [00:01<00:11,  3.04it/s]
 15%|█▌        | 6/40 [00:01<00:11,  3.03it/s]
 18%|█▊        | 7/40 [00:02<00:10,  3.08it/s]
 20%|██        | 8/40 [00:02<00:10,  3.10it/s]
 22%|██▎       | 9/40 [00:02<00:10,  3.02it/s]
 25%|██▌       | 10/40 [00:03<00:09,  3.06it/s]
 28%|██▊       | 11/40 [00:03<00:09,  3.09it/s]
 30%|███       | 12/40 [00:03<00:09,  3.06it/s]
 32%|███▎      | 13/40 [00:04<00:08,  3.06it/s]
 35%|███▌      | 14/40 [00:04<00:08,  3.07it/s]
 38%|███▊      | 15/40 [00:04<00:08,  3.05it/s]
 40%|████      | 16/40 [00:05<00:07,  3.09it/s]
 42%|████▎     | 17/40 [00:05<00:07,  3.07it/s]
 45%|████▌     | 18/40 [00:05<00:07,  3.05it/s]
 48%|████▊     | 19/40 [00:06<00:06,  3.07it/s]
 50%|█████     | 20/40 [00:06<00:06,  3.11it/s]
 52%|█████▎    | 21/40 [00:06<00:06,  3.08it/s]
 55%|█████▌    | 22/40 [00:07<00:05,  3.05it/s]
 57%|█████▊    | 23/40 [00:07<00:05,  3.09it/s]
 60%|██████    | 24/40 [00:07<00:05,  3.06it/s]
 62%|██████▎   | 25/40 [00:08<00:04,  3.09it/s]
 65%|██████▌   | 26/40 [00:08<00:04,  3.06it/s]
 68%|██████▊   | 27/40 [00:08<00:04,  3.05it/s]
 70%|███████   | 28/40 [00:09<00:03,  3.08it/s]
 72%|███████▎  | 29/40 [00:09<00:03,  3.06it/s]
 75%|███████▌  | 30/40 [00:09<00:03,  3.09it/s]
 78%|███████▊  | 31/40 [00:10<00:02,  3.07it/s]
 80%|████████  | 32/40 [00:10<00:02,  3.05it/s]
 82%|████████▎ | 33/40 [00:10<00:02,  3.08it/s]
 85%|████████▌ | 34/40 [00:11<00:01,  3.06it/s]
 88%|████████▊ | 35/40 [00:11<00:01,  3.09it/s]
 90%|█████████ | 36/40 [00:11<00:01,  3.06it/s]
 92%|█████████▎| 37/40 [00:12<00:00,  3.05it/s]
 95%|█████████▌| 38/40 [00:12<00:00,  3.06it/s]
 98%|█████████▊| 39/40 [00:12<00:00,  3.06it/s]
100%|██████████| 40/40 [00:12<00:00,  3.39it/s]
100%|██████████| 40/40 [00:12<00:00,  3.09it/s]
WROTE C:\banyan-farm\lora-jerry-v2-twopass3-0822\out\tp3-p1-crouch-wAlight.png
WROTE C:\banyan-farm\lora-jerry-v2-twopass3-0822\out\tp3-p1-crouch-wAlight-mask.png
WROTE C:\banyan-farm\lora-jerry-v2-twopass3-0822\out\tp3-p1-crouch-wAlight.png.meta.yaml
rc=0 render_s=14.1
==== step tp3-p1-crouch-wAlight END rc=0 2026-08-22T13:16:47Z ====

==== step tp3-seat-i6-s075 START 2026-08-22T13:16:47Z ====
argv: ["C:\\banyan-farm\\venv\\Scripts\\python.exe", "C:\\banyan-farm\\lora-jerry-v2-twopass3-0822\\inpaint_fruit.py", "--init", "C:\\banyan-farm\\courier-box\\farm-out\\lora-jerry-v2-b2r6-0822\\b2r6-b13seat-base.png", "--init-sha256", "5f7d41a616edf80744d9961a573dafc59a003944272b65a535c01aecd415acef", "--mask-png", "C:\\banyan-farm\\lora-jerry-v2-twopass3-0822\\jerry-poseproof-maskall-0822.png", "--strength", "0.75", "--pad-crop", "0", "--blur", "0", "--controlnet", "C:\\banyan-farm\\cnet-openpose-twins", "--control", "C:\\banyan-farm\\lora-jerry-v2-twopass3-0822\\jerry-skel-h240seat-0821.png", "--control-sha256", "1e95abc723f366f2e8c6b486937cfe8709edcbe2d8af0186fa82461c8e792686", "--scale", "1.0", "--prompt-file", "C:\\banyan-farm\\lora-jerry-v2-twopass3-0822\\prompt-p2.txt", "--negative-file", "C:\\banyan-farm\\lora-jerry-v2-twopass3-0822\\negative.txt", "--steps", "40", "--cfg", "7.5", "--seed", "20260822", "--out", "C:\\banyan-farm\\lora-jerry-v2-twopass3-0822\\out\\tp3-seat-i6-s075.png", "--lora", "C:\\banyan-farm\\lora-jerry-v2-0822\\out\\bnyjerry-sdxl-v2.safetensors", "--lora-weight", "0.8", "--lora-sha256", "4340857d02f17dbfa50c66e0a2d8f4dc3ffebb4fad1621bb3f59242e61bfeb8b", "--note", "PASS TWO ON A REAL SEAT. The filed twopass2-s075 was measured on tp1day, which is a standing lean; this runs the identical recipe on b2r6-base, the one plate in the lane where he is actually sitting. The two-pass mechanism says structure cannot move at 0.75 -- so if that is true, this comes back SEATED and goblin, and the wave has its first real frame."]
HINT MAGNIFICATION 1.000x (ceiling 1.05) -- the hint reaches the net at the scale it was authored

Loading pipeline components...:   0%|          | 0/7 [00:00<?, ?it/s]
Loading pipeline components...:  29%|██▊       | 2/7 [00:00<00:00, 11.74it/s]
Loading pipeline components...:  57%|█████▋    | 4/7 [00:00<00:00,  5.29it/s]
Loading pipeline components...:  86%|████████▌ | 6/7 [00:00<00:00,  7.61it/s]
Loading pipeline components...: 100%|██████████| 7/7 [00:02<00:00,  2.88it/s]
C:\banyan-farm\venv\Lib\site-packages\torch\nn\modules\module.py:1370: UserWarning: expandable_segments not supported on this platform (Triggered internally at C:\actions-runner\_work\pytorch\pytorch\pytorch\c10/cuda/CUDAAllocatorConfig.h:39.)
  return t.to(
MODEL_LOADED cagliostrolab/animagine-xl-3.1 cuda/bfloat16 unet.in_channels=4 in 6s
LORA bnyjerry-sdxl-v2.safetensors fused at weight 0.80, sha 4340857d02f17dbf
C:\banyan-farm\venv\Lib\site-packages\diffusers\models\vq_model.py:20: FutureWarning: `VQEncoderOutput` is deprecated and will be removed in version 0.31. Importing `VQEncoderOutput` from `diffusers.models.vq_model` is deprecated and this will be removed in a future version. Please use `from diffusers.models.autoencoders.vq_model import VQEncoderOutput`, instead.
  deprecate("VQEncoderOutput", "0.31", deprecation_message)
C:\banyan-farm\venv\Lib\site-packages\diffusers\models\vq_model.py:25: FutureWarning: `VQModel` is deprecated and will be removed in version 0.31. Importing `VQModel` from `diffusers.models.vq_model` is deprecated and this will be removed in a future version. Please use `from diffusers.models.autoencoders.vq_model import VQModel`, instead.
  deprecate("VQModel", "0.31", deprecation_message)
PIPELINE StableDiffusionXLControlNetInpaintPipeline, 1 net(s), scales 1.0

  0%|          | 0/30 [00:00<?, ?it/s]
  3%|▎         | 1/30 [00:00<00:09,  3.14it/s]
  7%|▋         | 2/30 [00:00<00:09,  3.06it/s]
 10%|█         | 3/30 [00:00<00:09,  2.97it/s]
 13%|█▎        | 4/30 [00:01<00:08,  3.10it/s]
 17%|█▋        | 5/30 [00:01<00:08,  3.06it/s]
 20%|██        | 6/30 [00:01<00:08,  2.98it/s]
 23%|██▎       | 7/30 [00:02<00:07,  3.05it/s]
 27%|██▋       | 8/30 [00:02<00:07,  3.05it/s]
 30%|███       | 9/30 [00:02<00:06,  3.02it/s]
 33%|███▎      | 10/30 [00:03<00:06,  3.11it/s]
 37%|███▋      | 11/30 [00:03<00:06,  3.08it/s]
 40%|████      | 12/30 [00:03<00:05,  3.05it/s]
 43%|████▎     | 13/30 [00:04<00:05,  3.08it/s]
 47%|████▋     | 14/30 [00:04<00:05,  3.06it/s]
 50%|█████     | 15/30 [00:04<00:04,  3.04it/s]
 53%|█████▎    | 16/30 [00:05<00:04,  3.08it/s]
 57%|█████▋    | 17/30 [00:05<00:04,  3.06it/s]
 60%|██████    | 18/30 [00:05<00:03,  3.03it/s]
 63%|██████▎   | 19/30 [00:06<00:03,  3.08it/s]
 67%|██████▋   | 20/30 [00:06<00:03,  3.06it/s]
 70%|███████   | 21/30 [00:06<00:02,  3.04it/s]
 73%|███████▎  | 22/30 [00:07<00:02,  3.06it/s]
 77%|███████▋  | 23/30 [00:07<00:02,  3.06it/s]
 80%|████████  | 24/30 [00:07<00:01,  3.05it/s]
 83%|████████▎ | 25/30 [00:08<00:01,  3.06it/s]
 87%|████████▋ | 26/30 [00:08<00:01,  3.06it/s]
 90%|█████████ | 27/30 [00:08<00:00,  3.06it/s]
 93%|█████████▎| 28/30 [00:09<00:00,  3.09it/s]
 97%|█████████▋| 29/30 [00:09<00:00,  3.05it/s]
100%|██████████| 30/30 [00:09<00:00,  3.40it/s]
100%|██████████| 30/30 [00:09<00:00,  3.09it/s]
WROTE C:\banyan-farm\lora-jerry-v2-twopass3-0822\out\tp3-seat-i6-s075.png
WROTE C:\banyan-farm\lora-jerry-v2-twopass3-0822\out\tp3-seat-i6-s075-mask.png
WROTE C:\banyan-farm\lora-jerry-v2-twopass3-0822\out\tp3-seat-i6-s075.png.meta.yaml
rc=0 render_s=10.8
==== step tp3-seat-i6-s075 END rc=0 2026-08-22T13:17:10Z ====

==== step tp3-seat-i6-s075-green START 2026-08-22T13:17:10Z ====
argv: ["C:\\banyan-farm\\venv\\Scripts\\python.exe", "C:\\banyan-farm\\lora-jerry-v2-twopass3-0822\\inpaint_fruit.py", "--init", "C:\\banyan-farm\\courier-box\\farm-out\\lora-jerry-v2-b2r6-0822\\b2r6-b13seat-base.png", "--init-sha256", "5f7d41a616edf80744d9961a573dafc59a003944272b65a535c01aecd415acef", "--mask-png", "C:\\banyan-farm\\lora-jerry-v2-twopass3-0822\\jerry-poseproof-maskall-0822.png", "--strength", "0.75", "--pad-crop", "0", "--blur", "0", "--controlnet", "C:\\banyan-farm\\cnet-openpose-twins", "--control", "C:\\banyan-farm\\lora-jerry-v2-twopass3-0822\\jerry-skel-h240seat-0821.png", "--control-sha256", "1e95abc723f366f2e8c6b486937cfe8709edcbe2d8af0186fa82461c8e792686", "--scale", "1.0", "--prompt-file", "C:\\banyan-farm\\lora-jerry-v2-twopass3-0822\\prompt-p2green.txt", "--negative-file", "C:\\banyan-farm\\lora-jerry-v2-twopass3-0822\\negative.txt", "--steps", "40", "--cfg", "7.5", "--seed", "20260822", "--out", "C:\\banyan-farm\\lora-jerry-v2-twopass3-0822\\out\\tp3-seat-i6-s075-green.png", "--lora", "C:\\banyan-farm\\lora-jerry-v2-0822\\out\\bnyjerry-sdxl-v2.safetensors", "--lora-weight", "0.8", "--lora-sha256", "4340857d02f17dbfa50c66e0a2d8f4dc3ffebb4fad1621bb3f59242e61bfeb8b", "--note", "THE SKIN, SPENT IN PASS TWO INSTEAD. Cell C plus one native tag. The route doc puts the sage fix in pass one's light, but pass one is the half that loses poses to wording and its named light key did not even produce the light it named. Pass two cannot change structure by construction, which makes it the cheap place to spend a colour term. The risk is the opposite one: 'green skin' overshooting canon's desaturated sage into a saturated green."]
HINT MAGNIFICATION 1.000x (ceiling 1.05) -- the hint reaches the net at the scale it was authored

Loading pipeline components...:   0%|          | 0/7 [00:00<?, ?it/s]
Loading pipeline components...:  29%|██▊       | 2/7 [00:01<00:04,  1.11it/s]
Loading pipeline components...:  57%|█████▋    | 4/7 [00:01<00:01,  2.37it/s]
Loading pipeline components...:  86%|████████▌ | 6/7 [00:02<00:00,  3.94it/s]
Loading pipeline components...: 100%|██████████| 7/7 [00:02<00:00,  2.72it/s]
C:\banyan-farm\venv\Lib\site-packages\torch\nn\modules\module.py:1370: UserWarning: expandable_segments not supported on this platform (Triggered internally at C:\actions-runner\_work\pytorch\pytorch\pytorch\c10/cuda/CUDAAllocatorConfig.h:39.)
  return t.to(
MODEL_LOADED cagliostrolab/animagine-xl-3.1 cuda/bfloat16 unet.in_channels=4 in 6s
LORA bnyjerry-sdxl-v2.safetensors fused at weight 0.80, sha 4340857d02f17dbf
C:\banyan-farm\venv\Lib\site-packages\diffusers\models\vq_model.py:20: FutureWarning: `VQEncoderOutput` is deprecated and will be removed in version 0.31. Importing `VQEncoderOutput` from `diffusers.models.vq_model` is deprecated and this will be removed in a future version. Please use `from diffusers.models.autoencoders.vq_model import VQEncoderOutput`, instead.
  deprecate("VQEncoderOutput", "0.31", deprecation_message)
C:\banyan-farm\venv\Lib\site-packages\diffusers\models\vq_model.py:25: FutureWarning: `VQModel` is deprecated and will be removed in version 0.31. Importing `VQModel` from `diffusers.models.vq_model` is deprecated and this will be removed in a future version. Please use `from diffusers.models.autoencoders.vq_model import VQModel`, instead.
  deprecate("VQModel", "0.31", deprecation_message)
PIPELINE StableDiffusionXLControlNetInpaintPipeline, 1 net(s), scales 1.0

  0%|          | 0/30 [00:00<?, ?it/s]
  3%|▎         | 1/30 [00:00<00:09,  3.00it/s]
  7%|▋         | 2/30 [00:00<00:09,  2.95it/s]
 10%|█         | 3/30 [00:01<00:09,  2.96it/s]
 13%|█▎        | 4/30 [00:01<00:08,  3.06it/s]
 17%|█▋        | 5/30 [00:01<00:08,  3.07it/s]
 20%|██        | 6/30 [00:01<00:07,  3.00it/s]
 23%|██▎       | 7/30 [00:02<00:07,  3.06it/s]
 27%|██▋       | 8/30 [00:02<00:07,  3.06it/s]
 30%|███       | 9/30 [00:02<00:06,  3.02it/s]
 33%|███▎      | 10/30 [00:03<00:06,  3.07it/s]
 37%|███▋      | 11/30 [00:03<00:06,  3.09it/s]
 40%|████      | 12/30 [00:03<00:05,  3.02it/s]
 43%|████▎     | 13/30 [00:04<00:05,  3.11it/s]
 47%|████▋     | 14/30 [00:04<00:05,  3.08it/s]
 50%|█████     | 15/30 [00:04<00:04,  3.06it/s]
 53%|█████▎    | 16/30 [00:05<00:04,  3.09it/s]
 57%|█████▋    | 17/30 [00:05<00:04,  3.06it/s]
 60%|██████    | 18/30 [00:05<00:03,  3.04it/s]
 63%|██████▎   | 19/30 [00:06<00:03,  3.04it/s]
 67%|██████▋   | 20/30 [00:06<00:03,  3.07it/s]
 70%|███████   | 21/30 [00:06<00:02,  3.05it/s]
 73%|███████▎  | 22/30 [00:07<00:02,  3.08it/s]
 77%|███████▋  | 23/30 [00:07<00:02,  3.06it/s]
 80%|████████  | 24/30 [00:07<00:01,  3.05it/s]
 83%|████████▎ | 25/30 [00:08<00:01,  3.05it/s]
 87%|████████▋ | 26/30 [00:08<00:01,  3.06it/s]
 90%|█████████ | 27/30 [00:08<00:00,  3.05it/s]
 93%|█████████▎| 28/30 [00:09<00:00,  3.08it/s]
 97%|█████████▋| 29/30 [00:09<00:00,  3.06it/s]
100%|██████████| 30/30 [00:09<00:00,  3.44it/s]
100%|██████████| 30/30 [00:09<00:00,  3.09it/s]
WROTE C:\banyan-farm\lora-jerry-v2-twopass3-0822\out\tp3-seat-i6-s075-green.png
WROTE C:\banyan-farm\lora-jerry-v2-twopass3-0822\out\tp3-seat-i6-s075-green-mask.png
WROTE C:\banyan-farm\lora-jerry-v2-twopass3-0822\out\tp3-seat-i6-s075-green.png.meta.yaml
rc=0 render_s=10.7
==== step tp3-seat-i6-s075-green END rc=0 2026-08-22T13:17:33Z ====

==== step publish START 2026-08-22T13:17:33Z ====
argv: ["C:\\banyan-farm\\venv\\Scripts\\python.exe", "-c", "\nimport hashlib, glob, os, shutil\nOUT = \"C:/banyan-farm/lora-jerry-v2-twopass3-0822/out\"\nDST = \"C:/banyan-farm/courier-box/farm-out/lora-jerry-v2-twopass3-0822\"\nos.makedirs(DST, exist_ok=True)\nn = 0\nfound = []\nfound += sorted(glob.glob(OUT + \"/*.png\"))\nfound += sorted(glob.glob(OUT + \"/*.png.meta.yaml\"))\nfor p in found:\n    if os.path.isfile(p):\n        shutil.copyfile(p, os.path.join(DST, os.path.basename(p)))\n        n += 1\nwith open(os.path.join(DST, \"lora-jerry-v2-twopass3-0822.sha256\"), \"w\", encoding=\"utf-8\") as fh:\n    for name in sorted(os.listdir(DST)):\n        q = os.path.join(DST, name)\n        if os.path.isfile(q) and not name.endswith(\".sha256\"):\n            fh.write(\"%s  %s\" % (\n                hashlib.sha256(open(q, \"rb\").read()).hexdigest(), name) + chr(10))\nprint(\"published\", n, \"file(s) ->\", DST, flush=True)\nif n == 0:\n    raise SystemExit(\"NOTHING TO PUBLISH -- the sample produced no files\")\n"]
published 12 file(s) -> C:/banyan-farm/courier-box/farm-out/lora-jerry-v2-twopass3-0822
==== step publish END rc=0 2026-08-22T13:17:33Z ====
#### job lora-jerry-v2-twopass3-0822-1787404542 finished rc=0 2026-08-22T13:17:33Z
