steps:  99%|█████████▊| 582/590 [18:09<00:14,  1.87s/it, avr_loss=0.105]
steps:  99%|█████████▉| 583/590 [18:10<00:13,  1.87s/it, avr_loss=0.105]
steps:  99%|█████████▉| 583/590 [18:10<00:13,  1.87s/it, avr_loss=0.105]
steps:  99%|█████████▉| 584/590 [18:11<00:11,  1.87s/it, avr_loss=0.105]
steps:  99%|█████████▉| 584/590 [18:11<00:11,  1.87s/it, avr_loss=0.103]
steps:  99%|█████████▉| 585/590 [18:13<00:09,  1.87s/it, avr_loss=0.103]
steps:  99%|█████████▉| 585/590 [18:13<00:09,  1.87s/it, avr_loss=0.102]
steps:  99%|█████████▉| 586/590 [18:14<00:07,  1.87s/it, avr_loss=0.102]
steps:  99%|█████████▉| 586/590 [18:14<00:07,  1.87s/it, avr_loss=0.101]
steps:  99%|█████████▉| 587/590 [18:16<00:05,  1.87s/it, avr_loss=0.101]
steps:  99%|█████████▉| 587/590 [18:16<00:05,  1.87s/it, avr_loss=0.101]
steps: 100%|█████████▉| 588/590 [18:17<00:03,  1.87s/it, avr_loss=0.101]
steps: 100%|█████████▉| 588/590 [18:17<00:03,  1.87s/it, avr_loss=0.101]
steps: 100%|█████████▉| 589/590 [18:18<00:01,  1.87s/it, avr_loss=0.101]
steps: 100%|█████████▉| 589/590 [18:18<00:01,  1.87s/it, avr_loss=0.101]
steps: 100%|██████████| 590/590 [18:21<00:00,  1.87s/it, avr_loss=0.101]
steps: 100%|██████████| 590/590 [18:21<00:00,  1.87s/it, avr_loss=0.103]
saving checkpoint: C:\banyan-farm\lora-sapling-v2b-0822\out\bnysapling-sdxl-v2b.safetensors
2026-08-22 13:24:20 INFO     model saved.                 train_network.py:1863

steps: 100%|██████████| 590/590 [18:22<00:00,  1.87s/it, avr_loss=0.103]
==== step train END rc=0 2026-08-22T09:24:22Z ====

==== step sample START 2026-08-22T09:24:22Z ====
argv: ["C:\\banyan-farm\\venv\\Scripts\\python.exe", "C:\\banyan-farm\\lora-sapling-v2b-0822\\sample_lora.py", "--lora", "C:\\banyan-farm\\lora-sapling-v2b-0822\\out\\bnysapling-sdxl-v2b.safetensors", "--lora-weight", "0.8", "--prompt", "bnysapling, a young sapling, two leaves, 25 cm tall, medium shot, bare tilled earth field, a low stone wall behind, overcast, anime style, cel shading, detailed background, masterpiece, best quality, very aesthetic", "--negative", "1boy, 1girl, people, goblin, text, watermark, signature, photorealism, 3d render, low quality, worst quality, blurry", "--width", "832", "--height", "1216", "--steps", "40", "--guidance", "7.5", "--seed", "20260822", "--out", "C:\\banyan-farm\\lora-sapling-v2b-0822\\out\\SAMPLE-bnysapling-tilled-overcast.png"]

Loading pipeline components...:   0%|          | 0/7 [00:00<?, ?it/s]
Loading pipeline components...:  29%|██▊       | 2/7 [00:00<00:01,  3.97it/s]
Loading pipeline components...:  43%|████▎     | 3/7 [00:02<00:03,  1.22it/s]
Loading pipeline components...:  71%|███████▏  | 5/7 [00:02<00:00,  2.31it/s]
Loading pipeline components...: 100%|██████████| 7/7 [00:02<00:00,  3.74it/s]
Loading pipeline components...: 100%|██████████| 7/7 [00:02<00:00,  2.86it/s]
C:\banyan-farm\venv\Lib\site-packages\torch\nn\modules\module.py:1370: UserWarning: expandable_segments not supported on this platform (Triggered internally at C:\actions-runner\_work\pytorch\pytorch\pytorch\c10/cuda/CUDAAllocatorConfig.h:39.)
  return t.to(

  0%|          | 0/40 [00:00<?, ?it/s]
  2%|▎         | 1/40 [00:00<00:16,  2.41it/s]
  5%|▌         | 2/40 [00:00<00:11,  3.42it/s]
  8%|▊         | 3/40 [00:00<00:09,  3.96it/s]
 10%|█         | 4/40 [00:01<00:08,  4.05it/s]
 12%|█▎        | 5/40 [00:01<00:08,  4.09it/s]
 15%|█▌        | 6/40 [00:01<00:08,  4.24it/s]
 18%|█▊        | 7/40 [00:01<00:07,  4.42it/s]
 20%|██        | 8/40 [00:01<00:07,  4.46it/s]
 22%|██▎       | 9/40 [00:02<00:07,  4.37it/s]
 25%|██▌       | 10/40 [00:02<00:06,  4.41it/s]
 28%|██▊       | 11/40 [00:02<00:06,  4.44it/s]
 30%|███       | 12/40 [00:02<00:06,  4.55it/s]
 32%|███▎      | 13/40 [00:03<00:06,  4.43it/s]
 35%|███▌      | 14/40 [00:03<00:05,  4.45it/s]
 38%|███▊      | 15/40 [00:03<00:05,  4.37it/s]
 40%|████      | 16/40 [00:03<00:05,  4.47it/s]
 42%|████▎     | 17/40 [00:03<00:05,  4.50it/s]
 45%|████▌     | 18/40 [00:04<00:04,  4.43it/s]
 48%|████▊     | 19/40 [00:04<00:04,  4.45it/s]
 50%|█████     | 20/40 [00:04<00:04,  4.47it/s]
 52%|█████▎    | 21/40 [00:04<00:04,  4.57it/s]
 55%|█████▌    | 22/40 [00:05<00:04,  4.46it/s]
 57%|█████▊    | 23/40 [00:05<00:03,  4.48it/s]
 60%|██████    | 24/40 [00:05<00:03,  4.49it/s]
 62%|██████▎   | 25/40 [00:05<00:03,  4.50it/s]
 65%|██████▌   | 26/40 [00:05<00:03,  4.49it/s]
 68%|██████▊   | 27/40 [00:06<00:02,  4.41it/s]
 70%|███████   | 28/40 [00:06<00:02,  4.44it/s]
 72%|███████▎  | 29/40 [00:06<00:02,  4.46it/s]
 75%|███████▌  | 30/40 [00:06<00:02,  4.48it/s]
 78%|███████▊  | 31/40 [00:07<00:02,  4.45it/s]
 80%|████████  | 32/40 [00:07<00:01,  4.51it/s]
 82%|████████▎ | 33/40 [00:07<00:01,  4.51it/s]
 85%|████████▌ | 34/40 [00:07<00:01,  4.51it/s]
 88%|████████▊ | 35/40 [00:07<00:01,  4.50it/s]
 90%|█████████ | 36/40 [00:08<00:00,  4.40it/s]
 92%|█████████▎| 37/40 [00:08<00:00,  4.43it/s]
 95%|█████████▌| 38/40 [00:08<00:00,  4.45it/s]
 98%|█████████▊| 39/40 [00:08<00:00,  4.48it/s]
100%|██████████| 40/40 [00:09<00:00,  4.49it/s]
100%|██████████| 40/40 [00:09<00:00,  4.39it/s]
wrote C:\banyan-farm\lora-sapling-v2b-0822\out\SAMPLE-bnysapling-tilled-overcast.png
  lora=bnysapling-sdxl-v2b.safetensors weight=0.8 seed=20260822
==== step sample END rc=0 2026-08-22T09:24:41Z ====

==== step noregress-lora START 2026-08-22T09:24:41Z ====
argv: ["C:\\banyan-farm\\venv\\Scripts\\python.exe", "C:\\banyan-farm\\lora-sapling-v2b-0822\\sample_lora.py", "--lora", "C:\\banyan-farm\\lora-sapling-v2b-0822\\out\\bnysapling-sdxl-v2b.safetensors", "--lora-weight", "0.8", "--prompt", "a stone bridge over a river, forest, afternoon light, anime style, cel shading, detailed background, masterpiece, best quality, very aesthetic", "--negative", "text, watermark, signature, photorealism, 3d render, low quality, worst quality, blurry", "--width", "832", "--height", "1216", "--steps", "40", "--guidance", "7.5", "--seed", "20260822", "--out", "C:\\banyan-farm\\lora-sapling-v2b-0822\\out\\SAMPLE-noregress-A-lora.png"]

Loading pipeline components...:   0%|          | 0/7 [00:00<?, ?it/s]
Loading pipeline components...:  29%|██▊       | 2/7 [00:00<00:01,  3.84it/s]
Loading pipeline components...:  57%|█████▋    | 4/7 [00:00<00:00,  5.53it/s]
Loading pipeline components...: 100%|██████████| 7/7 [00:02<00:00,  2.50it/s]
Loading pipeline components...: 100%|██████████| 7/7 [00:02<00:00,  2.81it/s]
C:\banyan-farm\venv\Lib\site-packages\torch\nn\modules\module.py:1370: UserWarning: expandable_segments not supported on this platform (Triggered internally at C:\actions-runner\_work\pytorch\pytorch\pytorch\c10/cuda/CUDAAllocatorConfig.h:39.)
  return t.to(

  0%|          | 0/40 [00:00<?, ?it/s]
  2%|▎         | 1/40 [00:00<00:14,  2.62it/s]
  5%|▌         | 2/40 [00:00<00:10,  3.59it/s]
  8%|▊         | 3/40 [00:00<00:09,  4.07it/s]
 10%|█         | 4/40 [00:01<00:08,  4.11it/s]
 12%|█▎        | 5/40 [00:01<00:08,  4.15it/s]
 15%|█▌        | 6/40 [00:01<00:07,  4.27it/s]
 18%|█▊        | 7/40 [00:01<00:07,  4.44it/s]
 20%|██        | 8/40 [00:01<00:07,  4.46it/s]
 22%|██▎       | 9/40 [00:02<00:07,  4.37it/s]
 25%|██▌       | 10/40 [00:02<00:06,  4.32it/s]
 28%|██▊       | 11/40 [00:02<00:06,  4.47it/s]
 30%|███       | 12/40 [00:02<00:06,  4.46it/s]
 32%|███▎      | 13/40 [00:03<00:06,  4.49it/s]
 35%|███▌      | 14/40 [00:03<00:05,  4.40it/s]
 38%|███▊      | 15/40 [00:03<00:05,  4.43it/s]
 40%|████      | 16/40 [00:03<00:05,  4.46it/s]
 42%|████▎     | 17/40 [00:03<00:05,  4.48it/s]
 45%|████▌     | 18/40 [00:04<00:04,  4.49it/s]
 48%|████▊     | 19/40 [00:04<00:04,  4.39it/s]
 50%|█████     | 20/40 [00:04<00:04,  4.44it/s]
 52%|█████▎    | 21/40 [00:04<00:04,  4.54it/s]
 55%|█████▌    | 22/40 [00:05<00:04,  4.44it/s]
 57%|█████▊    | 23/40 [00:05<00:03,  4.46it/s]
 60%|██████    | 24/40 [00:05<00:03,  4.47it/s]
 62%|██████▎   | 25/40 [00:05<00:03,  4.48it/s]
 65%|██████▌   | 26/40 [00:05<00:03,  4.49it/s]
 68%|██████▊   | 27/40 [00:06<00:02,  4.50it/s]
 70%|███████   | 28/40 [00:06<00:02,  4.41it/s]
 72%|███████▎  | 29/40 [00:06<00:02,  4.44it/s]
 75%|███████▌  | 30/40 [00:06<00:02,  4.46it/s]
 78%|███████▊  | 31/40 [00:07<00:02,  4.49it/s]
 80%|████████  | 32/40 [00:07<00:01,  4.49it/s]
 82%|████████▎ | 33/40 [00:07<00:01,  4.50it/s]
 85%|████████▌ | 34/40 [00:07<00:01,  4.50it/s]
 88%|████████▊ | 35/40 [00:07<00:01,  4.50it/s]
 90%|█████████ | 36/40 [00:08<00:00,  4.41it/s]
 92%|█████████▎| 37/40 [00:08<00:00,  4.43it/s]
 95%|█████████▌| 38/40 [00:08<00:00,  4.44it/s]
 98%|█████████▊| 39/40 [00:08<00:00,  4.48it/s]
100%|██████████| 40/40 [00:09<00:00,  4.48it/s]
100%|██████████| 40/40 [00:09<00:00,  4.40it/s]
wrote C:\banyan-farm\lora-sapling-v2b-0822\out\SAMPLE-noregress-A-lora.png
  lora=bnysapling-sdxl-v2b.safetensors weight=0.8 seed=20260822
==== step noregress-lora END rc=0 2026-08-22T09:25:01Z ====

==== step noregress-base START 2026-08-22T09:25:01Z ====
argv: ["C:\\banyan-farm\\venv\\Scripts\\python.exe", "C:\\banyan-farm\\lora-sapling-v2b-0822\\sample_lora.py", "--no-lora", "--lora", "C:\\banyan-farm\\lora-sapling-v2b-0822\\out\\bnysapling-sdxl-v2b.safetensors", "--lora-weight", "0.8", "--prompt", "a stone bridge over a river, forest, afternoon light, anime style, cel shading, detailed background, masterpiece, best quality, very aesthetic", "--negative", "text, watermark, signature, photorealism, 3d render, low quality, worst quality, blurry", "--width", "832", "--height", "1216", "--steps", "40", "--guidance", "7.5", "--seed", "20260822", "--out", "C:\\banyan-farm\\lora-sapling-v2b-0822\\out\\SAMPLE-noregress-B-base.png"]

Loading pipeline components...:   0%|          | 0/7 [00:00<?, ?it/s]
Loading pipeline components...:  29%|██▊       | 2/7 [00:01<00:04,  1.17it/s]
Loading pipeline components...:  43%|████▎     | 3/7 [00:02<00:02,  1.41it/s]
Loading pipeline components...:  57%|█████▋    | 4/7 [00:02<00:01,  1.97it/s]
Loading pipeline components...: 100%|██████████| 7/7 [00:02<00:00,  2.86it/s]
C:\banyan-farm\venv\Lib\site-packages\torch\nn\modules\module.py:1370: UserWarning: expandable_segments not supported on this platform (Triggered internally at C:\actions-runner\_work\pytorch\pytorch\pytorch\c10/cuda/CUDAAllocatorConfig.h:39.)
  return t.to(

  0%|          | 0/40 [00:00<?, ?it/s]
  2%|▎         | 1/40 [00:00<00:16,  2.34it/s]
  5%|▌         | 2/40 [00:00<00:11,  3.36it/s]
  8%|▊         | 3/40 [00:00<00:09,  3.90it/s]
 10%|█         | 4/40 [00:01<00:08,  4.01it/s]
 12%|█▎        | 5/40 [00:01<00:08,  4.08it/s]
 15%|█▌        | 6/40 [00:01<00:08,  4.22it/s]
 18%|█▊        | 7/40 [00:01<00:07,  4.41it/s]
 20%|██        | 8/40 [00:01<00:07,  4.44it/s]
 22%|██▎       | 9/40 [00:02<00:07,  4.37it/s]
 25%|██▌       | 10/40 [00:02<00:06,  4.31it/s]
 28%|██▊       | 11/40 [00:02<00:06,  4.48it/s]
 30%|███       | 12/40 [00:02<00:06,  4.48it/s]
 32%|███▎      | 13/40 [00:03<00:06,  4.48it/s]
 35%|███▌      | 14/40 [00:03<00:05,  4.40it/s]
 38%|███▊      | 15/40 [00:03<00:05,  4.39it/s]
 40%|████      | 16/40 [00:03<00:05,  4.46it/s]
 42%|████▎     | 17/40 [00:03<00:05,  4.58it/s]
 45%|████▌     | 18/40 [00:04<00:04,  4.46it/s]
 48%|████▊     | 19/40 [00:04<00:04,  4.38it/s]
 50%|█████     | 20/40 [00:04<00:04,  4.45it/s]
 52%|█████▎    | 21/40 [00:04<00:04,  4.49it/s]
 55%|█████▌    | 22/40 [00:05<00:03,  4.53it/s]
 57%|█████▊    | 23/40 [00:05<00:03,  4.41it/s]
 60%|██████    | 24/40 [00:05<00:03,  4.43it/s]
 62%|██████▎   | 25/40 [00:05<00:03,  4.49it/s]
 65%|██████▌   | 26/40 [00:06<00:03,  4.49it/s]
 68%|██████▊   | 27/40 [00:06<00:02,  4.49it/s]
 70%|███████   | 28/40 [00:06<00:02,  4.50it/s]
 72%|███████▎  | 29/40 [00:06<00:02,  4.50it/s]
 75%|███████▌  | 30/40 [00:06<00:02,  4.49it/s]
 78%|███████▊  | 31/40 [00:07<00:01,  4.51it/s]
 80%|████████  | 32/40 [00:07<00:01,  4.42it/s]
 82%|████████▎ | 33/40 [00:07<00:01,  4.44it/s]
 85%|████████▌ | 34/40 [00:07<00:01,  4.46it/s]
 88%|████████▊ | 35/40 [00:08<00:01,  4.48it/s]
 90%|█████████ | 36/40 [00:08<00:00,  4.48it/s]
 92%|█████████▎| 37/40 [00:08<00:00,  4.49it/s]
 95%|█████████▌| 38/40 [00:08<00:00,  4.49it/s]
 98%|█████████▊| 39/40 [00:08<00:00,  4.49it/s]
100%|██████████| 40/40 [00:09<00:00,  4.40it/s]
100%|██████████| 40/40 [00:09<00:00,  4.37it/s]
wrote C:\banyan-farm\lora-sapling-v2b-0822\out\SAMPLE-noregress-B-base.png
  lora=none weight=0.8 seed=20260822
==== step noregress-base END rc=0 2026-08-22T09:25:19Z ====

==== step publish START 2026-08-22T09:25:19Z ====
argv: ["C:\\banyan-farm\\venv-lora\\Scripts\\python.exe", "-c", "import glob, hashlib, os, shutil\ndst = r\"C:\\banyan-farm\\courier-box\\farm-out\\lora-sapling-v2b-0822\"\nos.makedirs(dst, exist_ok=True)\nsrc = sorted(glob.glob(r\"C:\\banyan-farm\\lora-sapling-v2b-0822\\out\\*.safetensors\")\n             + glob.glob(r\"C:\\banyan-farm\\lora-sapling-v2b-0822\\out\\SAMPLE-*.png\")\n             + glob.glob(r\"C:\\banyan-farm\\lora-sapling-v2b-0822\\out\\SAMPLE-*.meta.yaml\"))\nlines = []\nfor f in src:\n    shutil.copy2(f, dst)\n    with open(os.path.join(dst, os.path.basename(f)), \"rb\") as fh:\n        lines.append(hashlib.sha256(fh.read()).hexdigest() + \"  \" + os.path.basename(f))\nwith open(os.path.join(dst, \"lora-sapling-v2b-0822.sha256\"), \"w\", newline=\"\\n\") as fh:\n    fh.write(\"\\n\".join(lines) + \"\\n\")\nprint(\"published\", len(src), \"file(s) ->\", dst)\nraise SystemExit(0 if len(src) >= 4 else 1)\n"]
published 11 file(s) -> C:\banyan-farm\courier-box\farm-out\lora-sapling-v2b-0822
==== step publish END rc=0 2026-08-22T09:25:20Z ====
#### job lora-sapling-v2b-0822-1787389516 finished rc=0 2026-08-22T09:25:20Z
