 57%|█████▊    | 23/40 [00:05<00:03,  4.42it/s]
 60%|██████    | 24/40 [00:05<00:03,  4.44it/s]
 62%|██████▎   | 25/40 [00:05<00:03,  4.56it/s]
 65%|██████▌   | 26/40 [00:05<00:03,  4.54it/s]
 68%|██████▊   | 27/40 [00:06<00:02,  4.43it/s]
 70%|███████   | 28/40 [00:06<00:02,  4.44it/s]
 72%|███████▎  | 29/40 [00:06<00:02,  4.47it/s]
 75%|███████▌  | 30/40 [00:06<00:02,  4.58it/s]
 78%|███████▊  | 31/40 [00:07<00:02,  4.45it/s]
 80%|████████  | 32/40 [00:07<00:01,  4.46it/s]
 82%|████████▎ | 33/40 [00:07<00:01,  4.48it/s]
 85%|████████▌ | 34/40 [00:07<00:01,  4.49it/s]
 88%|████████▊ | 35/40 [00:07<00:01,  4.49it/s]
 90%|█████████ | 36/40 [00:08<00:00,  4.50it/s]
 92%|█████████▎| 37/40 [00:08<00:00,  4.50it/s]
 95%|█████████▌| 38/40 [00:08<00:00,  4.50it/s]
 98%|█████████▊| 39/40 [00:08<00:00,  4.51it/s]
100%|██████████| 40/40 [00:09<00:00,  4.42it/s]
100%|██████████| 40/40 [00:09<00:00,  4.39it/s]
wrote C:\banyan-farm\lora-jerry-v2-bars-0822\out\LADDER-w065.png
  lora=bnyjerry-sdxl-v2.safetensors weight=0.65 seed=20260822
==== step ladder-w065 END rc=0 2026-08-22T11:44:52Z ====

==== step ladder-w05 START 2026-08-22T11:44:52Z ====
argv: ["C:\\banyan-farm\\venv\\Scripts\\python.exe", "C:\\banyan-farm\\lora-jerry-v2-bars-0822\\sample_lora.py", "--lora", "C:\\banyan-farm\\lora-jerry-v2-0822\\out\\bnyjerry-sdxl-v2.safetensors", "--lora-weight", "0.5", "--prompt", "bnyjerry, 1boy, solo, standing, upper body, in a dim workshop, single candle, anime style, cel shading, masterpiece, best quality, very aesthetic", "--negative", "lowres, worst quality, low quality, text, watermark, photorealism, 3d render, blurry, 2boys, multiple heads", "--width", "832", "--height", "1216", "--steps", "40", "--guidance", "7.5", "--seed", "20260822", "--out", "C:\\banyan-farm\\lora-jerry-v2-bars-0822\\out\\LADDER-w05.png"]

Loading pipeline components...:   0%|          | 0/7 [00:00<?, ?it/s]
Loading pipeline components...:  29%|██▊       | 2/7 [00:00<00:01,  3.73it/s]
Loading pipeline components...:  71%|███████▏  | 5/7 [00:00<00:00,  7.45it/s]
Loading pipeline components...:  86%|████████▌ | 6/7 [00:02<00:00,  2.06it/s]
Loading pipeline components...: 100%|██████████| 7/7 [00:02<00:00,  2.91it/s]
C:\banyan-farm\venv\Lib\site-packages\torch\nn\modules\module.py:1370: UserWarning: expandable_segments not supported on this platform (Triggered internally at C:\actions-runner\_work\pytorch\pytorch\pytorch\c10/cuda/CUDAAllocatorConfig.h:39.)
  return t.to(

  0%|          | 0/40 [00:00<?, ?it/s]
  2%|▎         | 1/40 [00:00<00:17,  2.26it/s]
  5%|▌         | 2/40 [00:00<00:11,  3.35it/s]
  8%|▊         | 3/40 [00:00<00:09,  3.90it/s]
 10%|█         | 4/40 [00:01<00:08,  4.02it/s]
 12%|█▎        | 5/40 [00:01<00:08,  4.05it/s]
 15%|█▌        | 6/40 [00:01<00:08,  4.19it/s]
 18%|█▊        | 7/40 [00:01<00:07,  4.45it/s]
 20%|██        | 8/40 [00:01<00:07,  4.43it/s]
 22%|██▎       | 9/40 [00:02<00:07,  4.40it/s]
 25%|██▌       | 10/40 [00:02<00:06,  4.32it/s]
 28%|██▊       | 11/40 [00:02<00:06,  4.41it/s]
 30%|███       | 12/40 [00:02<00:06,  4.51it/s]
 32%|███▎      | 13/40 [00:03<00:05,  4.53it/s]
 35%|███▌      | 14/40 [00:03<00:05,  4.43it/s]
 38%|███▊      | 15/40 [00:03<00:05,  4.46it/s]
 40%|████      | 16/40 [00:03<00:05,  4.46it/s]
 42%|████▎     | 17/40 [00:03<00:05,  4.59it/s]
 45%|████▌     | 18/40 [00:04<00:04,  4.47it/s]
 48%|████▊     | 19/40 [00:04<00:04,  4.48it/s]
 50%|█████     | 20/40 [00:04<00:04,  4.48it/s]
 52%|█████▎    | 21/40 [00:04<00:04,  4.49it/s]
 55%|█████▌    | 22/40 [00:05<00:04,  4.50it/s]
 57%|█████▊    | 23/40 [00:05<00:03,  4.41it/s]
 60%|██████    | 24/40 [00:05<00:03,  4.44it/s]
 62%|██████▎   | 25/40 [00:05<00:03,  4.55it/s]
 65%|██████▌   | 26/40 [00:05<00:03,  4.53it/s]
 68%|██████▊   | 27/40 [00:06<00:02,  4.44it/s]
 70%|███████   | 28/40 [00:06<00:02,  4.46it/s]
 72%|███████▎  | 29/40 [00:06<00:02,  4.48it/s]
 75%|███████▌  | 30/40 [00:06<00:02,  4.48it/s]
 78%|███████▊  | 31/40 [00:07<00:02,  4.49it/s]
 80%|████████  | 32/40 [00:07<00:01,  4.49it/s]
 82%|████████▎ | 33/40 [00:07<00:01,  4.50it/s]
 85%|████████▌ | 34/40 [00:07<00:01,  4.50it/s]
 88%|████████▊ | 35/40 [00:08<00:01,  4.44it/s]
 90%|█████████ | 36/40 [00:08<00:00,  4.44it/s]
 92%|█████████▎| 37/40 [00:08<00:00,  4.45it/s]
 95%|█████████▌| 38/40 [00:08<00:00,  4.47it/s]
 98%|█████████▊| 39/40 [00:08<00:00,  4.49it/s]
100%|██████████| 40/40 [00:09<00:00,  4.49it/s]
100%|██████████| 40/40 [00:09<00:00,  4.38it/s]
wrote C:\banyan-farm\lora-jerry-v2-bars-0822\out\LADDER-w05.png
  lora=bnyjerry-sdxl-v2.safetensors weight=0.5 seed=20260822
==== step ladder-w05 END rc=0 2026-08-22T11:45:12Z ====

==== step ladder-w035 START 2026-08-22T11:45:12Z ====
argv: ["C:\\banyan-farm\\venv\\Scripts\\python.exe", "C:\\banyan-farm\\lora-jerry-v2-bars-0822\\sample_lora.py", "--lora", "C:\\banyan-farm\\lora-jerry-v2-0822\\out\\bnyjerry-sdxl-v2.safetensors", "--lora-weight", "0.35", "--prompt", "bnyjerry, 1boy, solo, standing, upper body, in a dim workshop, single candle, anime style, cel shading, masterpiece, best quality, very aesthetic", "--negative", "lowres, worst quality, low quality, text, watermark, photorealism, 3d render, blurry, 2boys, multiple heads", "--width", "832", "--height", "1216", "--steps", "40", "--guidance", "7.5", "--seed", "20260822", "--out", "C:\\banyan-farm\\lora-jerry-v2-bars-0822\\out\\LADDER-w035.png"]

Loading pipeline components...:   0%|          | 0/7 [00:00<?, ?it/s]
Loading pipeline components...:  43%|████▎     | 3/7 [00:00<00:00, 15.33it/s]
Loading pipeline components...:  71%|███████▏  | 5/7 [00:00<00:00,  6.00it/s]
Loading pipeline components...:  86%|████████▌ | 6/7 [00:02<00:00,  1.81it/s]
Loading pipeline components...: 100%|██████████| 7/7 [00:02<00:00,  2.81it/s]
C:\banyan-farm\venv\Lib\site-packages\torch\nn\modules\module.py:1370: UserWarning: expandable_segments not supported on this platform (Triggered internally at C:\actions-runner\_work\pytorch\pytorch\pytorch\c10/cuda/CUDAAllocatorConfig.h:39.)
  return t.to(

  0%|          | 0/40 [00:00<?, ?it/s]
  2%|▎         | 1/40 [00:00<00:17,  2.29it/s]
  5%|▌         | 2/40 [00:00<00:11,  3.32it/s]
  8%|▊         | 3/40 [00:00<00:09,  3.87it/s]
 10%|█         | 4/40 [00:01<00:08,  4.04it/s]
 12%|█▎        | 5/40 [00:01<00:08,  4.07it/s]
 15%|█▌        | 6/40 [00:01<00:08,  4.22it/s]
 18%|█▊        | 7/40 [00:01<00:07,  4.39it/s]
 20%|██        | 8/40 [00:01<00:07,  4.46it/s]
 22%|██▎       | 9/40 [00:02<00:07,  4.38it/s]
 25%|██▌       | 10/40 [00:02<00:06,  4.35it/s]
 28%|██▊       | 11/40 [00:02<00:06,  4.45it/s]
 30%|███       | 12/40 [00:02<00:06,  4.55it/s]
 32%|███▎      | 13/40 [00:03<00:05,  4.54it/s]
 35%|███▌      | 14/40 [00:03<00:05,  4.37it/s]
 38%|███▊      | 15/40 [00:03<00:05,  4.42it/s]
 40%|████      | 16/40 [00:03<00:05,  4.50it/s]
 42%|████▎     | 17/40 [00:03<00:05,  4.50it/s]
 45%|████▌     | 18/40 [00:04<00:04,  4.45it/s]
 48%|████▊     | 19/40 [00:04<00:04,  4.46it/s]
 50%|█████     | 20/40 [00:04<00:04,  4.48it/s]
 52%|█████▎    | 21/40 [00:04<00:04,  4.59it/s]
 55%|█████▌    | 22/40 [00:05<00:04,  4.47it/s]
 57%|█████▊    | 23/40 [00:05<00:03,  4.48it/s]
 60%|██████    | 24/40 [00:05<00:03,  4.49it/s]
 62%|██████▎   | 25/40 [00:05<00:03,  4.50it/s]
 65%|██████▌   | 26/40 [00:05<00:03,  4.50it/s]
 68%|██████▊   | 27/40 [00:06<00:02,  4.42it/s]
 70%|███████   | 28/40 [00:06<00:02,  4.44it/s]
 72%|███████▎  | 29/40 [00:06<00:02,  4.46it/s]
 75%|███████▌  | 30/40 [00:06<00:02,  4.57it/s]
 78%|███████▊  | 31/40 [00:07<00:02,  4.46it/s]
 80%|████████  | 32/40 [00:07<00:01,  4.47it/s]
 82%|████████▎ | 33/40 [00:07<00:01,  4.49it/s]
 85%|████████▌ | 34/40 [00:07<00:01,  4.50it/s]
 88%|████████▊ | 35/40 [00:08<00:01,  4.50it/s]
 90%|█████████ | 36/40 [00:08<00:00,  4.51it/s]
 92%|█████████▎| 37/40 [00:08<00:00,  4.41it/s]
 95%|█████████▌| 38/40 [00:08<00:00,  4.44it/s]
 98%|█████████▊| 39/40 [00:08<00:00,  4.56it/s]
100%|██████████| 40/40 [00:09<00:00,  4.45it/s]
100%|██████████| 40/40 [00:09<00:00,  4.38it/s]
wrote C:\banyan-farm\lora-jerry-v2-bars-0822\out\LADDER-w035.png
  lora=bnyjerry-sdxl-v2.safetensors weight=0.35 seed=20260822
==== step ladder-w035 END rc=0 2026-08-22T11:45:31Z ====

==== step ladder-w02 START 2026-08-22T11:45:31Z ====
argv: ["C:\\banyan-farm\\venv\\Scripts\\python.exe", "C:\\banyan-farm\\lora-jerry-v2-bars-0822\\sample_lora.py", "--lora", "C:\\banyan-farm\\lora-jerry-v2-0822\\out\\bnyjerry-sdxl-v2.safetensors", "--lora-weight", "0.2", "--prompt", "bnyjerry, 1boy, solo, standing, upper body, in a dim workshop, single candle, anime style, cel shading, masterpiece, best quality, very aesthetic", "--negative", "lowres, worst quality, low quality, text, watermark, photorealism, 3d render, blurry, 2boys, multiple heads", "--width", "832", "--height", "1216", "--steps", "40", "--guidance", "7.5", "--seed", "20260822", "--out", "C:\\banyan-farm\\lora-jerry-v2-bars-0822\\out\\LADDER-w02.png"]

Loading pipeline components...:   0%|          | 0/7 [00:00<?, ?it/s]
Loading pipeline components...:  14%|█▍        | 1/7 [00:00<00:01,  5.85it/s]
Loading pipeline components...:  57%|█████▋    | 4/7 [00:00<00:00,  5.89it/s]
Loading pipeline components...:  86%|████████▌ | 6/7 [00:02<00:00,  2.11it/s]
Loading pipeline components...: 100%|██████████| 7/7 [00:02<00:00,  2.59it/s]
Loading pipeline components...: 100%|██████████| 7/7 [00:02<00:00,  2.78it/s]
C:\banyan-farm\venv\Lib\site-packages\torch\nn\modules\module.py:1370: UserWarning: expandable_segments not supported on this platform (Triggered internally at C:\actions-runner\_work\pytorch\pytorch\pytorch\c10/cuda/CUDAAllocatorConfig.h:39.)
  return t.to(

  0%|          | 0/40 [00:00<?, ?it/s]
  2%|▎         | 1/40 [00:00<00:16,  2.33it/s]
  5%|▌         | 2/40 [00:00<00:11,  3.36it/s]
  8%|▊         | 3/40 [00:00<00:09,  3.91it/s]
 10%|█         | 4/40 [00:01<00:09,  3.99it/s]
 12%|█▎        | 5/40 [00:01<00:08,  4.05it/s]
 15%|█▌        | 6/40 [00:01<00:08,  4.19it/s]
 18%|█▊        | 7/40 [00:01<00:07,  4.36it/s]
 20%|██        | 8/40 [00:01<00:07,  4.45it/s]
 22%|██▎       | 9/40 [00:02<00:07,  4.38it/s]
 25%|██▌       | 10/40 [00:02<00:06,  4.35it/s]
 28%|██▊       | 11/40 [00:02<00:06,  4.44it/s]
 30%|███       | 12/40 [00:02<00:06,  4.51it/s]
 32%|███▎      | 13/40 [00:03<00:05,  4.56it/s]
 35%|███▌      | 14/40 [00:03<00:05,  4.39it/s]
 38%|███▊      | 15/40 [00:03<00:05,  4.49it/s]
 40%|████      | 16/40 [00:03<00:05,  4.47it/s]
 42%|████▎     | 17/40 [00:03<00:05,  4.50it/s]
 45%|████▌     | 18/40 [00:04<00:04,  4.45it/s]
 48%|████▊     | 19/40 [00:04<00:04,  4.44it/s]
 50%|█████     | 20/40 [00:04<00:04,  4.46it/s]
 52%|█████▎    | 21/40 [00:04<00:04,  4.58it/s]
 55%|█████▌    | 22/40 [00:05<00:04,  4.46it/s]
 57%|█████▊    | 23/40 [00:05<00:03,  4.48it/s]
 60%|██████    | 24/40 [00:05<00:03,  4.49it/s]
 62%|██████▎   | 25/40 [00:05<00:03,  4.50it/s]
 65%|██████▌   | 26/40 [00:05<00:03,  4.47it/s]
 68%|██████▊   | 27/40 [00:06<00:02,  4.45it/s]
 70%|███████   | 28/40 [00:06<00:02,  4.45it/s]
 72%|███████▎  | 29/40 [00:06<00:02,  4.47it/s]
 75%|███████▌  | 30/40 [00:06<00:02,  4.48it/s]
 78%|███████▊  | 31/40 [00:07<00:02,  4.49it/s]
 80%|████████  | 32/40 [00:07<00:01,  4.44it/s]
 82%|████████▎ | 33/40 [00:07<00:01,  4.52it/s]
 85%|████████▌ | 34/40 [00:07<00:01,  4.52it/s]
 88%|████████▊ | 35/40 [00:08<00:01,  4.51it/s]
 90%|█████████ | 36/40 [00:08<00:00,  4.51it/s]
 92%|█████████▎| 37/40 [00:08<00:00,  4.41it/s]
 95%|█████████▌| 38/40 [00:08<00:00,  4.54it/s]
 98%|█████████▊| 39/40 [00:08<00:00,  4.53it/s]
100%|██████████| 40/40 [00:09<00:00,  4.43it/s]
100%|██████████| 40/40 [00:09<00:00,  4.38it/s]
wrote C:\banyan-farm\lora-jerry-v2-bars-0822\out\LADDER-w02.png
  lora=bnyjerry-sdxl-v2.safetensors weight=0.2 seed=20260822
==== step ladder-w02 END rc=0 2026-08-22T11:45:51Z ====

==== step publish START 2026-08-22T11:45:51Z ====
argv: ["C:\\banyan-farm\\venv\\Scripts\\python.exe", "-c", "\nimport hashlib, glob, os, shutil\n# FORWARD SLASHES AND A PLAIN `name = \"literal\"`, BOTH FOR THE SAME NON-HUMAN\n# READER. box_enqueue's arm guard resolves publish globs statically so it can\n# check that every --arm step's picture is claimed by something; it matches\n# `name = \"literal\"` (no r-prefix), it resolves `VAR + \"/pattern\"` (not\n# os.path.join), and it normalises forward slashes itself. Written any other way\n# the guard cannot see the patterns, reports the B2 pictures as unclaimed, and\n# refuses the job -- which is the guard working correctly on a spec that was\n# talking past it. Windows takes forward slashes in every path API used here.\nOUT = \"C:/banyan-farm/lora-jerry-v2-bars-0822/out\"\nDST = \"C:/banyan-farm/courier-box/farm-out/lora-jerry-v2-bars-0822\"\nos.makedirs(DST, exist_ok=True)\n# THE GLOB IS `*.png` AND NOT `*`, AND THAT IS FOR A READER RATHER THAN FOR\n# CORRECTNESS. box_enqueue's arm guard scans publish globs for the picture each\n# --arm step will write, and it only inspects patterns whose basename mentions\n# .png -- a bare `*` names nothing it can check, so the guard reports the B2\n# cells as unclaimed and refuses the job. Spelling the extension is how the\n# guard is satisfied honestly, rather than by adding a path that lies.\n# THE GLOB CALLS ARE LITERAL, ONE PER PATTERN, AND THAT IS FOR A READER THAT IS\n# NOT HUMAN. box_enqueue's arm guard parses this source for glob() calls and\n# resolves their arguments statically, so it can check that every --arm step's\n# picture is actually claimed by something. A pattern held in a LOOP VARIABLE is\n# unresolvable, the guard leaves it alone rather than guessing, and the B2 cells\n# then read as unclaimed -- which is how eight good ep2-b04-tileread renders\n# exited rc=1 on 2026-08-21 with the pictures already on the card. Spelling each\n# pattern out is what lets the guard do its job instead of being talked past.\nn = 0\nfound = []\nfound += sorted(glob.glob(OUT + \"/*.png\"))\nfound += sorted(glob.glob(OUT + \"/*.png.meta.yaml\"))\nfound += sorted(glob.glob(OUT + \"/*.txt\"))\nfor p in found:\n    if os.path.isfile(p):\n        shutil.copyfile(p, os.path.join(DST, os.path.basename(p)))\n        n += 1\nwith open(os.path.join(DST, \"lora-jerry-v2-bars-0822.sha256\"), \"w\", encoding=\"utf-8\") as fh:\n    for name in sorted(os.listdir(DST)):\n        q = os.path.join(DST, name)\n        if os.path.isfile(q) and not name.endswith(\".sha256\"):\n            fh.write(\"%s  %s\\n\" % (\n                hashlib.sha256(open(q, \"rb\").read()).hexdigest(), name))\nprint(\"published\", n, \"file(s) ->\", DST, flush=True)\nif n == 0:\n    raise SystemExit(\"NOTHING TO PUBLISH -- the grid produced no files\")\n"]
published 58 file(s) -> C:/banyan-farm/courier-box/farm-out/lora-jerry-v2-bars-0822
==== step publish END rc=0 2026-08-22T11:45:51Z ====
#### job lora-jerry-v2-bars-0822-1787398453 finished rc=0 2026-08-22T11:45:51Z
