#### job lora-jerry-v2-twopass-0822-1787403153 attempt 1 start 2026-08-22T12:52:43Z

==== step fetch START 2026-08-22T12:52:43Z ====
argv: ["C:\\banyan-farm\\venv\\Scripts\\python.exe", "C:\\banyan-farm\\lora-jerry-v2-twopass-0822\\fetch_hints.py"]
fetched jerry-skel-h240seat-0821.png 9027 bytes OK
fetched jerry-poseproof-init-0822.png 5712 bytes OK
fetched jerry-poseproof-maskall-0822.png 3278 bytes OK
==== step fetch END rc=0 2026-08-22T12:52:44Z ====

==== step twopass-b13seat-s050 START 2026-08-22T12:52:44Z ====
argv: ["C:\\banyan-farm\\venv\\Scripts\\python.exe", "C:\\banyan-farm\\lora-jerry-v2-twopass-0822\\inpaint_fruit.py", "--init", "C:\\banyan-farm\\courier-box\\farm-out\\lora-jerry-v2-b2r6-0822\\b2r6-b13seat-base.png", "--init-sha256", "5f7d41a616edf80744d9961a573dafc59a003944272b65a535c01aecd415acef", "--mask-png", "C:\\banyan-farm\\lora-jerry-v2-twopass-0822\\jerry-poseproof-maskall-0822.png", "--strength", "0.50", "--pad-crop", "0", "--blur", "0", "--controlnet", "C:\\banyan-farm\\cnet-openpose-twins", "--control", "C:\\banyan-farm\\lora-jerry-v2-twopass-0822\\jerry-skel-h240seat-0821.png", "--control-sha256", "1e95abc723f366f2e8c6b486937cfe8709edcbe2d8af0186fa82461c8e792686", "--scale", "1.0", "--prompt-file", "C:\\banyan-farm\\lora-jerry-v2-twopass-0822\\prompt.txt", "--negative-file", "C:\\banyan-farm\\lora-jerry-v2-twopass-0822\\negative.txt", "--steps", "40", "--cfg", "7.5", "--seed", "20260822", "--out", "C:\\banyan-farm\\lora-jerry-v2-twopass-0822\\out\\twopass-b13seat-s050.png", "--lora", "C:\\banyan-farm\\lora-jerry-v2-0822\\out\\bnyjerry-sdxl-v2.safetensors", "--lora-weight", "0.8", "--lora-sha256", "4340857d02f17dbfa50c66e0a2d8f4dc3ffebb4fad1621bb3f59242e61bfeb8b", "--note", "THE TWO-PASS at strength 0.50. Pass one's seated plate as the init, all-white mask, bnyjerry at 0.8, beat 13's skeleton still attached at 1.0. The i2i route's own mechanism is the reason this can work: at low strength the high-noise steps that decide structure never run, so the seat is not up for negotiation and the LoRA only repaints."]
HINT MAGNIFICATION 1.000x (ceiling 1.05) -- the hint reaches the net at the scale it was authored

Loading pipeline components...:   0%|          | 0/7 [00:00<?, ?it/s]
Loading pipeline components...:  14%|█▍        | 1/7 [00:00<00:03,  1.86it/s]
Loading pipeline components...:  29%|██▊       | 2/7 [00:02<00:05,  1.20s/it]
Loading pipeline components...:  43%|████▎     | 3/7 [00:02<00:02,  1.35it/s]
Loading pipeline components...:  71%|███████▏  | 5/7 [00:02<00:00,  2.82it/s]
Loading pipeline components...: 100%|██████████| 7/7 [00:02<00:00,  2.74it/s]
C:\banyan-farm\venv\Lib\site-packages\torch\nn\modules\module.py:1370: UserWarning: expandable_segments not supported on this platform (Triggered internally at C:\actions-runner\_work\pytorch\pytorch\pytorch\c10/cuda/CUDAAllocatorConfig.h:39.)
  return t.to(
MODEL_LOADED cagliostrolab/animagine-xl-3.1 cuda/bfloat16 unet.in_channels=4 in 6s
LORA bnyjerry-sdxl-v2.safetensors fused at weight 0.80, sha 4340857d02f17dbf
C:\banyan-farm\venv\Lib\site-packages\diffusers\models\vq_model.py:20: FutureWarning: `VQEncoderOutput` is deprecated and will be removed in version 0.31. Importing `VQEncoderOutput` from `diffusers.models.vq_model` is deprecated and this will be removed in a future version. Please use `from diffusers.models.autoencoders.vq_model import VQEncoderOutput`, instead.
  deprecate("VQEncoderOutput", "0.31", deprecation_message)
C:\banyan-farm\venv\Lib\site-packages\diffusers\models\vq_model.py:25: FutureWarning: `VQModel` is deprecated and will be removed in version 0.31. Importing `VQModel` from `diffusers.models.vq_model` is deprecated and this will be removed in a future version. Please use `from diffusers.models.autoencoders.vq_model import VQModel`, instead.
  deprecate("VQModel", "0.31", deprecation_message)
PIPELINE StableDiffusionXLControlNetInpaintPipeline, 1 net(s), scales 1.0

  0%|          | 0/20 [00:00<?, ?it/s]
  5%|▌         | 1/20 [00:00<00:06,  3.03it/s]
 10%|█         | 2/20 [00:00<00:05,  3.10it/s]
 15%|█▌        | 3/20 [00:00<00:05,  2.99it/s]
 20%|██        | 4/20 [00:01<00:05,  3.06it/s]
 25%|██▌       | 5/20 [00:01<00:04,  3.09it/s]
 30%|███       | 6/20 [00:01<00:04,  3.01it/s]
 35%|███▌      | 7/20 [00:02<00:04,  3.11it/s]
 40%|████      | 8/20 [00:02<00:03,  3.07it/s]
 45%|████▌     | 9/20 [00:02<00:03,  3.05it/s]
 50%|█████     | 10/20 [00:03<00:03,  3.08it/s]
 55%|█████▌    | 11/20 [00:03<00:02,  3.10it/s]
 60%|██████    | 12/20 [00:03<00:02,  3.07it/s]
 65%|██████▌   | 13/20 [00:04<00:02,  3.09it/s]
 70%|███████   | 14/20 [00:04<00:01,  3.06it/s]
 75%|███████▌  | 15/20 [00:04<00:01,  3.04it/s]
 80%|████████  | 16/20 [00:05<00:01,  3.07it/s]
 85%|████████▌ | 17/20 [00:05<00:00,  3.12it/s]
 90%|█████████ | 18/20 [00:05<00:00,  3.05it/s]
 95%|█████████▌| 19/20 [00:06<00:00,  3.07it/s]
100%|██████████| 20/20 [00:06<00:00,  3.44it/s]
100%|██████████| 20/20 [00:06<00:00,  3.12it/s]
WROTE C:\banyan-farm\lora-jerry-v2-twopass-0822\out\twopass-b13seat-s050.png
WROTE C:\banyan-farm\lora-jerry-v2-twopass-0822\out\twopass-b13seat-s050-mask.png
WROTE C:\banyan-farm\lora-jerry-v2-twopass-0822\out\twopass-b13seat-s050.png.meta.yaml
rc=0 render_s=7.5
==== step twopass-b13seat-s050 END rc=0 2026-08-22T12:53:04Z ====

==== step twopass-b13seat-s065 START 2026-08-22T12:53:04Z ====
argv: ["C:\\banyan-farm\\venv\\Scripts\\python.exe", "C:\\banyan-farm\\lora-jerry-v2-twopass-0822\\inpaint_fruit.py", "--init", "C:\\banyan-farm\\courier-box\\farm-out\\lora-jerry-v2-b2r6-0822\\b2r6-b13seat-base.png", "--init-sha256", "5f7d41a616edf80744d9961a573dafc59a003944272b65a535c01aecd415acef", "--mask-png", "C:\\banyan-farm\\lora-jerry-v2-twopass-0822\\jerry-poseproof-maskall-0822.png", "--strength", "0.65", "--pad-crop", "0", "--blur", "0", "--controlnet", "C:\\banyan-farm\\cnet-openpose-twins", "--control", "C:\\banyan-farm\\lora-jerry-v2-twopass-0822\\jerry-skel-h240seat-0821.png", "--control-sha256", "1e95abc723f366f2e8c6b486937cfe8709edcbe2d8af0186fa82461c8e792686", "--scale", "1.0", "--prompt-file", "C:\\banyan-farm\\lora-jerry-v2-twopass-0822\\prompt.txt", "--negative-file", "C:\\banyan-farm\\lora-jerry-v2-twopass-0822\\negative.txt", "--steps", "40", "--cfg", "7.5", "--seed", "20260822", "--out", "C:\\banyan-farm\\lora-jerry-v2-twopass-0822\\out\\twopass-b13seat-s065.png", "--lora", "C:\\banyan-farm\\lora-jerry-v2-0822\\out\\bnyjerry-sdxl-v2.safetensors", "--lora-weight", "0.8", "--lora-sha256", "4340857d02f17dbfa50c66e0a2d8f4dc3ffebb4fad1621bb3f59242e61bfeb8b", "--note", "THE TWO-PASS at strength 0.65. The upper bracket. Too high and the seated legs go the way they went in round seven's ladder; this cell says where that edge is."]
HINT MAGNIFICATION 1.000x (ceiling 1.05) -- the hint reaches the net at the scale it was authored

Loading pipeline components...:   0%|          | 0/7 [00:00<?, ?it/s]
Loading pipeline components...:  14%|█▍        | 1/7 [00:01<00:10,  1.71s/it]
Loading pipeline components...:  29%|██▊       | 2/7 [00:01<00:04,  1.22it/s]
Loading pipeline components...:  57%|█████▋    | 4/7 [00:02<00:01,  2.92it/s]
Loading pipeline components...:  86%|████████▌ | 6/7 [00:02<00:00,  3.26it/s]
Loading pipeline components...: 100%|██████████| 7/7 [00:02<00:00,  2.72it/s]
C:\banyan-farm\venv\Lib\site-packages\torch\nn\modules\module.py:1370: UserWarning: expandable_segments not supported on this platform (Triggered internally at C:\actions-runner\_work\pytorch\pytorch\pytorch\c10/cuda/CUDAAllocatorConfig.h:39.)
  return t.to(
MODEL_LOADED cagliostrolab/animagine-xl-3.1 cuda/bfloat16 unet.in_channels=4 in 6s
LORA bnyjerry-sdxl-v2.safetensors fused at weight 0.80, sha 4340857d02f17dbf
C:\banyan-farm\venv\Lib\site-packages\diffusers\models\vq_model.py:20: FutureWarning: `VQEncoderOutput` is deprecated and will be removed in version 0.31. Importing `VQEncoderOutput` from `diffusers.models.vq_model` is deprecated and this will be removed in a future version. Please use `from diffusers.models.autoencoders.vq_model import VQEncoderOutput`, instead.
  deprecate("VQEncoderOutput", "0.31", deprecation_message)
C:\banyan-farm\venv\Lib\site-packages\diffusers\models\vq_model.py:25: FutureWarning: `VQModel` is deprecated and will be removed in version 0.31. Importing `VQModel` from `diffusers.models.vq_model` is deprecated and this will be removed in a future version. Please use `from diffusers.models.autoencoders.vq_model import VQModel`, instead.
  deprecate("VQModel", "0.31", deprecation_message)
PIPELINE StableDiffusionXLControlNetInpaintPipeline, 1 net(s), scales 1.0

  0%|          | 0/26 [00:00<?, ?it/s]
  4%|▍         | 1/26 [00:00<00:08,  2.96it/s]
  8%|▊         | 2/26 [00:00<00:08,  2.99it/s]
 12%|█▏        | 3/26 [00:01<00:07,  2.95it/s]
 15%|█▌        | 4/26 [00:01<00:07,  3.08it/s]
 19%|█▉        | 5/26 [00:01<00:06,  3.04it/s]
 23%|██▎       | 6/26 [00:01<00:06,  3.01it/s]
 27%|██▋       | 7/26 [00:02<00:06,  3.08it/s]
 31%|███       | 8/26 [00:02<00:05,  3.07it/s]
 35%|███▍      | 9/26 [00:02<00:05,  3.04it/s]
 38%|███▊      | 10/26 [00:03<00:05,  3.09it/s]
 42%|████▏     | 11/26 [00:03<00:04,  3.12it/s]
 46%|████▌     | 12/26 [00:03<00:04,  3.04it/s]
 50%|█████     | 13/26 [00:04<00:04,  3.08it/s]
 54%|█████▍    | 14/26 [00:04<00:03,  3.10it/s]
 58%|█████▊    | 15/26 [00:04<00:03,  3.05it/s]
 62%|██████▏   | 16/26 [00:05<00:03,  3.07it/s]
 65%|██████▌   | 17/26 [00:05<00:02,  3.09it/s]
 69%|██████▉   | 18/26 [00:05<00:02,  3.06it/s]
 73%|███████▎  | 19/26 [00:06<00:02,  3.09it/s]
 77%|███████▋  | 20/26 [00:06<00:01,  3.11it/s]
 81%|████████  | 21/26 [00:06<00:01,  3.04it/s]
 85%|████████▍ | 22/26 [00:07<00:01,  3.08it/s]
 88%|████████▊ | 23/26 [00:07<00:00,  3.08it/s]
 92%|█████████▏| 24/26 [00:07<00:00,  3.07it/s]
 96%|█████████▌| 25/26 [00:08<00:00,  3.10it/s]
100%|██████████| 26/26 [00:08<00:00,  3.42it/s]
100%|██████████| 26/26 [00:08<00:00,  3.11it/s]
WROTE C:\banyan-farm\lora-jerry-v2-twopass-0822\out\twopass-b13seat-s065.png
WROTE C:\banyan-farm\lora-jerry-v2-twopass-0822\out\twopass-b13seat-s065-mask.png
WROTE C:\banyan-farm\lora-jerry-v2-twopass-0822\out\twopass-b13seat-s065.png.meta.yaml
rc=0 render_s=9.4
==== step twopass-b13seat-s065 END rc=0 2026-08-22T12:53:26Z ====

==== step publish START 2026-08-22T12:53:26Z ====
argv: ["C:\\banyan-farm\\venv\\Scripts\\python.exe", "-c", "\nimport hashlib, glob, os, shutil\nOUT = \"C:/banyan-farm/lora-jerry-v2-twopass-0822/out\"\nDST = \"C:/banyan-farm/courier-box/farm-out/lora-jerry-v2-twopass-0822\"\nos.makedirs(DST, exist_ok=True)\nn = 0\nfound = []\nfound += sorted(glob.glob(OUT + \"/*.png\"))\nfound += sorted(glob.glob(OUT + \"/*.png.meta.yaml\"))\nfor p in found:\n    if os.path.isfile(p):\n        shutil.copyfile(p, os.path.join(DST, os.path.basename(p)))\n        n += 1\nwith open(os.path.join(DST, \"lora-jerry-v2-twopass-0822.sha256\"), \"w\", encoding=\"utf-8\") as fh:\n    for name in sorted(os.listdir(DST)):\n        q = os.path.join(DST, name)\n        if os.path.isfile(q) and not name.endswith(\".sha256\"):\n            fh.write(\"%s  %s\" % (\n                hashlib.sha256(open(q, \"rb\").read()).hexdigest(), name) + chr(10))\nprint(\"published\", n, \"file(s) ->\", DST, flush=True)\nif n == 0:\n    raise SystemExit(\"NOTHING TO PUBLISH -- the sample produced no files\")\n"]
published 6 file(s) -> C:/banyan-farm/courier-box/farm-out/lora-jerry-v2-twopass-0822
==== step publish END rc=0 2026-08-22T12:53:26Z ====
#### job lora-jerry-v2-twopass-0822-1787403153 finished rc=0 2026-08-22T12:53:26Z
