#### job lora-jerry-v2-twopass4-0822-1787404788 attempt 1 start 2026-08-22T13:20:03Z

==== step fetch START 2026-08-22T13:20:03Z ====
argv: ["C:\\banyan-farm\\venv\\Scripts\\python.exe", "C:\\banyan-farm\\lora-jerry-v2-twopass4-0822\\fetch_hints.py"]
fetched jerry-skel-h240seat-0821.png 9027 bytes OK
fetched jerry-skel-h240crouch-0821.png 8439 bytes OK
fetched jerry-poseproof-init-0822.png 5712 bytes OK
fetched jerry-poseproof-maskall-0822.png 3278 bytes OK
==== step fetch END rc=0 2026-08-22T13:20:04Z ====

==== step tp4-seat-i6-s065 START 2026-08-22T13:20:04Z ====
argv: ["C:\\banyan-farm\\venv\\Scripts\\python.exe", "C:\\banyan-farm\\lora-jerry-v2-twopass4-0822\\inpaint_fruit.py", "--init", "C:\\banyan-farm\\courier-box\\farm-out\\lora-jerry-v2-b2r6-0822\\b2r6-b13seat-base.png", "--init-sha256", "5f7d41a616edf80744d9961a573dafc59a003944272b65a535c01aecd415acef", "--mask-png", "C:\\banyan-farm\\lora-jerry-v2-twopass4-0822\\jerry-poseproof-maskall-0822.png", "--strength", "0.65", "--pad-crop", "0", "--blur", "0", "--controlnet", "C:\\banyan-farm\\cnet-openpose-twins", "--control", "C:\\banyan-farm\\lora-jerry-v2-twopass4-0822\\jerry-skel-h240seat-0821.png", "--control-sha256", "1e95abc723f366f2e8c6b486937cfe8709edcbe2d8af0186fa82461c8e792686", "--scale", "1.0", "--prompt-file", "C:\\banyan-farm\\lora-jerry-v2-twopass4-0822\\prompt-p2.txt", "--negative-file", "C:\\banyan-farm\\lora-jerry-v2-twopass4-0822\\negative.txt", "--steps", "40", "--cfg", "7.5", "--seed", "20260822", "--out", "C:\\banyan-farm\\lora-jerry-v2-twopass4-0822\\out\\tp4-seat-i6-s065.png", "--lora", "C:\\banyan-farm\\lora-jerry-v2-0822\\out\\bnyjerry-sdxl-v2.safetensors", "--lora-weight", "0.8", "--lora-sha256", "4340857d02f17dbfa50c66e0a2d8f4dc3ffebb4fad1621bb3f59242e61bfeb8b", "--note", "THE LADDER, ON A REAL SEAT. Identical to tp3-seat-i6-s075 except the strength. 0.75 reached structure and turned b2r6-base's sit into a lean; 0.65 leaves the first 35% of the trajectory -- where global composition is decided -- untouched. The route doc says his face still arrives at 0.65, so this is the cell where both could be true at once."]
HINT MAGNIFICATION 1.000x (ceiling 1.05) -- the hint reaches the net at the scale it was authored

Loading pipeline components...:   0%|          | 0/7 [00:00<?, ?it/s]
Loading pipeline components...:  29%|██▊       | 2/7 [00:00<00:00, 16.89it/s]
Loading pipeline components...:  57%|█████▋    | 4/7 [00:01<00:01,  1.99it/s]
Loading pipeline components...:  71%|███████▏  | 5/7 [00:01<00:00,  2.45it/s]
Loading pipeline components...:  86%|████████▌ | 6/7 [00:02<00:00,  2.27it/s]
Loading pipeline components...: 100%|██████████| 7/7 [00:02<00:00,  2.81it/s]
C:\banyan-farm\venv\Lib\site-packages\torch\nn\modules\module.py:1370: UserWarning: expandable_segments not supported on this platform (Triggered internally at C:\actions-runner\_work\pytorch\pytorch\pytorch\c10/cuda/CUDAAllocatorConfig.h:39.)
  return t.to(
MODEL_LOADED cagliostrolab/animagine-xl-3.1 cuda/bfloat16 unet.in_channels=4 in 6s
LORA bnyjerry-sdxl-v2.safetensors fused at weight 0.80, sha 4340857d02f17dbf
C:\banyan-farm\venv\Lib\site-packages\diffusers\models\vq_model.py:20: FutureWarning: `VQEncoderOutput` is deprecated and will be removed in version 0.31. Importing `VQEncoderOutput` from `diffusers.models.vq_model` is deprecated and this will be removed in a future version. Please use `from diffusers.models.autoencoders.vq_model import VQEncoderOutput`, instead.
  deprecate("VQEncoderOutput", "0.31", deprecation_message)
C:\banyan-farm\venv\Lib\site-packages\diffusers\models\vq_model.py:25: FutureWarning: `VQModel` is deprecated and will be removed in version 0.31. Importing `VQModel` from `diffusers.models.vq_model` is deprecated and this will be removed in a future version. Please use `from diffusers.models.autoencoders.vq_model import VQModel`, instead.
  deprecate("VQModel", "0.31", deprecation_message)
PIPELINE StableDiffusionXLControlNetInpaintPipeline, 1 net(s), scales 1.0

  0%|          | 0/26 [00:00<?, ?it/s]
  4%|▍         | 1/26 [00:00<00:08,  2.94it/s]
  8%|▊         | 2/26 [00:00<00:08,  2.98it/s]
 12%|█▏        | 3/26 [00:01<00:07,  3.00it/s]
 15%|█▌        | 4/26 [00:01<00:07,  3.06it/s]
 19%|█▉        | 5/26 [00:01<00:06,  3.09it/s]
 23%|██▎       | 6/26 [00:01<00:06,  3.05it/s]
 27%|██▋       | 7/26 [00:02<00:06,  3.09it/s]
 31%|███       | 8/26 [00:02<00:05,  3.06it/s]
 35%|███▍      | 9/26 [00:02<00:05,  3.04it/s]
 38%|███▊      | 10/26 [00:03<00:05,  3.12it/s]
 42%|████▏     | 11/26 [00:03<00:04,  3.09it/s]
 46%|████▌     | 12/26 [00:03<00:04,  3.06it/s]
 50%|█████     | 13/26 [00:04<00:04,  3.09it/s]
 54%|█████▍    | 14/26 [00:04<00:03,  3.07it/s]
 58%|█████▊    | 15/26 [00:04<00:03,  3.05it/s]
 62%|██████▏   | 16/26 [00:05<00:03,  3.08it/s]
 65%|██████▌   | 17/26 [00:05<00:02,  3.10it/s]
 69%|██████▉   | 18/26 [00:05<00:02,  3.07it/s]
 73%|███████▎  | 19/26 [00:06<00:02,  3.10it/s]
 77%|███████▋  | 20/26 [00:06<00:01,  3.06it/s]
 81%|████████  | 21/26 [00:06<00:01,  3.05it/s]
 85%|████████▍ | 22/26 [00:07<00:01,  3.07it/s]
 88%|████████▊ | 23/26 [00:07<00:00,  3.11it/s]
 92%|█████████▏| 24/26 [00:07<00:00,  3.08it/s]
 96%|█████████▌| 25/26 [00:08<00:00,  3.10it/s]
100%|██████████| 26/26 [00:08<00:00,  3.42it/s]
100%|██████████| 26/26 [00:08<00:00,  3.11it/s]
WROTE C:\banyan-farm\lora-jerry-v2-twopass4-0822\out\tp4-seat-i6-s065.png
WROTE C:\banyan-farm\lora-jerry-v2-twopass4-0822\out\tp4-seat-i6-s065-mask.png
WROTE C:\banyan-farm\lora-jerry-v2-twopass4-0822\out\tp4-seat-i6-s065.png.meta.yaml
rc=0 render_s=9.4
==== step tp4-seat-i6-s065 END rc=0 2026-08-22T13:20:26Z ====

==== step tp4-seat-i6-s055 START 2026-08-22T13:20:26Z ====
argv: ["C:\\banyan-farm\\venv\\Scripts\\python.exe", "C:\\banyan-farm\\lora-jerry-v2-twopass4-0822\\inpaint_fruit.py", "--init", "C:\\banyan-farm\\courier-box\\farm-out\\lora-jerry-v2-b2r6-0822\\b2r6-b13seat-base.png", "--init-sha256", "5f7d41a616edf80744d9961a573dafc59a003944272b65a535c01aecd415acef", "--mask-png", "C:\\banyan-farm\\lora-jerry-v2-twopass4-0822\\jerry-poseproof-maskall-0822.png", "--strength", "0.55", "--pad-crop", "0", "--blur", "0", "--controlnet", "C:\\banyan-farm\\cnet-openpose-twins", "--control", "C:\\banyan-farm\\lora-jerry-v2-twopass4-0822\\jerry-skel-h240seat-0821.png", "--control-sha256", "1e95abc723f366f2e8c6b486937cfe8709edcbe2d8af0186fa82461c8e792686", "--scale", "1.0", "--prompt-file", "C:\\banyan-farm\\lora-jerry-v2-twopass4-0822\\prompt-p2.txt", "--negative-file", "C:\\banyan-farm\\lora-jerry-v2-twopass4-0822\\negative.txt", "--steps", "40", "--cfg", "7.5", "--seed", "20260822", "--out", "C:\\banyan-farm\\lora-jerry-v2-twopass4-0822\\out\\tp4-seat-i6-s055.png", "--lora", "C:\\banyan-farm\\lora-jerry-v2-0822\\out\\bnyjerry-sdxl-v2.safetensors", "--lora-weight", "0.8", "--lora-sha256", "4340857d02f17dbfa50c66e0a2d8f4dc3ffebb4fad1621bb3f59242e61bfeb8b", "--note", "ONE RUNG BELOW THE FACE'S KNOWN DEPARTURE. Round seven put identity's exit between 0.65 and 0.50 in a SINGLE pass; this asks the same question of the second pass, where the init is already a correct figure rather than noise. If the seat needs 0.55 and the face needs 0.65, the two curves do not cross here either and the honest answer is a v3 trained on posed frames."]
HINT MAGNIFICATION 1.000x (ceiling 1.05) -- the hint reaches the net at the scale it was authored

Loading pipeline components...:   0%|          | 0/7 [00:00<?, ?it/s]
Loading pipeline components...:  43%|████▎     | 3/7 [00:00<00:00,  5.43it/s]
Loading pipeline components...:  57%|█████▋    | 4/7 [00:00<00:00,  5.59it/s]
Loading pipeline components...:  86%|████████▌ | 6/7 [00:00<00:00,  8.50it/s]
Loading pipeline components...: 100%|██████████| 7/7 [00:02<00:00,  2.92it/s]
C:\banyan-farm\venv\Lib\site-packages\torch\nn\modules\module.py:1370: UserWarning: expandable_segments not supported on this platform (Triggered internally at C:\actions-runner\_work\pytorch\pytorch\pytorch\c10/cuda/CUDAAllocatorConfig.h:39.)
  return t.to(
MODEL_LOADED cagliostrolab/animagine-xl-3.1 cuda/bfloat16 unet.in_channels=4 in 5s
LORA bnyjerry-sdxl-v2.safetensors fused at weight 0.80, sha 4340857d02f17dbf
C:\banyan-farm\venv\Lib\site-packages\diffusers\models\vq_model.py:20: FutureWarning: `VQEncoderOutput` is deprecated and will be removed in version 0.31. Importing `VQEncoderOutput` from `diffusers.models.vq_model` is deprecated and this will be removed in a future version. Please use `from diffusers.models.autoencoders.vq_model import VQEncoderOutput`, instead.
  deprecate("VQEncoderOutput", "0.31", deprecation_message)
C:\banyan-farm\venv\Lib\site-packages\diffusers\models\vq_model.py:25: FutureWarning: `VQModel` is deprecated and will be removed in version 0.31. Importing `VQModel` from `diffusers.models.vq_model` is deprecated and this will be removed in a future version. Please use `from diffusers.models.autoencoders.vq_model import VQModel`, instead.
  deprecate("VQModel", "0.31", deprecation_message)
PIPELINE StableDiffusionXLControlNetInpaintPipeline, 1 net(s), scales 1.0

  0%|          | 0/22 [00:00<?, ?it/s]
  5%|▍         | 1/22 [00:00<00:07,  2.96it/s]
  9%|▉         | 2/22 [00:00<00:06,  3.01it/s]
 14%|█▎        | 3/22 [00:01<00:06,  2.96it/s]
 18%|█▊        | 4/22 [00:01<00:05,  3.07it/s]
 23%|██▎       | 5/22 [00:01<00:05,  3.11it/s]
 27%|██▋       | 6/22 [00:01<00:05,  3.02it/s]
 32%|███▏      | 7/22 [00:02<00:04,  3.11it/s]
 36%|███▋      | 8/22 [00:02<00:04,  3.08it/s]
 41%|████      | 9/22 [00:02<00:04,  3.06it/s]
 45%|████▌     | 10/22 [00:03<00:03,  3.09it/s]
 50%|█████     | 11/22 [00:03<00:03,  3.06it/s]
 55%|█████▍    | 12/22 [00:03<00:03,  3.05it/s]
 59%|█████▉    | 13/22 [00:04<00:02,  3.08it/s]
 64%|██████▎   | 14/22 [00:04<00:02,  3.05it/s]
 68%|██████▊   | 15/22 [00:04<00:02,  3.04it/s]
 73%|███████▎  | 16/22 [00:05<00:01,  3.08it/s]
 77%|███████▋  | 17/22 [00:05<00:01,  3.10it/s]
 82%|████████▏ | 18/22 [00:05<00:01,  3.07it/s]
 86%|████████▋ | 19/22 [00:06<00:00,  3.05it/s]
 91%|█████████ | 20/22 [00:06<00:00,  3.08it/s]
 95%|█████████▌| 21/22 [00:06<00:00,  3.06it/s]
100%|██████████| 22/22 [00:07<00:00,  3.39it/s]
100%|██████████| 22/22 [00:07<00:00,  3.11it/s]
WROTE C:\banyan-farm\lora-jerry-v2-twopass4-0822\out\tp4-seat-i6-s055.png
WROTE C:\banyan-farm\lora-jerry-v2-twopass4-0822\out\tp4-seat-i6-s055-mask.png
WROTE C:\banyan-farm\lora-jerry-v2-twopass4-0822\out\tp4-seat-i6-s055.png.meta.yaml
rc=0 render_s=8.1
==== step tp4-seat-i6-s055 END rc=0 2026-08-22T13:20:46Z ====

==== step tp4-p1-seat-wAgreen START 2026-08-22T13:20:46Z ====
argv: ["C:\\banyan-farm\\venv\\Scripts\\python.exe", "C:\\banyan-farm\\lora-jerry-v2-twopass4-0822\\inpaint_fruit.py", "--init", "C:\\banyan-farm\\lora-jerry-v2-twopass4-0822\\jerry-poseproof-init-0822.png", "--init-sha256", "79c80689a43452f8fc11d22c2da86aee1c0a073d2255ddf1cb1d3cdc446f5f7f", "--mask-png", "C:\\banyan-farm\\lora-jerry-v2-twopass4-0822\\jerry-poseproof-maskall-0822.png", "--strength", "1.0", "--pad-crop", "0", "--blur", "0", "--controlnet", "C:\\banyan-farm\\cnet-openpose-twins", "--control", "C:\\banyan-farm\\lora-jerry-v2-twopass4-0822\\jerry-skel-h240seat-0821.png", "--control-sha256", "1e95abc723f366f2e8c6b486937cfe8709edcbe2d8af0186fa82461c8e792686", "--scale", "1.0", "--prompt-file", "C:\\banyan-farm\\lora-jerry-v2-twopass4-0822\\prompt-wAgreen.txt", "--negative-file", "C:\\banyan-farm\\lora-jerry-v2-twopass4-0822\\negative.txt", "--steps", "40", "--cfg", "7.5", "--seed", "20260822", "--out", "C:\\banyan-farm\\lora-jerry-v2-twopass4-0822\\out\\tp4-p1-seat-wAgreen.png", "--note", "IS EVERY PASS-ONE ADDITION POSE-FATAL, OR ONLY A SCENE ONE? The light key cost a crouch and a seat. A skin tag describes the SUBJECT rather than the frame, so it may cost nothing -- and pass two has already been shown not to carry a colour term at all. This is the only place left to spend one. No LoRA: the pose is the only thing being measured besides the hue."]
HINT MAGNIFICATION 1.000x (ceiling 1.05) -- the hint reaches the net at the scale it was authored

Loading pipeline components...:   0%|          | 0/7 [00:00<?, ?it/s]
Loading pipeline components...:  14%|█▍        | 1/7 [00:00<00:03,  1.86it/s]
Loading pipeline components...:  57%|█████▋    | 4/7 [00:02<00:01,  1.85it/s]
Loading pipeline components...:  86%|████████▌ | 6/7 [00:02<00:00,  2.77it/s]
Loading pipeline components...: 100%|██████████| 7/7 [00:02<00:00,  2.86it/s]
C:\banyan-farm\venv\Lib\site-packages\torch\nn\modules\module.py:1370: UserWarning: expandable_segments not supported on this platform (Triggered internally at C:\actions-runner\_work\pytorch\pytorch\pytorch\c10/cuda/CUDAAllocatorConfig.h:39.)
  return t.to(
MODEL_LOADED cagliostrolab/animagine-xl-3.1 cuda/bfloat16 unet.in_channels=4 in 6s
C:\banyan-farm\venv\Lib\site-packages\diffusers\models\vq_model.py:20: FutureWarning: `VQEncoderOutput` is deprecated and will be removed in version 0.31. Importing `VQEncoderOutput` from `diffusers.models.vq_model` is deprecated and this will be removed in a future version. Please use `from diffusers.models.autoencoders.vq_model import VQEncoderOutput`, instead.
  deprecate("VQEncoderOutput", "0.31", deprecation_message)
C:\banyan-farm\venv\Lib\site-packages\diffusers\models\vq_model.py:25: FutureWarning: `VQModel` is deprecated and will be removed in version 0.31. Importing `VQModel` from `diffusers.models.vq_model` is deprecated and this will be removed in a future version. Please use `from diffusers.models.autoencoders.vq_model import VQModel`, instead.
  deprecate("VQModel", "0.31", deprecation_message)
PIPELINE StableDiffusionXLControlNetInpaintPipeline, 1 net(s), scales 1.0

  0%|          | 0/40 [00:00<?, ?it/s]
  2%|▎         | 1/40 [00:00<00:13,  2.95it/s]
  5%|▌         | 2/40 [00:00<00:12,  2.94it/s]
  8%|▊         | 3/40 [00:01<00:12,  2.95it/s]
 10%|█         | 4/40 [00:01<00:11,  3.07it/s]
 12%|█▎        | 5/40 [00:01<00:11,  3.05it/s]
 15%|█▌        | 6/40 [00:01<00:11,  3.04it/s]
 18%|█▊        | 7/40 [00:02<00:10,  3.06it/s]
 20%|██        | 8/40 [00:02<00:10,  3.06it/s]
 22%|██▎       | 9/40 [00:02<00:10,  3.04it/s]
 25%|██▌       | 10/40 [00:03<00:09,  3.07it/s]
 28%|██▊       | 11/40 [00:03<00:09,  3.10it/s]
 30%|███       | 12/40 [00:03<00:09,  3.03it/s]
 32%|███▎      | 13/40 [00:04<00:08,  3.07it/s]
 35%|███▌      | 14/40 [00:04<00:08,  3.09it/s]
 38%|███▊      | 15/40 [00:04<00:08,  3.07it/s]
 40%|████      | 16/40 [00:05<00:07,  3.05it/s]
 42%|████▎     | 17/40 [00:05<00:07,  3.07it/s]
 45%|████▌     | 18/40 [00:05<00:07,  3.04it/s]
 48%|████▊     | 19/40 [00:06<00:06,  3.06it/s]
 50%|█████     | 20/40 [00:06<00:06,  3.07it/s]
 52%|█████▎    | 21/40 [00:06<00:06,  3.05it/s]
 55%|█████▌    | 22/40 [00:07<00:05,  3.10it/s]
 57%|█████▊    | 23/40 [00:07<00:05,  3.06it/s]
 60%|██████    | 24/40 [00:07<00:05,  3.06it/s]
 62%|██████▎   | 25/40 [00:08<00:04,  3.06it/s]
 65%|██████▌   | 26/40 [00:08<00:04,  3.07it/s]
 68%|██████▊   | 27/40 [00:08<00:04,  3.06it/s]
 70%|███████   | 28/40 [00:09<00:03,  3.07it/s]
 72%|███████▎  | 29/40 [00:09<00:03,  3.07it/s]
 75%|███████▌  | 30/40 [00:09<00:03,  3.06it/s]
 78%|███████▊  | 31/40 [00:10<00:02,  3.07it/s]
 80%|████████  | 32/40 [00:10<00:02,  3.07it/s]
 82%|████████▎ | 33/40 [00:10<00:02,  3.09it/s]
 85%|████████▌ | 34/40 [00:11<00:01,  3.05it/s]
 88%|████████▊ | 35/40 [00:11<00:01,  3.06it/s]
 90%|█████████ | 36/40 [00:11<00:01,  3.05it/s]
 92%|█████████▎| 37/40 [00:12<00:00,  3.06it/s]
 95%|█████████▌| 38/40 [00:12<00:00,  3.11it/s]
 98%|█████████▊| 39/40 [00:12<00:00,  3.08it/s]
100%|██████████| 40/40 [00:12<00:00,  3.40it/s]
100%|██████████| 40/40 [00:12<00:00,  3.09it/s]
WROTE C:\banyan-farm\lora-jerry-v2-twopass4-0822\out\tp4-p1-seat-wAgreen.png
WROTE C:\banyan-farm\lora-jerry-v2-twopass4-0822\out\tp4-p1-seat-wAgreen-mask.png
WROTE C:\banyan-farm\lora-jerry-v2-twopass4-0822\out\tp4-p1-seat-wAgreen.png.meta.yaml
rc=0 render_s=14.1
==== step tp4-p1-seat-wAgreen END rc=0 2026-08-22T13:21:10Z ====

==== step publish START 2026-08-22T13:21:10Z ====
argv: ["C:\\banyan-farm\\venv\\Scripts\\python.exe", "-c", "\nimport hashlib, glob, os, shutil\nOUT = \"C:/banyan-farm/lora-jerry-v2-twopass4-0822/out\"\nDST = \"C:/banyan-farm/courier-box/farm-out/lora-jerry-v2-twopass4-0822\"\nos.makedirs(DST, exist_ok=True)\nn = 0\nfound = []\nfound += sorted(glob.glob(OUT + \"/*.png\"))\nfound += sorted(glob.glob(OUT + \"/*.png.meta.yaml\"))\nfor p in found:\n    if os.path.isfile(p):\n        shutil.copyfile(p, os.path.join(DST, os.path.basename(p)))\n        n += 1\nwith open(os.path.join(DST, \"lora-jerry-v2-twopass4-0822.sha256\"), \"w\", encoding=\"utf-8\") as fh:\n    for name in sorted(os.listdir(DST)):\n        q = os.path.join(DST, name)\n        if os.path.isfile(q) and not name.endswith(\".sha256\"):\n            fh.write(\"%s  %s\" % (\n                hashlib.sha256(open(q, \"rb\").read()).hexdigest(), name) + chr(10))\nprint(\"published\", n, \"file(s) ->\", DST, flush=True)\nif n == 0:\n    raise SystemExit(\"NOTHING TO PUBLISH -- the sample produced no files\")\n"]
published 9 file(s) -> C:/banyan-farm/courier-box/farm-out/lora-jerry-v2-twopass4-0822
==== step publish END rc=0 2026-08-22T13:21:11Z ====
#### job lora-jerry-v2-twopass4-0822-1787404788 finished rc=0 2026-08-22T13:21:11Z
