#### job lora-sapling-ladder-v2c-gate-0822-1787396072 attempt 1 start 2026-08-22T10:54:44Z

==== step ladder-gate START 2026-08-22T10:54:44Z ====
argv: ["C:\\banyan-farm\\venv\\Scripts\\python.exe", "C:\\banyan-farm\\lora-sapling-v2c-0822\\run_ladder.py", "--lora", "C:\\banyan-farm\\lora-sapling-v2c-0822\\out\\bnysapling-sdxl-v2c.safetensors", "--sampler", "C:\\banyan-farm\\lora-sapling-v2c-0822\\sample_lora.py", "--out-dir", "C:\\banyan-farm\\lora-sapling-v2c-0822\\ladder", "--weights", "0.65", "--require", "SUBJECT-w065.png", "CLEAN-w065.png"]
[1/2] SUBJECT-w065

Loading pipeline components...:   0%|          | 0/7 [00:00<?, ?it/s]
Loading pipeline components...:  14%|█▍        | 1/7 [00:00<00:01,  5.50it/s]
Loading pipeline components...:  29%|██▊       | 2/7 [00:00<00:01,  2.79it/s]
Loading pipeline components...:  57%|█████▋    | 4/7 [00:00<00:00,  5.95it/s]
Loading pipeline components...:  86%|████████▌ | 6/7 [00:00<00:00,  8.00it/s]
Loading pipeline components...: 100%|██████████| 7/7 [00:02<00:00,  2.58it/s]
C:\banyan-farm\venv\Lib\site-packages\torch\nn\modules\module.py:1370: UserWarning: expandable_segments not supported on this platform (Triggered internally at C:\actions-runner\_work\pytorch\pytorch\pytorch\c10/cuda/CUDAAllocatorConfig.h:39.)
  return t.to(

  0%|          | 0/40 [00:00<?, ?it/s]
  2%|▎         | 1/40 [00:00<00:18,  2.16it/s]
  5%|▌         | 2/40 [00:00<00:11,  3.24it/s]
  8%|▊         | 3/40 [00:00<00:09,  3.81it/s]
 10%|█         | 4/40 [00:01<00:08,  4.06it/s]
 12%|█▎        | 5/40 [00:01<00:08,  4.11it/s]
 15%|█▌        | 6/40 [00:01<00:08,  4.24it/s]
 18%|█▊        | 7/40 [00:01<00:07,  4.34it/s]
 20%|██        | 8/40 [00:01<00:07,  4.46it/s]
 22%|██▎       | 9/40 [00:02<00:06,  4.50it/s]
 25%|██▌       | 10/40 [00:02<00:06,  4.41it/s]
 28%|██▊       | 11/40 [00:02<00:06,  4.44it/s]
 30%|███       | 12/40 [00:02<00:06,  4.56it/s]
 32%|███▎      | 13/40 [00:03<00:05,  4.52it/s]
 35%|███▌      | 14/40 [00:03<00:05,  4.44it/s]
 38%|███▊      | 15/40 [00:03<00:05,  4.44it/s]
 40%|████      | 16/40 [00:03<00:05,  4.51it/s]
 42%|████▎     | 17/40 [00:03<00:04,  4.61it/s]
 45%|████▌     | 18/40 [00:04<00:04,  4.58it/s]
 48%|████▊     | 19/40 [00:04<00:04,  4.47it/s]
 50%|█████     | 20/40 [00:04<00:04,  4.48it/s]
 52%|█████▎    | 21/40 [00:04<00:04,  4.58it/s]
 55%|█████▌    | 22/40 [00:05<00:03,  4.56it/s]
 57%|█████▊    | 23/40 [00:05<00:03,  4.45it/s]
 60%|██████    | 24/40 [00:05<00:03,  4.46it/s]
 62%|██████▎   | 25/40 [00:05<00:03,  4.58it/s]
 65%|██████▌   | 26/40 [00:05<00:03,  4.56it/s]
 68%|██████▊   | 27/40 [00:06<00:02,  4.55it/s]
 70%|███████   | 28/40 [00:06<00:02,  4.44it/s]
 72%|███████▎  | 29/40 [00:06<00:02,  4.56it/s]
 75%|███████▌  | 30/40 [00:06<00:02,  4.55it/s]
 78%|███████▊  | 31/40 [00:07<00:02,  4.49it/s]
 80%|████████  | 32/40 [00:07<00:01,  4.54it/s]
 82%|████████▎ | 33/40 [00:07<00:01,  4.53it/s]
 85%|████████▌ | 34/40 [00:07<00:01,  4.46it/s]
 88%|████████▊ | 35/40 [00:07<00:01,  4.55it/s]
 90%|█████████ | 36/40 [00:08<00:00,  4.54it/s]
 92%|█████████▎| 37/40 [00:08<00:00,  4.43it/s]
 95%|█████████▌| 38/40 [00:08<00:00,  4.55it/s]
 98%|█████████▊| 39/40 [00:08<00:00,  4.54it/s]
100%|██████████| 40/40 [00:09<00:00,  4.53it/s]
100%|██████████| 40/40 [00:09<00:00,  4.41it/s]
wrote C:\banyan-farm\lora-sapling-v2c-0822\ladder\SUBJECT-w065.png
  lora=bnysapling-sdxl-v2c.safetensors weight=0.65 seed=20260822
[2/2] CLEAN-w065

Loading pipeline components...:   0%|          | 0/7 [00:00<?, ?it/s]
Loading pipeline components...:  14%|█▍        | 1/7 [00:00<00:02,  2.05it/s]
Loading pipeline components...:  57%|█████▋    | 4/7 [00:00<00:00,  7.45it/s]
Loading pipeline components...:  86%|████████▌ | 6/7 [00:02<00:00,  2.11it/s]
Loading pipeline components...: 100%|██████████| 7/7 [00:02<00:00,  2.79it/s]
C:\banyan-farm\venv\Lib\site-packages\torch\nn\modules\module.py:1370: UserWarning: expandable_segments not supported on this platform (Triggered internally at C:\actions-runner\_work\pytorch\pytorch\pytorch\c10/cuda/CUDAAllocatorConfig.h:39.)
  return t.to(

  0%|          | 0/40 [00:00<?, ?it/s]
  2%|▎         | 1/40 [00:00<00:15,  2.52it/s]
  5%|▌         | 2/40 [00:00<00:10,  3.51it/s]
  8%|▊         | 3/40 [00:00<00:09,  4.01it/s]
 10%|█         | 4/40 [00:01<00:08,  4.09it/s]
 12%|█▎        | 5/40 [00:01<00:08,  4.10it/s]
 15%|█▌        | 6/40 [00:01<00:07,  4.27it/s]
 18%|█▊        | 7/40 [00:01<00:07,  4.44it/s]
 20%|██        | 8/40 [00:01<00:07,  4.56it/s]
 22%|██▎       | 9/40 [00:02<00:06,  4.44it/s]
 25%|██▌       | 10/40 [00:02<00:06,  4.37it/s]
 28%|██▊       | 11/40 [00:02<00:06,  4.41it/s]
 30%|███       | 12/40 [00:02<00:06,  4.53it/s]
 32%|███▎      | 13/40 [00:03<00:05,  4.52it/s]
 35%|███▌      | 14/40 [00:03<00:05,  4.42it/s]
 38%|███▊      | 15/40 [00:03<00:05,  4.45it/s]
 40%|████      | 16/40 [00:03<00:05,  4.57it/s]
 42%|████▎     | 17/40 [00:03<00:05,  4.55it/s]
 45%|████▌     | 18/40 [00:04<00:04,  4.54it/s]
 48%|████▊     | 19/40 [00:04<00:04,  4.44it/s]
 50%|█████     | 20/40 [00:04<00:04,  4.46it/s]
 52%|█████▎    | 21/40 [00:04<00:04,  4.57it/s]
 55%|█████▌    | 22/40 [00:05<00:03,  4.55it/s]
 57%|█████▊    | 23/40 [00:05<00:03,  4.44it/s]
 60%|██████    | 24/40 [00:05<00:03,  4.46it/s]
 62%|██████▎   | 25/40 [00:05<00:03,  4.57it/s]
 65%|██████▌   | 26/40 [00:05<00:03,  4.56it/s]
 68%|██████▊   | 27/40 [00:06<00:02,  4.49it/s]
 70%|███████   | 28/40 [00:06<00:02,  4.45it/s]
 72%|███████▎  | 29/40 [00:06<00:02,  4.47it/s]
 75%|███████▌  | 30/40 [00:06<00:02,  4.58it/s]
 78%|███████▊  | 31/40 [00:07<00:01,  4.55it/s]
 80%|████████  | 32/40 [00:07<00:01,  4.45it/s]
 82%|████████▎ | 33/40 [00:07<00:01,  4.47it/s]
 85%|████████▌ | 34/40 [00:07<00:01,  4.48it/s]
 88%|████████▊ | 35/40 [00:07<00:01,  4.50it/s]
 90%|█████████ | 36/40 [00:08<00:00,  4.50it/s]
 92%|█████████▎| 37/40 [00:08<00:00,  4.50it/s]
 95%|█████████▌| 38/40 [00:08<00:00,  4.50it/s]
 98%|█████████▊| 39/40 [00:08<00:00,  4.51it/s]
100%|██████████| 40/40 [00:09<00:00,  4.51it/s]
100%|██████████| 40/40 [00:09<00:00,  4.42it/s]
wrote C:\banyan-farm\lora-sapling-v2c-0822\ladder\CLEAN-w065.png
  lora=bnysapling-sdxl-v2c.safetensors weight=0.65 seed=20260822

2 of 2 cells drawn -> C:\banyan-farm\lora-sapling-v2c-0822\ladder
==== step ladder-gate END rc=0 2026-08-22T10:55:24Z ====

==== step publish START 2026-08-22T10:55:24Z ====
argv: ["C:\\banyan-farm\\venv-lora\\Scripts\\python.exe", "-c", "import glob, hashlib, os, shutil\ndst = r\"C:\\banyan-farm\\courier-box\\farm-out\\lora-sapling-ladder-v2c-gate-0822\"\nos.makedirs(dst, exist_ok=True)\nsrc = sorted(glob.glob(r\"C:\\banyan-farm\\lora-sapling-v2c-0822\\ladder\\*.png\")\n             + glob.glob(r\"C:\\banyan-farm\\lora-sapling-v2c-0822\\ladder\\*.meta.yaml\"))\nlines = []\nfor f in src:\n    shutil.copy2(f, dst)\n    with open(os.path.join(dst, os.path.basename(f)), \"rb\") as fh:\n        lines.append(hashlib.sha256(fh.read()).hexdigest() + \"  \" + os.path.basename(f))\nwith open(os.path.join(dst, \"lora-sapling-ladder-v2c-gate-0822.sha256\"), \"w\", newline=\"\\n\") as fh:\n    fh.write(\"\\n\".join(lines) + \"\\n\")\nprint(\"published\", len(src), \"file(s) ->\", dst)\nraise SystemExit(0 if len(src) >= 4 else 1)\n"]
published 4 file(s) -> C:\banyan-farm\courier-box\farm-out\lora-sapling-ladder-v2c-gate-0822
==== step publish END rc=0 2026-08-22T10:55:24Z ====
#### job lora-sapling-ladder-v2c-gate-0822-1787396072 finished rc=0 2026-08-22T10:55:24Z
