#### job lora-sapling-sample-0822-1787381652 attempt 1 start 2026-08-22T06:57:10Z

==== step sample START 2026-08-22T06:57:10Z ====
argv: ["C:\\banyan-farm\\venv\\Scripts\\python.exe", "C:\\banyan-farm\\lora-sapling-0822\\sample_lora.py", "--lora", "C:\\banyan-farm\\lora-sapling-0822\\out\\bnysapling-sdxl-v1.safetensors", "--lora-weight", "0.8", "--prompt", "bnysapling, a young sapling, two leaves, 25 cm tall, medium shot, bare tilled earth field, a low stone wall behind, overcast, anime style, cel shading, detailed background, masterpiece, best quality, very aesthetic", "--negative", "1boy, 1girl, people, goblin, text, watermark, signature, photorealism, 3d render, low quality, worst quality, blurry", "--width", "832", "--height", "1216", "--steps", "40", "--guidance", "7.5", "--seed", "20260822", "--out", "C:\\banyan-farm\\lora-sapling-0822\\out\\SAMPLE-bnysapling-tilled-overcast.png"]

Loading pipeline components...:   0%|          | 0/7 [00:00<?, ?it/s]
Loading pipeline components...:  29%|██▊       | 2/7 [00:01<00:04,  1.16it/s]
Loading pipeline components...:  71%|███████▏  | 5/7 [00:02<00:00,  2.48it/s]
Loading pipeline components...:  86%|████████▌ | 6/7 [00:02<00:00,  2.86it/s]
Loading pipeline components...: 100%|██████████| 7/7 [00:02<00:00,  2.79it/s]
C:\banyan-farm\venv\Lib\site-packages\torch\nn\modules\module.py:1370: UserWarning: expandable_segments not supported on this platform (Triggered internally at C:\actions-runner\_work\pytorch\pytorch\pytorch\c10/cuda/CUDAAllocatorConfig.h:39.)
  return t.to(

  0%|          | 0/40 [00:00<?, ?it/s]
  2%|▎         | 1/40 [00:00<00:35,  1.11it/s]
  5%|▌         | 2/40 [00:01<00:18,  2.03it/s]
  8%|▊         | 3/40 [00:01<00:13,  2.77it/s]
 10%|█         | 4/40 [00:01<00:10,  3.34it/s]
 12%|█▎        | 5/40 [00:01<00:09,  3.61it/s]
 15%|█▌        | 6/40 [00:01<00:09,  3.76it/s]
 18%|█▊        | 7/40 [00:02<00:08,  4.11it/s]
 20%|██        | 8/40 [00:02<00:07,  4.23it/s]
 22%|██▎       | 9/40 [00:02<00:07,  4.41it/s]
 25%|██▌       | 10/40 [00:02<00:07,  4.25it/s]
 28%|██▊       | 11/40 [00:03<00:06,  4.33it/s]
 30%|███       | 12/40 [00:03<00:06,  4.48it/s]
 32%|███▎      | 13/40 [00:03<00:05,  4.59it/s]
 35%|███▌      | 14/40 [00:03<00:05,  4.46it/s]
 38%|███▊      | 15/40 [00:03<00:05,  4.38it/s]
 40%|████      | 16/40 [00:04<00:05,  4.43it/s]
 42%|████▎     | 17/40 [00:04<00:05,  4.52it/s]
 45%|████▌     | 18/40 [00:04<00:04,  4.54it/s]
 48%|████▊     | 19/40 [00:04<00:04,  4.45it/s]
 50%|█████     | 20/40 [00:05<00:04,  4.47it/s]
 52%|█████▎    | 21/40 [00:05<00:04,  4.58it/s]
 55%|█████▌    | 22/40 [00:05<00:03,  4.55it/s]
 57%|█████▊    | 23/40 [00:05<00:03,  4.54it/s]
 60%|██████    | 24/40 [00:05<00:03,  4.44it/s]
 62%|██████▎   | 25/40 [00:06<00:03,  4.56it/s]
 65%|██████▌   | 26/40 [00:06<00:03,  4.54it/s]
 68%|██████▊   | 27/40 [00:06<00:02,  4.53it/s]
 70%|███████   | 28/40 [00:06<00:02,  4.52it/s]
 72%|███████▎  | 29/40 [00:07<00:02,  4.52it/s]
 75%|███████▌  | 30/40 [00:07<00:02,  4.51it/s]
 78%|███████▊  | 31/40 [00:07<00:01,  4.51it/s]
 80%|████████  | 32/40 [00:07<00:01,  4.51it/s]
 82%|████████▎ | 33/40 [00:07<00:01,  4.45it/s]
 85%|████████▌ | 34/40 [00:08<00:01,  4.53it/s]
 88%|████████▊ | 35/40 [00:08<00:01,  4.53it/s]
 90%|█████████ | 36/40 [00:08<00:00,  4.53it/s]
 92%|█████████▎| 37/40 [00:08<00:00,  4.53it/s]
 95%|█████████▌| 38/40 [00:09<00:00,  4.52it/s]
 98%|█████████▊| 39/40 [00:09<00:00,  4.52it/s]
100%|██████████| 40/40 [00:09<00:00,  4.49it/s]
100%|██████████| 40/40 [00:09<00:00,  4.20it/s]
wrote C:\banyan-farm\lora-sapling-0822\out\SAMPLE-bnysapling-tilled-overcast.png
  lora=bnysapling-sdxl-v1.safetensors weight=0.8 seed=20260822
==== step sample END rc=0 2026-08-22T06:57:30Z ====

==== step noregress-lora START 2026-08-22T06:57:30Z ====
argv: ["C:\\banyan-farm\\venv\\Scripts\\python.exe", "C:\\banyan-farm\\lora-sapling-0822\\sample_lora.py", "--lora", "C:\\banyan-farm\\lora-sapling-0822\\out\\bnysapling-sdxl-v1.safetensors", "--lora-weight", "0.8", "--prompt", "a stone bridge over a river, forest, afternoon light, anime style, cel shading, detailed background, masterpiece, best quality, very aesthetic", "--negative", "text, watermark, signature, photorealism, 3d render, low quality, worst quality, blurry", "--width", "832", "--height", "1216", "--steps", "40", "--guidance", "7.5", "--seed", "20260822", "--out", "C:\\banyan-farm\\lora-sapling-0822\\out\\SAMPLE-noregress-A-lora.png"]

Loading pipeline components...:   0%|          | 0/7 [00:00<?, ?it/s]
Loading pipeline components...:  14%|█▍        | 1/7 [00:01<00:09,  1.63s/it]
Loading pipeline components...:  43%|████▎     | 3/7 [00:02<00:02,  1.63it/s]
Loading pipeline components...:  71%|███████▏  | 5/7 [00:02<00:00,  3.00it/s]
Loading pipeline components...: 100%|██████████| 7/7 [00:02<00:00,  4.19it/s]
Loading pipeline components...: 100%|██████████| 7/7 [00:02<00:00,  2.80it/s]
C:\banyan-farm\venv\Lib\site-packages\torch\nn\modules\module.py:1370: UserWarning: expandable_segments not supported on this platform (Triggered internally at C:\actions-runner\_work\pytorch\pytorch\pytorch\c10/cuda/CUDAAllocatorConfig.h:39.)
  return t.to(

  0%|          | 0/40 [00:00<?, ?it/s]
  2%|▎         | 1/40 [00:00<00:17,  2.24it/s]
  5%|▌         | 2/40 [00:00<00:11,  3.29it/s]
  8%|▊         | 3/40 [00:00<00:09,  3.86it/s]
 10%|█         | 4/40 [00:01<00:08,  4.09it/s]
 12%|█▎        | 5/40 [00:01<00:08,  4.14it/s]
 15%|█▌        | 6/40 [00:01<00:07,  4.26it/s]
 18%|█▊        | 7/40 [00:01<00:07,  4.34it/s]
 20%|██        | 8/40 [00:01<00:07,  4.50it/s]
 22%|██▎       | 9/40 [00:02<00:07,  4.40it/s]
 25%|██▌       | 10/40 [00:02<00:06,  4.34it/s]
 28%|██▊       | 11/40 [00:02<00:06,  4.49it/s]
 30%|███       | 12/40 [00:02<00:06,  4.50it/s]
 32%|███▎      | 13/40 [00:03<00:05,  4.51it/s]
 35%|███▌      | 14/40 [00:03<00:05,  4.51it/s]
 38%|███▊      | 15/40 [00:03<00:05,  4.41it/s]
 40%|████      | 16/40 [00:03<00:05,  4.55it/s]
 42%|████▎     | 17/40 [00:03<00:05,  4.52it/s]
 45%|████▌     | 18/40 [00:04<00:04,  4.47it/s]
 48%|████▊     | 19/40 [00:04<00:04,  4.46it/s]
 50%|█████     | 20/40 [00:04<00:04,  4.48it/s]
 52%|█████▎    | 21/40 [00:04<00:04,  4.59it/s]
 55%|█████▌    | 22/40 [00:05<00:03,  4.56it/s]
 57%|█████▊    | 23/40 [00:05<00:03,  4.46it/s]
 60%|██████    | 24/40 [00:05<00:03,  4.47it/s]
 62%|██████▎   | 25/40 [00:05<00:03,  4.49it/s]
 65%|██████▌   | 26/40 [00:05<00:03,  4.60it/s]
 68%|██████▊   | 27/40 [00:06<00:02,  4.48it/s]
 70%|███████   | 28/40 [00:06<00:02,  4.49it/s]
 72%|███████▎  | 29/40 [00:06<00:02,  4.49it/s]
 75%|███████▌  | 30/40 [00:06<00:02,  4.49it/s]
 78%|███████▊  | 31/40 [00:07<00:01,  4.50it/s]
 80%|████████  | 32/40 [00:07<00:01,  4.51it/s]
 82%|████████▎ | 33/40 [00:07<00:01,  4.51it/s]
 85%|████████▌ | 34/40 [00:07<00:01,  4.51it/s]
 88%|████████▊ | 35/40 [00:07<00:01,  4.51it/s]
 90%|█████████ | 36/40 [00:08<00:00,  4.51it/s]
 92%|█████████▎| 37/40 [00:08<00:00,  4.50it/s]
 95%|█████████▌| 38/40 [00:08<00:00,  4.52it/s]
 98%|█████████▊| 39/40 [00:08<00:00,  4.52it/s]
100%|██████████| 40/40 [00:09<00:00,  4.52it/s]
100%|██████████| 40/40 [00:09<00:00,  4.41it/s]
wrote C:\banyan-farm\lora-sapling-0822\out\SAMPLE-noregress-A-lora.png
  lora=bnysapling-sdxl-v1.safetensors weight=0.8 seed=20260822
==== step noregress-lora END rc=0 2026-08-22T06:57:49Z ====

==== step noregress-base START 2026-08-22T06:57:49Z ====
argv: ["C:\\banyan-farm\\venv\\Scripts\\python.exe", "C:\\banyan-farm\\lora-sapling-0822\\sample_lora.py", "--no-lora", "--lora", "C:\\banyan-farm\\lora-sapling-0822\\out\\bnysapling-sdxl-v1.safetensors", "--lora-weight", "0.8", "--prompt", "a stone bridge over a river, forest, afternoon light, anime style, cel shading, detailed background, masterpiece, best quality, very aesthetic", "--negative", "text, watermark, signature, photorealism, 3d render, low quality, worst quality, blurry", "--width", "832", "--height", "1216", "--steps", "40", "--guidance", "7.5", "--seed", "20260822", "--out", "C:\\banyan-farm\\lora-sapling-0822\\out\\SAMPLE-noregress-B-base.png"]

Loading pipeline components...:   0%|          | 0/7 [00:00<?, ?it/s]
Loading pipeline components...:  29%|██▊       | 2/7 [00:00<00:00, 10.05it/s]
Loading pipeline components...:  71%|███████▏  | 5/7 [00:00<00:00,  6.31it/s]
Loading pipeline components...: 100%|██████████| 7/7 [00:02<00:00,  2.35it/s]
Loading pipeline components...: 100%|██████████| 7/7 [00:02<00:00,  2.88it/s]
C:\banyan-farm\venv\Lib\site-packages\torch\nn\modules\module.py:1370: UserWarning: expandable_segments not supported on this platform (Triggered internally at C:\actions-runner\_work\pytorch\pytorch\pytorch\c10/cuda/CUDAAllocatorConfig.h:39.)
  return t.to(

  0%|          | 0/40 [00:00<?, ?it/s]
  2%|▎         | 1/40 [00:00<00:17,  2.22it/s]
  5%|▌         | 2/40 [00:00<00:11,  3.26it/s]
  8%|▊         | 3/40 [00:00<00:09,  3.82it/s]
 10%|█         | 4/40 [00:01<00:08,  4.08it/s]
 12%|█▎        | 5/40 [00:01<00:08,  4.12it/s]
 15%|█▌        | 6/40 [00:01<00:08,  4.25it/s]
 18%|█▊        | 7/40 [00:01<00:07,  4.33it/s]
 20%|██        | 8/40 [00:01<00:07,  4.48it/s]
 22%|██▎       | 9/40 [00:02<00:07,  4.39it/s]
 25%|██▌       | 10/40 [00:02<00:06,  4.33it/s]
 28%|██▊       | 11/40 [00:02<00:06,  4.41it/s]
 30%|███       | 12/40 [00:02<00:06,  4.50it/s]
 32%|███▎      | 13/40 [00:03<00:05,  4.52it/s]
 35%|███▌      | 14/40 [00:03<00:05,  4.41it/s]
 38%|███▊      | 15/40 [00:03<00:05,  4.46it/s]
 40%|████      | 16/40 [00:03<00:05,  4.56it/s]
 42%|████▎     | 17/40 [00:03<00:05,  4.55it/s]
 45%|████▌     | 18/40 [00:04<00:04,  4.44it/s]
 48%|████▊     | 19/40 [00:04<00:04,  4.42it/s]
 50%|█████     | 20/40 [00:04<00:04,  4.49it/s]
 52%|█████▎    | 21/40 [00:04<00:04,  4.51it/s]
 55%|█████▌    | 22/40 [00:05<00:03,  4.50it/s]
 57%|█████▊    | 23/40 [00:05<00:03,  4.46it/s]
 60%|██████    | 24/40 [00:05<00:03,  4.46it/s]
 62%|██████▎   | 25/40 [00:05<00:03,  4.56it/s]
 65%|██████▌   | 26/40 [00:05<00:03,  4.50it/s]
 68%|██████▊   | 27/40 [00:06<00:02,  4.47it/s]
 70%|███████   | 28/40 [00:06<00:02,  4.48it/s]
 72%|███████▎  | 29/40 [00:06<00:02,  4.49it/s]
 75%|███████▌  | 30/40 [00:06<00:02,  4.50it/s]
 78%|███████▊  | 31/40 [00:07<00:01,  4.50it/s]
 80%|████████  | 32/40 [00:07<00:01,  4.51it/s]
 82%|████████▎ | 33/40 [00:07<00:01,  4.51it/s]
 85%|████████▌ | 34/40 [00:07<00:01,  4.51it/s]
 88%|████████▊ | 35/40 [00:07<00:01,  4.51it/s]
 90%|█████████ | 36/40 [00:08<00:00,  4.51it/s]
 92%|█████████▎| 37/40 [00:08<00:00,  4.50it/s]
 95%|█████████▌| 38/40 [00:08<00:00,  4.51it/s]
 98%|█████████▊| 39/40 [00:08<00:00,  4.51it/s]
100%|██████████| 40/40 [00:09<00:00,  4.50it/s]
100%|██████████| 40/40 [00:09<00:00,  4.39it/s]
wrote C:\banyan-farm\lora-sapling-0822\out\SAMPLE-noregress-B-base.png
  lora=none weight=0.8 seed=20260822
==== step noregress-base END rc=0 2026-08-22T06:58:07Z ====

==== step publish START 2026-08-22T06:58:07Z ====
argv: ["C:\\banyan-farm\\venv-lora\\Scripts\\python.exe", "-c", "import glob, hashlib, os, shutil\ndst = r\"C:\\banyan-farm\\courier-box\\farm-out\\lora-sapling-0822\"\nos.makedirs(dst, exist_ok=True)\nsrc = sorted(glob.glob(r\"C:\\banyan-farm\\lora-sapling-0822\\out\\SAMPLE-*.png\")\n             + glob.glob(r\"C:\\banyan-farm\\lora-sapling-0822\\out\\SAMPLE-*.meta.yaml\"))\nlines = []\nfor f in src:\n    shutil.copy2(f, dst)\n    with open(os.path.join(dst, os.path.basename(f)), \"rb\") as fh:\n        lines.append(hashlib.sha256(fh.read()).hexdigest() + \"  \" + os.path.basename(f))\n# The weights stay on the box, but their hashes travel -- otherwise a sample\n# is traceable only to a filename, and a filename is not bytes.\nfor w in sorted(glob.glob(r\"C:\\banyan-farm\\lora-sapling-0822\\out\\*.safetensors\")):\n    with open(w, \"rb\") as fh:\n        lines.append(hashlib.sha256(fh.read()).hexdigest()\n                     + \"  ON-BOX-ONLY \" + os.path.basename(w))\nwith open(os.path.join(dst, \"lora-sapling-0822.sha256\"), \"w\", newline=\"\\n\") as fh:\n    fh.write(\"\\n\".join(lines) + \"\\n\")\nprint(\"published\", len(src), \"file(s) ->\", dst)\nraise SystemExit(0 if len(src) >= 6 else 1)\n"]
published 6 file(s) -> C:\banyan-farm\courier-box\farm-out\lora-sapling-0822
==== step publish END rc=0 2026-08-22T06:58:08Z ====
#### job lora-sapling-sample-0822-1787381652 finished rc=0 2026-08-22T06:58:08Z
