                             current_epoch: 0, epoch: 10                       
2026-08-22 19:52:32 INFO     epoch is incremented.               dataset.py:464
                             current_epoch: 0, epoch: 10                       

steps:  90%|█████████ | 550/610 [16:52<01:50,  1.84s/it, avr_loss=0.0852]
steps:  90%|█████████ | 550/610 [16:52<01:50,  1.84s/it, avr_loss=0.0837]
steps:  90%|█████████ | 551/610 [16:53<01:48,  1.84s/it, avr_loss=0.0837]
steps:  90%|█████████ | 551/610 [16:53<01:48,  1.84s/it, avr_loss=0.0843]
steps:  90%|█████████ | 552/610 [16:55<01:46,  1.84s/it, avr_loss=0.0843]
steps:  90%|█████████ | 552/610 [16:55<01:46,  1.84s/it, avr_loss=0.0825]
steps:  91%|█████████ | 553/610 [16:56<01:44,  1.84s/it, avr_loss=0.0825]
steps:  91%|█████████ | 553/610 [16:56<01:44,  1.84s/it, avr_loss=0.0825]
steps:  91%|█████████ | 554/610 [16:58<01:42,  1.84s/it, avr_loss=0.0825]
steps:  91%|█████████ | 554/610 [16:58<01:42,  1.84s/it, avr_loss=0.081] 
steps:  91%|█████████ | 555/610 [16:59<01:41,  1.84s/it, avr_loss=0.081]
steps:  91%|█████████ | 555/610 [16:59<01:41,  1.84s/it, avr_loss=0.0814]
steps:  91%|█████████ | 556/610 [17:01<01:39,  1.84s/it, avr_loss=0.0814]
steps:  91%|█████████ | 556/610 [17:01<01:39,  1.84s/it, avr_loss=0.0821]
steps:  91%|█████████▏| 557/610 [17:02<01:37,  1.84s/it, avr_loss=0.0821]
steps:  91%|█████████▏| 557/610 [17:02<01:37,  1.84s/it, avr_loss=0.0835]
steps:  91%|█████████▏| 558/610 [17:03<01:35,  1.84s/it, avr_loss=0.0835]
steps:  91%|█████████▏| 558/610 [17:03<01:35,  1.84s/it, avr_loss=0.0814]
steps:  92%|█████████▏| 559/610 [17:05<01:33,  1.83s/it, avr_loss=0.0814]
steps:  92%|█████████▏| 559/610 [17:05<01:33,  1.83s/it, avr_loss=0.0808]
steps:  92%|█████████▏| 560/610 [17:06<01:31,  1.83s/it, avr_loss=0.0808]
steps:  92%|█████████▏| 560/610 [17:06<01:31,  1.83s/it, avr_loss=0.0817]
steps:  92%|█████████▏| 561/610 [17:08<01:29,  1.83s/it, avr_loss=0.0817]
steps:  92%|█████████▏| 561/610 [17:08<01:29,  1.83s/it, avr_loss=0.0825]
steps:  92%|█████████▏| 562/610 [17:09<01:27,  1.83s/it, avr_loss=0.0825]
steps:  92%|█████████▏| 562/610 [17:09<01:27,  1.83s/it, avr_loss=0.0818]
steps:  92%|█████████▏| 563/610 [17:11<01:26,  1.83s/it, avr_loss=0.0818]
steps:  92%|█████████▏| 563/610 [17:11<01:26,  1.83s/it, avr_loss=0.0811]
steps:  92%|█████████▏| 564/610 [17:12<01:24,  1.83s/it, avr_loss=0.0811]
steps:  92%|█████████▏| 564/610 [17:12<01:24,  1.83s/it, avr_loss=0.0819]
steps:  93%|█████████▎| 565/610 [17:13<01:22,  1.83s/it, avr_loss=0.0819]
steps:  93%|█████████▎| 565/610 [17:13<01:22,  1.83s/it, avr_loss=0.0819]
steps:  93%|█████████▎| 566/610 [17:15<01:20,  1.83s/it, avr_loss=0.0819]
steps:  93%|█████████▎| 566/610 [17:15<01:20,  1.83s/it, avr_loss=0.0814]
steps:  93%|█████████▎| 567/610 [17:16<01:18,  1.83s/it, avr_loss=0.0814]
steps:  93%|█████████▎| 567/610 [17:16<01:18,  1.83s/it, avr_loss=0.0828]
steps:  93%|█████████▎| 568/610 [17:17<01:16,  1.83s/it, avr_loss=0.0828]
steps:  93%|█████████▎| 568/610 [17:17<01:16,  1.83s/it, avr_loss=0.0837]
steps:  93%|█████████▎| 569/610 [17:19<01:14,  1.83s/it, avr_loss=0.0837]
steps:  93%|█████████▎| 569/610 [17:19<01:14,  1.83s/it, avr_loss=0.0835]
steps:  93%|█████████▎| 570/610 [17:20<01:13,  1.83s/it, avr_loss=0.0835]
steps:  93%|█████████▎| 570/610 [17:20<01:13,  1.83s/it, avr_loss=0.0847]
steps:  94%|█████████▎| 571/610 [17:22<01:11,  1.83s/it, avr_loss=0.0847]
steps:  94%|█████████▎| 571/610 [17:22<01:11,  1.83s/it, avr_loss=0.0851]
steps:  94%|█████████▍| 572/610 [17:23<01:09,  1.82s/it, avr_loss=0.0851]
steps:  94%|█████████▍| 572/610 [17:23<01:09,  1.82s/it, avr_loss=0.087] 
steps:  94%|█████████▍| 573/610 [17:25<01:07,  1.82s/it, avr_loss=0.087]
steps:  94%|█████████▍| 573/610 [17:25<01:07,  1.82s/it, avr_loss=0.0882]
steps:  94%|█████████▍| 574/610 [17:26<01:05,  1.82s/it, avr_loss=0.0882]
steps:  94%|█████████▍| 574/610 [17:26<01:05,  1.82s/it, avr_loss=0.0899]
steps:  94%|█████████▍| 575/610 [17:27<01:03,  1.82s/it, avr_loss=0.0899]
steps:  94%|█████████▍| 575/610 [17:27<01:03,  1.82s/it, avr_loss=0.0897]
steps:  94%|█████████▍| 576/610 [17:29<01:01,  1.82s/it, avr_loss=0.0897]
steps:  94%|█████████▍| 576/610 [17:29<01:01,  1.82s/it, avr_loss=0.0891]
steps:  95%|█████████▍| 577/610 [17:30<01:00,  1.82s/it, avr_loss=0.0891]
steps:  95%|█████████▍| 577/610 [17:30<01:00,  1.82s/it, avr_loss=0.09]  
steps:  95%|█████████▍| 578/610 [17:32<00:58,  1.82s/it, avr_loss=0.09]
steps:  95%|█████████▍| 578/610 [17:32<00:58,  1.82s/it, avr_loss=0.0913]
steps:  95%|█████████▍| 579/610 [17:33<00:56,  1.82s/it, avr_loss=0.0913]
steps:  95%|█████████▍| 579/610 [17:33<00:56,  1.82s/it, avr_loss=0.0912]
steps:  95%|█████████▌| 580/610 [17:34<00:54,  1.82s/it, avr_loss=0.0912]
steps:  95%|█████████▌| 580/610 [17:34<00:54,  1.82s/it, avr_loss=0.0912]
steps:  95%|█████████▌| 581/610 [17:36<00:52,  1.82s/it, avr_loss=0.0912]
steps:  95%|█████████▌| 581/610 [17:36<00:52,  1.82s/it, avr_loss=0.0909]
steps:  95%|█████████▌| 582/610 [17:37<00:50,  1.82s/it, avr_loss=0.0909]
steps:  95%|█████████▌| 582/610 [17:37<00:50,  1.82s/it, avr_loss=0.0897]
steps:  96%|█████████▌| 583/610 [17:39<00:49,  1.82s/it, avr_loss=0.0897]
steps:  96%|█████████▌| 583/610 [17:39<00:49,  1.82s/it, avr_loss=0.0926]
steps:  96%|█████████▌| 584/610 [17:40<00:47,  1.82s/it, avr_loss=0.0926]
steps:  96%|█████████▌| 584/610 [17:40<00:47,  1.82s/it, avr_loss=0.09]  
steps:  96%|█████████▌| 585/610 [17:41<00:45,  1.82s/it, avr_loss=0.09]
steps:  96%|█████████▌| 585/610 [17:41<00:45,  1.82s/it, avr_loss=0.0902]
steps:  96%|█████████▌| 586/610 [17:43<00:43,  1.81s/it, avr_loss=0.0902]
steps:  96%|█████████▌| 586/610 [17:43<00:43,  1.81s/it, avr_loss=0.0882]
steps:  96%|█████████▌| 587/610 [17:44<00:41,  1.81s/it, avr_loss=0.0882]
steps:  96%|█████████▌| 587/610 [17:44<00:41,  1.81s/it, avr_loss=0.0891]
steps:  96%|█████████▋| 588/610 [17:46<00:39,  1.81s/it, avr_loss=0.0891]
steps:  96%|█████████▋| 588/610 [17:46<00:39,  1.81s/it, avr_loss=0.0891]
steps:  97%|█████████▋| 589/610 [17:47<00:38,  1.81s/it, avr_loss=0.0891]
steps:  97%|█████████▋| 589/610 [17:47<00:38,  1.81s/it, avr_loss=0.088] 
steps:  97%|█████████▋| 590/610 [17:48<00:36,  1.81s/it, avr_loss=0.088]
steps:  97%|█████████▋| 590/610 [17:48<00:36,  1.81s/it, avr_loss=0.0877]
steps:  97%|█████████▋| 591/610 [17:50<00:34,  1.81s/it, avr_loss=0.0877]
steps:  97%|█████████▋| 591/610 [17:50<00:34,  1.81s/it, avr_loss=0.0871]
steps:  97%|█████████▋| 592/610 [17:51<00:32,  1.81s/it, avr_loss=0.0871]
steps:  97%|█████████▋| 592/610 [17:51<00:32,  1.81s/it, avr_loss=0.086] 
steps:  97%|█████████▋| 593/610 [17:53<00:30,  1.81s/it, avr_loss=0.086]
steps:  97%|█████████▋| 593/610 [17:53<00:30,  1.81s/it, avr_loss=0.0855]
steps:  97%|█████████▋| 594/610 [17:54<00:28,  1.81s/it, avr_loss=0.0855]
steps:  97%|█████████▋| 594/610 [17:54<00:28,  1.81s/it, avr_loss=0.086] 
steps:  98%|█████████▊| 595/610 [17:55<00:27,  1.81s/it, avr_loss=0.086]
steps:  98%|█████████▊| 595/610 [17:55<00:27,  1.81s/it, avr_loss=0.0845]
steps:  98%|█████████▊| 596/610 [17:56<00:25,  1.81s/it, avr_loss=0.0845]
steps:  98%|█████████▊| 596/610 [17:56<00:25,  1.81s/it, avr_loss=0.0848]
steps:  98%|█████████▊| 597/610 [17:58<00:23,  1.81s/it, avr_loss=0.0848]
steps:  98%|█████████▊| 597/610 [17:58<00:23,  1.81s/it, avr_loss=0.0833]
steps:  98%|█████████▊| 598/610 [17:59<00:21,  1.81s/it, avr_loss=0.0833]
steps:  98%|█████████▊| 598/610 [17:59<00:21,  1.81s/it, avr_loss=0.0828]
steps:  98%|█████████▊| 599/610 [18:00<00:19,  1.80s/it, avr_loss=0.0828]
steps:  98%|█████████▊| 599/610 [18:00<00:19,  1.80s/it, avr_loss=0.0843]
steps:  98%|█████████▊| 600/610 [18:02<00:18,  1.80s/it, avr_loss=0.0843]
steps:  98%|█████████▊| 600/610 [18:02<00:18,  1.80s/it, avr_loss=0.0867]
steps:  99%|█████████▊| 601/610 [18:03<00:16,  1.80s/it, avr_loss=0.0867]
steps:  99%|█████████▊| 601/610 [18:03<00:16,  1.80s/it, avr_loss=0.085] 
steps:  99%|█████████▊| 602/610 [18:05<00:14,  1.80s/it, avr_loss=0.085]
steps:  99%|█████████▊| 602/610 [18:05<00:14,  1.80s/it, avr_loss=0.0873]
steps:  99%|█████████▉| 603/610 [18:06<00:12,  1.80s/it, avr_loss=0.0873]
steps:  99%|█████████▉| 603/610 [18:06<00:12,  1.80s/it, avr_loss=0.0865]
steps:  99%|█████████▉| 604/610 [18:08<00:10,  1.80s/it, avr_loss=0.0865]
steps:  99%|█████████▉| 604/610 [18:08<00:10,  1.80s/it, avr_loss=0.0864]
steps:  99%|█████████▉| 605/610 [18:09<00:09,  1.80s/it, avr_loss=0.0864]
steps:  99%|█████████▉| 605/610 [18:09<00:09,  1.80s/it, avr_loss=0.0876]
steps:  99%|█████████▉| 606/610 [18:10<00:07,  1.80s/it, avr_loss=0.0876]
steps:  99%|█████████▉| 606/610 [18:10<00:07,  1.80s/it, avr_loss=0.0873]
steps: 100%|█████████▉| 607/610 [18:12<00:05,  1.80s/it, avr_loss=0.0873]
steps: 100%|█████████▉| 607/610 [18:12<00:05,  1.80s/it, avr_loss=0.089] 
steps: 100%|█████████▉| 608/610 [18:13<00:03,  1.80s/it, avr_loss=0.089]
steps: 100%|█████████▉| 608/610 [18:13<00:03,  1.80s/it, avr_loss=0.0895]
steps: 100%|█████████▉| 609/610 [18:14<00:01,  1.80s/it, avr_loss=0.0895]
steps: 100%|█████████▉| 609/610 [18:14<00:01,  1.80s/it, avr_loss=0.089] 
steps: 100%|██████████| 610/610 [18:17<00:00,  1.80s/it, avr_loss=0.089]
steps: 100%|██████████| 610/610 [18:17<00:00,  1.80s/it, avr_loss=0.0886]
saving checkpoint: C:\banyan-farm\lora-jerry-v3-0822\out\bnyjerry-sdxl-v3.safetensors
2026-08-22 19:54:00 INFO     model saved.                 train_network.py:1863

steps: 100%|██████████| 610/610 [18:18<00:00,  1.80s/it, avr_loss=0.0886]
==== step train END rc=0 2026-08-22T15:54:02Z ====

==== step sample START 2026-08-22T15:54:02Z ====
argv: ["C:\\banyan-farm\\venv\\Scripts\\python.exe", "C:\\banyan-farm\\lora-jerry-v3-0822\\sample_lora.py", "--lora", "C:\\banyan-farm\\lora-jerry-v3-0822\\out\\bnyjerry-sdxl-v3.safetensors", "--lora-weight", "0.8", "--prompt", "bnyjerry, 1boy, solo, sitting, looking at viewer, upper body, a grey stone wall behind, flat overcast light, anime style, cel shading, masterpiece, best quality, very aesthetic", "--negative", "lowres, worst quality, low quality, text, watermark, photorealism, 3d render, blurry, 2boys, multiple heads", "--width", "832", "--height", "832", "--steps", "40", "--guidance", "7.5", "--seed", "20260822", "--out", "C:\\banyan-farm\\lora-jerry-v3-0822\\out\\SAMPLE-bnyjerry-v3-sitting-wall.png"]

Loading pipeline components...:   0%|          | 0/7 [00:00<?, ?it/s]
Loading pipeline components...:  14%|█▍        | 1/7 [00:00<00:01,  5.64it/s]
Loading pipeline components...:  57%|█████▋    | 4/7 [00:00<00:00,  5.50it/s]
Loading pipeline components...:  86%|████████▌ | 6/7 [00:02<00:00,  2.17it/s]
Loading pipeline components...: 100%|██████████| 7/7 [00:02<00:00,  2.90it/s]
C:\banyan-farm\venv\Lib\site-packages\torch\nn\modules\module.py:1370: UserWarning: expandable_segments not supported on this platform (Triggered internally at C:\actions-runner\_work\pytorch\pytorch\pytorch\c10/cuda/CUDAAllocatorConfig.h:39.)
  return t.to(

  0%|          | 0/40 [00:00<?, ?it/s]
  2%|▎         | 1/40 [00:00<00:15,  2.52it/s]
  5%|▌         | 2/40 [00:00<00:09,  4.04it/s]
  8%|▊         | 3/40 [00:00<00:07,  4.84it/s]
 10%|█         | 4/40 [00:00<00:06,  5.29it/s]
 12%|█▎        | 5/40 [00:01<00:06,  5.66it/s]
 15%|█▌        | 6/40 [00:01<00:05,  5.68it/s]
 18%|█▊        | 7/40 [00:01<00:05,  5.69it/s]
 20%|██        | 8/40 [00:01<00:05,  5.88it/s]
 22%|██▎       | 9/40 [00:01<00:05,  6.01it/s]
 25%|██▌       | 10/40 [00:01<00:04,  6.28it/s]
 28%|██▊       | 11/40 [00:01<00:04,  6.29it/s]
 30%|███       | 12/40 [00:02<00:04,  6.10it/s]
 32%|███▎      | 13/40 [00:02<00:04,  6.01it/s]
 35%|███▌      | 14/40 [00:02<00:04,  6.09it/s]
 38%|███▊      | 15/40 [00:02<00:04,  6.15it/s]
 40%|████      | 16/40 [00:02<00:03,  6.19it/s]
 42%|████▎     | 17/40 [00:02<00:03,  6.22it/s]
 45%|████▌     | 18/40 [00:03<00:03,  6.24it/s]
 48%|████▊     | 19/40 [00:03<00:03,  6.08it/s]
 50%|█████     | 20/40 [00:03<00:03,  6.14it/s]
 52%|█████▎    | 21/40 [00:03<00:03,  6.18it/s]
 55%|█████▌    | 22/40 [00:03<00:02,  6.22it/s]
 57%|█████▊    | 23/40 [00:03<00:02,  6.25it/s]
 60%|██████    | 24/40 [00:04<00:02,  6.26it/s]
 62%|██████▎   | 25/40 [00:04<00:02,  6.09it/s]
 65%|██████▌   | 26/40 [00:04<00:02,  6.14it/s]
 68%|██████▊   | 27/40 [00:04<00:02,  6.18it/s]
 70%|███████   | 28/40 [00:04<00:01,  6.08it/s]
 72%|███████▎  | 29/40 [00:04<00:01,  6.29it/s]
 75%|███████▌  | 30/40 [00:05<00:01,  6.29it/s]
 78%|███████▊  | 31/40 [00:05<00:01,  6.11it/s]
 80%|████████  | 32/40 [00:05<00:01,  6.17it/s]
 82%|████████▎ | 33/40 [00:05<00:01,  6.20it/s]
 85%|████████▌ | 34/40 [00:05<00:00,  6.23it/s]
 88%|████████▊ | 35/40 [00:05<00:00,  6.25it/s]
 90%|█████████ | 36/40 [00:06<00:00,  6.08it/s]
 92%|█████████▎| 37/40 [00:06<00:00,  6.14it/s]
 95%|█████████▌| 38/40 [00:06<00:00,  6.19it/s]
 98%|█████████▊| 39/40 [00:06<00:00,  6.15it/s]
100%|██████████| 40/40 [00:06<00:00,  6.08it/s]
100%|██████████| 40/40 [00:06<00:00,  5.97it/s]
wrote C:\banyan-farm\lora-jerry-v3-0822\out\SAMPLE-bnyjerry-v3-sitting-wall.png
  lora=bnyjerry-sdxl-v3.safetensors weight=0.8 seed=20260822
==== step sample END rc=0 2026-08-22T15:54:19Z ====

==== step publish START 2026-08-22T15:54:19Z ====
argv: ["C:\\banyan-farm\\venv-lora\\Scripts\\python.exe", "-c", "\nimport hashlib, glob, os, shutil, yaml\nOUT = r\"C:\\banyan-farm\\lora-jerry-v3-0822\\out\"\nDST = r\"C:\\banyan-farm\\courier-box\\farm-out\\lora-jerry-v3-0822\"\nos.makedirs(DST, exist_ok=True)\n\ndef sha(p):\n    return hashlib.sha256(open(p, \"rb\").read()).hexdigest()\n\n# 1. THE SAMPLE TRAVELS.\npublished = []\nfor png in sorted(glob.glob(os.path.join(OUT, \"SAMPLE-*.png\"))):\n    shutil.copyfile(png, os.path.join(DST, os.path.basename(png)))\n    published.append(os.path.basename(png))\n    print(\"published\", os.path.basename(png), flush=True)\n\n# 2. THE WEIGHTS DO NOT. Their hashes and box paths do, which is the half that\n#    makes provenance survive the blob staying on one machine.\nck = {}\nfor w in sorted(glob.glob(os.path.join(OUT, \"*.safetensors\"))):\n    b = os.path.basename(w)\n    ck[b] = {\"sha256\": sha(w), \"bytes\": os.path.getsize(w), \"box_path\": w}\n    print(\"hashed\", b, ck[b][\"sha256\"][:16], flush=True)\nif not ck:\n    raise SystemExit(\"NO CHECKPOINTS in %s -- training produced nothing\" % OUT)\n\ndoc = {\"job\": \"lora-jerry-v3-0822\", \"trigger\": \"bnyjerry\",\n       \"weights_stay_on_the_box\": (\n           \"Each checkpoint is ~228 MB. GitHub rejects blobs over 100 MiB and \"\n           \"the courier does `git add -A -- farm-out`, so a checkpoint here \"\n           \"would leave a permanently unpushable commit and block every lane. \"\n           \"The sha256s below are the durable half.\"),\n       \"checkpoints\": ck, \"samples\": published}\nwith open(os.path.join(DST, \"weights-jerry-v3-0822.yaml\"), \"w\",\n          encoding=\"utf-8\") as fh:\n    yaml.safe_dump(doc, fh, sort_keys=False, width=88)\n\n# 3. A .sha256 BESIDE EVERYTHING THAT TRAVELLED.\nwith open(os.path.join(DST, \"lora-jerry-v3-0822.sha256\"), \"w\", encoding=\"utf-8\") as fh:\n    for n in sorted(os.listdir(DST)):\n        q = os.path.join(DST, n)\n        if os.path.isfile(q) and not n.endswith(\".sha256\"):\n            fh.write(\"%s  %s\\n\" % (sha(q), n))\nprint(\"publish complete ->\", DST, flush=True)\n"]
published SAMPLE-bnyjerry-v3-sitting-wall.png
hashed bnyjerry-sdxl-v3-000002.safetensors 40732af6655b659b
hashed bnyjerry-sdxl-v3-000004.safetensors be15f5d3ac96e5d3
hashed bnyjerry-sdxl-v3-000006.safetensors d85f268d3a2104e9
hashed bnyjerry-sdxl-v3-000008.safetensors 728645238d3a1431
hashed bnyjerry-sdxl-v3.safetensors d2062ac060a4ac44
publish complete -> C:\banyan-farm\courier-box\farm-out\lora-jerry-v3-0822
==== step publish END rc=0 2026-08-22T15:54:20Z ====
#### job lora-jerry-v3-0822-1787412909 finished rc=0 2026-08-22T15:54:20Z
