#### job ltx-gprobe-g10-0811-1786470159 attempt 1 start 2026-08-11T17:42:52Z

==== step plate START 2026-08-11T17:42:55Z ====
argv: ["C:\\banyan-video\\venv\\Scripts\\python.exe", "-c", "import sys; sys.path.insert(0, r\"C:\\banyan-farm\\banyan-city\\pipeline\")\nfrom plate_prep import prepare_plate\nout, rec = prepare_plate(\n    r\"C:\\banyan-farm\\banyan-city\\genomes\\sapling\\nodes\\001-capability-inventory\\stills\\10-sense.png\",\n    \"704x1280\", r\"C:\\banyan-farm\\ltx-gprobe-0811\\g10\", \"10\")\nprint(\"plate\", out); print(rec[\"plate_wxh\"], rec[\"crop_policy\"])\n"]
plate C:\banyan-farm\ltx-gprobe-0811\g10\10-704x1280.png
704x1280 cover-centre (render_t3 policy: scale to cover, then centre crop): 832x1216, cropped 163px of width (81 left, 82 right) = 19.6%, kept 669x1216, LANCZOS to 704x1280
==== step plate END rc=0 2026-08-11T17:42:56Z ====

==== step encode START 2026-08-11T17:42:56Z ====
argv: ["C:\\banyan-video\\venv\\Scripts\\python.exe", "C:\\banyan-farm\\ltx_i2v.py", "--stage", "encode", "--embeds", "C:\\banyan-farm\\ltx-gprobe-0811\\g10\\gprobe-embeds.pt", "--prompt-file", "C:\\banyan-farm\\ltx-gprobe-0811\\g10\\gprobe-prompt.txt", "--negative-file", "C:\\banyan-farm\\ltx-gprobe-0811\\g10\\gprobe-negative.txt"]
-- begin-encode: phys 11.8/68.1GB, commit 14.6/128.2GB (load 17%)
loading text encoder from C:\Users\artvn\.cache\huggingface\hub\models--Lightricks--gemma-3-12b-it-qat-q4_0-unquantized\snapshots\d62fe4f1995ade703b49a0f3c0d0f161237ef437

Loading weights:   0%|          | 0/1065 [00:00<?, ?it/s]
Loading weights:  25%|██▍       | 265/1065 [00:00<00:00, 2412.21it/s]
Loading weights:  55%|█████▍    | 581/1065 [00:00<00:00, 2677.17it/s]
Loading weights:  86%|████████▌ | 916/1065 [00:00<00:00, 2841.10it/s]
Loading weights: 100%|██████████| 1065/1065 [00:00<00:00, 2819.43it/s]
encoded to C:\banyan-farm\ltx-gprobe-0811\g10\gprobe-embeds.pt (1, 1024, 188160)
{"peak_commit_gb": 43.5, "peak_phys_gb": 38.0, "last_stage": "begin-encode"}
==== step encode END rc=0 2026-08-11T17:44:31Z ====

==== step render START 2026-08-11T17:44:31Z ====
argv: ["C:\\banyan-video\\venv\\Scripts\\python.exe", "C:\\banyan-farm\\ltx_i2v.py", "--stage", "render", "--embeds", "C:\\banyan-farm\\ltx-gprobe-0811\\g10\\gprobe-embeds.pt", "--prompt-file", "C:\\banyan-farm\\ltx-gprobe-0811\\g10\\gprobe-prompt.txt", "--negative-file", "C:\\banyan-farm\\ltx-gprobe-0811\\g10\\gprobe-negative.txt", "--init", "C:\\banyan-farm\\ltx-gprobe-0811\\g10\\10-704x1280.png", "--out", "C:\\banyan-farm\\ltx-gprobe-0811\\g10\\10-ltx-gprobe-g10-0811-s20260897.mp4", "--size", "704x1280", "--frames", "65", "--fps", "24", "--steps", "8", "--guidance", "1.0", "--distilled-sigmas", "--two-stage", "--seed", "20260897", "--beat", "10", "--task", "ltx-gprobe-g10-0811", "--worker", "rtx5090"]
-- begin-render: phys 11.7/68.1GB, commit 14.7/128.2GB (load 17%)
transformer  C:\Users\artvn\.cache\huggingface\hub\models--diffusers--LTX-2.3-Distilled-Diffusers\snapshots\432e0d3c2d1769aaa4d295f9243f7062bf6b47ee [subfolder=transformer, bf16]
scheduler    C:\Users\artvn\.cache\huggingface\hub\models--diffusers--LTX-2.3-Distilled-Diffusers\snapshots\432e0d3c2d1769aaa4d295f9243f7062bf6b47ee [subfolder=scheduler, distilled]
other parts  C:\Users\artvn\.cache\huggingface\hub\models--diffusers--LTX-2.3-Diffusers\snapshots\8eee8edcf067e838b843f926ec4d4cc9b2be1aaf
-- load-transformer-bf16-38GB: phys 12.3/68.1GB, commit 16.5/128.2GB (load 18%)

Loading checkpoint shards:   0%|          | 0/8 [00:00<?, ?it/s]
Loading checkpoint shards:  12%|█▎        | 1/8 [00:00<00:00,  9.22it/s]
Loading checkpoint shards:  25%|██▌       | 2/8 [00:00<00:00,  9.16it/s]
Loading checkpoint shards:  38%|███▊      | 3/8 [00:00<00:00,  9.17it/s]
Loading checkpoint shards:  50%|█████     | 4/8 [00:00<00:00,  6.87it/s]
Loading checkpoint shards:  62%|██████▎   | 5/8 [00:00<00:00,  7.71it/s]
Loading checkpoint shards:  75%|███████▌  | 6/8 [00:03<00:02,  1.08s/it]
Loading checkpoint shards: 100%|██████████| 8/8 [00:03<00:00,  2.21it/s]
-- load-connectors-12.7GB-and-vae: phys 12.4/68.1GB, commit 54.8/128.2GB (load 18%)

Loading checkpoint shards:   0%|          | 0/2 [00:00<?, ?it/s]
Loading checkpoint shards: 100%|██████████| 2/2 [00:00<00:00, 48.17it/s]
-- offload-setup: phys 12.4/68.1GB, commit 64.4/128.2GB (load 18%)
C:\banyan-video\venv\Lib\site-packages\accelerate\utils\modeling.py:345: UserWarning: expandable_segments not supported on this platform (Triggered internally at C:\actions-runner\_work\pytorch\pytorch\pytorch\c10/cuda/CUDAAllocatorConfig.h:39.)
  new_value = old_value.to(device, non_blocking=non_blocking)
-- stage1-denoise-352x640-8steps: phys 13.3/68.1GB, commit 64.8/128.2GB (load 19%)

  0%|          | 0/8 [00:00<?, ?it/s]
 12%|█▎        | 1/8 [01:13<08:36, 73.84s/it]
 25%|██▌       | 2/8 [01:22<03:34, 35.79s/it]
 38%|███▊      | 3/8 [01:28<01:50, 22.16s/it]
 50%|█████     | 4/8 [01:34<01:02, 15.74s/it]
 62%|██████▎   | 5/8 [01:40<00:36, 12.26s/it]
 75%|███████▌  | 6/8 [01:47<00:20, 10.22s/it]
 88%|████████▊ | 7/8 [01:53<00:08,  8.80s/it]
100%|██████████| 8/8 [01:59<00:00,  8.00s/it]
100%|██████████| 8/8 [01:59<00:00, 14.92s/it]
stage1 latents (1, 128, 9, 20, 11)
-- upsample-2x-latent: phys 60.2/68.1GB, commit 66.6/128.2GB (load 88%)
There are modules in LTX2LatentUpsamplerModel that should be kept in float32: []. Casting directly with `to()` can lead to inconsistent results; set `torch_dtype` in `from_pretrained()` instead to keep these modules in float32.
upsampled latents (1, 128, 9, 40, 22)
-- stage2-refine-704x1280-3steps: phys 62.5/68.1GB, commit 70.2/128.2GB (load 91%)

  0%|          | 0/3 [00:00<?, ?it/s]
 33%|███▎      | 1/3 [00:10<00:21, 10.78s/it]
 67%|██████▋   | 2/3 [00:21<00:10, 10.83s/it]
100%|██████████| 3/3 [00:32<00:00, 10.85s/it]
100%|██████████| 3/3 [00:32<00:00, 10.84s/it]
-- decode-and-export: phys 63.1/68.1GB, commit 71.0/128.2GB (load 92%)
[1/1] wrote C:\banyan-farm\ltx-gprobe-0811\g10\10-ltx-gprobe-g10-0811-s20260897.mp4 in 169s (65 frames, 704x1280, 8@352x640+3@704x1280 steps, peak torch 4.1GB, device 2.5/26GB)
{"sample_s": 169.2, "peak_gb": 4.1, "peak_commit_gb": 73.2, "frames": 65, "size": "704x1280", "steps": "8@352x640+3@704x1280", "two_stage": true, "image_crf": 0, "offload": "sequential"}
{"peak_commit_gb": 73.2, "peak_phys_gb": 63.3, "last_stage": "decode-and-export"}
==== step render END rc=0 2026-08-11T17:47:38Z ====

==== step publish START 2026-08-11T17:47:38Z ====
argv: ["C:\\banyan-farm\\venv\\Scripts\\python.exe", "-c", "import glob, hashlib, os, shutil\ndst = \"C:/banyan-farm/courier-box/farm-out/ltx-gprobe-g10-0811\"\nos.makedirs(dst, exist_ok=True)\nsrc = sorted(glob.glob(\"C:/banyan-farm/ltx-gprobe-0811/g10/10-ltx-gprobe-g10-0811-s20260897.mp4*\"))\nlines = []\nfor f in src:\n    shutil.copy2(f, dst)\n    # Hash the COPY, not the original: what this records has to be the\n    # bytes that get committed, or the manifest attests to the wrong file.\n    c = os.path.join(dst, os.path.basename(f))\n    with open(c, \"rb\") as fh:\n        h = hashlib.sha256(fh.read()).hexdigest()\n    lines.append(h + \"  \" + os.path.basename(f))\n    print(\"   \", os.path.basename(f), h[:16])\n# newline=\"\\n\" is load-bearing: Windows text mode rewrites \\n to \\r\\n and\n# every filename then carries a trailing \\r that shasum -c cannot open.\nwith open(os.path.join(dst, \"ltx-gprobe-g10-0811.sha256\"), \"w\", newline=\"\\n\") as fh:\n    fh.write(\"\\n\".join(lines) + \"\\n\")\nprint(\"published\", len(src), \"file(s) + manifest ->\", dst)\n# The clip and its \u00a77.2 sidecar. Fewer means the render wrote less than\n# it promised and the arm cannot be read against the other two.\nraise SystemExit(0 if len(src) == 2 else 1)\n"]
    10-ltx-gprobe-g10-0811-s20260897.mp4 45ceda8964b9a349
    10-ltx-gprobe-g10-0811-s20260897.mp4.meta.yaml 51163e8cc07d2f8a
published 2 file(s) + manifest -> C:/banyan-farm/courier-box/farm-out/ltx-gprobe-g10-0811
==== step publish END rc=0 2026-08-11T17:47:38Z ====
#### job ltx-gprobe-g10-0811-1786470159 finished rc=0 2026-08-11T17:47:38Z
