Loading checkpoint shards: 100%|██████████| 8/8 [00:00<00:00, 11.82it/s]
-- load-connectors-12.7GB-and-vae: phys 10.7/68.1GB, commit 52.2/115.3GB (load 15%)

Loading checkpoint shards:   0%|          | 0/2 [00:00<?, ?it/s]
Loading checkpoint shards: 100%|██████████| 2/2 [00:00<00:00, 68.99it/s]
-- offload-setup-sequential: phys 10.7/68.1GB, commit 61.8/115.3GB (load 15%)
C:\banyan-video\venv\Lib\site-packages\accelerate\utils\modeling.py:345: UserWarning: expandable_segments not supported on this platform (Triggered internally at C:\actions-runner\_work\pytorch\pytorch\pytorch\c10/cuda/CUDAAllocatorConfig.h:39.)
  new_value = old_value.to(device, non_blocking=non_blocking)
conditioning still round-tripped through libx264 crf=33 -> C:\banyan-farm\motion-poscontrol-r2-0816-out\cond-crf-13.png
-- stage1-denoise-352x640-8steps: phys 11.6/68.1GB, commit 62.2/115.3GB (load 17%)

  0%|          | 0/8 [00:00<?, ?it/s]
 12%|█▎        | 1/8 [01:11<08:18, 71.24s/it]
 25%|██▌       | 2/8 [01:23<03:39, 36.63s/it]
 38%|███▊      | 3/8 [01:32<01:59, 23.89s/it]
 50%|█████     | 4/8 [01:41<01:11, 17.96s/it]
 62%|██████▎   | 5/8 [01:50<00:44, 14.75s/it]
 75%|███████▌  | 6/8 [01:59<00:25, 12.75s/it]
 88%|████████▊ | 7/8 [02:07<00:11, 11.36s/it]
100%|██████████| 8/8 [02:16<00:00, 10.52s/it]
100%|██████████| 8/8 [02:16<00:00, 17.05s/it]
stage1 latents (1, 128, 13, 20, 11)
-- upsample-2x-latent: phys 54.5/68.1GB, commit 64.7/115.3GB (load 79%)
There are modules in LTX2LatentUpsamplerModel that should be kept in float32: []. Casting directly with `to()` can lead to inconsistent results; set `torch_dtype` in `from_pretrained()` instead to keep these modules in float32.
upsampled latents (1, 128, 13, 40, 22)
-- stage2-refine-704x1280-3steps: phys 57.1/68.1GB, commit 67.7/115.3GB (load 83%)

  0%|          | 0/3 [00:00<?, ?it/s]
 33%|███▎      | 1/3 [00:24<00:48, 24.44s/it]
 67%|██████▋   | 2/3 [00:52<00:26, 26.32s/it]
100%|██████████| 3/3 [01:18<00:00, 26.33s/it]
100%|██████████| 3/3 [01:18<00:00, 26.14s/it]
-- decode-and-export: phys 63.9/68.1GB, commit 71.0/115.3GB (load 93%)
[1/1] wrote C:\banyan-farm\motion-poscontrol-r2-0816-out\poscontrol-a0-b13-control.mp4 in 237s (97 frames, 704x1280, 8@352x640+3@704x1280 steps, peak torch 9.9GB, device 2.6/26GB)
THROUGHPUT 0.0170 s(video)/s(wall) (1 x 4.042s of video in 237s)
bench row -> C:\banyan-farm\motion-poscontrol-r2-0816-out\bench-a0.jsonl
{"sample_s": 237.4, "peak_gb": 9.9, "peak_commit_gb": 78.7, "frames": 97, "size": "704x1280", "steps": "8@352x640+3@704x1280", "batch": 1, "mode": "production", "throughput_s_per_s": 0.017, "two_stage": true, "image_crf": 33, "offload": "sequential", "quantisation": null}
{"peak_commit_gb": 78.7, "peak_phys_gb": 64.2, "last_stage": "decode-and-export"}
==== step render-a0 END rc=0 2026-08-16T08:37:40Z ====

==== step render-a1 START 2026-08-16T08:37:40Z ====
argv: ["C:\\banyan-video\\venv\\Scripts\\python.exe", "C:\\banyan-farm\\banyan-city\\pipeline\\ltx_i2v.py", "--stage", "render", "--jobs", "C:\\banyan-farm\\motion-poscontrol-r2-0816\\jobs-render-a1.json", "--size", "704x1280", "--frames", "97", "--fps", "24", "--guidance", "2.0", "--distilled-sigmas", "--two-stage", "--image-crf", "33", "--offload", "sequential", "--mode", "production", "--task", "motion-poscontrol-r2-0816-a1", "--worker", "rtx5090", "--bench-jsonl", "C:\\banyan-farm\\motion-poscontrol-r2-0816-out\\bench-a1.jsonl", "--bench-label", "motion-poscontrol-r2-0816-a1"]
recipe: offload=sequential quantisation=none (bf16)
-- begin-render: phys 9.9/68.1GB, commit 12.0/115.3GB (load 14%)
transformer  C:\Users\artvn\.cache\huggingface\hub\models--diffusers--LTX-2.3-Distilled-Diffusers\snapshots\432e0d3c2d1769aaa4d295f9243f7062bf6b47ee [subfolder=transformer, bf16]
scheduler    C:\Users\artvn\.cache\huggingface\hub\models--diffusers--LTX-2.3-Distilled-Diffusers\snapshots\432e0d3c2d1769aaa4d295f9243f7062bf6b47ee [subfolder=scheduler, distilled]
other parts  C:\Users\artvn\.cache\huggingface\hub\models--diffusers--LTX-2.3-Diffusers\snapshots\8eee8edcf067e838b843f926ec4d4cc9b2be1aaf
-- load-transformer-bf16-38GB: phys 10.6/68.1GB, commit 13.8/115.3GB (load 15%)

Loading checkpoint shards:   0%|          | 0/8 [00:00<?, ?it/s]
Loading checkpoint shards:  38%|███▊      | 3/8 [00:00<00:00, 25.69it/s]
Loading checkpoint shards:  75%|███████▌  | 6/8 [00:00<00:00, 19.85it/s]
Loading checkpoint shards: 100%|██████████| 8/8 [00:00<00:00, 23.37it/s]
-- load-connectors-12.7GB-and-vae: phys 10.6/68.1GB, commit 52.1/115.3GB (load 15%)

Loading checkpoint shards:   0%|          | 0/2 [00:00<?, ?it/s]
Loading checkpoint shards: 100%|██████████| 2/2 [00:00<00:00, 249.75it/s]
-- offload-setup-sequential: phys 10.7/68.1GB, commit 61.7/115.3GB (load 15%)
C:\banyan-video\venv\Lib\site-packages\accelerate\utils\modeling.py:345: UserWarning: expandable_segments not supported on this platform (Triggered internally at C:\actions-runner\_work\pytorch\pytorch\pytorch\c10/cuda/CUDAAllocatorConfig.h:39.)
  new_value = old_value.to(device, non_blocking=non_blocking)
conditioning still round-tripped through libx264 crf=33 -> C:\banyan-farm\motion-poscontrol-r2-0816-out\cond-crf-13.png
-- stage1-denoise-352x640-8steps: phys 11.6/68.1GB, commit 62.1/115.3GB (load 17%)

  0%|          | 0/8 [00:00<?, ?it/s]
 12%|█▎        | 1/8 [00:23<02:44, 23.53s/it]
 25%|██▌       | 2/8 [00:33<01:32, 15.45s/it]
 38%|███▊      | 3/8 [00:43<01:04, 12.97s/it]
 50%|█████     | 4/8 [00:53<00:47, 11.76s/it]
 62%|██████▎   | 5/8 [01:02<00:32, 10.74s/it]
 75%|███████▌  | 6/8 [01:11<00:20, 10.19s/it]
 88%|████████▊ | 7/8 [01:19<00:09,  9.68s/it]
100%|██████████| 8/8 [01:30<00:00,  9.93s/it]
100%|██████████| 8/8 [01:30<00:00, 11.30s/it]
stage1 latents (1, 128, 13, 20, 11)
-- upsample-2x-latent: phys 58.2/68.1GB, commit 64.6/115.3GB (load 85%)
There are modules in LTX2LatentUpsamplerModel that should be kept in float32: []. Casting directly with `to()` can lead to inconsistent results; set `torch_dtype` in `from_pretrained()` instead to keep these modules in float32.
upsampled latents (1, 128, 13, 40, 22)
-- stage2-refine-704x1280-3steps: phys 60.5/68.1GB, commit 67.7/115.3GB (load 88%)

  0%|          | 0/3 [00:00<?, ?it/s]
 33%|███▎      | 1/3 [00:24<00:48, 24.32s/it]
 67%|██████▋   | 2/3 [00:48<00:23, 24.00s/it]
100%|██████████| 3/3 [01:14<00:00, 25.04s/it]
100%|██████████| 3/3 [01:14<00:00, 24.79s/it]
-- decode-and-export: phys 64.3/68.1GB, commit 71.0/115.3GB (load 94%)
[1/1] wrote C:\banyan-farm\motion-poscontrol-r2-0816-out\poscontrol-a1-world-waterfall.mp4 in 185s (97 frames, 704x1280, 8@352x640+3@704x1280 steps, peak torch 9.9GB, device 2.6/26GB)
THROUGHPUT 0.0219 s(video)/s(wall) (1 x 4.042s of video in 185s)
bench row -> C:\banyan-farm\motion-poscontrol-r2-0816-out\bench-a1.jsonl
{"sample_s": 184.5, "peak_gb": 9.9, "peak_commit_gb": 78.8, "frames": 97, "size": "704x1280", "steps": "8@352x640+3@704x1280", "batch": 1, "mode": "production", "throughput_s_per_s": 0.0219, "two_stage": true, "image_crf": 33, "offload": "sequential", "quantisation": null}
{"peak_commit_gb": 78.8, "peak_phys_gb": 64.6, "last_stage": "decode-and-export"}
==== step render-a1 END rc=0 2026-08-16T08:41:02Z ====

==== step render-a2 START 2026-08-16T08:41:02Z ====
argv: ["C:\\banyan-video\\venv\\Scripts\\python.exe", "C:\\banyan-farm\\banyan-city\\pipeline\\ltx_i2v.py", "--stage", "render", "--jobs", "C:\\banyan-farm\\motion-poscontrol-r2-0816\\jobs-render-a2.json", "--size", "704x1280", "--frames", "97", "--fps", "24", "--guidance", "2.0", "--distilled-sigmas", "--two-stage", "--image-crf", "33", "--offload", "sequential", "--mode", "production", "--task", "motion-poscontrol-r2-0816-a2", "--worker", "rtx5090", "--bench-jsonl", "C:\\banyan-farm\\motion-poscontrol-r2-0816-out\\bench-a2.jsonl", "--bench-label", "motion-poscontrol-r2-0816-a2"]
recipe: offload=sequential quantisation=none (bf16)
-- begin-render: phys 9.9/68.1GB, commit 12.1/115.3GB (load 14%)
transformer  C:\Users\artvn\.cache\huggingface\hub\models--diffusers--LTX-2.3-Distilled-Diffusers\snapshots\432e0d3c2d1769aaa4d295f9243f7062bf6b47ee [subfolder=transformer, bf16]
scheduler    C:\Users\artvn\.cache\huggingface\hub\models--diffusers--LTX-2.3-Distilled-Diffusers\snapshots\432e0d3c2d1769aaa4d295f9243f7062bf6b47ee [subfolder=scheduler, distilled]
other parts  C:\Users\artvn\.cache\huggingface\hub\models--diffusers--LTX-2.3-Diffusers\snapshots\8eee8edcf067e838b843f926ec4d4cc9b2be1aaf
-- load-transformer-bf16-38GB: phys 10.6/68.1GB, commit 13.9/115.3GB (load 15%)

Loading checkpoint shards:   0%|          | 0/8 [00:00<?, ?it/s]
Loading checkpoint shards:  38%|███▊      | 3/8 [00:00<00:00, 29.33it/s]
Loading checkpoint shards:  75%|███████▌  | 6/8 [00:00<00:00, 19.83it/s]
Loading checkpoint shards: 100%|██████████| 8/8 [00:00<00:00, 24.26it/s]
-- load-connectors-12.7GB-and-vae: phys 10.7/68.1GB, commit 52.2/115.3GB (load 15%)

Loading checkpoint shards:   0%|          | 0/2 [00:00<?, ?it/s]
Loading checkpoint shards: 100%|██████████| 2/2 [00:00<00:00, 249.78it/s]
-- offload-setup-sequential: phys 10.7/68.1GB, commit 61.8/115.3GB (load 15%)
C:\banyan-video\venv\Lib\site-packages\accelerate\utils\modeling.py:345: UserWarning: expandable_segments not supported on this platform (Triggered internally at C:\actions-runner\_work\pytorch\pytorch\pytorch\c10/cuda/CUDAAllocatorConfig.h:39.)
  new_value = old_value.to(device, non_blocking=non_blocking)
conditioning still round-tripped through libx264 crf=33 -> C:\banyan-farm\motion-poscontrol-r2-0816-out\cond-crf-13.png
-- stage1-denoise-352x640-8steps: phys 11.6/68.1GB, commit 62.1/115.3GB (load 16%)

  0%|          | 0/8 [00:00<?, ?it/s]
 12%|█▎        | 1/8 [00:24<02:49, 24.27s/it]
 25%|██▌       | 2/8 [00:33<01:33, 15.60s/it]
 38%|███▊      | 3/8 [00:43<01:04, 12.86s/it]
 50%|█████     | 4/8 [00:52<00:45, 11.45s/it]
 62%|██████▎   | 5/8 [01:01<00:31, 10.59s/it]
 75%|███████▌  | 6/8 [01:10<00:20, 10.09s/it]
 88%|████████▊ | 7/8 [01:19<00:09,  9.55s/it]
100%|██████████| 8/8 [01:29<00:00,  9.64s/it]
100%|██████████| 8/8 [01:29<00:00, 11.14s/it]
stage1 latents (1, 128, 13, 20, 11)
-- upsample-2x-latent: phys 58.2/68.1GB, commit 64.7/115.3GB (load 85%)
There are modules in LTX2LatentUpsamplerModel that should be kept in float32: []. Casting directly with `to()` can lead to inconsistent results; set `torch_dtype` in `from_pretrained()` instead to keep these modules in float32.
upsampled latents (1, 128, 13, 40, 22)
-- stage2-refine-704x1280-3steps: phys 60.6/68.1GB, commit 67.7/115.3GB (load 88%)

  0%|          | 0/3 [00:00<?, ?it/s]
 33%|███▎      | 1/3 [00:25<00:50, 25.39s/it]
 67%|██████▋   | 2/3 [00:49<00:24, 24.67s/it]
100%|██████████| 3/3 [01:14<00:00, 25.00s/it]
100%|██████████| 3/3 [01:14<00:00, 24.98s/it]
-- decode-and-export: phys 64.1/68.1GB, commit 70.9/115.3GB (load 94%)
[1/1] wrote C:\banyan-farm\motion-poscontrol-r2-0816-out\poscontrol-a2-human-runner.mp4 in 182s (97 frames, 704x1280, 8@352x640+3@704x1280 steps, peak torch 9.9GB, device 2.6/26GB)
THROUGHPUT 0.0222 s(video)/s(wall) (1 x 4.042s of video in 182s)
bench row -> C:\banyan-farm\motion-poscontrol-r2-0816-out\bench-a2.jsonl
{"sample_s": 182.0, "peak_gb": 9.9, "peak_commit_gb": 78.7, "frames": 97, "size": "704x1280", "steps": "8@352x640+3@704x1280", "batch": 1, "mode": "production", "throughput_s_per_s": 0.0222, "two_stage": true, "image_crf": 33, "offload": "sequential", "quantisation": null}
{"peak_commit_gb": 78.7, "peak_phys_gb": 64.3, "last_stage": "decode-and-export"}
==== step render-a2 END rc=0 2026-08-16T08:44:19Z ====

==== step render-a3 START 2026-08-16T08:44:19Z ====
argv: ["C:\\banyan-video\\venv\\Scripts\\python.exe", "C:\\banyan-farm\\banyan-city\\pipeline\\ltx_i2v.py", "--stage", "render", "--jobs", "C:\\banyan-farm\\motion-poscontrol-r2-0816\\jobs-render-a3.json", "--size", "704x1280", "--frames", "97", "--fps", "24", "--guidance", "2.0", "--distilled-sigmas", "--two-stage", "--image-crf", "33", "--offload", "sequential", "--mode", "production", "--task", "motion-poscontrol-r2-0816-a3", "--worker", "rtx5090", "--bench-jsonl", "C:\\banyan-farm\\motion-poscontrol-r2-0816-out\\bench-a3.jsonl", "--bench-label", "motion-poscontrol-r2-0816-a3"]
recipe: offload=sequential quantisation=none (bf16)
-- begin-render: phys 9.9/68.1GB, commit 12.0/115.3GB (load 14%)
transformer  C:\Users\artvn\.cache\huggingface\hub\models--diffusers--LTX-2.3-Distilled-Diffusers\snapshots\432e0d3c2d1769aaa4d295f9243f7062bf6b47ee [subfolder=transformer, bf16]
scheduler    C:\Users\artvn\.cache\huggingface\hub\models--diffusers--LTX-2.3-Distilled-Diffusers\snapshots\432e0d3c2d1769aaa4d295f9243f7062bf6b47ee [subfolder=scheduler, distilled]
other parts  C:\Users\artvn\.cache\huggingface\hub\models--diffusers--LTX-2.3-Diffusers\snapshots\8eee8edcf067e838b843f926ec4d4cc9b2be1aaf
-- load-transformer-bf16-38GB: phys 10.6/68.1GB, commit 13.9/115.3GB (load 15%)

Loading checkpoint shards:   0%|          | 0/8 [00:00<?, ?it/s]
Loading checkpoint shards:  50%|█████     | 4/8 [00:00<00:00, 22.03it/s]
Loading checkpoint shards: 100%|██████████| 8/8 [00:00<00:00, 29.62it/s]
-- load-connectors-12.7GB-and-vae: phys 10.7/68.1GB, commit 52.2/115.3GB (load 15%)

Loading checkpoint shards:   0%|          | 0/2 [00:00<?, ?it/s]
Loading checkpoint shards: 100%|██████████| 2/2 [00:00<00:00, 258.13it/s]
-- offload-setup-sequential: phys 10.7/68.1GB, commit 61.8/115.3GB (load 15%)
C:\banyan-video\venv\Lib\site-packages\accelerate\utils\modeling.py:345: UserWarning: expandable_segments not supported on this platform (Triggered internally at C:\actions-runner\_work\pytorch\pytorch\pytorch\c10/cuda/CUDAAllocatorConfig.h:39.)
  new_value = old_value.to(device, non_blocking=non_blocking)
conditioning still round-tripped through libx264 crf=33 -> C:\banyan-farm\motion-poscontrol-r2-0816-out\cond-crf-13.png
-- stage1-denoise-352x640-8steps: phys 11.6/68.1GB, commit 62.1/115.3GB (load 17%)

  0%|          | 0/8 [00:00<?, ?it/s]
 12%|█▎        | 1/8 [00:26<03:06, 26.68s/it]
 25%|██▌       | 2/8 [00:36<01:42, 17.05s/it]
 38%|███▊      | 3/8 [00:46<01:07, 13.47s/it]
 50%|█████     | 4/8 [00:55<00:46, 11.73s/it]
 62%|██████▎   | 5/8 [01:04<00:32, 10.82s/it]
 75%|███████▌  | 6/8 [01:13<00:20, 10.11s/it]
 88%|████████▊ | 7/8 [01:22<00:09,  9.79s/it]
100%|██████████| 8/8 [01:31<00:00,  9.67s/it]
100%|██████████| 8/8 [01:31<00:00, 11.47s/it]
stage1 latents (1, 128, 13, 20, 11)
-- upsample-2x-latent: phys 58.2/68.1GB, commit 64.7/115.3GB (load 85%)
There are modules in LTX2LatentUpsamplerModel that should be kept in float32: []. Casting directly with `to()` can lead to inconsistent results; set `torch_dtype` in `from_pretrained()` instead to keep these modules in float32.
upsampled latents (1, 128, 13, 40, 22)
-- stage2-refine-704x1280-3steps: phys 60.6/68.1GB, commit 67.7/115.3GB (load 88%)

  0%|          | 0/3 [00:00<?, ?it/s]
 33%|███▎      | 1/3 [00:25<00:51, 25.68s/it]
 67%|██████▋   | 2/3 [00:49<00:24, 24.71s/it]
100%|██████████| 3/3 [01:15<00:00, 25.15s/it]
100%|██████████| 3/3 [01:15<00:00, 25.13s/it]
-- decode-and-export: phys 63.9/68.1GB, commit 71.0/115.3GB (load 93%)
[1/1] wrote C:\banyan-farm\motion-poscontrol-r2-0816-out\poscontrol-a3-b13-standup.mp4 in 185s (97 frames, 704x1280, 8@352x640+3@704x1280 steps, peak torch 9.9GB, device 2.6/26GB)
THROUGHPUT 0.0218 s(video)/s(wall) (1 x 4.042s of video in 185s)
bench row -> C:\banyan-farm\motion-poscontrol-r2-0816-out\bench-a3.jsonl
{"sample_s": 185.1, "peak_gb": 9.9, "peak_commit_gb": 78.7, "frames": 97, "size": "704x1280", "steps": "8@352x640+3@704x1280", "batch": 1, "mode": "production", "throughput_s_per_s": 0.0218, "two_stage": true, "image_crf": 33, "offload": "sequential", "quantisation": null}
{"peak_commit_gb": 78.7, "peak_phys_gb": 64.1, "last_stage": "decode-and-export"}
==== step render-a3 END rc=0 2026-08-16T08:47:42Z ====

==== step publish START 2026-08-16T08:47:42Z ====
argv: ["C:\\banyan-farm\\venv\\Scripts\\python.exe", "-c", "import glob, hashlib, os, shutil\ndst = \"C:/banyan-farm/courier-box/farm-out/motion-poscontrol-r2-0816\"\nos.makedirs(dst, exist_ok=True)\nsrc = sorted(glob.glob(\"C:/banyan-farm/motion-poscontrol-r2-0816-out/poscontrol-*.mp4*\")\n             + glob.glob(\"C:/banyan-farm/motion-poscontrol-r2-0816-out/poscontrol-init-*.png\")\n             + glob.glob(\"C:/banyan-farm/motion-poscontrol-r2-0816-out/embeds-verify.txt\")\n             + glob.glob(\"C:/banyan-farm/motion-poscontrol-r2-0816-out/bench-*.jsonl\")\n             + glob.glob(\"C:/banyan-farm/motion-poscontrol-r2-0816/prompt-*.txt\")\n             + glob.glob(\"C:/banyan-farm/motion-poscontrol-r2-0816/negative-FULL.txt\"))\nlines = []\nfor f in src:\n    shutil.copy2(f, dst)\n    c = os.path.join(dst, os.path.basename(f))\n    with open(c, \"rb\") as fh:\n        h = hashlib.sha256(fh.read()).hexdigest()\n    lines.append(h + \"  \" + os.path.basename(f))\nwith open(os.path.join(dst, \"motion-poscontrol-r2-0816.sha256\"), \"w\", newline=\"\\n\") as fh:\n    fh.write(\"\\n\".join(lines) + \"\\n\")\nprint(\"published\", len(src), \"file(s) + manifest ->\", dst)\nraise SystemExit(0 if len(src) >= 12 else 1)\n"]
published 21 file(s) + manifest -> C:/banyan-farm/courier-box/farm-out/motion-poscontrol-r2-0816
==== step publish END rc=0 2026-08-16T08:47:42Z ====
#### job motion-poscontrol-r2-0816-1786869003 finished rc=0 2026-08-16T08:47:42Z
